ARM Linker, 5.03 [Build 76] [MDK-ARM Standard]

==============================================================================

Section Cross References

    startup_stm32l1xx_hd.o(RESET) refers to startup_stm32l1xx_hd.o(STACK) for __initial_sp
    startup_stm32l1xx_hd.o(RESET) refers to startup_stm32l1xx_hd.o(.text) for Reset_Handler
    startup_stm32l1xx_hd.o(RESET) refers to stm32l1xx_it.o(i.NMI_Handler) for NMI_Handler
    startup_stm32l1xx_hd.o(RESET) refers to stm32l1xx_it.o(i.HardFault_Handler) for HardFault_Handler
    startup_stm32l1xx_hd.o(RESET) refers to stm32l1xx_it.o(i.MemManage_Handler) for MemManage_Handler
    startup_stm32l1xx_hd.o(RESET) refers to stm32l1xx_it.o(i.BusFault_Handler) for BusFault_Handler
    startup_stm32l1xx_hd.o(RESET) refers to stm32l1xx_it.o(i.UsageFault_Handler) for UsageFault_Handler
    startup_stm32l1xx_hd.o(RESET) refers to stm32l1xx_it.o(i.SVC_Handler) for SVC_Handler
    startup_stm32l1xx_hd.o(RESET) refers to stm32l1xx_it.o(i.DebugMon_Handler) for DebugMon_Handler
    startup_stm32l1xx_hd.o(RESET) refers to stm32l1xx_it.o(i.PendSV_Handler) for PendSV_Handler
    startup_stm32l1xx_hd.o(RESET) refers to stm32l1xx_it.o(i.SysTick_Handler) for SysTick_Handler
    startup_stm32l1xx_hd.o(RESET) refers to stm32l1xx_it.o(i.TIM2_IRQHandler) for TIM2_IRQHandler
    startup_stm32l1xx_hd.o(RESET) refers to porttimer.o(i.TIM3_IRQHandler) for TIM3_IRQHandler
    startup_stm32l1xx_hd.o(RESET) refers to stm32l1xx_it.o(i.USART1_IRQHandler) for USART1_IRQHandler
    startup_stm32l1xx_hd.o(RESET) refers to portserial.o(i.USART3_IRQHandler) for USART3_IRQHandler
    startup_stm32l1xx_hd.o(RESET) refers to stm32l1xx_it.o(i.EXTI15_10_IRQHandler) for EXTI15_10_IRQHandler
    startup_stm32l1xx_hd.o(.text) refers to system_stm32l1xx.o(i.SystemInit) for SystemInit
    startup_stm32l1xx_hd.o(.text) refers to entry.o(.ARM.Collect$$$$00000000) for __main
    system_stm32l1xx.o(i.SystemCoreClockUpdate) refers to system_stm32l1xx.o(.data) for SystemCoreClock
    system_stm32l1xx.o(i.SystemInit) refers to system_stm32l1xx.o(i.SetSysClock) for SetSysClock
    stm32l1xx_usart.o(i.USART_DeInit) refers to stm32l1xx_rcc.o(i.RCC_APB2PeriphResetCmd) for RCC_APB2PeriphResetCmd
    stm32l1xx_usart.o(i.USART_DeInit) refers to stm32l1xx_rcc.o(i.RCC_APB1PeriphResetCmd) for RCC_APB1PeriphResetCmd
    stm32l1xx_usart.o(i.USART_Init) refers to stm32l1xx_rcc.o(i.RCC_GetClocksFreq) for RCC_GetClocksFreq
    stm32l1xx_adc.o(i.ADC_DeInit) refers to stm32l1xx_rcc.o(i.RCC_APB2PeriphResetCmd) for RCC_APB2PeriphResetCmd
    stm32l1xx_gpio.o(i.GPIO_DeInit) refers to stm32l1xx_rcc.o(i.RCC_AHBPeriphResetCmd) for RCC_AHBPeriphResetCmd
    stm32l1xx_lcd.o(i.LCD_DeInit) refers to stm32l1xx_rcc.o(i.RCC_APB1PeriphResetCmd) for RCC_APB1PeriphResetCmd
    stm32l1xx_lcd.o(i.LCD_Init) refers to stm32l1xx_lcd.o(i.LCD_WaitForSynchro) for LCD_WaitForSynchro
    stm32l1xx_pwr.o(i.PWR_DeInit) refers to stm32l1xx_rcc.o(i.RCC_APB1PeriphResetCmd) for RCC_APB1PeriphResetCmd
    stm32l1xx_rcc.o(i.RCC_GetClocksFreq) refers to stm32l1xx_rcc.o(.data) for PLLMulTable
    stm32l1xx_rcc.o(i.RCC_WaitForHSEStartUp) refers to stm32l1xx_rcc.o(i.RCC_GetFlagStatus) for RCC_GetFlagStatus
    stm32l1xx_rtc.o(i.RTC_CoarseCalibCmd) refers to stm32l1xx_rtc.o(i.RTC_EnterInitMode) for RTC_EnterInitMode
    stm32l1xx_rtc.o(i.RTC_CoarseCalibCmd) refers to stm32l1xx_rtc.o(i.RTC_ExitInitMode) for RTC_ExitInitMode
    stm32l1xx_rtc.o(i.RTC_CoarseCalibConfig) refers to stm32l1xx_rtc.o(i.RTC_EnterInitMode) for RTC_EnterInitMode
    stm32l1xx_rtc.o(i.RTC_CoarseCalibConfig) refers to stm32l1xx_rtc.o(i.RTC_ExitInitMode) for RTC_ExitInitMode
    stm32l1xx_rtc.o(i.RTC_DeInit) refers to stm32l1xx_rtc.o(i.RTC_EnterInitMode) for RTC_EnterInitMode
    stm32l1xx_rtc.o(i.RTC_DeInit) refers to stm32l1xx_rtc.o(i.RTC_WaitForSynchro) for RTC_WaitForSynchro
    stm32l1xx_rtc.o(i.RTC_GetAlarm) refers to stm32l1xx_rtc.o(i.RTC_Bcd2ToByte) for RTC_Bcd2ToByte
    stm32l1xx_rtc.o(i.RTC_GetDate) refers to stm32l1xx_rtc.o(i.RTC_Bcd2ToByte) for RTC_Bcd2ToByte
    stm32l1xx_rtc.o(i.RTC_GetTime) refers to stm32l1xx_rtc.o(i.RTC_Bcd2ToByte) for RTC_Bcd2ToByte
    stm32l1xx_rtc.o(i.RTC_GetTimeStamp) refers to stm32l1xx_rtc.o(i.RTC_Bcd2ToByte) for RTC_Bcd2ToByte
    stm32l1xx_rtc.o(i.RTC_Init) refers to stm32l1xx_rtc.o(i.RTC_EnterInitMode) for RTC_EnterInitMode
    stm32l1xx_rtc.o(i.RTC_Init) refers to stm32l1xx_rtc.o(i.RTC_ExitInitMode) for RTC_ExitInitMode
    stm32l1xx_rtc.o(i.RTC_RefClockCmd) refers to stm32l1xx_rtc.o(i.RTC_EnterInitMode) for RTC_EnterInitMode
    stm32l1xx_rtc.o(i.RTC_RefClockCmd) refers to stm32l1xx_rtc.o(i.RTC_ExitInitMode) for RTC_ExitInitMode
    stm32l1xx_rtc.o(i.RTC_SetAlarm) refers to stm32l1xx_rtc.o(i.RTC_Bcd2ToByte) for RTC_Bcd2ToByte
    stm32l1xx_rtc.o(i.RTC_SetAlarm) refers to stm32l1xx_rtc.o(i.RTC_ByteToBcd2) for RTC_ByteToBcd2
    stm32l1xx_rtc.o(i.RTC_SetDate) refers to stm32l1xx_rtc.o(i.RTC_Bcd2ToByte) for RTC_Bcd2ToByte
[...]
    .bss                                     0x20000160   Section    32768  freemodbus.o(.bss)
    .bss                                     0x20008160   Section     3772  global.o(.bss)
    .bss                                     0x2000901c   Section      512  port.o(.bss)
    str                                      0x2000901c   Data         512  port.o(.bss)
    .bss                                     0x2000921c   Section       32  mbfuncother.o(.bss)
    ucMBSlaveID                              0x2000921c   Data          32  mbfuncother.o(.bss)
    .bss                                     0x2000923c   Section      256  mbrtu.o(.bss)
    .bss                                     0x2000933c   Section       74  portserial.o(.bss)
    UartHandle                               0x2000933c   Data          64  portserial.o(.bss)
    SndRecvBuffer                            0x2000937c   Data          10  portserial.o(.bss)
    .bss                                     0x20009388   Section       56  porttimer.o(.bss)
    TimHandle                                0x20009388   Data          56  porttimer.o(.bss)
    STACK                                    0x200093c0   Section     1024  startup_stm32l1xx_hd.o(STACK)

    Global Symbols

    Symbol Name                              Value     Ov Type        Size  Object(Section)

    BuildAttributes$$THM_ISAv4$P$D$K$B$S$PE$A:L22UL41UL21$X:L11$S22US41US21$IEEE1$IW$USESV6$~STKCKD$USESV7$~SHL$OTIME$ROPI$EBA8$MICROLIB$REQ8$PRES8$EABIv2 0x00000000   Number         0  anon$$obj.o ABSOLUTE
    __ARM_use_no_argv                        0x00000000   Number         0  main.o ABSOLUTE
    _printf_a                                0x00000000   Number         0  stubs.o ABSOLUTE
    _printf_c                                0x00000000   Number         0  stubs.o ABSOLUTE
    _printf_charcount                        0x00000000   Number         0  stubs.o ABSOLUTE
    _printf_d                                0x00000000   Number         0  stubs.o ABSOLUTE
    _printf_e                                0x00000000   Number         0  stubs.o ABSOLUTE
    _printf_f                                0x00000000   Number         0  stubs.o ABSOLUTE
    _printf_flags                            0x00000000   Number         0  stubs.o ABSOLUTE
    _printf_fp_dec                           0x00000000   Number         0  stubs.o ABSOLUTE
    _printf_fp_hex                           0x00000000   Number         0  stubs.o ABSOLUTE
    _printf_g                                0x00000000   Number         0  stubs.o ABSOLUTE
    _printf_i                                0x00000000   Number         0  stubs.o ABSOLUTE
    _printf_int_dec                          0x00000000   Number         0  stubs.o ABSOLUTE
    _printf_l                                0x00000000   Number         0  stubs.o ABSOLUTE
    _printf_lc                               0x00000000   Number         0  stubs.o ABSOLUTE
    _printf_ll                               0x00000000   Number         0  stubs.o ABSOLUTE
    _printf_lld                              0x00000000   Number         0  stubs.o ABSOLUTE
    _printf_lli                              0x00000000   Number         0  stubs.o ABSOLUTE
    _printf_llo                              0x00000000   Number         0  stubs.o ABSOLUTE
    _printf_llu                              0x00000000   Number         0  stubs.o ABSOLUTE
    _printf_llx                              0x00000000   Number         0  stubs.o ABSOLUTE
    _printf_longlong_dec                     0x00000000   Number         0  stubs.o ABSOLUTE
    _printf_longlong_hex                     0x00000000   Number         0  stubs.o ABSOLUTE
    _printf_longlong_oct                     0x00000000   Number         0  stubs.o ABSOLUTE
    _printf_ls                               0x00000000   Number         0  stubs.o ABSOLUTE
    _printf_mbtowc                           0x00000000   Number         0  stubs.o ABSOLUTE
    _printf_n                                0x00000000   Number         0  stubs.o ABSOLUTE
    _printf_o                                0x00000000   Number         0  stubs.o ABSOLUTE
    _printf_p                                0x00000000   Number         0  stubs.o ABSOLUTE
    _printf_percent                          0x00000000   Number         0  stubs.o ABSOLUTE
    _printf_pre_padding                      0x00000000   Number         0  stubs.o ABSOLUTE
    _printf_return_value                     0x00000000   Number         0  stubs.o ABSOLUTE
    _printf_s                                0x00000000   Number         0  stubs.o ABSOLUTE
    _printf_sizespec                         0x00000000   Number         0  stubs.o ABSOLUTE
    _printf_str                              0x00000000   Number         0  stubs.o ABSOLUTE
    _printf_truncate_signed                  0x00000000   Number         0  stubs.o ABSOLUTE
    _printf_truncate_unsigned                0x00000000   Number         0  stubs.o ABSOLUTE
    _printf_u                                0x00000000   Number         0  stubs.o ABSOLUTE
    _printf_wc                               0x00000000   Number         0  stubs.o ABSOLUTE
    _printf_wctomb                           0x00000000   Number         0  stubs.o ABSOLUTE
    _printf_widthprec                        0x00000000   Number         0  stubs.o ABSOLUTE
    _printf_x                                0x00000000   Number         0  stubs.o ABSOLUTE
    __cpp_initialize__aeabi_                  - Undefined Weak Reference
    __cxa_finalize                            - Undefined Weak Reference
    _clock_init                               - Undefined Weak Reference
    _microlib_exit                            - Undefined Weak Reference
    __Vectors_Size                           0x00000124   Number         0  startup_stm32l1xx_hd.o ABSOLUTE
    __Vectors                                0x08000000   Data           4  startup_stm32l1xx_hd.o(RESET)
    __Vectors_End                            0x08000124   Data           0  startup_stm32l1xx_hd.o(RESET)
    __main                                   0x08000125   Thumb Code     0  entry.o(.ARM.Collect$$$$00000000)
    _main_stk                                0x08000125   Thumb Code     0  entry2.o(.ARM.Collect$$$$00000001)
    _main_scatterload                        0x08000129   Thumb Code     0  entry5.o(.ARM.Collect$$$$00000004)
    __main_after_scatterload                 0x0800012d   Thumb Code     0  entry5.o(.ARM.Collect$$$$00000004)
    _main_clock                              0x0800012d   Thumb Code     0  entry7b.o(.ARM.Collect$$$$00000008)
    _main_cpp_init                           0x0800012d   Thumb Code     0  entry8b.o(.ARM.Collect$$$$0000000A)
    _main_init                               0x0800012d   Thumb Code     0  entry9a.o(.ARM.Collect$$$$0000000B)
    __rt_final_cpp                           0x08000135   Thumb Code     0  entry10a.o(.ARM.Collect$$$$0000000D)
    __rt_final_exit                          0x08000135   Thumb Code     0  entry11a.o(.ARM.Collect$$$$0000000F)
    Reset_Handler                            0x08000139   Thumb Code     8  startup_stm32l1xx_hd.o(.text)
    ADC1_IRQHandler                          0x08000153   Thumb Code     0  startup_stm32l1xx_hd.o(.text)
    AES_IRQHandler                           0x08000153   Thumb Code     0  startup_stm32l1xx_hd.o(.text)
    COMP_ACQ_IRQHandler                      0x08000153   Thumb Code     0  startup_stm32l1xx_hd.o(.text)
    COMP_IRQHandler                          0x08000153   Thumb Code     0  startup_stm32l1xx_hd.o(.text)
    DAC_IRQHandler                           0x08000153   Thumb Code     0  startup_stm32l1xx_hd.o(.text)
    DMA1_Channel1_IRQHandler                 0x08000153   Thumb Code     0  startup_stm32l1xx_hd.o(.text)
    DMA1_Channel2_IRQHandler                 0x08000153   Thumb Code     0  startup_stm32l1xx_hd.o(.text)
    DMA1_Channel3_IRQHandler                 0x08000153   Thumb Code     0  startup_stm32l1xx_hd.o(.text)
    DMA1_Channel4_IRQHandler                 0x08000153   Thumb Code     0  startup_stm32l1xx_hd.o(.text)
    DMA1_Channel5_IRQHandler                 0x08000153   Thumb Code     0  startup_stm32l1xx_hd.o(.text)
    DMA1_Channel6_IRQHandler                 0x08000153   Thumb Code     0  startup_stm32l1xx_hd.o(.text)
    DMA1_Channel7_IRQHandler                 0x08000153   Thumb Code     0  startup_stm32l1xx_hd.o(.text)
    DMA2_Channel1_IRQHandler                 0x08000153   Thumb Code     0  startup_stm32l1xx_hd.o(.text)
    DMA2_Channel2_IRQHandler                 0x08000153   Thumb Code     0  startup_stm32l1xx_hd.o(.text)
    DMA2_Channel3_IRQHandler                 0x08000153   Thumb Code     0  startup_stm32l1xx_hd.o(.text)
    DMA2_Channel4_IRQHandler                 0x08000153   Thumb Code     0  startup_stm32l1xx_hd.o(.text)
    DMA2_Channel5_IRQHandler                 0x08000153   Thumb Code     0  startup_stm32l1xx_hd.o(.text)
    EXTI0_IRQHandler                         0x08000153   Thumb Code     0  startup_stm32l1xx_hd.o(.text)
    EXTI1_IRQHandler                         0x08000153   Thumb Code     0  startup_stm32l1xx_hd.o(.text)
    EXTI2_IRQHandler                         0x08000153   Thumb Code     0  startup_stm32l1xx_hd.o(.text)
    EXTI3_IRQHandler                         0x08000153   Thumb Code     0  startup_stm32l1xx_hd.o(.text)
    EXTI4_IRQHandler                         0x08000153   Thumb Code     0  startup_stm32l1xx_hd.o(.text)
    EXTI9_5_IRQHandler                       0x08000153   Thumb Code     0  startup_stm32l1xx_hd.o(.text)
    FLASH_IRQHandler                         0x08000153   Thumb Code     0  startup_stm32l1xx_hd.o(.text)
    I2C1_ER_IRQHandler                       0x08000153   Thumb Code     0  startup_stm32l1xx_hd.o(.text)
    I2C1_EV_IRQHandler                       0x08000153   Thumb Code     0  startup_stm32l1xx_hd.o(.text)
    I2C2_ER_IRQHandler                       0x08000153   Thumb Code     0  startup_stm32l1xx_hd.o(.text)
    I2C2_EV_IRQHandler                       0x08000153   Thumb Code     0  startup_stm32l1xx_hd.o(.text)
    LCD_IRQHandler                           0x08000153   Thumb Code     0  startup_stm32l1xx_hd.o(.text)
    PVD_IRQHandler                           0x08000153   Thumb Code     0  startup_stm32l1xx_hd.o(.text)
    RCC_IRQHandler                           0x08000153   Thumb Code     0  startup_stm32l1xx_hd.o(.text)
    RTC_Alarm_IRQHandler                     0x08000153   Thumb Code     0  startup_stm32l1xx_hd.o(.text)
    RTC_WKUP_IRQHandler                      0x08000153   Thumb Code     0  startup_stm32l1xx_hd.o(.text)
    SDIO_IRQHandler                          0x08000153   Thumb Code     0  startup_stm32l1xx_hd.o(.text)
    SPI1_IRQHandler                          0x08000153   Thumb Code     0  startup_stm32l1xx_hd.o(.text)
    SPI2_IRQHandler                          0x08000153   Thumb Code     0  startup_stm32l1xx_hd.o(.text)
    SPI3_IRQHandler                          0x08000153   Thumb Code     0  startup_stm32l1xx_hd.o(.text)
    TAMPER_STAMP_IRQHandler                  0x08000153   Thumb Code     0  startup_stm32l1xx_hd.o(.text)
    TIM10_IRQHandler                         0x08000153   Thumb Code     0  startup_stm32l1xx_hd.o(.text)
    TIM11_IRQHandler                         0x08000153   Thumb Code     0  startup_stm32l1xx_hd.o(.text)
    TIM4_IRQHandler                          0x08000153   Thumb Code     0  startup_stm32l1xx_hd.o(.text)
    TIM5_IRQHandler                          0x08000153   Thumb Code     0  startup_stm32l1xx_hd.o(.text)
    TIM6_IRQHandler                          0x08000153   Thumb Code     0  startup_stm32l1xx_hd.o(.text)
    TIM7_IRQHandler                          0x08000153   Thumb Code     0  startup_stm32l1xx_hd.o(.text)
    TIM9_IRQHandler                          0x08000153   Thumb Code     0  startup_stm32l1xx_hd.o(.text)
    UART4_IRQHandler                         0x08000153   Thumb Code     0  startup_stm32l1xx_hd.o(.text)
    UART5_IRQHandler                         0x08000153   Thumb Code     0  startup_stm32l1xx_hd.o(.text)
    USART2_IRQHandler                        0x08000153   Thumb Code     0  startup_stm32l1xx_hd.o(.text)
    USB_FS_WKUP_IRQHandler                   0x08000153   Thumb Code     0  startup_stm32l1xx_hd.o(.text)
    USB_HP_IRQHandler                        0x08000153   Thumb Code     0  startup_stm32l1xx_hd.o(.text)
    USB_LP_IRQHandler                        0x08000153   Thumb Code     0  startup_stm32l1xx_hd.o(.text)
    WWDG_IRQHandler                          0x08000153   Thumb Code     0  startup_stm32l1xx_hd.o(.text)
    __aeabi_memcpy                           0x0800015d   Thumb Code    36  memcpya.o(.text)
    __aeabi_memcpy4                          0x0800015d   Thumb Code     0  memcpya.o(.text)
    __aeabi_memcpy8                          0x0800015d   Thumb Code     0  memcpya.o(.text)
    __aeabi_memset                           0x08000181   Thumb Code    14  memseta.o(.text)
    __aeabi_memset4                          0x08000181   Thumb Code     0  memseta.o(.text)
    __aeabi_memset8                          0x08000181   Thumb Code     0  memseta.o(.text)
    __aeabi_memclr                           0x0800018f   Thumb Code     4  memseta.o(.text)
    __aeabi_memclr4                          0x0800018f   Thumb Code     0  memseta.o(.text)
    __aeabi_memclr8                          0x0800018f   Thumb Code     0  memseta.o(.text)
    _memset$wrapper                          0x08000193   Thumb Code    18  memseta.o(.text)
    __aeabi_fadd                             0x080001a5   Thumb Code   164  fadd.o(.text)
    __aeabi_fsub                             0x08000249   Thumb Code     6  fadd.o(.text)
    __aeabi_frsub                            0x0800024f   Thumb Code     6  fadd.o(.text)
    __aeabi_fmul                             0x08000255   Thumb Code   108  fmul.o(.text)
    __aeabi_fdiv                             0x080002c1   Thumb Code   128  fdiv.o(.text)
    __aeabi_dadd                             0x08000341   Thumb Code   322  dadd.o(.text)
    __aeabi_dsub                             0x08000483   Thumb Code     6  dadd.o(.text)
    __aeabi_drsub                            0x08000489   Thumb Code     6  dadd.o(.text)
    __aeabi_dmul                             0x0800048f   Thumb Code   228  dmul.o(.text)
    __aeabi_ddiv                             0x08000573   Thumb Code   222  ddiv.o(.text)
    __aeabi_i2f                              0x08000651   Thumb Code    18  fflti.o(.text)
    __aeabi_ui2f                             0x08000663   Thumb Code    10  ffltui.o(.text)
    __aeabi_f2uiz                            0x0800066d   Thumb Code    40  ffixui.o(.text)
    __aeabi_f2d                              0x08000695   Thumb Code    38  f2d.o(.text)
    __aeabi_cdcmpeq                          0x080006bd   Thumb Code     0  cdcmple.o(.text)
    __aeabi_cdcmple                          0x080006bd   Thumb Code    38  cdcmple.o(.text)
    __aeabi_cdrcmple                         0x080006e5   Thumb Code    38  cdrcmple.o(.text)
    __aeabi_d2f                              0x0800070d   Thumb Code    56  d2f.o(.text)
    __aeabi_cfcmpeq                          0x08000745   Thumb Code     0  cfcmple.o(.text)
    __aeabi_cfcmple                          0x08000745   Thumb Code    20  cfcmple.o(.text)
    __aeabi_cfrcmple                         0x08000759   Thumb Code    20  cfrcmple.o(.text)
    __aeabi_uidiv                            0x0800076d   Thumb Code     0  uidiv.o(.text)
    __aeabi_uidivmod                         0x0800076d   Thumb Code    44  uidiv.o(.text)
    __aeabi_uldivmod                         0x08000799   Thumb Code    98  uldiv.o(.text)
    __aeabi_llsl                             0x080007fb   Thumb Code    30  llshl.o(.text)
    _ll_shift_l                              0x080007fb   Thumb Code     0  llshl.o(.text)
    __aeabi_lasr                             0x08000819   Thumb Code    36  llsshr.o(.text)
    _ll_sshift_r                             0x08000819   Thumb Code     0  llsshr.o(.text)
    __I$use$fp                               0x0800083d   Thumb Code     0  iusefp.o(.text)
    _float_round                             0x0800083d   Thumb Code    18  fepilogue.o(.text)
    _float_epilogue                          0x0800084f   Thumb Code    90  fepilogue.o(.text)
    _double_round                            0x080008a9   Thumb Code    26  depilogue.o(.text)
    _double_epilogue                         0x080008c3   Thumb Code   164  depilogue.o(.text)
    __aeabi_d2ulz                            0x08000967   Thumb Code    48  dfixul.o(.text)
    __scatterload                            0x08000999   Thumb Code    28  init.o(.text)
    __scatterload_rt2                        0x08000999   Thumb Code     0  init.o(.text)
    __aeabi_llsr                             0x080009bd   Thumb Code    32  llushr.o(.text)
    _ll_ushift_r                             0x080009bd   Thumb Code     0  llushr.o(.text)
    __decompress                             0x080009dd   Thumb Code     0  __dczerorl2.o(.text)
    __decompress1                            0x080009dd   Thumb Code    92  __dczerorl2.o(.text)
    ADC1_Init                                0x08000a89   Thumb Code    30  bsp_adc.o(i.ADC1_Init)
    ADC_Cmd                                  0x08000bc9   Thumb Code    22  stm32l1xx_adc.o(i.ADC_Cmd)
    ADC_DMACmd                               0x08000bdf   Thumb Code    22  stm32l1xx_adc.o(i.ADC_DMACmd)
    ADC_DMARequestAfterLastTransferCmd       0x08000bf5   Thumb Code    22  stm32l1xx_adc.o(i.ADC_DMARequestAfterLastTransferCmd)
    ADC_GetFlagStatus                        0x08000c0b   Thumb Code    18  stm32l1xx_adc.o(i.ADC_GetFlagStatus)
    ADC_Init                                 0x08000c1d   Thumb Code    74  stm32l1xx_adc.o(i.ADC_Init)
    ADC_RegularChannelConfig                 0x08000c71   Thumb Code   344  stm32l1xx_adc.o(i.ADC_RegularChannelConfig)
    ADC_SoftwareStartConv                    0x08000dc9   Thumb Code    10  stm32l1xx_adc.o(i.ADC_SoftwareStartConv)
    ADC_StructInit                           0x08000dd3   Thumb Code    26  stm32l1xx_adc.o(i.ADC_StructInit)
    Ack                                      0x08000ded   Thumb Code    74  bsp_i2c.o(i.Ack)
    AlarmDeal                                0x08000e3d   Thumb Code   260  bsp_alarmdeal.o(i.AlarmDeal)
    BellNn                                   0x08000f51   Thumb Code    54  bsp_alarmdeal.o(i.BellNn)
    BellNn_longer                            0x08000f8d   Thumb Code    56  bsp_alarmdeal.o(i.BellNn_longer)
    BusFault_Handler                         0x08000fc9   Thumb Code     4  stm32l1xx_it.o(i.BusFault_Handler)
    Button_Config                            0x08000fcd   Thumb Code     2  freemodbus.o(i.Button_Config)
    Button_Poll                              0x08000fd1   Thumb Code     8  freemodbus.o(i.Button_Poll)
    Change3BytesTimeToLong                   0x08000fdd   Thumb Code    26  bsp_class.o(i.Change3BytesTimeToLong)
    Char_to_Int                              0x0800118d   Thumb Code     8  bsp_class.o(i.Char_to_Int)
    DMA_Cmd                                  0x08001195   Thumb Code    24  stm32l1xx_dma.o(i.DMA_Cmd)
    DMA_DeInit                               0x080011ad   Thumb Code   324  stm32l1xx_dma.o(i.DMA_DeInit)
    DMA_Init                                 0x080012f9   Thumb Code    60  stm32l1xx_dma.o(i.DMA_Init)
    DateToSeconds                            0x08001335   Thumb Code    98  bsp_rtc.o(i.DateToSeconds)
    Dealing_Gather                           0x080013a5   Thumb Code   178  bsp_adc.o(i.Dealing_Gather)
    DebugMon_Handler                         0x0800146d   Thumb Code     2  stm32l1xx_it.o(i.DebugMon_Handler)
    Delay_ms                                 0x0800147d   Thumb Code    36  bsp_systick.o(i.Delay_ms)
    Display_ChannelValue                     0x080014a5   Thumb Code   220  bsp_lcd.o(i.Display_ChannelValue)
    Display_Mem                              0x080015a1   Thumb Code   510  bsp_lcd.o(i.Display_Mem)
    Display_NUL                              0x080017ad   Thumb Code    56  bsp_lcd.o(i.Display_NUL)
    Display_SN                               0x080017e5   Thumb Code   278  bsp_lcd.o(i.Display_SN)
    Display_Signal                           0x08001905   Thumb Code   298  bsp_lcd.o(i.Display_Signal)
    DoGatherChannelDataFloat                 0x08001a35   Thumb Code    60  bsp_sensordeal.o(i.DoGatherChannelDataFloat)
    DownFlash_HisData                        0x08001a79   Thumb Code   122  bsp_storagedata.o(i.DownFlash_HisData)
    EXTI15_10_Config                         0x08001afd   Thumb Code   118  bsp_exti_key.o(i.EXTI15_10_Config)
    EXTI15_10_IRQHandler                     0x08001b75   Thumb Code   136  stm32l1xx_it.o(i.EXTI15_10_IRQHandler)
    EXTI_ClearITPendingBit                   0x08001c05   Thumb Code     6  stm32l1xx_exti.o(i.EXTI_ClearITPendingBit)
    EXTI_GetITStatus                         0x08001c11   Thumb Code    20  stm32l1xx_exti.o(i.EXTI_GetITStatus)
    EXTI_Init                                0x08001c29   Thumb Code   142  stm32l1xx_exti.o(i.EXTI_Init)
    EnterCriticalSection                     0x08001cbd   Thumb Code     4  port.o(i.EnterCriticalSection)
    Error_Handler                            0x08001cc1   Thumb Code     4  freemodbus.o(i.Error_Handler)
    ExitCriticalSection                      0x08001cc5   Thumb Code     4  port.o(i.ExitCriticalSection)
    FirstCheckExternPower                    0x08001cc9   Thumb Code    48  bsp_powerdeal.o(i.FirstCheckExternPower)
    FisrtPowerOnDisplay                      0x08001d1d   Thumb Code    68  bsp_lcd.o(i.FisrtPowerOnDisplay)
    Fram_Read                                0x08001d69   Thumb Code   180  bsp_i2c.o(i.Fram_Read)
    Fram_Write                               0x08001e21   Thumb Code   146  bsp_i2c.o(i.Fram_Write)
    GPIO_Init                                0x08001eb9   Thumb Code   132  stm32l1xx_gpio.o(i.GPIO_Init)
    GPIO_PinAFConfig                         0x08001f3d   Thumb Code    70  stm32l1xx_gpio.o(i.GPIO_PinAFConfig)
    GPIO_ReadInputDataBit                    0x08001f83   Thumb Code    18  stm32l1xx_gpio.o(i.GPIO_ReadInputDataBit)
    GPIO_ResetBits                           0x08001f95   Thumb Code     4  stm32l1xx_gpio.o(i.GPIO_ResetBits)
    GPIO_SetBits                             0x08001f99   Thumb Code     4  stm32l1xx_gpio.o(i.GPIO_SetBits)
    GetRecIntervalTime                       0x08002101   Thumb Code    84  bsp_class.o(i.GetRecIntervalTime)
    HAL_GPIO_Init                            0x0800216d   Thumb Code   438  stm32l1xx_hal_gpio.o(i.HAL_GPIO_Init)
    HAL_NVIC_EnableIRQ                       0x08002349   Thumb Code    28  stm32l1xx_hal_cortex.o(i.HAL_NVIC_EnableIRQ)
    HAL_NVIC_SetPriority                     0x08002365   Thumb Code   124  stm32l1xx_hal_cortex.o(i.HAL_NVIC_SetPriority)
    HAL_RCC_GetHCLKFreq                      0x080023e1   Thumb Code    42  stm32l1xx_hal_rcc.o(i.HAL_RCC_GetHCLKFreq)
    HAL_RCC_GetPCLK1Freq                     0x08002419   Thumb Code    36  stm32l1xx_hal_rcc.o(i.HAL_RCC_GetPCLK1Freq)
    HAL_RCC_GetPCLK2Freq                     0x08002445   Thumb Code    36  stm32l1xx_hal_rcc.o(i.HAL_RCC_GetPCLK2Freq)
    HAL_RCC_GetSysClockFreq                  0x08002471   Thumb Code   168  stm32l1xx_hal_rcc.o(i.HAL_RCC_GetSysClockFreq)
    HAL_TIM_Base_Init                        0x0800252d   Thumb Code    52  stm32l1xx_hal_tim.o(i.HAL_TIM_Base_Init)
    HAL_TIM_Base_MspInit                     0x08002561   Thumb Code    50  stm32l1xx_hal_msp.o(i.HAL_TIM_Base_MspInit)
    HAL_TIM_Base_Start_IT                    0x08002599   Thumb Code    38  stm32l1xx_hal_tim.o(i.HAL_TIM_Base_Start_IT)
    HAL_TIM_Base_Stop_IT                     0x080025bf   Thumb Code    46  stm32l1xx_hal_tim.o(i.HAL_TIM_Base_Stop_IT)
    HAL_TIM_IC_CaptureCallback               0x080025ed   Thumb Code     2  stm32l1xx_hal_tim.o(i.HAL_TIM_IC_CaptureCallback)
    HAL_TIM_IRQHandler                       0x080025ef   Thumb Code   338  stm32l1xx_hal_tim.o(i.HAL_TIM_IRQHandler)
    HAL_TIM_OC_DelayElapsedCallback          0x08002741   Thumb Code     2  stm32l1xx_hal_tim.o(i.HAL_TIM_OC_DelayElapsedCallback)
    HAL_TIM_PWM_PulseFinishedCallback        0x08002743   Thumb Code     2  stm32l1xx_hal_tim.o(i.HAL_TIM_PWM_PulseFinishedCallback)
    HAL_TIM_PeriodElapsedCallback            0x08002745   Thumb Code    10  porttimer.o(i.HAL_TIM_PeriodElapsedCallback)
    HAL_TIM_TriggerCallback                  0x0800274f   Thumb Code     2  stm32l1xx_hal_tim.o(i.HAL_TIM_TriggerCallback)
    HAL_UART_ErrorCallback                   0x08002751   Thumb Code     2  stm32l1xx_hal_uart.o(i.HAL_UART_ErrorCallback)
    HAL_UART_Init                            0x08002753   Thumb Code   110  stm32l1xx_hal_uart.o(i.HAL_UART_Init)
    HAL_UART_MspInit                         0x080027c1   Thumb Code   158  stm32l1xx_hal_msp.o(i.HAL_UART_MspInit)
    HAL_UART_Receive_End                     0x08002869   Thumb Code    64  stm32l1xx_hal_uart.o(i.HAL_UART_Receive_End)
    HAL_UART_Receive_IT                      0x080028a9   Thumb Code   152  stm32l1xx_hal_uart.o(i.HAL_UART_Receive_IT)
    HardFault_Handler                        0x08002941   Thumb Code     4  stm32l1xx_it.o(i.HardFault_Handler)
    Humi_Adjust                              0x08002b49   Thumb Code   294  bsp_sensordeal.o(i.Humi_Adjust)
    JlySecDeal                               0x08002cad   Thumb Code   106  bsp_datadeal.o(i.JlySecDeal)
    JudgingChannelNumberDisplay              0x08002d25   Thumb Code    34  bsp_sensordeal.o(i.JudgingChannelNumberDisplay)
    KEY_GPIO_Config                          0x08002d51   Thumb Code    68  bsp_exti_key.o(i.KEY_GPIO_Config)
    LCD_Cmd                                  0x08002d9d   Thumb Code     6  stm32l1xx_lcd.o(i.LCD_Cmd)
    LCD_ContrastConfig                       0x08002da9   Thumb Code    22  stm32l1xx_lcd.o(i.LCD_ContrastConfig)
    LCD_GLASS_Clear                          0x08002dc5   Thumb Code    42  bsp_lcd.o(i.LCD_GLASS_Clear)
    LCD_GLASS_Init                           0x08002df5   Thumb Code   130  bsp_lcd.o(i.LCD_GLASS_Init)
    LCD_GetFlagStatus                        0x080030ad   Thumb Code    20  stm32l1xx_lcd.o(i.LCD_GetFlagStatus)
    LCD_Init                                 0x080030c5   Thumb Code    78  stm32l1xx_lcd.o(i.LCD_Init)
    LCD_PulseOnDurationConfig                0x08003119   Thumb Code    22  stm32l1xx_lcd.o(i.LCD_PulseOnDurationConfig)
    LCD_StructInit                           0x08003135   Thumb Code    14  stm32l1xx_lcd.o(i.LCD_StructInit)
    LCD_UpdateDisplayRequest                 0x08003145   Thumb Code     8  stm32l1xx_lcd.o(i.LCD_UpdateDisplayRequest)
    LCD_WaitForSynchro                       0x08003151   Thumb Code    28  stm32l1xx_lcd.o(i.LCD_WaitForSynchro)
    LED_Config                               0x08003171   Thumb Code     2  freemodbus.o(i.LED_Config)
    LED_Poll                                 0x08003175   Thumb Code    48  freemodbus.o(i.LED_Poll)
    MemManage_Handler                        0x08005b69   Thumb Code     4  stm32l1xx_it.o(i.MemManage_Handler)
    NMI_Handler                              0x08005b6d   Thumb Code     2  stm32l1xx_it.o(i.NMI_Handler)
    NVIC_Init                                0x08005ba9   Thumb Code   108  misc.o(i.NVIC_Init)
    NVIC_PriorityGroupConfig                 0x08005c21   Thumb Code    10  misc.o(i.NVIC_PriorityGroupConfig)
    OffPowerSupply                           0x08005c5d   Thumb Code    58  bsp_init.o(i.OffPowerSupply)
    OutpowerShan                             0x08005dd5   Thumb Code   748  bsp_powerdeal.o(i.OutpowerShan)
    PARAM_DATA_READ                          0x080060d1   Thumb Code   246  bsp_serialdeal.o(i.PARAM_DATA_READ)
    PARAM_DATA_WRITE                         0x080061d1   Thumb Code   398  bsp_serialdeal.o(i.PARAM_DATA_WRITE)
    PWR_RTCAccessCmd                         0x08006369   Thumb Code     6  stm32l1xx_pwr.o(i.PWR_RTCAccessCmd)
    PendSV_Handler                           0x08006375   Thumb Code     2  stm32l1xx_it.o(i.PendSV_Handler)
    PeripheralInit                           0x08006377   Thumb Code    60  bsp_init.o(i.PeripheralInit)
    RCC_AHBPeriphClockCmd                    0x080063b5   Thumb Code    26  stm32l1xx_rcc.o(i.RCC_AHBPeriphClockCmd)
    RCC_APB1PeriphClockCmd                   0x080063d5   Thumb Code    26  stm32l1xx_rcc.o(i.RCC_APB1PeriphClockCmd)
    RCC_APB2PeriphClockCmd                   0x080063f5   Thumb Code    26  stm32l1xx_rcc.o(i.RCC_APB2PeriphClockCmd)
    RCC_GetClocksFreq                        0x08006451   Thumb Code   234  stm32l1xx_rcc.o(i.RCC_GetClocksFreq)
    RCC_GetFlagStatus                        0x08006551   Thumb Code    48  stm32l1xx_rcc.o(i.RCC_GetFlagStatus)
    RCC_HSICmd                               0x08006585   Thumb Code     6  stm32l1xx_rcc.o(i.RCC_HSICmd)
    RCC_LSEConfig                            0x08006591   Thumb Code    12  stm32l1xx_rcc.o(i.RCC_LSEConfig)
    RCC_LSICmd                               0x080065a1   Thumb Code     6  stm32l1xx_rcc.o(i.RCC_LSICmd)
    RCC_RTCCLKCmd                            0x080065ad   Thumb Code     6  stm32l1xx_rcc.o(i.RCC_RTCCLKCmd)
    RCC_RTCCLKConfig                         0x080065b9   Thumb Code    64  stm32l1xx_rcc.o(i.RCC_RTCCLKConfig)
    RTC8025_Read                             0x080065fd   Thumb Code   164  bsp_i2c.o(i.RTC8025_Read)
    RTC8025_Write                            0x080066a5   Thumb Code   130  bsp_i2c.o(i.RTC8025_Write)
    RTC_ReadBackupRegister                   0x0800672d   Thumb Code    26  stm32l1xx_rtc.o(i.RTC_ReadBackupRegister)
    RTC_WaitForSynchro                       0x0800674d   Thumb Code    92  stm32l1xx_rtc.o(i.RTC_WaitForSynchro)
    RTC_WriteBackupRegister                  0x080067ad   Thumb Code    24  stm32l1xx_rtc.o(i.RTC_WriteBackupRegister)
    RX8025_RTC_Init                          0x080067c9   Thumb Code    98  bsp_rtc.o(i.RX8025_RTC_Init)
    ReadFlashHisData                         0x080068d9   Thumb Code   352  bsp_storagedata.o(i.ReadFlashHisData)
    ReadU16Pointer                           0x08006a71   Thumb Code    20  bsp_storagedata.o(i.ReadU16Pointer)
    ReadU32Pointer                           0x08006a85   Thumb Code    18  bsp_storagedata.o(i.ReadU32Pointer)
    RecorderBootModeHandle                   0x08006a99   Thumb Code   608  bsp_bootstop.o(i.RecorderBootModeHandle)
    RecorderStopModeHandle                   0x08006d09   Thumb Code    62  bsp_bootstop.o(i.RecorderStopModeHandle)
    RecvByte                                 0x08006d55   Thumb Code    98  bsp_i2c.o(i.RecvByte)
    Relay_Poll                               0x08006dbd   Thumb Code     6  freemodbus.o(i.Relay_Poll)
    RtcBcdToD10                              0x08006e21   Thumb Code   208  bsp_rtc.o(i.RtcBcdToD10)
    RtcD10ToBcd                              0x08006ef1   Thumb Code   146  bsp_rtc.o(i.RtcD10ToBcd)
    SPI_Cmd                                  0x08006f83   Thumb Code    24  stm32l1xx_spi.o(i.SPI_Cmd)
    SPI_FLASH_BufferRead                     0x08006f9d   Thumb Code    76  bsp_spi_flash.o(i.SPI_FLASH_BufferRead)
    SPI_FLASH_BufferWrite                    0x08006fed   Thumb Code   290  bsp_spi_flash.o(i.SPI_FLASH_BufferWrite)
    SPI_FLASH_Init                           0x08007111   Thumb Code   256  bsp_spi_flash.o(i.SPI_FLASH_Init)
    SPI_FLASH_PageWrite                      0x0800721d   Thumb Code    92  bsp_spi_flash.o(i.SPI_FLASH_PageWrite)
    SPI_FLASH_SectorErase                    0x0800727d   Thumb Code    62  bsp_spi_flash.o(i.SPI_FLASH_SectorErase)
    SPI_FLASH_SendByte                       0x080072c1   Thumb Code    50  bsp_spi_flash.o(i.SPI_FLASH_SendByte)
    SPI_FLASH_WaitForWriteEnd                0x080072f9   Thumb Code    44  bsp_spi_flash.o(i.SPI_FLASH_WaitForWriteEnd)
    SPI_FLASH_WriteEnable                    0x08007329   Thumb Code    26  bsp_spi_flash.o(i.SPI_FLASH_WriteEnable)
    SPI_I2S_GetFlagStatus                    0x08007349   Thumb Code    18  stm32l1xx_spi.o(i.SPI_I2S_GetFlagStatus)
    SPI_I2S_ReceiveData                      0x0800735b   Thumb Code     6  stm32l1xx_spi.o(i.SPI_I2S_ReceiveData)
    SPI_I2S_SendData                         0x08007361   Thumb Code     4  stm32l1xx_spi.o(i.SPI_I2S_SendData)
    SPI_Init                                 0x08007365   Thumb Code    60  stm32l1xx_spi.o(i.SPI_Init)
    STORAGE_DATA_READ                        0x080073a1   Thumb Code   160  bsp_serialdeal.o(i.STORAGE_DATA_READ)
    SVC_Handler                              0x08007445   Thumb Code     2  stm32l1xx_it.o(i.SVC_Handler)
    SYSCFG_EXTILineConfig                    0x08007449   Thumb Code    60  stm32l1xx_syscfg.o(i.SYSCFG_EXTILineConfig)
    SendByte                                 0x08007729   Thumb Code    90  bsp_i2c.o(i.SendByte)
    SetFlashOverFlow                         0x08007969   Thumb Code    30  bsp_storagedata.o(i.SetFlashOverFlow)
    SetJlyParamJudgeChannelNumSensorType     0x08007a71   Thumb Code   388  bsp_init.o(i.SetJlyParamJudgeChannelNumSensorType)
    Start                                    0x08007d11   Thumb Code    84  bsp_i2c.o(i.Start)
    Stop                                     0x08007d69   Thumb Code    62  bsp_i2c.o(i.Stop)
    StorageHistoryData                       0x08007dad   Thumb Code    18  bsp_storagedata.o(i.StorageHistoryData)
    SysInit                                  0x08007dc5   Thumb Code    78  bsp_init.o(i.SysInit)
    SysTick_Handler                          0x08007e25   Thumb Code    50  stm32l1xx_it.o(i.SysTick_Handler)
    SysTick_Init                             0x08007e61   Thumb Code   108  bsp_systick.o(i.SysTick_Init)
    SystemInit                               0x08007ed9   Thumb Code    88  system_stm32l1xx.o(i.SystemInit)
    TIM2_Configuration                       0x08007f41   Thumb Code    76  bsp_timer.o(i.TIM2_Configuration)
    TIM2_IRQHandler                          0x08007f8d   Thumb Code    36  stm32l1xx_it.o(i.TIM2_IRQHandler)
    TIM3_IRQHandler                          0x08007fe1   Thumb Code    10  porttimer.o(i.TIM3_IRQHandler)
    TIM_ClearFlag                            0x08008061   Thumb Code     6  stm32l1xx_tim.o(i.TIM_ClearFlag)
    TIM_ClearITPendingBit                    0x08008067   Thumb Code     6  stm32l1xx_tim.o(i.TIM_ClearITPendingBit)
    TIM_Cmd                                  0x0800806d   Thumb Code    24  stm32l1xx_tim.o(i.TIM_Cmd)
    TIM_GetITStatus                          0x08008085   Thumb Code    34  stm32l1xx_tim.o(i.TIM_GetITStatus)
    TIM_ITConfig                             0x080080a7   Thumb Code    18  stm32l1xx_tim.o(i.TIM_ITConfig)
    TIM_TimeBaseInit                         0x080080b9   Thumb Code    76  stm32l1xx_tim.o(i.TIM_TimeBaseInit)
    Temp_Adjust                              0x0800831d   Thumb Code   534  bsp_sensordeal.o(i.Temp_Adjust)
    TimingDelay_Decrement                    0x08008555   Thumb Code    18  bsp_systick.o(i.TimingDelay_Decrement)
    U16ToValue10                             0x0800856d   Thumb Code    10  bsp_class.o(i.U16ToValue10)
    USART1_Config                            0x08008789   Thumb Code   152  bsp_usart.o(i.USART1_Config)
    USART1_IRQHandler                        0x08008829   Thumb Code    32  stm32l1xx_it.o(i.USART1_IRQHandler)
    USART3_IRQHandler                        0x08008851   Thumb Code   262  portserial.o(i.USART3_IRQHandler)
    USART_Cmd                                0x0800895d   Thumb Code    24  stm32l1xx_usart.o(i.USART_Cmd)
    USART_GetFlagStatus                      0x08008975   Thumb Code    26  stm32l1xx_usart.o(i.USART_GetFlagStatus)
    USART_GetITStatus                        0x0800898f   Thumb Code    84  stm32l1xx_usart.o(i.USART_GetITStatus)
    USART_ITConfig                           0x080089e3   Thumb Code    74  stm32l1xx_usart.o(i.USART_ITConfig)
    USART_Init                               0x08008a2d   Thumb Code   198  stm32l1xx_usart.o(i.USART_Init)
    USART_ReceiveData                        0x08008af9   Thumb Code    10  stm32l1xx_usart.o(i.USART_ReceiveData)
    USART_SendData                           0x08008b03   Thumb Code     8  stm32l1xx_usart.o(i.USART_SendData)
    UsageFault_Handler                       0x08008b0b   Thumb Code     4  stm32l1xx_it.o(i.UsageFault_Handler)
    ValueFtToU16                             0x08008b11   Thumb Code   150  bsp_class.o(i.ValueFtToU16)
    VoltageTest                              0x08008bb1   Thumb Code   232  bsp_powerdeal.o(i.VoltageTest)
    WaitAck                                  0x08008f5d   Thumb Code   126  bsp_i2c.o(i.WaitAck)
    WriteU16Pointer                          0x0800905d   Thumb Code    20  bsp_storagedata.o(i.WriteU16Pointer)
    WriteU32Pointer                          0x08009071   Thumb Code    20  bsp_storagedata.o(i.WriteU32Pointer)
    __0printf$8                              0x08009085   Thumb Code    22  printf8.o(i.__0printf$8)
    __1printf$8                              0x08009085   Thumb Code     0  printf8.o(i.__0printf$8)
    __2printf                                0x08009085   Thumb Code     0  printf8.o(i.__0printf$8)
    __0vsprintf                              0x080090a5   Thumb Code    30  printfa.o(i.__0vsprintf)
    __1vsprintf                              0x080090a5   Thumb Code     0  printfa.o(i.__0vsprintf)
    __2vsprintf                              0x080090a5   Thumb Code     0  printfa.o(i.__0vsprintf)
    __c89vsprintf                            0x080090a5   Thumb Code     0  printfa.o(i.__0vsprintf)
    vsprintf                                 0x080090a5   Thumb Code     0  printfa.o(i.__0vsprintf)
    __scatterload_copy                       0x080090c9   Thumb Code    14  handlers.o(i.__scatterload_copy)
    __scatterload_null                       0x080090d7   Thumb Code     2  handlers.o(i.__scatterload_null)
    __scatterload_zeroinit                   0x080090d9   Thumb Code    14  handlers.o(i.__scatterload_zeroinit)
    displayDAY                               0x08009df3   Thumb Code   144  bsp_lcd.o(i.displayDAY)
    displayErr                               0x08009e85   Thumb Code   150  bsp_lcd.o(i.displayErr)
    displayTIME                              0x08009f21   Thumb Code   144  bsp_lcd.o(i.displayTIME)
    displayYEAR                              0x08009fb1   Thumb Code   108  bsp_lcd.o(i.displayYEAR)
    eMBEnable                                0x0800a01d   Thumb Code    32  mb.o(i.eMBEnable)
    eMBFuncReadCoils                         0x0800a045   Thumb Code   166  mbfunccoils.o(i.eMBFuncReadCoils)
    eMBFuncReadDiscreteInputs                0x0800a0eb   Thumb Code   164  mbfuncdisc.o(i.eMBFuncReadDiscreteInputs)
    eMBFuncReadHoldingRegister               0x0800a18f   Thumb Code   132  mbfuncholding.o(i.eMBFuncReadHoldingRegister)
    eMBFuncReadInputRegister                 0x0800a213   Thumb Code   132  mbfuncinput.o(i.eMBFuncReadInputRegister)
    eMBFuncReadWriteMultipleHoldingRegister  0x0800a297   Thumb Code   212  mbfuncholding.o(i.eMBFuncReadWriteMultipleHoldingRegister)
    eMBFuncReportSlaveID                     0x0800a36d   Thumb Code    30  mbfuncother.o(i.eMBFuncReportSlaveID)
    eMBFuncWriteCoil                         0x0800a395   Thumb Code   108  mbfunccoils.o(i.eMBFuncWriteCoil)
    eMBFuncWriteHoldingRegister              0x0800a401   Thumb Code    62  mbfuncholding.o(i.eMBFuncWriteHoldingRegister)
    eMBFuncWriteMultipleCoils                0x0800a43f   Thumb Code   142  mbfunccoils.o(i.eMBFuncWriteMultipleCoils)
    eMBFuncWriteMultipleHoldingRegister      0x0800a4cd   Thumb Code   106  mbfuncholding.o(i.eMBFuncWriteMultipleHoldingRegister)
    eMBInit                                  0x0800a539   Thumb Code   152  mb.o(i.eMBInit)
    eMBPoll                                  0x0800a619   Thumb Code   294  mb.o(i.eMBPoll)
    eMBRTUInit                               0x0800a79d   Thumb Code    84  mbrtu.o(i.eMBRTUInit)
    eMBRTUReceive                            0x0800a7f5   Thumb Code    78  mbrtu.o(i.eMBRTUReceive)
    eMBRTUSend                               0x0800a865   Thumb Code   154  mbrtu.o(i.eMBRTUSend)
    eMBRTUStart                              0x0800a915   Thumb Code    30  mbrtu.o(i.eMBRTUStart)
    eMBRTUStop                               0x0800a939   Thumb Code    24  mbrtu.o(i.eMBRTUStop)
    eMBRegCoilsCB                            0x0800a951   Thumb Code   162  freemodbus.o(i.eMBRegCoilsCB)
    eMBRegDiscreteCB                         0x0800aa01   Thumb Code    98  freemodbus.o(i.eMBRegDiscreteCB)
    eMBRegHoldingCB                          0x0800aa75   Thumb Code   204  freemodbus.o(i.eMBRegHoldingCB)
    eMBRegInputCB                            0x0800ab51   Thumb Code   106  freemodbus.o(i.eMBRegInputCB)
    fputc                                    0x0800abcd   Thumb Code    32  bsp_usart.o(i.fputc)
    freemodbus_init                          0x0800abf1   Thumb Code    48  freemodbus.o(i.freemodbus_init)
    freemodbus_main                          0x0800ac29   Thumb Code    26  freemodbus.o(i.freemodbus_main)
    lcd_OFF                                  0x0800ac45   Thumb Code   372  bsp_lcd.o(i.lcd_OFF)
    main                                     0x0800adbd   Thumb Code   218  main.o(i.main)
    prveMBError2Exception                    0x0800afb1   Thumb Code    34  mbutils.o(i.prveMBError2Exception)
    read_time                                0x0800b011   Thumb Code   128  bsp_rtc.o(i.read_time)
    rtc_deel                                 0x0800b095   Thumb Code   402  bsp_rtc.o(i.rtc_deel)
    serialread_time                          0x0800b239   Thumb Code    74  bsp_rtc.o(i.serialread_time)
    set_time                                 0x0800b289   Thumb Code    84  bsp_rtc.o(i.set_time)
    usMBCRC16                                0x0800b2e1   Thumb Code    48  mbcrc.o(i.usMBCRC16)
    vMBPortSerialEnable                      0x0800b319   Thumb Code    94  portserial.o(i.vMBPortSerialEnable)
    vMBPortTimersDisable                     0x0800b381   Thumb Code    16  porttimer.o(i.vMBPortTimersDisable)
    vMBPortTimersEnable                      0x0800b395   Thumb Code    28  porttimer.o(i.vMBPortTimersEnable)
    xMBOutput                                0x0800b3b5   Thumb Code    68  port.o(i.xMBOutput)
    xMBPortEventGet                          0x0800b3fd   Thumb Code    26  portevent.o(i.xMBPortEventGet)
    xMBPortEventInit                         0x0800b421   Thumb Code    10  portevent.o(i.xMBPortEventInit)
    xMBPortEventPost                         0x0800b431   Thumb Code    16  portevent.o(i.xMBPortEventPost)
    xMBPortSerialGetByte                     0x0800b449   Thumb Code    76  portserial.o(i.xMBPortSerialGetByte)
    xMBPortSerialInit                        0x0800b499   Thumb Code    52  portserial.o(i.xMBPortSerialInit)
    xMBPortSerialPutByte                     0x0800b4d5   Thumb Code    32  portserial.o(i.xMBPortSerialPutByte)
    xMBPortTimersInit                        0x0800b4f9   Thumb Code    84  porttimer.o(i.xMBPortTimersInit)
    xMBRTUReceiveFSM                         0x0800b55d   Thumb Code   122  mbrtu.o(i.xMBRTUReceiveFSM)
    xMBRTUTimerT35Expired                    0x0800b5e5   Thumb Code    60  mbrtu.o(i.xMBRTUTimerT35Expired)
    xMBRTUTransmitFSM                        0x0800b625   Thumb Code    94  mbrtu.o(i.xMBRTUTransmitFSM)
    xMBUtilGetBits                           0x0800b691   Thumb Code    42  mbutils.o(i.xMBUtilGetBits)
    xMBUtilSetBits                           0x0800b6bb   Thumb Code    96  mbutils.o(i.xMBUtilSetBits)
    lcd_test                                 0x0800b71c   Data         128  global.o(.constdata)
    RESET_ADJUST_CURVE1                      0x0800b79c   Data          30  global.o(.constdata)
    RESET_ADJUST_CURVE2                      0x0800b7ba   Data          22  global.o(.constdata)
    RESET_CHANNEL_SETUP_TABLE                0x0800b7d0   Data         104  global.o(.constdata)
    ConfMap_Address                          0x0800b838   Data          48  global.o(.constdata)
    aAPBAHBPrescTable                        0x0800ba9e   Data          16  stm32l1xx_hal_rcc.o(.constdata)
    aPLLDivisionFactorTable                  0x0800baae   Data           4  stm32l1xx_hal_rcc.o(.constdata)
    aPLLMulFactorTable                       0x0800bab2   Data           9  stm32l1xx_hal_rcc.o(.constdata)
    Region$$Table$$Base                      0x0800babc   Number         0  anon$$obj.o(Region$$Table)
    Region$$Table$$Limit                     0x0800badc   Number         0  anon$$obj.o(Region$$Table)
    SystemCoreClock                          0x20000000   Data           4  system_stm32l1xx.o(.data)
    PLLMulTable                              0x20000004   Data           9  system_stm32l1xx.o(.data)
    AHBPrescTable                            0x2000000d   Data          16  system_stm32l1xx.o(.data)
    usRegInputStart                          0x20000036   Data           2  freemodbus.o(.data)
    usRegHoldingStart                        0x20000038   Data           2  freemodbus.o(.data)
    ucRegCoilsBuf                            0x2000003a   Data           2  freemodbus.o(.data)
    ucRegCoilsRerv                           0x2000003c   Data           2  freemodbus.o(.data)
    ucRegDiscreteBuf                         0x2000003e   Data           2  freemodbus.o(.data)
    ucRegDiscreteRerv                        0x20000040   Data           2  freemodbus.o(.data)
    TimingDelay                              0x20000044   Data           4  bsp_systick.o(.data)
    display_ct                               0x20000048   Data           1  global.o(.data)
    AdjustCurveFirAddress                    0x2000004c   Data           8  global.o(.data)
    Flag                                     0x20000054   Data           4  global.o(.data)
    rtc_pt                                   0x20000058   Data           1  global.o(.data)
    uAddress                                 0x20000059   Data           1  global.o(.data)
    Key1ChangAnCount                         0x2000005a   Data           1  global.o(.data)
    ChannelForDisplay                        0x2000005b   Data           1  global.o(.data)
    StartedChannelForDisplay                 0x2000005c   Data           1  global.o(.data)
    Started_Channel                          0x2000005d   Data           1  global.o(.data)
    MsCount                                  0x2000005e   Data           2  global.o(.data)
    pxMBFrameCBByteReceived                  0x20000134   Data           4  mb.o(.data)
    pxMBFrameCBTransmitterEmpty              0x20000138   Data           4  mb.o(.data)
    pxMBPortCBTimerExpired                   0x2000013c   Data           4  mb.o(.data)
    pxMBFrameCBReceiveFSMCur                 0x20000140   Data           4  mb.o(.data)
    pxMBFrameCBTransmitFSMCur                0x20000144   Data           4  mb.o(.data)
    __stdout                                 0x2000015c   Data           4  stdout.o(.data)
    usRegInputBuf                            0x20000160   Data        8192  freemodbus.o(.bss)
    usRegHoldingBuf                          0x20002160   Data       24576  freemodbus.o(.bss)
    DataBuf                                  0x20008160   Data          74  global.o(.bss)
    PManage                                  0x200081aa   Data          10  global.o(.bss)
    Rtc                                      0x200081b4   Data          16  global.o(.bss)
    Queue                                    0x200081c4   Data          32  global.o(.bss)
    JlyParam                                 0x200081e4   Data          56  global.o(.bss)
    Conf                                     0x2000821c   Data        3232  global.o(.bss)
    adc                                      0x20008ebc   Data          64  global.o(.bss)
    adcCopy                                  0x20008efc   Data          64  global.o(.bss)
    ADC_ConvertedValue                       0x20008f3c   Data          64  global.o(.bss)
    FlagSeniorErr                            0x20008f7c   Data          32  global.o(.bss)
    ChannelDataFloat                         0x20008f9c   Data         128  global.o(.bss)
    ucRTUBuf                                 0x2000923c   Data         256  mbrtu.o(.bss)
    __initial_sp                             0x200097c0   Data           0  startup_stm32l1xx_hd.o(STACK)



==============================================================================

Memory Map of the image

  Image Entry point : 0x08000125

  Load Region LR_IROM1 (Base: 0x08000000, Size: 0x0000bc3c, Max: 0x00060000, ABSOLUTE, COMPRESSED[0x0000bb74])

    Execution Region ER_IROM1 (Base: 0x08000000, Size: 0x0000badc, Max: 0x00060000, ABSOLUTE)

    Base Addr    Size         Type   Attr      Idx    E Section Name        Object

    0x08000000   0x00000124   Data   RO            3    RESET               startup_stm32l1xx_hd.o
    0x08000124   0x00000000   Code   RO         5962  * .ARM.Collect$$$$00000000  mc_w.l(entry.o)
    0x08000124   0x00000004   Code   RO         6262    .ARM.Collect$$$$00000001  mc_w.l(entry2.o)
    0x08000128   0x00000004   Code   RO         6265    .ARM.Collect$$$$00000004  mc_w.l(entry5.o)
    0x0800012c   0x00000000   Code   RO         6267    .ARM.Collect$$$$00000008  mc_w.l(entry7b.o)
    0x0800012c   0x00000000   Code   RO         6269    .ARM.Collect$$$$0000000A  mc_w.l(entry8b.o)
    0x0800012c   0x00000008   Code   RO         6270    .ARM.Collect$$$$0000000B  mc_w.l(entry9a.o)
    0x08000134   0x00000000   Code   RO         6272    .ARM.Collect$$$$0000000D  mc_w.l(entry10a.o)
    0x08000134   0x00000000   Code   RO         6274    .ARM.Collect$$$$0000000F  mc_w.l(entry11a.o)
    0x08000134   0x00000004   Code   RO         6263    .ARM.Collect$$$$00002712  mc_w.l(entry2.o)
    0x08000138   0x00000024   Code   RO            4    .text               startup_stm32l1xx_hd.o
    0x0800015c   0x00000024   Code   RO         5965    .text               mc_w.l(memcpya.o)
    0x08000180   0x00000024   Code   RO         5967    .text               mc_w.l(memseta.o)
    0x080001a4   0x000000b0   Code   RO         6232    .text               mf_w.l(fadd.o)
    0x08000254   0x0000006c   Code   RO         6234    .text               mf_w.l(fmul.o)
    0x080002c0   0x00000080   Code   RO         6236    .text               mf_w.l(fdiv.o)
    0x08000340   0x0000014e   Code   RO         6238    .text               mf_w.l(dadd.o)
    0x0800048e   0x000000e4   Code   RO         6240    .text               mf_w.l(dmul.o)
    0x08000572   0x000000de   Code   RO         6242    .text               mf_w.l(ddiv.o)
    0x08000650   0x00000012   Code   RO         6244    .text               mf_w.l(fflti.o)
    0x08000662   0x0000000a   Code   RO         6246    .text               mf_w.l(ffltui.o)
    0x0800066c   0x00000028   Code   RO         6248    .text               mf_w.l(ffixui.o)
    0x08000694   0x00000026   Code   RO         6250    .text               mf_w.l(f2d.o)
    0x080006ba   0x00000002   PAD
    0x080006bc   0x00000028   Code   RO         6252    .text               mf_w.l(cdcmple.o)
    0x080006e4   0x00000028   Code   RO         6254    .text               mf_w.l(cdrcmple.o)
    0x0800070c   0x00000038   Code   RO         6256    .text               mf_w.l(d2f.o)
    0x08000744   0x00000014   Code   RO         6258    .text               mf_w.l(cfcmple.o)
    0x08000758   0x00000014   Code   RO         6260    .text               mf_w.l(cfrcmple.o)
    0x0800076c   0x0000002c   Code   RO         6277    .text               mc_w.l(uidiv.o)
    0x08000798   0x00000062   Code   RO         6279    .text               mc_w.l(uldiv.o)
    0x080007fa   0x0000001e   Code   RO         6281    .text               mc_w.l(llshl.o)
    0x08000818   0x00000024   Code   RO         6283    .text               mc_w.l(llsshr.o)
    0x0800083c   0x00000000   Code   RO         6285    .text               mc_w.l(iusefp.o)
    0x0800083c   0x0000006c   Code   RO         6286    .text               mf_w.l(fepilogue.o)
    0x080008a8   0x000000be   Code   RO         6288    .text               mf_w.l(depilogue.o)
    0x08000966   0x00000030   Code   RO         6290    .text               mf_w.l(dfixul.o)
    0x08000996   0x00000002   PAD
    0x08000998   0x00000024   Code   RO         6292    .text               mc_w.l(init.o)
    0x080009bc   0x00000020   Code   RO         6294    .text               mc_w.l(llushr.o)
    0x080009dc   0x0000005c   Code   RO         6304    .text               mc_w.l(__dczerorl2.o)
    0x08000a38   0x00000050   Code   RO         2876    i.ADC1_GPIO_Config  bsp_adc.o
    0x08000a88   0x0000001e   Code   RO         2877    i.ADC1_Init         bsp_adc.o
    0x08000aa6   0x00000002   PAD
    0x08000aa8   0x00000120   Code   RO         2878    i.ADC1_Mode_Config  bsp_adc.o
    0x08000bc8   0x00000016   Code   RO          329    i.ADC_Cmd           stm32l1xx_adc.o
    0x08000bde   0x00000016   Code   RO          333    i.ADC_DMACmd        stm32l1xx_adc.o
    0x08000bf4   0x00000016   Code   RO          334    i.ADC_DMARequestAfterLastTransferCmd  stm32l1xx_adc.o
    0x08000c0a   0x00000012   Code   RO          343    i.ADC_GetFlagStatus  stm32l1xx_adc.o
    0x08000c1c   0x00000054   Code   RO          349    i.ADC_Init          stm32l1xx_adc.o
    0x08000c70   0x00000158   Code   RO          354    i.ADC_RegularChannelConfig  stm32l1xx_adc.o
    0x08000dc8   0x0000000a   Code   RO          356    i.ADC_SoftwareStartConv  stm32l1xx_adc.o
    0x08000dd2   0x0000001a   Code   RO          358    i.ADC_StructInit    stm32l1xx_adc.o
    0x08000dec   0x00000050   Code   RO         3297    i.Ack               bsp_i2c.o
    0x08000e3c   0x00000114   Code   RO         3531    i.AlarmDeal         bsp_alarmdeal.o
    0x08000f50   0x0000003c   Code   RO         3532    i.BellNn            bsp_alarmdeal.o
    0x08000f8c   0x0000003c   Code   RO         3533    i.BellNn_longer     bsp_alarmdeal.o
    0x08000fc8   0x00000004   Code   RO         2709    i.BusFault_Handler  stm32l1xx_it.o
    0x08000fcc   0x00000002   Code   RO         2401    i.Button_Config     freemodbus.o
    0x08000fce   0x00000002   PAD
    0x08000fd0   0x0000000c   Code   RO         2402    i.Button_Poll       freemodbus.o
    0x08000fdc   0x0000001a   Code   RO         3402    i.Change3BytesTimeToLong  bsp_class.o
    0x08000ff6   0x00000002   PAD
    0x08000ff8   0x00000194   Code   RO         3688    i.ChannelDataDeal   bsp_storagedata.o
    0x0800118c   0x00000008   Code   RO         3403    i.Char_to_Int       bsp_class.o
    0x08001194   0x00000018   Code   RO          558    i.DMA_Cmd           stm32l1xx_dma.o
    0x080011ac   0x0000014c   Code   RO          559    i.DMA_DeInit        stm32l1xx_dma.o
    0x080012f8   0x0000003c   Code   RO          564    i.DMA_Init          stm32l1xx_dma.o
    0x08001334   0x00000070   Code   RO         3471    i.DateToSeconds     bsp_rtc.o
    0x080013a4   0x000000c8   Code   RO         2879    i.Dealing_Gather    bsp_adc.o
    0x0800146c   0x00000002   Code   RO         2710    i.DebugMon_Handler  stm32l1xx_it.o
    0x0800146e   0x0000000c   Code   RO         3298    i.Delay             bsp_i2c.o
    0x0800147a   0x00000002   PAD
    0x0800147c   0x00000028   Code   RO         2845    i.Delay_ms          bsp_systick.o
    0x080014a4   0x000000fc   Code   RO         2923    i.Display_ChannelValue  bsp_lcd.o
    0x080015a0   0x0000020c   Code   RO         2924    i.Display_Mem       bsp_lcd.o
    0x080017ac   0x00000038   Code   RO         2925    i.Display_NUL       bsp_lcd.o
    0x080017e4   0x00000120   Code   RO         2926    i.Display_SN        bsp_lcd.o
    0x08001904   0x00000130   Code   RO         2927    i.Display_Signal    bsp_lcd.o
    0x08001a34   0x00000044   Code   RO         3584    i.DoGatherChannelDataFloat  bsp_sensordeal.o
    0x08001a78   0x00000084   Code   RO         3689    i.DownFlash_HisData  bsp_storagedata.o
    0x08001afc   0x00000076   Code   RO         2904    i.EXTI15_10_Config  bsp_exti_key.o
    0x08001b72   0x00000002   PAD
    0x08001b74   0x00000090   Code   RO         2711    i.EXTI15_10_IRQHandler  stm32l1xx_it.o
    0x08001c04   0x0000000c   Code   RO          629    i.EXTI_ClearITPendingBit  stm32l1xx_exti.o
    0x08001c10   0x00000018   Code   RO          633    i.EXTI_GetITStatus  stm32l1xx_exti.o
    0x08001c28   0x00000094   Code   RO          634    i.EXTI_Init         stm32l1xx_exti.o
    0x08001cbc   0x00000004   Code   RO         4052    i.EnterCriticalSection  BTBUS_Library.lib(port.o)
    0x08001cc0   0x00000004   Code   RO         2403    i.Error_Handler     freemodbus.o
    0x08001cc4   0x00000004   Code   RO         4053    i.ExitCriticalSection  BTBUS_Library.lib(port.o)
    0x08001cc8   0x0000003c   Code   RO         3555    i.FirstCheckExternPower  bsp_powerdeal.o
    0x08001d04   0x00000018   Code   RO         2790    i.FirstScanSysData  bsp_init.o
    0x08001d1c   0x0000004c   Code   RO         2928    i.FisrtPowerOnDisplay  bsp_lcd.o
    0x08001d68   0x000000b8   Code   RO         3299    i.Fram_Read         bsp_i2c.o
    0x08001e20   0x00000098   Code   RO         3300    i.Fram_Write        bsp_i2c.o
    0x08001eb8   0x00000084   Code   RO          683    i.GPIO_Init         stm32l1xx_gpio.o
    0x08001f3c   0x00000046   Code   RO          684    i.GPIO_PinAFConfig  stm32l1xx_gpio.o
    0x08001f82   0x00000012   Code   RO          687    i.GPIO_ReadInputDataBit  stm32l1xx_gpio.o
    0x08001f94   0x00000004   Code   RO          690    i.GPIO_ResetBits    stm32l1xx_gpio.o
    0x08001f98   0x00000004   Code   RO          691    i.GPIO_SetBits      stm32l1xx_gpio.o
    0x08001f9c   0x00000164   Code   RO         2791    i.General_GPIO_Config  bsp_init.o
    0x08002100   0x00000054   Code   RO         3404    i.GetRecIntervalTime  bsp_class.o
    0x08002154   0x00000016   Code   RO         3585    i.GetStartChanel    bsp_sensordeal.o
    0x0800216a   0x00000002   PAD
    0x0800216c   0x000001dc   Code   RO         3991    i.HAL_GPIO_Init     BTBUS_Library.lib(stm32l1xx_hal_gpio.o)
    0x08002348   0x0000001c   Code   RO         3787    i.HAL_NVIC_EnableIRQ  BTBUS_Library.lib(stm32l1xx_hal_cortex.o)
    0x08002364   0x0000007c   Code   RO         3793    i.HAL_NVIC_SetPriority  BTBUS_Library.lib(stm32l1xx_hal_cortex.o)
    0x080023e0   0x00000038   Code   RO         5808    i.HAL_RCC_GetHCLKFreq  BTBUS_Library.lib(stm32l1xx_hal_rcc.o)
    0x08002418   0x0000002c   Code   RO         5810    i.HAL_RCC_GetPCLK1Freq  BTBUS_Library.lib(stm32l1xx_hal_rcc.o)
    0x08002444   0x0000002c   Code   RO         5811    i.HAL_RCC_GetPCLK2Freq  BTBUS_Library.lib(stm32l1xx_hal_rcc.o)
    0x08002470   0x000000bc   Code   RO         5812    i.HAL_RCC_GetSysClockFreq  BTBUS_Library.lib(stm32l1xx_hal_rcc.o)
    0x0800252c   0x00000034   Code   RO         4721    i.HAL_TIM_Base_Init  BTBUS_Library.lib(stm32l1xx_hal_tim.o)
    0x08002560   0x00000038   Code   RO         2282    i.HAL_TIM_Base_MspInit  stm32l1xx_hal_msp.o
    0x08002598   0x00000026   Code   RO         4726    i.HAL_TIM_Base_Start_IT  BTBUS_Library.lib(stm32l1xx_hal_tim.o)
    0x080025be   0x0000002e   Code   RO         4729    i.HAL_TIM_Base_Stop_IT  BTBUS_Library.lib(stm32l1xx_hal_tim.o)
    0x080025ec   0x00000002   Code   RO         4750    i.HAL_TIM_IC_CaptureCallback  BTBUS_Library.lib(stm32l1xx_hal_tim.o)
    0x080025ee   0x00000152   Code   RO         4763    i.HAL_TIM_IRQHandler  BTBUS_Library.lib(stm32l1xx_hal_tim.o)
    0x08002740   0x00000002   Code   RO         4766    i.HAL_TIM_OC_DelayElapsedCallback  BTBUS_Library.lib(stm32l1xx_hal_tim.o)
    0x08002742   0x00000002   Code   RO         4793    i.HAL_TIM_PWM_PulseFinishedCallback  BTBUS_Library.lib(stm32l1xx_hal_tim.o)
    0x08002744   0x0000000a   Code   RO         4603    i.HAL_TIM_PeriodElapsedCallback  BTBUS_Library.lib(porttimer.o)
    0x0800274e   0x00000002   Code   RO         4804    i.HAL_TIM_TriggerCallback  BTBUS_Library.lib(stm32l1xx_hal_tim.o)
    0x08002750   0x00000002   Code   RO         5364    i.HAL_UART_ErrorCallback  BTBUS_Library.lib(stm32l1xx_hal_uart.o)
    0x08002752   0x0000006e   Code   RO         5368    i.HAL_UART_Init     BTBUS_Library.lib(stm32l1xx_hal_uart.o)
    0x080027c0   0x000000a8   Code   RO         2284    i.HAL_UART_MspInit  stm32l1xx_hal_msp.o
    0x08002868   0x00000040   Code   RO         5373    i.HAL_UART_Receive_End  BTBUS_Library.lib(stm32l1xx_hal_uart.o)
    0x080028a8   0x00000098   Code   RO         5374    i.HAL_UART_Receive_IT  BTBUS_Library.lib(stm32l1xx_hal_uart.o)
    0x08002940   0x00000004   Code   RO         2712    i.HardFault_Handler  stm32l1xx_it.o
    0x08002944   0x00000204   Code   RO         3586    i.HumiChang_to_Shishu  bsp_sensordeal.o
    0x08002b48   0x00000138   Code   RO         3587    i.Humi_Adjust       bsp_sensordeal.o
    0x08002c80   0x0000002c   Code   RO         2792    i.I2C_GPIO_Config   bsp_init.o
    0x08002cac   0x00000078   Code   RO         3444    i.JlySecDeal        bsp_datadeal.o
    0x08002d24   0x0000002c   Code   RO         3588    i.JudgingChannelNumberDisplay  bsp_sensordeal.o
    0x08002d50   0x0000004c   Code   RO         2905    i.KEY_GPIO_Config   bsp_exti_key.o
    0x08002d9c   0x0000000c   Code   RO          775    i.LCD_Cmd           stm32l1xx_lcd.o
    0x08002da8   0x0000001c   Code   RO          776    i.LCD_ContrastConfig  stm32l1xx_lcd.o
    0x08002dc4   0x00000030   Code   RO         2929    i.LCD_GLASS_Clear   bsp_lcd.o
    0x08002df4   0x00000082   Code   RO         2932    i.LCD_GLASS_Init    bsp_lcd.o
    0x08002e76   0x00000002   PAD
    0x08002e78   0x00000234   Code   RO         2934    i.LCD_GPIOConfig    bsp_lcd.o
    0x080030ac   0x00000018   Code   RO          779    i.LCD_GetFlagStatus  stm32l1xx_lcd.o
    0x080030c4   0x00000054   Code   RO          783    i.LCD_Init          stm32l1xx_lcd.o
    0x08003118   0x0000001c   Code   RO          785    i.LCD_PulseOnDurationConfig  stm32l1xx_lcd.o
    0x08003134   0x0000000e   Code   RO          786    i.LCD_StructInit    stm32l1xx_lcd.o
    0x08003142   0x00000002   PAD
    0x08003144   0x0000000c   Code   RO          787    i.LCD_UpdateDisplayRequest  stm32l1xx_lcd.o
    0x08003150   0x00000020   Code   RO          788    i.LCD_WaitForSynchro  stm32l1xx_lcd.o
    0x08003170   0x00000002   Code   RO         2404    i.LED_Config        freemodbus.o
    0x08003172   0x00000002   PAD
    0x08003174   0x00000034   Code   RO         2405    i.LED_Poll          freemodbus.o
    0x080031a8   0x000001a8   Code   RO         3445    i.LOWorNomal_Mode   bsp_datadeal.o
    0x08003350   0x000001c4   Code   RO         2935    i.Lcd_ChannelValue  bsp_lcd.o
    0x08003514   0x00000218   Code   RO         2936    i.Lcd_Dis10Value    bsp_lcd.o
    0x0800372c   0x00000218   Code   RO         2937    i.Lcd_Dis11Value    bsp_lcd.o
    0x08003944   0x00000218   Code   RO         2938    i.Lcd_Dis12Value    bsp_lcd.o
    0x08003b5c   0x00000280   Code   RO         2939    i.Lcd_Dis13Value    bsp_lcd.o
    0x08003ddc   0x00000280   Code   RO         2940    i.Lcd_Dis14Value    bsp_lcd.o
    0x0800405c   0x00000280   Code   RO         2941    i.Lcd_Dis15Value    bsp_lcd.o
    0x080042dc   0x00000280   Code   RO         2942    i.Lcd_Dis1Value     bsp_lcd.o
    0x0800455c   0x000002e8   Code   RO         2943    i.Lcd_Dis2Value     bsp_lcd.o
    0x08004844   0x00000388   Code   RO         2944    i.Lcd_Dis3Value     bsp_lcd.o
    0x08004bcc   0x00000350   Code   RO         2945    i.Lcd_Dis4Value     bsp_lcd.o
    0x08004f1c   0x000002b4   Code   RO         2946    i.Lcd_Dis5Value     bsp_lcd.o
    0x080051d0   0x00000218   Code   RO         2947    i.Lcd_Dis6Value     bsp_lcd.o
    0x080053e8   0x00000280   Code   RO         2948    i.Lcd_Dis7Value     bsp_lcd.o
    0x08005668   0x00000280   Code   RO         2949    i.Lcd_Dis8Value     bsp_lcd.o
    0x080058e8   0x00000280   Code   RO         2950    i.Lcd_Dis9Value     bsp_lcd.o
    0x08005b68   0x00000004   Code   RO         2713    i.MemManage_Handler  stm32l1xx_it.o
    0x08005b6c   0x00000002   Code   RO         2714    i.NMI_Handler       stm32l1xx_it.o
    0x08005b6e   0x0000002a   Code   RO         3117    i.NVIC_Configuration  bsp_usart.o
    0x08005b98   0x00000010   Code   RO         3800    i.NVIC_GetPriorityGrouping  BTBUS_Library.lib(stm32l1xx_hal_cortex.o)
    0x08005ba8   0x00000078   Code   RO          286    i.NVIC_Init         misc.o
    0x08005c20   0x00000014   Code   RO          287    i.NVIC_PriorityGroupConfig  misc.o
    0x08005c34   0x00000028   Code   RO         3801    i.NVIC_SetPriority  BTBUS_Library.lib(stm32l1xx_hal_cortex.o)
    0x08005c5c   0x00000044   Code   RO         2793    i.OffPowerSupply    bsp_init.o
    0x08005ca0   0x00000134   Code   RO         3446    i.OneSec_Timedeal   bsp_datadeal.o
    0x08005dd4   0x000002fc   Code   RO         3556    i.OutpowerShan      bsp_powerdeal.o
    0x080060d0   0x00000100   Code   RO         3636    i.PARAM_DATA_READ   bsp_serialdeal.o
    0x080061d0   0x00000198   Code   RO         3637    i.PARAM_DATA_WRITE  bsp_serialdeal.o
    0x08006368   0x0000000c   Code   RO          896    i.PWR_RTCAccessCmd  stm32l1xx_pwr.o
    0x08006374   0x00000002   Code   RO         2715    i.PendSV_Handler    stm32l1xx_it.o
    0x08006376   0x0000003c   Code   RO         2794    i.PeripheralInit    bsp_init.o
    0x080063b2   0x00000002   PAD
    0x080063b4   0x00000020   Code   RO          976    i.RCC_AHBPeriphClockCmd  stm32l1xx_rcc.o
    0x080063d4   0x00000020   Code   RO          979    i.RCC_APB1PeriphClockCmd  stm32l1xx_rcc.o
    0x080063f4   0x00000020   Code   RO          982    i.RCC_APB2PeriphClockCmd  stm32l1xx_rcc.o
    0x08006414   0x0000003c   Code   RO         2795    i.RCC_Config        bsp_init.o
    0x08006450   0x00000100   Code   RO          991    i.RCC_GetClocksFreq  stm32l1xx_rcc.o
    0x08006550   0x00000034   Code   RO          992    i.RCC_GetFlagStatus  stm32l1xx_rcc.o
    0x08006584   0x0000000c   Code   RO          997    i.RCC_HSICmd        stm32l1xx_rcc.o
    0x08006590   0x00000010   Code   RO         1000    i.RCC_LSEConfig     stm32l1xx_rcc.o
    0x080065a0   0x0000000c   Code   RO         1001    i.RCC_LSICmd        stm32l1xx_rcc.o
    0x080065ac   0x0000000c   Code   RO         1009    i.RCC_RTCCLKCmd     stm32l1xx_rcc.o
    0x080065b8   0x00000044   Code   RO         1010    i.RCC_RTCCLKConfig  stm32l1xx_rcc.o
    0x080065fc   0x000000a8   Code   RO         3301    i.RTC8025_Read      bsp_i2c.o
    0x080066a4   0x00000088   Code   RO         3302    i.RTC8025_Write     bsp_i2c.o
    0x0800672c   0x00000020   Code   RO         1244    i.RTC_ReadBackupRegister  stm32l1xx_rtc.o
    0x0800674c   0x00000060   Code   RO         1262    i.RTC_WaitForSynchro  stm32l1xx_rtc.o
    0x080067ac   0x0000001c   Code   RO         1265    i.RTC_WriteBackupRegister  stm32l1xx_rtc.o
    0x080067c8   0x000000f8   Code   RO         3472    i.RX8025_RTC_Init   bsp_rtc.o
    0x080068c0   0x00000018   Code   RO         3638    i.ReadBatVoltage    bsp_serialdeal.o
    0x080068d8   0x00000198   Code   RO         3692    i.ReadFlashHisData  bsp_storagedata.o
    0x08006a70   0x00000014   Code   RO         3694    i.ReadU16Pointer    bsp_storagedata.o
    0x08006a84   0x00000012   Code   RO         3695    i.ReadU32Pointer    bsp_storagedata.o
    0x08006a96   0x00000002   PAD
    0x08006a98   0x00000270   Code   RO         3670    i.RecorderBootModeHandle  bsp_bootstop.o
    0x08006d08   0x0000004c   Code   RO         3671    i.RecorderStopModeHandle  bsp_bootstop.o
    0x08006d54   0x00000068   Code   RO         3303    i.RecvByte          bsp_i2c.o
    0x08006dbc   0x0000000c   Code   RO         2409    i.Relay_Poll        freemodbus.o
    0x08006dc8   0x00000058   Code   RO         3473    i.Reset_Time        bsp_rtc.o
    0x08006e20   0x000000d0   Code   RO         3474    i.RtcBcdToD10       bsp_rtc.o
    0x08006ef0   0x00000092   Code   RO         3475    i.RtcD10ToBcd       bsp_rtc.o
    0x08006f82   0x00000018   Code   RO         2141    i.SPI_Cmd           stm32l1xx_spi.o
    0x08006f9a   0x00000002   PAD
    0x08006f9c   0x00000050   Code   RO         3174    i.SPI_FLASH_BufferRead  bsp_spi_flash.o
    0x08006fec   0x00000122   Code   RO         3175    i.SPI_FLASH_BufferWrite  bsp_spi_flash.o
    0x0800710e   0x00000002   PAD
    0x08007110   0x0000010c   Code   RO         3177    i.SPI_FLASH_Init    bsp_spi_flash.o
    0x0800721c   0x00000060   Code   RO         3178    i.SPI_FLASH_PageWrite  bsp_spi_flash.o
    0x0800727c   0x00000044   Code   RO         3182    i.SPI_FLASH_SectorErase  bsp_spi_flash.o
    0x080072c0   0x00000038   Code   RO         3183    i.SPI_FLASH_SendByte  bsp_spi_flash.o
    0x080072f8   0x00000030   Code   RO         3187    i.SPI_FLASH_WaitForWriteEnd  bsp_spi_flash.o
    0x08007328   0x00000020   Code   RO         3188    i.SPI_FLASH_WriteEnable  bsp_spi_flash.o
    0x08007348   0x00000012   Code   RO         2149    i.SPI_I2S_GetFlagStatus  stm32l1xx_spi.o
    0x0800735a   0x00000006   Code   RO         2152    i.SPI_I2S_ReceiveData  stm32l1xx_spi.o
    0x08007360   0x00000004   Code   RO         2153    i.SPI_I2S_SendData  stm32l1xx_spi.o
    0x08007364   0x0000003c   Code   RO         2154    i.SPI_Init          stm32l1xx_spi.o
    0x080073a0   0x000000a4   Code   RO         3639    i.STORAGE_DATA_READ  bsp_serialdeal.o
    0x08007444   0x00000002   Code   RO         2716    i.SVC_Handler       stm32l1xx_it.o
    0x08007446   0x00000002   PAD
    0x08007448   0x00000040   Code   RO         2053    i.SYSCFG_EXTILineConfig  stm32l1xx_syscfg.o
    0x08007488   0x000000c4   Code   RO         3696    i.SaveDataOnTimeDeal  bsp_storagedata.o
    0x0800754c   0x000001dc   Code   RO         3697    i.SaveHisDataToFlash  bsp_storagedata.o
    0x08007728   0x00000060   Code   RO         3304    i.SendByte          bsp_i2c.o
    0x08007788   0x000001e0   Code   RO         3589    i.Sensor_Deal       bsp_sensordeal.o
    0x08007968   0x00000024   Code   RO         3699    i.SetFlashOverFlow  bsp_storagedata.o
    0x0800798c   0x000000e4   Code   RO         2796    i.SetJlyParamData   bsp_init.o
    0x08007a70   0x00000194   Code   RO         2797    i.SetJlyParamJudgeChannelNumSensorType  bsp_init.o
    0x08007c04   0x0000010c   Code   RO           24    i.SetSysClock       system_stm32l1xx.o
    0x08007d10   0x00000058   Code   RO         3305    i.Start             bsp_i2c.o
    0x08007d68   0x00000044   Code   RO         3306    i.Stop              bsp_i2c.o
    0x08007dac   0x00000018   Code   RO         3700    i.StorageHistoryData  bsp_storagedata.o
    0x08007dc4   0x00000060   Code   RO         2798    i.SysInit           bsp_init.o
    0x08007e24   0x0000003c   Code   RO         2717    i.SysTick_Handler   stm32l1xx_it.o
    0x08007e60   0x00000078   Code   RO         2846    i.SysTick_Init      bsp_systick.o
    0x08007ed8   0x00000068   Code   RO           26    i.SystemInit        system_stm32l1xx.o
    0x08007f40   0x0000004c   Code   RO         3385    i.TIM2_Configuration  bsp_timer.o
    0x08007f8c   0x00000028   Code   RO         2718    i.TIM2_IRQHandler   stm32l1xx_it.o
    0x08007fb4   0x0000002a   Code   RO         3386    i.TIM2_NVIC_Configuration  bsp_timer.o
    0x08007fde   0x00000002   PAD
    0x08007fe0   0x00000010   Code   RO         4604    i.TIM3_IRQHandler   BTBUS_Library.lib(porttimer.o)
    0x08007ff0   0x00000070   Code   RO         4805    i.TIM_Base_SetConfig  BTBUS_Library.lib(stm32l1xx_hal_tim.o)
    0x08008060   0x00000006   Code   RO         1552    i.TIM_ClearFlag     stm32l1xx_tim.o
    0x08008066   0x00000006   Code   RO         1553    i.TIM_ClearITPendingBit  stm32l1xx_tim.o
    0x0800806c   0x00000018   Code   RO         1558    i.TIM_Cmd           stm32l1xx_tim.o
    0x08008084   0x00000022   Code   RO         1578    i.TIM_GetITStatus   stm32l1xx_tim.o
    0x080080a6   0x00000012   Code   RO         1582    i.TIM_ITConfig      stm32l1xx_tim.o
    0x080080b8   0x00000060   Code   RO         1626    i.TIM_TimeBaseInit  stm32l1xx_tim.o
    0x08008118   0x00000204   Code   RO         3590    i.TempChang_to_Shishu  bsp_sensordeal.o
    0x0800831c   0x00000238   Code   RO         3591    i.Temp_Adjust       bsp_sensordeal.o
    0x08008554   0x00000018   Code   RO         2847    i.TimingDelay_Decrement  bsp_systick.o
    0x0800856c   0x0000000a   Code   RO         3405    i.U16ToValue10      bsp_class.o
    0x08008576   0x00000002   PAD
    0x08008578   0x00000210   Code   RO         5389    i.UART_SetConfig    BTBUS_Library.lib(stm32l1xx_hal_uart.o)
    0x08008788   0x000000a0   Code   RO         3118    i.USART1_Config     bsp_usart.o
    0x08008828   0x00000028   Code   RO         2719    i.USART1_IRQHandler  stm32l1xx_it.o
    0x08008850   0x0000010c   Code   RO         4500    i.USART3_IRQHandler  BTBUS_Library.lib(portserial.o)
    0x0800895c   0x00000018   Code   RO          106    i.USART_Cmd         stm32l1xx_usart.o
    0x08008974   0x0000001a   Code   RO          109    i.USART_GetFlagStatus  stm32l1xx_usart.o
    0x0800898e   0x00000054   Code   RO          110    i.USART_GetITStatus  stm32l1xx_usart.o
    0x080089e2   0x0000004a   Code   RO          112    i.USART_ITConfig    stm32l1xx_usart.o
    0x08008a2c   0x000000cc   Code   RO          113    i.USART_Init        stm32l1xx_usart.o
    0x08008af8   0x0000000a   Code   RO          120    i.USART_ReceiveData  stm32l1xx_usart.o
    0x08008b02   0x00000008   Code   RO          123    i.USART_SendData    stm32l1xx_usart.o
    0x08008b0a   0x00000004   Code   RO         2720    i.UsageFault_Handler  stm32l1xx_it.o
    0x08008b0e   0x00000002   PAD
    0x08008b10   0x000000a0   Code   RO         3406    i.ValueFtToU16      bsp_class.o
    0x08008bb0   0x000000f4   Code   RO         3557    i.VoltageTest       bsp_powerdeal.o
    0x08008ca4   0x000002b8   Code   RO         3558    i.Voltage_ADC1config  bsp_powerdeal.o
    0x08008f5c   0x00000084   Code   RO         3307    i.WaitAck           bsp_i2c.o
    0x08008fe0   0x0000007c   Code   RO         3447    i.WorkornotMode     bsp_datadeal.o
    0x0800905c   0x00000014   Code   RO         3701    i.WriteU16Pointer   bsp_storagedata.o
    0x08009070   0x00000014   Code   RO         3702    i.WriteU32Pointer   bsp_storagedata.o
    0x08009084   0x00000020   Code   RO         6178    i.__0printf$8       mc_w.l(printf8.o)
    0x080090a4   0x00000024   Code   RO         6210    i.__0vsprintf       mc_w.l(printfa.o)
    0x080090c8   0x0000000e   Code   RO         6298    i.__scatterload_copy  mc_w.l(handlers.o)
    0x080090d6   0x00000002   Code   RO         6299    i.__scatterload_null  mc_w.l(handlers.o)
    0x080090d8   0x0000000e   Code   RO         6300    i.__scatterload_zeroinit  mc_w.l(handlers.o)
    0x080090e6   0x00000002   PAD
    0x080090e8   0x0000015c   Code   RO         6211    i._fp_digits        mc_w.l(printfa.o)
    0x08009244   0x00000408   Code   RO         6185    i._printf_core      mc_w.l(printf8.o)
    0x0800964c   0x000006f0   Code   RO         6212    i._printf_core      mc_w.l(printfa.o)
    0x08009d3c   0x00000026   Code   RO         6186    i._printf_post_padding  mc_w.l(printf8.o)
    0x08009d62   0x00000026   Code   RO         6213    i._printf_post_padding  mc_w.l(printfa.o)
    0x08009d88   0x00000030   Code   RO         6187    i._printf_pre_padding  mc_w.l(printf8.o)
    0x08009db8   0x00000030   Code   RO         6214    i._printf_pre_padding  mc_w.l(printfa.o)
    0x08009de8   0x0000000a   Code   RO         6216    i._sputc            mc_w.l(printfa.o)
    0x08009df2   0x00000090   Code   RO         2951    i.displayDAY        bsp_lcd.o
    0x08009e82   0x00000002   PAD
    0x08009e84   0x0000009c   Code   RO         2952    i.displayErr        bsp_lcd.o
    0x08009f20   0x00000090   Code   RO         2953    i.displayTIME       bsp_lcd.o
    0x08009fb0   0x0000006c   Code   RO         2954    i.displayYEAR       bsp_lcd.o
    0x0800a01c   0x00000028   Code   RO         4173    i.eMBEnable         BTBUS_Library.lib(mb.o)
    0x0800a044   0x000000a6   Code   RO         4301    i.eMBFuncReadCoils  BTBUS_Library.lib(mbfunccoils.o)
    0x0800a0ea   0x000000a4   Code   RO         4325    i.eMBFuncReadDiscreteInputs  BTBUS_Library.lib(mbfuncdisc.o)
    0x0800a18e   0x00000084   Code   RO         4337    i.eMBFuncReadHoldingRegister  BTBUS_Library.lib(mbfuncholding.o)
    0x0800a212   0x00000084   Code   RO         4367    i.eMBFuncReadInputRegister  BTBUS_Library.lib(mbfuncinput.o)
    0x0800a296   0x000000d4   Code   RO         4338    i.eMBFuncReadWriteMultipleHoldingRegister  BTBUS_Library.lib(mbfuncholding.o)
    0x0800a36a   0x00000002   PAD
    0x0800a36c   0x00000028   Code   RO         4379    i.eMBFuncReportSlaveID  BTBUS_Library.lib(mbfuncother.o)
    0x0800a394   0x0000006c   Code   RO         4302    i.eMBFuncWriteCoil  BTBUS_Library.lib(mbfunccoils.o)
    0x0800a400   0x0000003e   Code   RO         4339    i.eMBFuncWriteHoldingRegister  BTBUS_Library.lib(mbfuncholding.o)
    0x0800a43e   0x0000008e   Code   RO         4303    i.eMBFuncWriteMultipleCoils  BTBUS_Library.lib(mbfunccoils.o)
    0x0800a4cc   0x0000006a   Code   RO         4340    i.eMBFuncWriteMultipleHoldingRegister  BTBUS_Library.lib(mbfuncholding.o)
    0x0800a536   0x00000002   PAD
    0x0800a538   0x000000e0   Code   RO         4174    i.eMBInit           BTBUS_Library.lib(mb.o)
    0x0800a618   0x00000184   Code   RO         4175    i.eMBPoll           BTBUS_Library.lib(mb.o)
    0x0800a79c   0x00000058   Code   RO         4400    i.eMBRTUInit        BTBUS_Library.lib(mbrtu.o)
    0x0800a7f4   0x00000070   Code   RO         4401    i.eMBRTUReceive     BTBUS_Library.lib(mbrtu.o)
    0x0800a864   0x000000b0   Code   RO         4402    i.eMBRTUSend        BTBUS_Library.lib(mbrtu.o)
    0x0800a914   0x00000024   Code   RO         4403    i.eMBRTUStart       BTBUS_Library.lib(mbrtu.o)
    0x0800a938   0x00000018   Code   RO         4404    i.eMBRTUStop        BTBUS_Library.lib(mbrtu.o)
    0x0800a950   0x000000b0   Code   RO         2411    i.eMBRegCoilsCB     freemodbus.o
    0x0800aa00   0x00000074   Code   RO         2412    i.eMBRegDiscreteCB  freemodbus.o
    0x0800aa74   0x000000dc   Code   RO         2413    i.eMBRegHoldingCB   freemodbus.o
    0x0800ab50   0x0000007c   Code   RO         2414    i.eMBRegInputCB     freemodbus.o
    0x0800abcc   0x00000024   Code   RO         3120    i.fputc             bsp_usart.o
    0x0800abf0   0x00000038   Code   RO         2415    i.freemodbus_init   freemodbus.o
    0x0800ac28   0x0000001a   Code   RO         2416    i.freemodbus_main   freemodbus.o
    0x0800ac42   0x00000002   PAD
    0x0800ac44   0x00000178   Code   RO         2955    i.lcd_OFF           bsp_lcd.o
    0x0800adbc   0x000001f4   Code   RO         2556    i.main              main.o
    0x0800afb0   0x00000022   Code   RO         4103    i.prveMBError2Exception  BTBUS_Library.lib(mbutils.o)
    0x0800afd2   0x00000002   PAD
    0x0800afd4   0x00000014   Code   RO         4605    i.prvvTIMERExpiredISR  BTBUS_Library.lib(porttimer.o)
    0x0800afe8   0x00000014   Code   RO         4501    i.prvvUARTRxISR     BTBUS_Library.lib(portserial.o)
    0x0800affc   0x00000014   Code   RO         4502    i.prvvUARTTxReadyISR  BTBUS_Library.lib(portserial.o)
    0x0800b010   0x00000084   Code   RO         3476    i.read_time         bsp_rtc.o
    0x0800b094   0x000001a4   Code   RO         3477    i.rtc_deel          bsp_rtc.o
    0x0800b238   0x00000050   Code   RO         3478    i.serialread_time   bsp_rtc.o
    0x0800b288   0x00000058   Code   RO         3479    i.set_time          bsp_rtc.o
    0x0800b2e0   0x00000038   Code   RO         4663    i.usMBCRC16         BTBUS_Library.lib(mbcrc.o)
    0x0800b318   0x00000068   Code   RO         4503    i.vMBPortSerialEnable  BTBUS_Library.lib(portserial.o)
    0x0800b380   0x00000014   Code   RO         4607    i.vMBPortTimersDisable  BTBUS_Library.lib(porttimer.o)
    0x0800b394   0x00000020   Code   RO         4608    i.vMBPortTimersEnable  BTBUS_Library.lib(porttimer.o)
    0x0800b3b4   0x00000048   Code   RO         4055    i.xMBOutput         BTBUS_Library.lib(port.o)
    0x0800b3fc   0x00000024   Code   RO         4253    i.xMBPortEventGet   BTBUS_Library.lib(portevent.o)
    0x0800b420   0x00000010   Code   RO         4254    i.xMBPortEventInit  BTBUS_Library.lib(portevent.o)
    0x0800b430   0x00000018   Code   RO         4255    i.xMBPortEventPost  BTBUS_Library.lib(portevent.o)
    0x0800b448   0x00000050   Code   RO         4504    i.xMBPortSerialGetByte  BTBUS_Library.lib(portserial.o)
    0x0800b498   0x0000003c   Code   RO         4505    i.xMBPortSerialInit  BTBUS_Library.lib(portserial.o)
    0x0800b4d4   0x00000024   Code   RO         4506    i.xMBPortSerialPutByte  BTBUS_Library.lib(portserial.o)
    0x0800b4f8   0x00000064   Code   RO         4609    i.xMBPortTimersInit  BTBUS_Library.lib(porttimer.o)
    0x0800b55c   0x00000088   Code   RO         4405    i.xMBRTUReceiveFSM  BTBUS_Library.lib(mbrtu.o)
    0x0800b5e4   0x00000040   Code   RO         4406    i.xMBRTUTimerT35Expired  BTBUS_Library.lib(mbrtu.o)
    0x0800b624   0x0000006c   Code   RO         4407    i.xMBRTUTransmitFSM  BTBUS_Library.lib(mbrtu.o)
    0x0800b690   0x0000002a   Code   RO         4104    i.xMBUtilGetBits    BTBUS_Library.lib(mbutils.o)
    0x0800b6ba   0x00000060   Code   RO         4105    i.xMBUtilSetBits    BTBUS_Library.lib(mbutils.o)
    0x0800b71a   0x00000002   PAD
    0x0800b71c   0x0000014c   Data   RO         3147    .constdata          global.o
    0x0800b868   0x00000036   Data   RO         3592    .constdata          bsp_sensordeal.o
    0x0800b89e   0x00000200   Data   RO         4664    .constdata          BTBUS_Library.lib(mbcrc.o)
    0x0800ba9e   0x0000001d   Data   RO         5817    .constdata          BTBUS_Library.lib(stm32l1xx_hal_rcc.o)
    0x0800babb   0x00000001   PAD
    0x0800babc   0x00000020   Data   RO         6296    Region$$Table       anon$$obj.o


    Execution Region RW_IRAM1 (Base: 0x20000000, Size: 0x000097c0, Max: 0x0000c000, ABSOLUTE, COMPRESSED[0x00000098])

    Base Addr    Size         Type   Attr      Idx    E Section Name        Object

    0x20000000   0x0000001d   Data   RW           27    .data               system_stm32l1xx.o
    0x2000001d   0x00000019   Data   RW         1014    .data               stm32l1xx_rcc.o
    0x20000036   0x0000000c   Data   RW         2418    .data               freemodbus.o
    0x20000042   0x00000002   PAD
    0x20000044   0x00000004   Data   RW         2848    .data               bsp_systick.o
    0x20000048   0x00000018   Data   RW         3148    .data               global.o
    0x20000060   0x00000030   Data   RW         3480    .data               bsp_rtc.o
    0x20000090   0x000000b8   Data   RW         4177    .data               BTBUS_Library.lib(mb.o)
    0x20000148   0x00000002   Data   RW         4256    .data               BTBUS_Library.lib(portevent.o)
    0x2000014a   0x00000002   Data   RW         4382    .data               BTBUS_Library.lib(mbfuncother.o)
    0x2000014c   0x0000000c   Data   RW         4409    .data               BTBUS_Library.lib(mbrtu.o)
    0x20000158   0x00000004   Data   RW         4611    .data               BTBUS_Library.lib(porttimer.o)
    0x2000015c   0x00000004   Data   RW         6276    .data               mc_w.l(stdout.o)
    0x20000160   0x00008000   Zero   RW         2417    .bss                freemodbus.o
    0x20008160   0x00000ebc   Zero   RW         3146    .bss                global.o
    0x2000901c   0x00000200   Zero   RW         4056    .bss                BTBUS_Library.lib(port.o)
    0x2000921c   0x00000020   Zero   RW         4381    .bss                BTBUS_Library.lib(mbfuncother.o)
    0x2000923c   0x00000100   Zero   RW         4408    .bss                BTBUS_Library.lib(mbrtu.o)
    0x2000933c   0x0000004a   Zero   RW         4507    .bss                BTBUS_Library.lib(portserial.o)
    0x20009386   0x00000002   PAD
    0x20009388   0x00000038   Zero   RW         4610    .bss                BTBUS_Library.lib(porttimer.o)
    0x200093c0   0x00000400   Zero   RW            1    STACK               startup_stm32l1xx_hd.o


==============================================================================

Image component sizes


      Code (inc. data)   RO Data    RW Data    ZI Data      Debug   Object Name

       598         42          0          0          0       2241   bsp_adc.o
       396         26          0          0          0       1529   bsp_alarmdeal.o
       700         30          0          0          0       1262   bsp_bootstop.o
       288         10          0          0          0       2862   bsp_class.o
       976         76          0          0          0       2113   bsp_datadeal.o
       194          8          0          0          0       1033   bsp_exti_key.o
      1220         54          0          0          0       7105   bsp_i2c.o
      1340         82          0          0          0       4139   bsp_init.o
     13434        310          0          0          0      18938   bsp_lcd.o
      1764         78          0          0          0       2717   bsp_powerdeal.o
      1522        196          0         48          0       4802   bsp_rtc.o
      2526        162         54          0          0       6581   bsp_sensordeal.o
       852         28          0          0          0       2945   bsp_serialdeal.o
       938         42          0          0          0       5067   bsp_spi_flash.o
      1754        128          0          0          0       6433   bsp_storagedata.o
       184         22          0          4          0      18547   bsp_systick.o
       118          0          0          0          0        925   bsp_timer.o
       238         12          0          0          0       1572   bsp_usart.o
         0          0          0          0          0       4232   core_cm3.o
       802         88          0         12      32768       9382   freemodbus.o
         0          0        332         24       3772       8281   global.o
       500        282          0          0          0     266655   main.o
       140         22          0          0          0       1327   misc.o
        36          8        292          0       1024        808   startup_stm32l1xx_hd.o
       548         10          0          0          0       5547   stm32l1xx_adc.o
       416          8          0          0          0       3146   stm32l1xx_dma.o
       184         16          0          0          0       1788   stm32l1xx_exti.o
       228          0          0          0          0       3063   stm32l1xx_gpio.o
       224         16          0          0          0     214850   stm32l1xx_hal_msp.o
       308         30          0          0          0       4631   stm32l1xx_it.o
       234         36          0          0          0       4755   stm32l1xx_lcd.o
        12          6          0          0          0        439   stm32l1xx_pwr.o
       524         70          0         25          0       6739   stm32l1xx_rcc.o
       156         14          0          0          0       2612   stm32l1xx_rtc.o
       112          0          0          0          0       2850   stm32l1xx_spi.o
        64          4          0          0          0        568   stm32l1xx_syscfg.o
       184         20          0          0          0       3518   stm32l1xx_tim.o
       430          6          0          0          0       4773   stm32l1xx_usart.o
       372         30          0         29          0     282501   system_stm32l1xx.o

    ----------------------------------------------------------------------
     34554       1972        710        144      37564     923276   Object Totals
         0          0         32          0          0          0   (incl. Generated)
        38          0          0          2          0          0   (incl. Padding)

    ----------------------------------------------------------------------

      Code (inc. data)   RO Data    RW Data    ZI Data      Debug   Library Member Name

       652        174          0        184          0       8351   mb.o
        56          8        512          0          0       2144   mbcrc.o
       416          0          0          0          0       3766   mbfunccoils.o
       164          0          0          0          0       1584   mbfuncdisc.o
       512          0          0          0          0       5015   mbfuncholding.o
       132          0          0          0          0       1539   mbfuncinput.o
        40         10          0          2         32       1395   mbfuncother.o
       744         98          0         12        256       9333   mbrtu.o
       172          0          0          0          0       5602   mbutils.o
        80          4          0          0        512       3629   port.o
        76         24          0          2          0       4450   portevent.o
       588         44          0          0         74     192446   portserial.o
       198         34          0          4         56       3671   porttimer.o
       208         14          0          0          0     263355   stm32l1xx_hal_cortex.o
       476         38          0          0          0       1720   stm32l1xx_hal_gpio.o
       332         50         29          0          0       3545   stm32l1xx_hal_rcc.o
       594         22          0          0          0       6177   stm32l1xx_hal_tim.o
       856          6          0          0          0       3930   stm32l1xx_hal_uart.o
        92          0          0          0          0          0   __dczerorl2.o
         0          0          0          0          0          0   entry.o
         0          0          0          0          0          0   entry10a.o
         0          0          0          0          0          0   entry11a.o
         8          4          0          0          0          0   entry2.o
         4          0          0          0          0          0   entry5.o
         0          0          0          0          0          0   entry7b.o
         0          0          0          0          0          0   entry8b.o
         8          4          0          0          0          0   entry9a.o
        30          0          0          0          0          0   handlers.o
        36          8          0          0          0         68   init.o
         0          0          0          0          0          0   iusefp.o
        30          0          0          0          0         68   llshl.o
        36          0          0          0          0         68   llsshr.o
        32          0          0          0          0         68   llushr.o
        36          0          0          0          0         68   memcpya.o
        36          0          0          0          0        108   memseta.o
      1150         54          0          0          0        352   printf8.o
      2256         86          0          0          0        508   printfa.o
         0          0          0          4          0          0   stdout.o
        44          0          0          0          0         80   uidiv.o
        98          0          0          0          0         92   uldiv.o
        40          2          0          0          0         68   cdcmple.o
        40          2          0          0          0         68   cdrcmple.o
        20          0          0          0          0         68   cfcmple.o
        20          0          0          0          0         68   cfrcmple.o
        56          0          0          0          0         88   d2f.o
       334          0          0          0          0        148   dadd.o
       222          0          0          0          0        100   ddiv.o
       190          0          0          0          0        176   depilogue.o
        48          0          0          0          0         68   dfixul.o
       228          0          0          0          0         96   dmul.o
        38          0          0          0          0         68   f2d.o
       176          0          0          0          0        140   fadd.o
       128          0          0          0          0         88   fdiv.o
       108          0          0          0          0        168   fepilogue.o
        40          0          0          0          0         68   ffixui.o
        18          0          0          0          0         68   fflti.o
        10          0          0          0          0         68   ffltui.o
       108          0          0          0          0         76   fmul.o

    ----------------------------------------------------------------------
     12030        686        542        208        932     524824   Library Totals
        14          0          1          0          2          0   (incl. Padding)

    ----------------------------------------------------------------------

      Code (inc. data)   RO Data    RW Data    ZI Data      Debug   Library Name

      6296        526        541        204        930     521652   BTBUS_Library.lib
      3896        156          0          4          0       1480   mc_w.l
      1824          4          0          0          0       1692   mf_w.l

    ----------------------------------------------------------------------
     12030        686        542        208        932     524824   Library Totals

    ----------------------------------------------------------------------

==============================================================================


      Code (inc. data)   RO Data    RW Data    ZI Data      Debug   

     46584       2658       1252        352      38496    1431980   Grand Totals
     46584       2658       1252        152      38496    1431980   ELF Image Totals (compressed)
     46584       2658       1252        152          0          0   ROM Totals

==============================================================================

    Total RO  Size (Code + RO Data)                47836 (  46.71kB)
    Total RW  Size (RW Data + ZI Data)             38848 (  37.94kB)
    Total ROM Size (Code + RO Data + RW Data)      47988 (  46.86kB)

==============================================================================

