ARM Linker, 5.03 [Build 76] [MDK-ARM Standard]

==============================================================================

Section Cross References

    startup_stm32l1xx_hd.o(RESET) refers to startup_stm32l1xx_hd.o(STACK) for __initial_sp
    startup_stm32l1xx_hd.o(RESET) refers to startup_stm32l1xx_hd.o(.text) for Reset_Handler
    startup_stm32l1xx_hd.o(RESET) refers to stm32l1xx_it.o(i.NMI_Handler) for NMI_Handler
    startup_stm32l1xx_hd.o(RESET) refers to stm32l1xx_it.o(i.HardFault_Handler) for HardFault_Handler
    startup_stm32l1xx_hd.o(RESET) refers to stm32l1xx_it.o(i.MemManage_Handler) for MemManage_Handler
    startup_stm32l1xx_hd.o(RESET) refers to stm32l1xx_it.o(i.BusFault_Handler) for BusFault_Handler
    startup_stm32l1xx_hd.o(RESET) refers to stm32l1xx_it.o(i.UsageFault_Handler) for UsageFault_Handler
    startup_stm32l1xx_hd.o(RESET) refers to stm32l1xx_it.o(i.SVC_Handler) for SVC_Handler
    startup_stm32l1xx_hd.o(RESET) refers to stm32l1xx_it.o(i.DebugMon_Handler) for DebugMon_Handler
    startup_stm32l1xx_hd.o(RESET) refers to stm32l1xx_it.o(i.PendSV_Handler) for PendSV_Handler
    startup_stm32l1xx_hd.o(RESET) refers to stm32l1xx_it.o(i.SysTick_Handler) for SysTick_Handler
    startup_stm32l1xx_hd.o(RESET) refers to stm32l1xx_it.o(i.TIM2_IRQHandler) for TIM2_IRQHandler
    startup_stm32l1xx_hd.o(RESET) refers to porttimer.o(i.TIM3_IRQHandler) for TIM3_IRQHandler
    startup_stm32l1xx_hd.o(RESET) refers to stm32l1xx_it.o(i.USART1_IRQHandler) for USART1_IRQHandler
    startup_stm32l1xx_hd.o(RESET) refers to portserial.o(i.USART3_IRQHandler) for USART3_IRQHandler
    startup_stm32l1xx_hd.o(RESET) refers to stm32l1xx_it.o(i.EXTI15_10_IRQHandler) for EXTI15_10_IRQHandler
    startup_stm32l1xx_hd.o(.text) refers to system_stm32l1xx.o(i.SystemInit) for SystemInit
    startup_stm32l1xx_hd.o(.text) refers to entry.o(.ARM.Collect$$$$00000000) for __main
    system_stm32l1xx.o(i.SystemCoreClockUpdate) refers to system_stm32l1xx.o(.data) for SystemCoreClock
    system_stm32l1xx.o(i.SystemInit) refers to system_stm32l1xx.o(i.SetSysClock) for SetSysClock
    stm32l1xx_usart.o(i.USART_DeInit) refers to stm32l1xx_rcc.o(i.RCC_APB2PeriphResetCmd) for RCC_APB2PeriphResetCmd
    stm32l1xx_usart.o(i.USART_DeInit) refers to stm32l1xx_rcc.o(i.RCC_APB1PeriphResetCmd) for RCC_APB1PeriphResetCmd
    stm32l1xx_usart.o(i.USART_Init) refers to stm32l1xx_rcc.o(i.RCC_GetClocksFreq) for RCC_GetClocksFreq
    stm32l1xx_adc.o(i.ADC_DeInit) refers to stm32l1xx_rcc.o(i.RCC_APB2PeriphResetCmd) for RCC_APB2PeriphResetCmd
    stm32l1xx_gpio.o(i.GPIO_DeInit) refers to stm32l1xx_rcc.o(i.RCC_AHBPeriphResetCmd) for RCC_AHBPeriphResetCmd
    stm32l1xx_lcd.o(i.LCD_DeInit) refers to stm32l1xx_rcc.o(i.RCC_APB1PeriphResetCmd) for RCC_APB1PeriphResetCmd
    stm32l1xx_lcd.o(i.LCD_Init) refers to stm32l1xx_lcd.o(i.LCD_WaitForSynchro) for LCD_WaitForSynchro
    stm32l1xx_pwr.o(i.PWR_DeInit) refers to stm32l1xx_rcc.o(i.RCC_APB1PeriphResetCmd) for RCC_APB1PeriphResetCmd
    stm32l1xx_rcc.o(i.RCC_GetClocksFreq) refers to stm32l1xx_rcc.o(.data) for PLLMulTable
    stm32l1xx_rcc.o(i.RCC_WaitForHSEStartUp) refers to stm32l1xx_rcc.o(i.RCC_GetFlagStatus) for RCC_GetFlagStatus
    stm32l1xx_rtc.o(i.RTC_CoarseCalibCmd) refers to stm32l1xx_rtc.o(i.RTC_EnterInitMode) for RTC_EnterInitMode
    stm32l1xx_rtc.o(i.RTC_CoarseCalibCmd) refers to stm32l1xx_rtc.o(i.RTC_ExitInitMode) for RTC_ExitInitMode
    stm32l1xx_rtc.o(i.RTC_CoarseCalibConfig) refers to stm32l1xx_rtc.o(i.RTC_EnterInitMode) for RTC_EnterInitMode
    stm32l1xx_rtc.o(i.RTC_CoarseCalibConfig) refers to stm32l1xx_rtc.o(i.RTC_ExitInitMode) for RTC_ExitInitMode
    stm32l1xx_rtc.o(i.RTC_DeInit) refers to stm32l1xx_rtc.o(i.RTC_EnterInitMode) for RTC_EnterInitMode
    stm32l1xx_rtc.o(i.RTC_DeInit) refers to stm32l1xx_rtc.o(i.RTC_WaitForSynchro) for RTC_WaitForSynchro
    stm32l1xx_rtc.o(i.RTC_GetAlarm) refers to stm32l1xx_rtc.o(i.RTC_Bcd2ToByte) for RTC_Bcd2ToByte
    stm32l1xx_rtc.o(i.RTC_GetDate) refers to stm32l1xx_rtc.o(i.RTC_Bcd2ToByte) for RTC_Bcd2ToByte
    stm32l1xx_rtc.o(i.RTC_GetTime) refers to stm32l1xx_rtc.o(i.RTC_Bcd2ToByte) for RTC_Bcd2ToByte
    stm32l1xx_rtc.o(i.RTC_GetTimeStamp) refers to stm32l1xx_rtc.o(i.RTC_Bcd2ToByte) for RTC_Bcd2ToByte
    stm32l1xx_rtc.o(i.RTC_Init) refers to stm32l1xx_rtc.o(i.RTC_EnterInitMode) for RTC_EnterInitMode
    stm32l1xx_rtc.o(i.RTC_Init) refers to stm32l1xx_rtc.o(i.RTC_ExitInitMode) for RTC_ExitInitMode
    stm32l1xx_rtc.o(i.RTC_RefClockCmd) refers to stm32l1xx_rtc.o(i.RTC_EnterInitMode) for RTC_EnterInitMode
    stm32l1xx_rtc.o(i.RTC_RefClockCmd) refers to stm32l1xx_rtc.o(i.RTC_ExitInitMode) for RTC_ExitInitMode
    stm32l1xx_rtc.o(i.RTC_SetAlarm) refers to stm32l1xx_rtc.o(i.RTC_Bcd2ToByte) for RTC_Bcd2ToByte
    stm32l1xx_rtc.o(i.RTC_SetAlarm) refers to stm32l1xx_rtc.o(i.RTC_ByteToBcd2) for RTC_ByteToBcd2
    stm32l1xx_rtc.o(i.RTC_SetDate) refers to stm32l1xx_rtc.o(i.RTC_Bcd2ToByte) for RTC_Bcd2ToByte
[...]
    i.eMBFuncReportSlaveID                   0x08007ba8   Section        0  mbfuncother.o(i.eMBFuncReportSlaveID)
    i.eMBFuncWriteCoil                       0x08007bd0   Section        0  mbfunccoils.o(i.eMBFuncWriteCoil)
    i.eMBFuncWriteHoldingRegister            0x08007c3c   Section        0  mbfuncholding.o(i.eMBFuncWriteHoldingRegister)
    i.eMBFuncWriteMultipleCoils              0x08007c7a   Section        0  mbfunccoils.o(i.eMBFuncWriteMultipleCoils)
    i.eMBFuncWriteMultipleHoldingRegister    0x08007d08   Section        0  mbfuncholding.o(i.eMBFuncWriteMultipleHoldingRegister)
    i.eMBInit                                0x08007d74   Section        0  mb.o(i.eMBInit)
    i.eMBPoll                                0x08007e54   Section        0  mb.o(i.eMBPoll)
    i.eMBRTUInit                             0x08007fd8   Section        0  mbrtu.o(i.eMBRTUInit)
    i.eMBRTUReceive                          0x08008030   Section        0  mbrtu.o(i.eMBRTUReceive)
    i.eMBRTUSend                             0x080080a0   Section        0  mbrtu.o(i.eMBRTUSend)
    i.eMBRTUStart                            0x08008150   Section        0  mbrtu.o(i.eMBRTUStart)
    i.eMBRTUStop                             0x08008174   Section        0  mbrtu.o(i.eMBRTUStop)
    i.eMBRegCoilsCB                          0x0800818c   Section        0  freemodbus.o(i.eMBRegCoilsCB)
    i.eMBRegDiscreteCB                       0x0800823c   Section        0  freemodbus.o(i.eMBRegDiscreteCB)
    i.eMBRegHoldingCB                        0x080082b0   Section        0  freemodbus.o(i.eMBRegHoldingCB)
    i.eMBRegInputCB                          0x0800838c   Section        0  freemodbus.o(i.eMBRegInputCB)
    i.fputc                                  0x08008408   Section        0  bsp_usart.o(i.fputc)
    i.freemodbus_init                        0x0800842c   Section        0  freemodbus.o(i.freemodbus_init)
    i.freemodbus_main                        0x08008464   Section        0  freemodbus.o(i.freemodbus_main)
    i.lcd_OFF                                0x08008480   Section        0  bsp_lcd.o(i.lcd_OFF)
    i.main                                   0x080085f8   Section        0  main.o(i.main)
    i.prveMBError2Exception                  0x080087ac   Section        0  mbutils.o(i.prveMBError2Exception)
    i.prvvTIMERExpiredISR                    0x080087d0   Section        0  porttimer.o(i.prvvTIMERExpiredISR)
    prvvTIMERExpiredISR                      0x080087d1   Thumb Code    16  porttimer.o(i.prvvTIMERExpiredISR)
    i.prvvUARTRxISR                          0x080087e4   Section        0  portserial.o(i.prvvUARTRxISR)
    prvvUARTRxISR                            0x080087e5   Thumb Code    14  portserial.o(i.prvvUARTRxISR)
    i.prvvUARTTxReadyISR                     0x080087f8   Section        0  portserial.o(i.prvvUARTTxReadyISR)
    prvvUARTTxReadyISR                       0x080087f9   Thumb Code    14  portserial.o(i.prvvUARTTxReadyISR)
    i.read_time                              0x0800880c   Section        0  bsp_rtc.o(i.read_time)
    i.rtc_deel                               0x08008890   Section        0  bsp_rtc.o(i.rtc_deel)
    i.serialread_time                        0x08008a34   Section        0  bsp_rtc.o(i.serialread_time)
    i.set_time                               0x08008a84   Section        0  bsp_rtc.o(i.set_time)
    i.usMBCRC16                              0x08008adc   Section        0  mbcrc.o(i.usMBCRC16)
    i.vMBPortSerialEnable                    0x08008b14   Section        0  portserial.o(i.vMBPortSerialEnable)
    i.vMBPortTimersDisable                   0x08008b7c   Section        0  porttimer.o(i.vMBPortTimersDisable)
    i.vMBPortTimersEnable                    0x08008b90   Section        0  porttimer.o(i.vMBPortTimersEnable)
    i.xMBOutput                              0x08008bb0   Section        0  port.o(i.xMBOutput)
    i.xMBPortEventGet                        0x08008bf8   Section        0  portevent.o(i.xMBPortEventGet)
    i.xMBPortEventInit                       0x08008c1c   Section        0  portevent.o(i.xMBPortEventInit)
    i.xMBPortEventPost                       0x08008c2c   Section        0  portevent.o(i.xMBPortEventPost)
    i.xMBPortSerialGetByte                   0x08008c44   Section        0  portserial.o(i.xMBPortSerialGetByte)
    i.xMBPortSerialInit                      0x08008c94   Section        0  portserial.o(i.xMBPortSerialInit)
    i.xMBPortSerialPutByte                   0x08008cd0   Section        0  portserial.o(i.xMBPortSerialPutByte)
    i.xMBPortTimersInit                      0x08008cf4   Section        0  porttimer.o(i.xMBPortTimersInit)
    i.xMBRTUReceiveFSM                       0x08008d58   Section        0  mbrtu.o(i.xMBRTUReceiveFSM)
    i.xMBRTUTimerT35Expired                  0x08008de0   Section        0  mbrtu.o(i.xMBRTUTimerT35Expired)
    i.xMBRTUTransmitFSM                      0x08008e20   Section        0  mbrtu.o(i.xMBRTUTransmitFSM)
    i.xMBUtilGetBits                         0x08008e8c   Section        0  mbutils.o(i.xMBUtilGetBits)
    i.xMBUtilSetBits                         0x08008eb6   Section        0  mbutils.o(i.xMBUtilSetBits)
    .constdata                               0x08008f18   Section      332  global.o(.constdata)
    .constdata                               0x08009064   Section       74  bsp_storagedata.o(.constdata)
    .constdata                               0x080090ae   Section      512  mbcrc.o(.constdata)
    aucCRCHi                                 0x080090ae   Data         256  mbcrc.o(.constdata)
    aucCRCLo                                 0x080091ae   Data         256  mbcrc.o(.constdata)
    .constdata                               0x080092ae   Section       29  stm32l1xx_hal_rcc.o(.constdata)
    .data                                    0x20000000   Section       29  system_stm32l1xx.o(.data)
    .data                                    0x2000001d   Section       25  stm32l1xx_rcc.o(.data)
    PLLMulTable                              0x2000001d   Data           9  stm32l1xx_rcc.o(.data)
    APBAHBPrescTable                         0x20000026   Data          16  stm32l1xx_rcc.o(.data)
    .data                                    0x20000036   Section       12  freemodbus.o(.data)
    .data                                    0x20000044   Section        4  bsp_systick.o(.data)
    .data                                    0x20000048   Section       28  global.o(.data)
    .data                                    0x20000064   Section      184  mb.o(.data)
    eMBState                                 0x20000064   Data           1  mb.o(.data)
    xFuncHandlers                            0x20000068   Data         128  mb.o(.data)
    ucMBFrame                                0x200000e8   Data           4  mb.o(.data)
    ucRcvAddress                             0x200000ec   Data           1  mb.o(.data)
    ucFunctionCode                           0x200000ed   Data           1  mb.o(.data)
    usLength                                 0x200000ee   Data           2  mb.o(.data)
    eException                               0x200000f0   Data           1  mb.o(.data)
    ucMBAddress                              0x200000f1   Data           1  mb.o(.data)
    eMBCurrentMode                           0x200000f2   Data           1  mb.o(.data)
    peMBFrameSendCur                         0x200000f4   Data           4  mb.o(.data)
    pvMBFrameStartCur                        0x200000f8   Data           4  mb.o(.data)
    pvMBFrameStopCur                         0x200000fc   Data           4  mb.o(.data)
    peMBFrameReceiveCur                      0x20000100   Data           4  mb.o(.data)
    pvMBFrameCloseCur                        0x20000104   Data           4  mb.o(.data)
    .data                                    0x2000011c   Section        2  portevent.o(.data)
    eQueuedEvent                             0x2000011c   Data           1  portevent.o(.data)
    xEventInQueue                            0x2000011d   Data           1  portevent.o(.data)
    .data                                    0x2000011e   Section        2  mbfuncother.o(.data)
    usMBSlaveIDLen                           0x2000011e   Data           2  mbfuncother.o(.data)
    .data                                    0x20000120   Section       12  mbrtu.o(.data)
    eSndState                                0x20000120   Data           1  mbrtu.o(.data)
    eRcvState                                0x20000121   Data           1  mbrtu.o(.data)
    pucSndBufferCur                          0x20000124   Data           4  mbrtu.o(.data)
    usSndBufferCount                         0x20000128   Data           2  mbrtu.o(.data)
    usRcvBufferPos                           0x2000012a   Data           2  mbrtu.o(.data)
    .data                                    0x2000012c   Section        4  porttimer.o(.data)
    uwPrescalerValue                         0x2000012c   Data           4  porttimer.o(.data)
    .data                                    0x20000130   Section        4  stdout.o(.data)
    .bss                                     0x20000134   Section    32768  freemodbus.o(.bss)
    .bss                                     0x20008134   Section     3808  global.o(.bss)
    .bss                                     0x20009014   Section      512  port.o(.bss)
    str                                      0x20009014   Data         512  port.o(.bss)
    .bss                                     0x20009214   Section       32  mbfuncother.o(.bss)
    ucMBSlaveID                              0x20009214   Data          32  mbfuncother.o(.bss)
    .bss                                     0x20009234   Section      256  mbrtu.o(.bss)
    .bss                                     0x20009334   Section       74  portserial.o(.bss)
    UartHandle                               0x20009334   Data          64  portserial.o(.bss)
    SndRecvBuffer                            0x20009374   Data          10  portserial.o(.bss)
    .bss                                     0x20009380   Section       56  porttimer.o(.bss)
    TimHandle                                0x20009380   Data          56  porttimer.o(.bss)
    STACK                                    0x200093b8   Section     1024  startup_stm32l1xx_hd.o(STACK)

    Global Symbols

    Symbol Name                              Value     Ov Type        Size  Object(Section)

    BuildAttributes$$THM_ISAv4$P$D$K$B$S$PE$A:L22UL41UL21$X:L11$S22US41US21$IEEE1$IW$USESV6$~STKCKD$USESV7$~SHL$OTIME$ROPI$EBA8$MICROLIB$REQ8$PRES8$EABIv2 0x00000000   Number         0  anon$$obj.o ABSOLUTE
    __ARM_use_no_argv                        0x00000000   Number         0  main.o ABSOLUTE
    _printf_a                                0x00000000   Number         0  stubs.o ABSOLUTE
    _printf_c                                0x00000000   Number         0  stubs.o ABSOLUTE
    _printf_charcount                        0x00000000   Number         0  stubs.o ABSOLUTE
    _printf_d                                0x00000000   Number         0  stubs.o ABSOLUTE
    _printf_e                                0x00000000   Number         0  stubs.o ABSOLUTE
    _printf_f                                0x00000000   Number         0  stubs.o ABSOLUTE
    _printf_flags                            0x00000000   Number         0  stubs.o ABSOLUTE
    _printf_fp_dec                           0x00000000   Number         0  stubs.o ABSOLUTE
    _printf_fp_hex                           0x00000000   Number         0  stubs.o ABSOLUTE
    _printf_g                                0x00000000   Number         0  stubs.o ABSOLUTE
    _printf_i                                0x00000000   Number         0  stubs.o ABSOLUTE
    _printf_int_dec                          0x00000000   Number         0  stubs.o ABSOLUTE
    _printf_l                                0x00000000   Number         0  stubs.o ABSOLUTE
    _printf_lc                               0x00000000   Number         0  stubs.o ABSOLUTE
    _printf_ll                               0x00000000   Number         0  stubs.o ABSOLUTE
    _printf_lld                              0x00000000   Number         0  stubs.o ABSOLUTE
    _printf_lli                              0x00000000   Number         0  stubs.o ABSOLUTE
    _printf_llo                              0x00000000   Number         0  stubs.o ABSOLUTE
    _printf_llu                              0x00000000   Number         0  stubs.o ABSOLUTE
    _printf_llx                              0x00000000   Number         0  stubs.o ABSOLUTE
    _printf_longlong_dec                     0x00000000   Number         0  stubs.o ABSOLUTE
    _printf_longlong_hex                     0x00000000   Number         0  stubs.o ABSOLUTE
    _printf_longlong_oct                     0x00000000   Number         0  stubs.o ABSOLUTE
    _printf_ls                               0x00000000   Number         0  stubs.o ABSOLUTE
    _printf_mbtowc                           0x00000000   Number         0  stubs.o ABSOLUTE
    _printf_n                                0x00000000   Number         0  stubs.o ABSOLUTE
    _printf_o                                0x00000000   Number         0  stubs.o ABSOLUTE
    _printf_p                                0x00000000   Number         0  stubs.o ABSOLUTE
    _printf_percent                          0x00000000   Number         0  stubs.o ABSOLUTE
    _printf_pre_padding                      0x00000000   Number         0  stubs.o ABSOLUTE
    _printf_return_value                     0x00000000   Number         0  stubs.o ABSOLUTE
    _printf_s                                0x00000000   Number         0  stubs.o ABSOLUTE
    _printf_sizespec                         0x00000000   Number         0  stubs.o ABSOLUTE
    _printf_str                              0x00000000   Number         0  stubs.o ABSOLUTE
    _printf_truncate_signed                  0x00000000   Number         0  stubs.o ABSOLUTE
    _printf_truncate_unsigned                0x00000000   Number         0  stubs.o ABSOLUTE
    _printf_u                                0x00000000   Number         0  stubs.o ABSOLUTE
    _printf_wc                               0x00000000   Number         0  stubs.o ABSOLUTE
    _printf_wctomb                           0x00000000   Number         0  stubs.o ABSOLUTE
    _printf_widthprec                        0x00000000   Number         0  stubs.o ABSOLUTE
    _printf_x                                0x00000000   Number         0  stubs.o ABSOLUTE
    __cpp_initialize__aeabi_                  - Undefined Weak Reference
    __cxa_finalize                            - Undefined Weak Reference
    _clock_init                               - Undefined Weak Reference
    _microlib_exit                            - Undefined Weak Reference
    __Vectors_Size                           0x00000124   Number         0  startup_stm32l1xx_hd.o ABSOLUTE
    __Vectors                                0x08000000   Data           4  startup_stm32l1xx_hd.o(RESET)
    __Vectors_End                            0x08000124   Data           0  startup_stm32l1xx_hd.o(RESET)
    __main                                   0x08000125   Thumb Code     0  entry.o(.ARM.Collect$$$$00000000)
    _main_stk                                0x08000125   Thumb Code     0  entry2.o(.ARM.Collect$$$$00000001)
    _main_scatterload                        0x08000129   Thumb Code     0  entry5.o(.ARM.Collect$$$$00000004)
    __main_after_scatterload                 0x0800012d   Thumb Code     0  entry5.o(.ARM.Collect$$$$00000004)
    _main_clock                              0x0800012d   Thumb Code     0  entry7b.o(.ARM.Collect$$$$00000008)
    _main_cpp_init                           0x0800012d   Thumb Code     0  entry8b.o(.ARM.Collect$$$$0000000A)
    _main_init                               0x0800012d   Thumb Code     0  entry9a.o(.ARM.Collect$$$$0000000B)
    __rt_final_cpp                           0x08000135   Thumb Code     0  entry10a.o(.ARM.Collect$$$$0000000D)
    __rt_final_exit                          0x08000135   Thumb Code     0  entry11a.o(.ARM.Collect$$$$0000000F)
    Reset_Handler                            0x08000139   Thumb Code     8  startup_stm32l1xx_hd.o(.text)
    ADC1_IRQHandler                          0x08000153   Thumb Code     0  startup_stm32l1xx_hd.o(.text)
    AES_IRQHandler                           0x08000153   Thumb Code     0  startup_stm32l1xx_hd.o(.text)
    COMP_ACQ_IRQHandler                      0x08000153   Thumb Code     0  startup_stm32l1xx_hd.o(.text)
    COMP_IRQHandler                          0x08000153   Thumb Code     0  startup_stm32l1xx_hd.o(.text)
    DAC_IRQHandler                           0x08000153   Thumb Code     0  startup_stm32l1xx_hd.o(.text)
    DMA1_Channel1_IRQHandler                 0x08000153   Thumb Code     0  startup_stm32l1xx_hd.o(.text)
    DMA1_Channel2_IRQHandler                 0x08000153   Thumb Code     0  startup_stm32l1xx_hd.o(.text)
    DMA1_Channel3_IRQHandler                 0x08000153   Thumb Code     0  startup_stm32l1xx_hd.o(.text)
    DMA1_Channel4_IRQHandler                 0x08000153   Thumb Code     0  startup_stm32l1xx_hd.o(.text)
    DMA1_Channel5_IRQHandler                 0x08000153   Thumb Code     0  startup_stm32l1xx_hd.o(.text)
    DMA1_Channel6_IRQHandler                 0x08000153   Thumb Code     0  startup_stm32l1xx_hd.o(.text)
    DMA1_Channel7_IRQHandler                 0x08000153   Thumb Code     0  startup_stm32l1xx_hd.o(.text)
    DMA2_Channel1_IRQHandler                 0x08000153   Thumb Code     0  startup_stm32l1xx_hd.o(.text)
    DMA2_Channel2_IRQHandler                 0x08000153   Thumb Code     0  startup_stm32l1xx_hd.o(.text)
    DMA2_Channel3_IRQHandler                 0x08000153   Thumb Code     0  startup_stm32l1xx_hd.o(.text)
    DMA2_Channel4_IRQHandler                 0x08000153   Thumb Code     0  startup_stm32l1xx_hd.o(.text)
    DMA2_Channel5_IRQHandler                 0x08000153   Thumb Code     0  startup_stm32l1xx_hd.o(.text)
    EXTI0_IRQHandler                         0x08000153   Thumb Code     0  startup_stm32l1xx_hd.o(.text)
    EXTI1_IRQHandler                         0x08000153   Thumb Code     0  startup_stm32l1xx_hd.o(.text)
    EXTI2_IRQHandler                         0x08000153   Thumb Code     0  startup_stm32l1xx_hd.o(.text)
    EXTI3_IRQHandler                         0x08000153   Thumb Code     0  startup_stm32l1xx_hd.o(.text)
    EXTI4_IRQHandler                         0x08000153   Thumb Code     0  startup_stm32l1xx_hd.o(.text)
    EXTI9_5_IRQHandler                       0x08000153   Thumb Code     0  startup_stm32l1xx_hd.o(.text)
    FLASH_IRQHandler                         0x08000153   Thumb Code     0  startup_stm32l1xx_hd.o(.text)
    I2C1_ER_IRQHandler                       0x08000153   Thumb Code     0  startup_stm32l1xx_hd.o(.text)
    I2C1_EV_IRQHandler                       0x08000153   Thumb Code     0  startup_stm32l1xx_hd.o(.text)
    I2C2_ER_IRQHandler                       0x08000153   Thumb Code     0  startup_stm32l1xx_hd.o(.text)
    I2C2_EV_IRQHandler                       0x08000153   Thumb Code     0  startup_stm32l1xx_hd.o(.text)
    LCD_IRQHandler                           0x08000153   Thumb Code     0  startup_stm32l1xx_hd.o(.text)
    PVD_IRQHandler                           0x08000153   Thumb Code     0  startup_stm32l1xx_hd.o(.text)
    RCC_IRQHandler                           0x08000153   Thumb Code     0  startup_stm32l1xx_hd.o(.text)
    RTC_Alarm_IRQHandler                     0x08000153   Thumb Code     0  startup_stm32l1xx_hd.o(.text)
    RTC_WKUP_IRQHandler                      0x08000153   Thumb Code     0  startup_stm32l1xx_hd.o(.text)
    SDIO_IRQHandler                          0x08000153   Thumb Code     0  startup_stm32l1xx_hd.o(.text)
    SPI1_IRQHandler                          0x08000153   Thumb Code     0  startup_stm32l1xx_hd.o(.text)
    SPI2_IRQHandler                          0x08000153   Thumb Code     0  startup_stm32l1xx_hd.o(.text)
    SPI3_IRQHandler                          0x08000153   Thumb Code     0  startup_stm32l1xx_hd.o(.text)
    TAMPER_STAMP_IRQHandler                  0x08000153   Thumb Code     0  startup_stm32l1xx_hd.o(.text)
    TIM10_IRQHandler                         0x08000153   Thumb Code     0  startup_stm32l1xx_hd.o(.text)
    TIM11_IRQHandler                         0x08000153   Thumb Code     0  startup_stm32l1xx_hd.o(.text)
    TIM4_IRQHandler                          0x08000153   Thumb Code     0  startup_stm32l1xx_hd.o(.text)
    TIM5_IRQHandler                          0x08000153   Thumb Code     0  startup_stm32l1xx_hd.o(.text)
    TIM6_IRQHandler                          0x08000153   Thumb Code     0  startup_stm32l1xx_hd.o(.text)
    TIM7_IRQHandler                          0x08000153   Thumb Code     0  startup_stm32l1xx_hd.o(.text)
    TIM9_IRQHandler                          0x08000153   Thumb Code     0  startup_stm32l1xx_hd.o(.text)
    UART4_IRQHandler                         0x08000153   Thumb Code     0  startup_stm32l1xx_hd.o(.text)
    UART5_IRQHandler                         0x08000153   Thumb Code     0  startup_stm32l1xx_hd.o(.text)
    USART2_IRQHandler                        0x08000153   Thumb Code     0  startup_stm32l1xx_hd.o(.text)
    USB_FS_WKUP_IRQHandler                   0x08000153   Thumb Code     0  startup_stm32l1xx_hd.o(.text)
    USB_HP_IRQHandler                        0x08000153   Thumb Code     0  startup_stm32l1xx_hd.o(.text)
    USB_LP_IRQHandler                        0x08000153   Thumb Code     0  startup_stm32l1xx_hd.o(.text)
    WWDG_IRQHandler                          0x08000153   Thumb Code     0  startup_stm32l1xx_hd.o(.text)
    __aeabi_memcpy                           0x0800015d   Thumb Code    36  memcpya.o(.text)
    __aeabi_memcpy4                          0x0800015d   Thumb Code     0  memcpya.o(.text)
    __aeabi_memcpy8                          0x0800015d   Thumb Code     0  memcpya.o(.text)
    __aeabi_memset                           0x08000181   Thumb Code    14  memseta.o(.text)
    __aeabi_memset4                          0x08000181   Thumb Code     0  memseta.o(.text)
    __aeabi_memset8                          0x08000181   Thumb Code     0  memseta.o(.text)
    __aeabi_memclr                           0x0800018f   Thumb Code     4  memseta.o(.text)
    __aeabi_memclr4                          0x0800018f   Thumb Code     0  memseta.o(.text)
    __aeabi_memclr8                          0x0800018f   Thumb Code     0  memseta.o(.text)
    _memset$wrapper                          0x08000193   Thumb Code    18  memseta.o(.text)
    __aeabi_dadd                             0x080001a5   Thumb Code   322  dadd.o(.text)
    __aeabi_dsub                             0x080002e7   Thumb Code     6  dadd.o(.text)
    __aeabi_drsub                            0x080002ed   Thumb Code     6  dadd.o(.text)
    __aeabi_dmul                             0x080002f3   Thumb Code   228  dmul.o(.text)
    __aeabi_ddiv                             0x080003d7   Thumb Code   222  ddiv.o(.text)
    __aeabi_cdrcmple                         0x080004b5   Thumb Code    38  cdrcmple.o(.text)
    __aeabi_uidiv                            0x080004dd   Thumb Code     0  uidiv.o(.text)
    __aeabi_uidivmod                         0x080004dd   Thumb Code    44  uidiv.o(.text)
    __aeabi_uldivmod                         0x08000509   Thumb Code    98  uldiv.o(.text)
    __aeabi_llsl                             0x0800056b   Thumb Code    30  llshl.o(.text)
    _ll_shift_l                              0x0800056b   Thumb Code     0  llshl.o(.text)
    __aeabi_lasr                             0x08000589   Thumb Code    36  llsshr.o(.text)
    _ll_sshift_r                             0x08000589   Thumb Code     0  llsshr.o(.text)
    __I$use$fp                               0x080005ad   Thumb Code     0  iusefp.o(.text)
    _double_round                            0x080005ad   Thumb Code    26  depilogue.o(.text)
    _double_epilogue                         0x080005c7   Thumb Code   164  depilogue.o(.text)
    __aeabi_d2ulz                            0x0800066b   Thumb Code    48  dfixul.o(.text)
    __scatterload                            0x0800069d   Thumb Code    28  init.o(.text)
    __scatterload_rt2                        0x0800069d   Thumb Code     0  init.o(.text)
    __aeabi_llsr                             0x080006c1   Thumb Code    32  llushr.o(.text)
    _ll_ushift_r                             0x080006c1   Thumb Code     0  llushr.o(.text)
    __decompress                             0x080006e1   Thumb Code     0  __dczerorl2.o(.text)
    __decompress1                            0x080006e1   Thumb Code    92  __dczerorl2.o(.text)
    ADC1_Init                                0x0800078d   Thumb Code    12  bsp_adc.o(i.ADC1_Init)
    ADC_Cmd                                  0x080008b9   Thumb Code    22  stm32l1xx_adc.o(i.ADC_Cmd)
    ADC_DMACmd                               0x080008cf   Thumb Code    22  stm32l1xx_adc.o(i.ADC_DMACmd)
    ADC_DMARequestAfterLastTransferCmd       0x080008e5   Thumb Code    22  stm32l1xx_adc.o(i.ADC_DMARequestAfterLastTransferCmd)
    ADC_GetFlagStatus                        0x080008fb   Thumb Code    18  stm32l1xx_adc.o(i.ADC_GetFlagStatus)
    ADC_Init                                 0x0800090d   Thumb Code    74  stm32l1xx_adc.o(i.ADC_Init)
    ADC_RegularChannelConfig                 0x08000961   Thumb Code   344  stm32l1xx_adc.o(i.ADC_RegularChannelConfig)
    ADC_StructInit                           0x08000ab9   Thumb Code    26  stm32l1xx_adc.o(i.ADC_StructInit)
    Ack                                      0x08000ad5   Thumb Code    74  bsp_i2c.o(i.Ack)
    BellNn                                   0x08000b25   Thumb Code    54  bsp_alarmdeal.o(i.BellNn)
    BusFault_Handler                         0x08000b61   Thumb Code     4  stm32l1xx_it.o(i.BusFault_Handler)
    Button_Config                            0x08000b65   Thumb Code     2  freemodbus.o(i.Button_Config)
    Button_Poll                              0x08000b69   Thumb Code     8  freemodbus.o(i.Button_Poll)
    Change3BytesTimeToLong                   0x08000b75   Thumb Code    26  bsp_class.o(i.Change3BytesTimeToLong)
    DBGMCU_Config                            0x08000b91   Thumb Code    26  stm32l1xx_dbgmcu.o(i.DBGMCU_Config)
    DMA_Cmd                                  0x08000bb1   Thumb Code    24  stm32l1xx_dma.o(i.DMA_Cmd)
    DMA_DeInit                               0x08000bc9   Thumb Code   324  stm32l1xx_dma.o(i.DMA_DeInit)
    DMA_Init                                 0x08000d15   Thumb Code    60  stm32l1xx_dma.o(i.DMA_Init)
    DebugMon_Handler                         0x08000d51   Thumb Code     2  stm32l1xx_it.o(i.DebugMon_Handler)
    Delay_ms                                 0x08000d61   Thumb Code    36  bsp_systick.o(i.Delay_ms)
    Display_NUL                              0x08000d89   Thumb Code    56  bsp_lcd.o(i.Display_NUL)
    Display_SN                               0x08000dc1   Thumb Code   278  bsp_lcd.o(i.Display_SN)
    DownFlash_HisData                        0x08000ee1   Thumb Code   124  bsp_storagedata.o(i.DownFlash_HisData)
    EXTI15_10_Config                         0x08000f65   Thumb Code   118  bsp_exti_key.o(i.EXTI15_10_Config)
    EXTI15_10_IRQHandler                     0x08000fdd   Thumb Code   180  stm32l1xx_it.o(i.EXTI15_10_IRQHandler)
    EXTI_ClearITPendingBit                   0x08001099   Thumb Code     6  stm32l1xx_exti.o(i.EXTI_ClearITPendingBit)
    EXTI_GetITStatus                         0x080010a5   Thumb Code    20  stm32l1xx_exti.o(i.EXTI_GetITStatus)
    EXTI_Init                                0x080010bd   Thumb Code   142  stm32l1xx_exti.o(i.EXTI_Init)
    EnterCriticalSection                     0x08001151   Thumb Code     4  port.o(i.EnterCriticalSection)
    Error_Handler                            0x08001155   Thumb Code     4  freemodbus.o(i.Error_Handler)
    ExitCriticalSection                      0x08001159   Thumb Code     4  port.o(i.ExitCriticalSection)
    FirstCheckExternPower                    0x0800115d   Thumb Code    48  bsp_powerdeal.o(i.FirstCheckExternPower)
    FisrtPowerOnDisplay                      0x080011e1   Thumb Code    68  bsp_lcd.o(i.FisrtPowerOnDisplay)
    Fram_Read                                0x0800122d   Thumb Code   180  bsp_i2c.o(i.Fram_Read)
    Fram_Write                               0x080012e5   Thumb Code   146  bsp_i2c.o(i.Fram_Write)
    GPIO_Init                                0x0800137d   Thumb Code   132  stm32l1xx_gpio.o(i.GPIO_Init)
    GPIO_PinAFConfig                         0x08001401   Thumb Code    70  stm32l1xx_gpio.o(i.GPIO_PinAFConfig)
    GPIO_ReadInputDataBit                    0x08001447   Thumb Code    18  stm32l1xx_gpio.o(i.GPIO_ReadInputDataBit)
    GPIO_ResetBits                           0x08001459   Thumb Code     4  stm32l1xx_gpio.o(i.GPIO_ResetBits)
    GPIO_SetBits                             0x0800145d   Thumb Code     4  stm32l1xx_gpio.o(i.GPIO_SetBits)
    GetRecIntervalTime                       0x080015c5   Thumb Code    84  bsp_class.o(i.GetRecIntervalTime)
    HAL_GPIO_Init                            0x08001631   Thumb Code   438  stm32l1xx_hal_gpio.o(i.HAL_GPIO_Init)
    HAL_NVIC_EnableIRQ                       0x0800180d   Thumb Code    28  stm32l1xx_hal_cortex.o(i.HAL_NVIC_EnableIRQ)
    HAL_NVIC_SetPriority                     0x08001829   Thumb Code   124  stm32l1xx_hal_cortex.o(i.HAL_NVIC_SetPriority)
    HAL_RCC_GetHCLKFreq                      0x080018a5   Thumb Code    42  stm32l1xx_hal_rcc.o(i.HAL_RCC_GetHCLKFreq)
    HAL_RCC_GetPCLK1Freq                     0x080018dd   Thumb Code    36  stm32l1xx_hal_rcc.o(i.HAL_RCC_GetPCLK1Freq)
    HAL_RCC_GetPCLK2Freq                     0x08001909   Thumb Code    36  stm32l1xx_hal_rcc.o(i.HAL_RCC_GetPCLK2Freq)
    HAL_RCC_GetSysClockFreq                  0x08001935   Thumb Code   168  stm32l1xx_hal_rcc.o(i.HAL_RCC_GetSysClockFreq)
    HAL_TIM_Base_Init                        0x080019f1   Thumb Code    52  stm32l1xx_hal_tim.o(i.HAL_TIM_Base_Init)
    HAL_TIM_Base_MspInit                     0x08001a25   Thumb Code    50  stm32l1xx_hal_msp.o(i.HAL_TIM_Base_MspInit)
    HAL_TIM_Base_Start_IT                    0x08001a5d   Thumb Code    38  stm32l1xx_hal_tim.o(i.HAL_TIM_Base_Start_IT)
    HAL_TIM_Base_Stop_IT                     0x08001a83   Thumb Code    46  stm32l1xx_hal_tim.o(i.HAL_TIM_Base_Stop_IT)
    HAL_TIM_IC_CaptureCallback               0x08001ab1   Thumb Code     2  stm32l1xx_hal_tim.o(i.HAL_TIM_IC_CaptureCallback)
    HAL_TIM_IRQHandler                       0x08001ab3   Thumb Code   338  stm32l1xx_hal_tim.o(i.HAL_TIM_IRQHandler)
    HAL_TIM_OC_DelayElapsedCallback          0x08001c05   Thumb Code     2  stm32l1xx_hal_tim.o(i.HAL_TIM_OC_DelayElapsedCallback)
    HAL_TIM_PWM_PulseFinishedCallback        0x08001c07   Thumb Code     2  stm32l1xx_hal_tim.o(i.HAL_TIM_PWM_PulseFinishedCallback)
    HAL_TIM_PeriodElapsedCallback            0x08001c09   Thumb Code    10  porttimer.o(i.HAL_TIM_PeriodElapsedCallback)
    HAL_TIM_TriggerCallback                  0x08001c13   Thumb Code     2  stm32l1xx_hal_tim.o(i.HAL_TIM_TriggerCallback)
    HAL_UART_ErrorCallback                   0x08001c15   Thumb Code     2  stm32l1xx_hal_uart.o(i.HAL_UART_ErrorCallback)
    HAL_UART_Init                            0x08001c17   Thumb Code   110  stm32l1xx_hal_uart.o(i.HAL_UART_Init)
    HAL_UART_MspInit                         0x08001c85   Thumb Code   158  stm32l1xx_hal_msp.o(i.HAL_UART_MspInit)
    HAL_UART_Receive_End                     0x08001d2d   Thumb Code    64  stm32l1xx_hal_uart.o(i.HAL_UART_Receive_End)
    HAL_UART_Receive_IT                      0x08001d6d   Thumb Code   152  stm32l1xx_hal_uart.o(i.HAL_UART_Receive_IT)
    HardFault_Handler                        0x08001e05   Thumb Code     4  stm32l1xx_it.o(i.HardFault_Handler)
    JlySecDeal                               0x08001e35   Thumb Code    76  bsp_datadeal.o(i.JlySecDeal)
    JudgingChannelNumberDisplay              0x08001e8d   Thumb Code    44  bsp_sensordeal.o(i.JudgingChannelNumberDisplay)
    KEY_GPIO_Config                          0x08001ec5   Thumb Code    68  bsp_exti_key.o(i.KEY_GPIO_Config)
    LCD_Cmd                                  0x08001f11   Thumb Code     6  stm32l1xx_lcd.o(i.LCD_Cmd)
    LCD_ContrastConfig                       0x08001f1d   Thumb Code    22  stm32l1xx_lcd.o(i.LCD_ContrastConfig)
    LCD_GLASS_Clear                          0x08001f39   Thumb Code    42  bsp_lcd.o(i.LCD_GLASS_Clear)
    LCD_GLASS_Init                           0x08001f69   Thumb Code   130  bsp_lcd.o(i.LCD_GLASS_Init)
    LCD_GetFlagStatus                        0x08002221   Thumb Code    20  stm32l1xx_lcd.o(i.LCD_GetFlagStatus)
    LCD_Init                                 0x08002239   Thumb Code    78  stm32l1xx_lcd.o(i.LCD_Init)
    LCD_PulseOnDurationConfig                0x0800228d   Thumb Code    22  stm32l1xx_lcd.o(i.LCD_PulseOnDurationConfig)
    LCD_StructInit                           0x080022a9   Thumb Code    14  stm32l1xx_lcd.o(i.LCD_StructInit)
    LCD_UpdateDisplayRequest                 0x080022b9   Thumb Code     8  stm32l1xx_lcd.o(i.LCD_UpdateDisplayRequest)
    LCD_WaitForSynchro                       0x080022c5   Thumb Code    28  stm32l1xx_lcd.o(i.LCD_WaitForSynchro)
    LED_Config                               0x080022e5   Thumb Code     2  freemodbus.o(i.LED_Config)
    LED_Poll                                 0x080022e9   Thumb Code    48  freemodbus.o(i.LED_Poll)
    MemManage_Handler                        0x08004971   Thumb Code     4  stm32l1xx_it.o(i.MemManage_Handler)
    NMI_Handler                              0x08004975   Thumb Code     2  stm32l1xx_it.o(i.NMI_Handler)
    NVIC_Init                                0x080049b1   Thumb Code   108  misc.o(i.NVIC_Init)
    NVIC_PriorityGroupConfig                 0x08004a29   Thumb Code    10  misc.o(i.NVIC_PriorityGroupConfig)
    OffPowerSupply                           0x08004a65   Thumb Code    58  bsp_init.o(i.OffPowerSupply)
    PARAM_DATA_READ                          0x08004aa9   Thumb Code   246  bsp_serialdeal.o(i.PARAM_DATA_READ)
    PARAM_DATA_WRITE                         0x08004ba9   Thumb Code   402  bsp_serialdeal.o(i.PARAM_DATA_WRITE)
    PWR_RTCAccessCmd                         0x08004d45   Thumb Code     6  stm32l1xx_pwr.o(i.PWR_RTCAccessCmd)
    PendSV_Handler                           0x08004d51   Thumb Code     2  stm32l1xx_it.o(i.PendSV_Handler)
    PeripheralInit                           0x08004d53   Thumb Code    56  bsp_init.o(i.PeripheralInit)
    RCC_AHBPeriphClockCmd                    0x08004d8d   Thumb Code    26  stm32l1xx_rcc.o(i.RCC_AHBPeriphClockCmd)
    RCC_APB1PeriphClockCmd                   0x08004dad   Thumb Code    26  stm32l1xx_rcc.o(i.RCC_APB1PeriphClockCmd)
    RCC_APB2PeriphClockCmd                   0x08004dcd   Thumb Code    26  stm32l1xx_rcc.o(i.RCC_APB2PeriphClockCmd)
    RCC_GetClocksFreq                        0x08004e55   Thumb Code   234  stm32l1xx_rcc.o(i.RCC_GetClocksFreq)
    RCC_GetFlagStatus                        0x08004f55   Thumb Code    48  stm32l1xx_rcc.o(i.RCC_GetFlagStatus)
    RCC_GetSYSCLKSource                      0x08004f89   Thumb Code    10  stm32l1xx_rcc.o(i.RCC_GetSYSCLKSource)
    RCC_HSICmd                               0x08004f99   Thumb Code     6  stm32l1xx_rcc.o(i.RCC_HSICmd)
    RCC_LSEConfig                            0x08004fa5   Thumb Code    12  stm32l1xx_rcc.o(i.RCC_LSEConfig)
    RCC_LSICmd                               0x08004fb5   Thumb Code     6  stm32l1xx_rcc.o(i.RCC_LSICmd)
    RCC_RTCCLKCmd                            0x08004fc1   Thumb Code     6  stm32l1xx_rcc.o(i.RCC_RTCCLKCmd)
    RCC_RTCCLKConfig                         0x08004fcd   Thumb Code    64  stm32l1xx_rcc.o(i.RCC_RTCCLKConfig)
    RTC8025_Read                             0x08005011   Thumb Code   164  bsp_i2c.o(i.RTC8025_Read)
    RTC8025_Write                            0x080050b9   Thumb Code   130  bsp_i2c.o(i.RTC8025_Write)
    RTC_WaitForSynchro                       0x08005141   Thumb Code    92  stm32l1xx_rtc.o(i.RTC_WaitForSynchro)
    RX8025_RTC_Init                          0x080051a1   Thumb Code    34  bsp_rtc.o(i.RX8025_RTC_Init)
    ReadFlashHisData                         0x0800522d   Thumb Code   718  bsp_storagedata.o(i.ReadFlashHisData)
    ReadSetFramFlag                          0x08005553   Thumb Code    32  bsp_init.o(i.ReadSetFramFlag)
    ReadU32Pointer                           0x08005573   Thumb Code    18  bsp_storagedata.o(i.ReadU32Pointer)
    RecvByte                                 0x08005585   Thumb Code    98  bsp_i2c.o(i.RecvByte)
    Relay_Poll                               0x080055ed   Thumb Code     6  freemodbus.o(i.Relay_Poll)
    Reset_Time                               0x080055f9   Thumb Code    52  bsp_rtc.o(i.Reset_Time)
    SPI_Cmd                                  0x0800562d   Thumb Code    24  stm32l1xx_spi.o(i.SPI_Cmd)
    SPI_FLASH_BufferRead                     0x08005645   Thumb Code    76  bsp_spi_flash.o(i.SPI_FLASH_BufferRead)
    SPI_FLASH_Init                           0x08005695   Thumb Code   256  bsp_spi_flash.o(i.SPI_FLASH_Init)
    SPI_FLASH_SendByte                       0x080057a1   Thumb Code    50  bsp_spi_flash.o(i.SPI_FLASH_SendByte)
    SPI_I2S_GetFlagStatus                    0x080057d9   Thumb Code    18  stm32l1xx_spi.o(i.SPI_I2S_GetFlagStatus)
    SPI_I2S_ReceiveData                      0x080057eb   Thumb Code     6  stm32l1xx_spi.o(i.SPI_I2S_ReceiveData)
    SPI_I2S_SendData                         0x080057f1   Thumb Code     4  stm32l1xx_spi.o(i.SPI_I2S_SendData)
    SPI_Init                                 0x080057f5   Thumb Code    60  stm32l1xx_spi.o(i.SPI_Init)
    STORAGE_DATA_READ                        0x08005831   Thumb Code   206  bsp_serialdeal.o(i.STORAGE_DATA_READ)
    SVC_Handler                              0x080059d5   Thumb Code     2  stm32l1xx_it.o(i.SVC_Handler)
    SYSCFG_EXTILineConfig                    0x080059d9   Thumb Code    60  stm32l1xx_syscfg.o(i.SYSCFG_EXTILineConfig)
    SendByte                                 0x08005a19   Thumb Code    90  bsp_i2c.o(i.SendByte)
    SetFlashOverFlow                         0x08005a79   Thumb Code    22  bsp_storagedata.o(i.SetFlashOverFlow)
    SetJlyParamJudgeChannelNumSensorType     0x08005b7d   Thumb Code   394  bsp_init.o(i.SetJlyParamJudgeChannelNumSensorType)
    Start                                    0x08005e25   Thumb Code    84  bsp_i2c.o(i.Start)
    Stop                                     0x08005e7d   Thumb Code    62  bsp_i2c.o(i.Stop)
    SysInit                                  0x08005ec1   Thumb Code    78  bsp_init.o(i.SysInit)
    SysTick_Handler                          0x08005f21   Thumb Code     8  stm32l1xx_it.o(i.SysTick_Handler)
    SysTick_Init                             0x08005f29   Thumb Code   108  bsp_systick.o(i.SysTick_Init)
    SystemInit                               0x08005fa1   Thumb Code    88  system_stm32l1xx.o(i.SystemInit)
    TIM2_Configuration                       0x08006009   Thumb Code    76  bsp_timer.o(i.TIM2_Configuration)
    TIM2_IRQHandler                          0x08006055   Thumb Code    36  stm32l1xx_it.o(i.TIM2_IRQHandler)
    TIM3_IRQHandler                          0x080060a9   Thumb Code    10  porttimer.o(i.TIM3_IRQHandler)
    TIM_ClearFlag                            0x08006129   Thumb Code     6  stm32l1xx_tim.o(i.TIM_ClearFlag)
    TIM_ClearITPendingBit                    0x0800612f   Thumb Code     6  stm32l1xx_tim.o(i.TIM_ClearITPendingBit)
    TIM_Cmd                                  0x08006135   Thumb Code    24  stm32l1xx_tim.o(i.TIM_Cmd)
    TIM_GetITStatus                          0x0800614d   Thumb Code    34  stm32l1xx_tim.o(i.TIM_GetITStatus)
    TIM_ITConfig                             0x0800616f   Thumb Code    18  stm32l1xx_tim.o(i.TIM_ITConfig)
    TIM_TimeBaseInit                         0x08006181   Thumb Code    76  stm32l1xx_tim.o(i.TIM_TimeBaseInit)
    TimingDelay_Decrement                    0x08006249   Thumb Code    18  bsp_systick.o(i.TimingDelay_Decrement)
    U16ToValue10                             0x08006261   Thumb Code    10  bsp_class.o(i.U16ToValue10)
    USART1_Config                            0x0800647d   Thumb Code   152  bsp_usart.o(i.USART1_Config)
    USART1_IRQHandler                        0x0800651d   Thumb Code    32  stm32l1xx_it.o(i.USART1_IRQHandler)
    USART3_IRQHandler                        0x08006545   Thumb Code   262  portserial.o(i.USART3_IRQHandler)
    USART_Cmd                                0x08006651   Thumb Code    24  stm32l1xx_usart.o(i.USART_Cmd)
    USART_GetFlagStatus                      0x08006669   Thumb Code    26  stm32l1xx_usart.o(i.USART_GetFlagStatus)
    USART_GetITStatus                        0x08006683   Thumb Code    84  stm32l1xx_usart.o(i.USART_GetITStatus)
    USART_ITConfig                           0x080066d7   Thumb Code    74  stm32l1xx_usart.o(i.USART_ITConfig)
    USART_Init                               0x08006721   Thumb Code   198  stm32l1xx_usart.o(i.USART_Init)
    USART_ReceiveData                        0x080067ed   Thumb Code    10  stm32l1xx_usart.o(i.USART_ReceiveData)
    USART_SendData                           0x080067f7   Thumb Code     8  stm32l1xx_usart.o(i.USART_SendData)
    UsageFault_Handler                       0x080067ff   Thumb Code     4  stm32l1xx_it.o(i.UsageFault_Handler)
    WaitAck                                  0x08006805   Thumb Code   126  bsp_i2c.o(i.WaitAck)
    WriteSetFramFlag                         0x08006889   Thumb Code    26  bsp_init.o(i.WriteSetFramFlag)
    WriteU16Pointer                          0x080068a3   Thumb Code    20  bsp_storagedata.o(i.WriteU16Pointer)
    WriteU32Pointer                          0x080068b7   Thumb Code    20  bsp_storagedata.o(i.WriteU32Pointer)
    __0printf$8                              0x080068cd   Thumb Code    22  printf8.o(i.__0printf$8)
    __1printf$8                              0x080068cd   Thumb Code     0  printf8.o(i.__0printf$8)
    __2printf                                0x080068cd   Thumb Code     0  printf8.o(i.__0printf$8)
    __0vsprintf                              0x080068ed   Thumb Code    30  printfa.o(i.__0vsprintf)
    __1vsprintf                              0x080068ed   Thumb Code     0  printfa.o(i.__0vsprintf)
    __2vsprintf                              0x080068ed   Thumb Code     0  printfa.o(i.__0vsprintf)
    __c89vsprintf                            0x080068ed   Thumb Code     0  printfa.o(i.__0vsprintf)
    vsprintf                                 0x080068ed   Thumb Code     0  printfa.o(i.__0vsprintf)
    __scatterload_copy                       0x08006911   Thumb Code    14  handlers.o(i.__scatterload_copy)
    __scatterload_null                       0x0800691f   Thumb Code     2  handlers.o(i.__scatterload_null)
    __scatterload_zeroinit                   0x08006921   Thumb Code    14  handlers.o(i.__scatterload_zeroinit)
    displayDAY                               0x0800763b   Thumb Code   144  bsp_lcd.o(i.displayDAY)
    displayErr                               0x080076cd   Thumb Code   140  bsp_lcd.o(i.displayErr)
    displayTIME                              0x0800775d   Thumb Code   144  bsp_lcd.o(i.displayTIME)
    displayYEAR                              0x080077ed   Thumb Code   108  bsp_lcd.o(i.displayYEAR)
    eMBEnable                                0x08007859   Thumb Code    32  mb.o(i.eMBEnable)
    eMBFuncReadCoils                         0x08007881   Thumb Code   166  mbfunccoils.o(i.eMBFuncReadCoils)
    eMBFuncReadDiscreteInputs                0x08007927   Thumb Code   164  mbfuncdisc.o(i.eMBFuncReadDiscreteInputs)
    eMBFuncReadHoldingRegister               0x080079cb   Thumb Code   132  mbfuncholding.o(i.eMBFuncReadHoldingRegister)
    eMBFuncReadInputRegister                 0x08007a4f   Thumb Code   132  mbfuncinput.o(i.eMBFuncReadInputRegister)
    eMBFuncReadWriteMultipleHoldingRegister  0x08007ad3   Thumb Code   212  mbfuncholding.o(i.eMBFuncReadWriteMultipleHoldingRegister)
    eMBFuncReportSlaveID                     0x08007ba9   Thumb Code    30  mbfuncother.o(i.eMBFuncReportSlaveID)
    eMBFuncWriteCoil                         0x08007bd1   Thumb Code   108  mbfunccoils.o(i.eMBFuncWriteCoil)
    eMBFuncWriteHoldingRegister              0x08007c3d   Thumb Code    62  mbfuncholding.o(i.eMBFuncWriteHoldingRegister)
    eMBFuncWriteMultipleCoils                0x08007c7b   Thumb Code   142  mbfunccoils.o(i.eMBFuncWriteMultipleCoils)
    eMBFuncWriteMultipleHoldingRegister      0x08007d09   Thumb Code   106  mbfuncholding.o(i.eMBFuncWriteMultipleHoldingRegister)
    eMBInit                                  0x08007d75   Thumb Code   152  mb.o(i.eMBInit)
    eMBPoll                                  0x08007e55   Thumb Code   294  mb.o(i.eMBPoll)
    eMBRTUInit                               0x08007fd9   Thumb Code    84  mbrtu.o(i.eMBRTUInit)
    eMBRTUReceive                            0x08008031   Thumb Code    78  mbrtu.o(i.eMBRTUReceive)
    eMBRTUSend                               0x080080a1   Thumb Code   154  mbrtu.o(i.eMBRTUSend)
    eMBRTUStart                              0x08008151   Thumb Code    30  mbrtu.o(i.eMBRTUStart)
    eMBRTUStop                               0x08008175   Thumb Code    24  mbrtu.o(i.eMBRTUStop)
    eMBRegCoilsCB                            0x0800818d   Thumb Code   162  freemodbus.o(i.eMBRegCoilsCB)
    eMBRegDiscreteCB                         0x0800823d   Thumb Code    98  freemodbus.o(i.eMBRegDiscreteCB)
    eMBRegHoldingCB                          0x080082b1   Thumb Code   204  freemodbus.o(i.eMBRegHoldingCB)
    eMBRegInputCB                            0x0800838d   Thumb Code   106  freemodbus.o(i.eMBRegInputCB)
    fputc                                    0x08008409   Thumb Code    32  bsp_usart.o(i.fputc)
    freemodbus_init                          0x0800842d   Thumb Code    48  freemodbus.o(i.freemodbus_init)
    freemodbus_main                          0x08008465   Thumb Code    26  freemodbus.o(i.freemodbus_main)
    lcd_OFF                                  0x08008481   Thumb Code   372  bsp_lcd.o(i.lcd_OFF)
    main                                     0x080085f9   Thumb Code   190  main.o(i.main)
    prveMBError2Exception                    0x080087ad   Thumb Code    34  mbutils.o(i.prveMBError2Exception)
    read_time                                0x0800880d   Thumb Code   128  bsp_rtc.o(i.read_time)
    rtc_deel                                 0x08008891   Thumb Code   402  bsp_rtc.o(i.rtc_deel)
    serialread_time                          0x08008a35   Thumb Code    74  bsp_rtc.o(i.serialread_time)
    set_time                                 0x08008a85   Thumb Code    84  bsp_rtc.o(i.set_time)
    usMBCRC16                                0x08008add   Thumb Code    48  mbcrc.o(i.usMBCRC16)
    vMBPortSerialEnable                      0x08008b15   Thumb Code    94  portserial.o(i.vMBPortSerialEnable)
    vMBPortTimersDisable                     0x08008b7d   Thumb Code    16  porttimer.o(i.vMBPortTimersDisable)
    vMBPortTimersEnable                      0x08008b91   Thumb Code    28  porttimer.o(i.vMBPortTimersEnable)
    xMBOutput                                0x08008bb1   Thumb Code    68  port.o(i.xMBOutput)
    xMBPortEventGet                          0x08008bf9   Thumb Code    26  portevent.o(i.xMBPortEventGet)
    xMBPortEventInit                         0x08008c1d   Thumb Code    10  portevent.o(i.xMBPortEventInit)
    xMBPortEventPost                         0x08008c2d   Thumb Code    16  portevent.o(i.xMBPortEventPost)
    xMBPortSerialGetByte                     0x08008c45   Thumb Code    76  portserial.o(i.xMBPortSerialGetByte)
    xMBPortSerialInit                        0x08008c95   Thumb Code    52  portserial.o(i.xMBPortSerialInit)
    xMBPortSerialPutByte                     0x08008cd1   Thumb Code    32  portserial.o(i.xMBPortSerialPutByte)
    xMBPortTimersInit                        0x08008cf5   Thumb Code    84  porttimer.o(i.xMBPortTimersInit)
    xMBRTUReceiveFSM                         0x08008d59   Thumb Code   122  mbrtu.o(i.xMBRTUReceiveFSM)
    xMBRTUTimerT35Expired                    0x08008de1   Thumb Code    60  mbrtu.o(i.xMBRTUTimerT35Expired)
    xMBRTUTransmitFSM                        0x08008e21   Thumb Code    94  mbrtu.o(i.xMBRTUTransmitFSM)
    xMBUtilGetBits                           0x08008e8d   Thumb Code    42  mbutils.o(i.xMBUtilGetBits)
    xMBUtilSetBits                           0x08008eb7   Thumb Code    96  mbutils.o(i.xMBUtilSetBits)
    lcd_test                                 0x08008f18   Data         128  global.o(.constdata)
    RESET_ADJUST_CURVE1                      0x08008f98   Data          30  global.o(.constdata)
    RESET_ADJUST_CURVE2                      0x08008fb6   Data          22  global.o(.constdata)
    RESET_CHANNEL_SETUP_TABLE                0x08008fcc   Data         104  global.o(.constdata)
    ConfMap_Address                          0x08009034   Data          48  global.o(.constdata)
    temp_unit                                0x08009064   Data           2  bsp_storagedata.o(.constdata)
    shidu_unit                               0x08009066   Data           3  bsp_storagedata.o(.constdata)
    aAPBAHBPrescTable                        0x080092ae   Data          16  stm32l1xx_hal_rcc.o(.constdata)
    aPLLDivisionFactorTable                  0x080092be   Data           4  stm32l1xx_hal_rcc.o(.constdata)
    aPLLMulFactorTable                       0x080092c2   Data           9  stm32l1xx_hal_rcc.o(.constdata)
    Region$$Table$$Base                      0x080092cc   Number         0  anon$$obj.o(Region$$Table)
    Region$$Table$$Limit                     0x080092ec   Number         0  anon$$obj.o(Region$$Table)
    SystemCoreClock                          0x20000000   Data           4  system_stm32l1xx.o(.data)
    PLLMulTable                              0x20000004   Data           9  system_stm32l1xx.o(.data)
    AHBPrescTable                            0x2000000d   Data          16  system_stm32l1xx.o(.data)
    usRegInputStart                          0x20000036   Data           2  freemodbus.o(.data)
    usRegHoldingStart                        0x20000038   Data           2  freemodbus.o(.data)
    ucRegCoilsBuf                            0x2000003a   Data           2  freemodbus.o(.data)
    ucRegCoilsRerv                           0x2000003c   Data           2  freemodbus.o(.data)
    ucRegDiscreteBuf                         0x2000003e   Data           2  freemodbus.o(.data)
    ucRegDiscreteRerv                        0x20000040   Data           2  freemodbus.o(.data)
    TimingDelay                              0x20000044   Data           4  bsp_systick.o(.data)
    display_ct                               0x20000048   Data           1  global.o(.data)
    AdjustCurveFirAddress                    0x2000004c   Data           8  global.o(.data)
    Key                                      0x20000054   Data           3  global.o(.data)
    rtc_pt                                   0x20000057   Data           1  global.o(.data)
    uAddress                                 0x20000058   Data           1  global.o(.data)
    Key1ChangAnCount                         0x20000059   Data           1  global.o(.data)
    ChannelForDisplay                        0x2000005a   Data           1  global.o(.data)
    StartedChannelForDisplay                 0x2000005b   Data           1  global.o(.data)
    Started_Channel                          0x2000005c   Data           1  global.o(.data)
    SYS_CLK                                  0x20000060   Data           4  global.o(.data)
    pxMBFrameCBByteReceived                  0x20000108   Data           4  mb.o(.data)
    pxMBFrameCBTransmitterEmpty              0x2000010c   Data           4  mb.o(.data)
    pxMBPortCBTimerExpired                   0x20000110   Data           4  mb.o(.data)
    pxMBFrameCBReceiveFSMCur                 0x20000114   Data           4  mb.o(.data)
    pxMBFrameCBTransmitFSMCur                0x20000118   Data           4  mb.o(.data)
    __stdout                                 0x20000130   Data           4  stdout.o(.data)
    usRegInputBuf                            0x20000134   Data        8192  freemodbus.o(.bss)
    usRegHoldingBuf                          0x20002134   Data       24576  freemodbus.o(.bss)
    DataBuf                                  0x20008134   Data          74  global.o(.bss)
    PManage                                  0x2000817e   Data          10  global.o(.bss)
    Flag                                     0x20008188   Data          36  global.o(.bss)
    Rtc                                      0x200081ac   Data          16  global.o(.bss)
    Queue                                    0x200081bc   Data          32  global.o(.bss)
    JlyParam                                 0x200081dc   Data          56  global.o(.bss)
    Conf                                     0x20008214   Data        3232  global.o(.bss)
    adc                                      0x20008eb4   Data          64  global.o(.bss)
    adcCopy                                  0x20008ef4   Data          64  global.o(.bss)
    ADC_ConvertedValue                       0x20008f34   Data          64  global.o(.bss)
    FlagSeniorErr                            0x20008f74   Data          32  global.o(.bss)
    ChannelDataFloat                         0x20008f94   Data         128  global.o(.bss)
    ucRTUBuf                                 0x20009234   Data         256  mbrtu.o(.bss)
    __initial_sp                             0x200097b8   Data           0  startup_stm32l1xx_hd.o(STACK)



==============================================================================

Memory Map of the image

  Image Entry point : 0x08000125

  Load Region LR_IROM1 (Base: 0x08000000, Size: 0x00009420, Max: 0x00060000, ABSOLUTE, COMPRESSED[0x0000935c])

    Execution Region ER_IROM1 (Base: 0x08000000, Size: 0x000092ec, Max: 0x00060000, ABSOLUTE)

    Base Addr    Size         Type   Attr      Idx    E Section Name        Object

    0x08000000   0x00000124   Data   RO            3    RESET               startup_stm32l1xx_hd.o
    0x08000124   0x00000000   Code   RO         5982  * .ARM.Collect$$$$00000000  mc_w.l(entry.o)
    0x08000124   0x00000004   Code   RO         6282    .ARM.Collect$$$$00000001  mc_w.l(entry2.o)
    0x08000128   0x00000004   Code   RO         6285    .ARM.Collect$$$$00000004  mc_w.l(entry5.o)
    0x0800012c   0x00000000   Code   RO         6287    .ARM.Collect$$$$00000008  mc_w.l(entry7b.o)
    0x0800012c   0x00000000   Code   RO         6289    .ARM.Collect$$$$0000000A  mc_w.l(entry8b.o)
    0x0800012c   0x00000008   Code   RO         6290    .ARM.Collect$$$$0000000B  mc_w.l(entry9a.o)
    0x08000134   0x00000000   Code   RO         6292    .ARM.Collect$$$$0000000D  mc_w.l(entry10a.o)
    0x08000134   0x00000000   Code   RO         6294    .ARM.Collect$$$$0000000F  mc_w.l(entry11a.o)
    0x08000134   0x00000004   Code   RO         6283    .ARM.Collect$$$$00002712  mc_w.l(entry2.o)
    0x08000138   0x00000024   Code   RO            4    .text               startup_stm32l1xx_hd.o
    0x0800015c   0x00000024   Code   RO         5985    .text               mc_w.l(memcpya.o)
    0x08000180   0x00000024   Code   RO         5987    .text               mc_w.l(memseta.o)
    0x080001a4   0x0000014e   Code   RO         6258    .text               mf_w.l(dadd.o)
    0x080002f2   0x000000e4   Code   RO         6260    .text               mf_w.l(dmul.o)
    0x080003d6   0x000000de   Code   RO         6262    .text               mf_w.l(ddiv.o)
    0x080004b4   0x00000028   Code   RO         6274    .text               mf_w.l(cdrcmple.o)
    0x080004dc   0x0000002c   Code   RO         6297    .text               mc_w.l(uidiv.o)
    0x08000508   0x00000062   Code   RO         6299    .text               mc_w.l(uldiv.o)
    0x0800056a   0x0000001e   Code   RO         6301    .text               mc_w.l(llshl.o)
    0x08000588   0x00000024   Code   RO         6303    .text               mc_w.l(llsshr.o)
    0x080005ac   0x00000000   Code   RO         6305    .text               mc_w.l(iusefp.o)
    0x080005ac   0x000000be   Code   RO         6308    .text               mf_w.l(depilogue.o)
    0x0800066a   0x00000030   Code   RO         6310    .text               mf_w.l(dfixul.o)
    0x0800069a   0x00000002   PAD
    0x0800069c   0x00000024   Code   RO         6312    .text               mc_w.l(init.o)
    0x080006c0   0x00000020   Code   RO         6314    .text               mc_w.l(llushr.o)
    0x080006e0   0x0000005c   Code   RO         6324    .text               mc_w.l(__dczerorl2.o)
    0x0800073c   0x00000050   Code   RO         2883    i.ADC1_GPIO_Config  bsp_adc.o
    0x0800078c   0x0000000c   Code   RO         2884    i.ADC1_Init         bsp_adc.o
    0x08000798   0x00000120   Code   RO         2885    i.ADC1_Mode_Config  bsp_adc.o
    0x080008b8   0x00000016   Code   RO          332    i.ADC_Cmd           stm32l1xx_adc.o
    0x080008ce   0x00000016   Code   RO          336    i.ADC_DMACmd        stm32l1xx_adc.o
    0x080008e4   0x00000016   Code   RO          337    i.ADC_DMARequestAfterLastTransferCmd  stm32l1xx_adc.o
    0x080008fa   0x00000012   Code   RO          346    i.ADC_GetFlagStatus  stm32l1xx_adc.o
    0x0800090c   0x00000054   Code   RO          352    i.ADC_Init          stm32l1xx_adc.o
    0x08000960   0x00000158   Code   RO          357    i.ADC_RegularChannelConfig  stm32l1xx_adc.o
    0x08000ab8   0x0000001a   Code   RO          361    i.ADC_StructInit    stm32l1xx_adc.o
    0x08000ad2   0x00000002   PAD
    0x08000ad4   0x00000050   Code   RO         3305    i.Ack               bsp_i2c.o
    0x08000b24   0x0000003c   Code   RO         3559    i.BellNn            bsp_alarmdeal.o
    0x08000b60   0x00000004   Code   RO         2699    i.BusFault_Handler  stm32l1xx_it.o
    0x08000b64   0x00000002   Code   RO         2444    i.Button_Config     freemodbus.o
    0x08000b66   0x00000002   PAD
    0x08000b68   0x0000000c   Code   RO         2445    i.Button_Poll       freemodbus.o
    0x08000b74   0x0000001a   Code   RO         3416    i.Change3BytesTimeToLong  bsp_class.o
    0x08000b8e   0x00000002   PAD
    0x08000b90   0x00000020   Code   RO         2285    i.DBGMCU_Config     stm32l1xx_dbgmcu.o
    0x08000bb0   0x00000018   Code   RO          561    i.DMA_Cmd           stm32l1xx_dma.o
    0x08000bc8   0x0000014c   Code   RO          562    i.DMA_DeInit        stm32l1xx_dma.o
    0x08000d14   0x0000003c   Code   RO          567    i.DMA_Init          stm32l1xx_dma.o
    0x08000d50   0x00000002   Code   RO         2700    i.DebugMon_Handler  stm32l1xx_it.o
    0x08000d52   0x0000000c   Code   RO         3306    i.Delay             bsp_i2c.o
    0x08000d5e   0x00000002   PAD
    0x08000d60   0x00000028   Code   RO         2852    i.Delay_ms          bsp_systick.o
    0x08000d88   0x00000038   Code   RO         2932    i.Display_NUL       bsp_lcd.o
    0x08000dc0   0x00000120   Code   RO         2933    i.Display_SN        bsp_lcd.o
    0x08000ee0   0x00000084   Code   RO         3725    i.DownFlash_HisData  bsp_storagedata.o
    0x08000f64   0x00000076   Code   RO         2911    i.EXTI15_10_Config  bsp_exti_key.o
    0x08000fda   0x00000002   PAD
    0x08000fdc   0x000000bc   Code   RO         2701    i.EXTI15_10_IRQHandler  stm32l1xx_it.o
    0x08001098   0x0000000c   Code   RO          632    i.EXTI_ClearITPendingBit  stm32l1xx_exti.o
    0x080010a4   0x00000018   Code   RO          636    i.EXTI_GetITStatus  stm32l1xx_exti.o
    0x080010bc   0x00000094   Code   RO          637    i.EXTI_Init         stm32l1xx_exti.o
    0x08001150   0x00000004   Code   RO         4072    i.EnterCriticalSection  BTBUS_Library.lib(port.o)
    0x08001154   0x00000004   Code   RO         2446    i.Error_Handler     freemodbus.o
    0x08001158   0x00000004   Code   RO         4073    i.ExitCriticalSection  BTBUS_Library.lib(port.o)
    0x0800115c   0x0000003c   Code   RO         3591    i.FirstCheckExternPower  bsp_powerdeal.o
    0x08001198   0x00000048   Code   RO         2780    i.FirstScanSysData  bsp_init.o
    0x080011e0   0x0000004c   Code   RO         2935    i.FisrtPowerOnDisplay  bsp_lcd.o
    0x0800122c   0x000000b8   Code   RO         3307    i.Fram_Read         bsp_i2c.o
    0x080012e4   0x00000098   Code   RO         3308    i.Fram_Write        bsp_i2c.o
    0x0800137c   0x00000084   Code   RO          686    i.GPIO_Init         stm32l1xx_gpio.o
    0x08001400   0x00000046   Code   RO          687    i.GPIO_PinAFConfig  stm32l1xx_gpio.o
    0x08001446   0x00000012   Code   RO          690    i.GPIO_ReadInputDataBit  stm32l1xx_gpio.o
    0x08001458   0x00000004   Code   RO          693    i.GPIO_ResetBits    stm32l1xx_gpio.o
    0x0800145c   0x00000004   Code   RO          694    i.GPIO_SetBits      stm32l1xx_gpio.o
    0x08001460   0x00000164   Code   RO         2781    i.General_GPIO_Config  bsp_init.o
    0x080015c4   0x00000054   Code   RO         3418    i.GetRecIntervalTime  bsp_class.o
    0x08001618   0x00000016   Code   RO         3621    i.GetStartChanel    bsp_sensordeal.o
    0x0800162e   0x00000002   PAD
    0x08001630   0x000001dc   Code   RO         4011    i.HAL_GPIO_Init     BTBUS_Library.lib(stm32l1xx_hal_gpio.o)
    0x0800180c   0x0000001c   Code   RO         3807    i.HAL_NVIC_EnableIRQ  BTBUS_Library.lib(stm32l1xx_hal_cortex.o)
    0x08001828   0x0000007c   Code   RO         3813    i.HAL_NVIC_SetPriority  BTBUS_Library.lib(stm32l1xx_hal_cortex.o)
    0x080018a4   0x00000038   Code   RO         5828    i.HAL_RCC_GetHCLKFreq  BTBUS_Library.lib(stm32l1xx_hal_rcc.o)
    0x080018dc   0x0000002c   Code   RO         5830    i.HAL_RCC_GetPCLK1Freq  BTBUS_Library.lib(stm32l1xx_hal_rcc.o)
    0x08001908   0x0000002c   Code   RO         5831    i.HAL_RCC_GetPCLK2Freq  BTBUS_Library.lib(stm32l1xx_hal_rcc.o)
    0x08001934   0x000000bc   Code   RO         5832    i.HAL_RCC_GetSysClockFreq  BTBUS_Library.lib(stm32l1xx_hal_rcc.o)
    0x080019f0   0x00000034   Code   RO         4741    i.HAL_TIM_Base_Init  BTBUS_Library.lib(stm32l1xx_hal_tim.o)
    0x08001a24   0x00000038   Code   RO         2321    i.HAL_TIM_Base_MspInit  stm32l1xx_hal_msp.o
    0x08001a5c   0x00000026   Code   RO         4746    i.HAL_TIM_Base_Start_IT  BTBUS_Library.lib(stm32l1xx_hal_tim.o)
    0x08001a82   0x0000002e   Code   RO         4749    i.HAL_TIM_Base_Stop_IT  BTBUS_Library.lib(stm32l1xx_hal_tim.o)
    0x08001ab0   0x00000002   Code   RO         4770    i.HAL_TIM_IC_CaptureCallback  BTBUS_Library.lib(stm32l1xx_hal_tim.o)
    0x08001ab2   0x00000152   Code   RO         4783    i.HAL_TIM_IRQHandler  BTBUS_Library.lib(stm32l1xx_hal_tim.o)
    0x08001c04   0x00000002   Code   RO         4786    i.HAL_TIM_OC_DelayElapsedCallback  BTBUS_Library.lib(stm32l1xx_hal_tim.o)
    0x08001c06   0x00000002   Code   RO         4813    i.HAL_TIM_PWM_PulseFinishedCallback  BTBUS_Library.lib(stm32l1xx_hal_tim.o)
    0x08001c08   0x0000000a   Code   RO         4623    i.HAL_TIM_PeriodElapsedCallback  BTBUS_Library.lib(porttimer.o)
    0x08001c12   0x00000002   Code   RO         4824    i.HAL_TIM_TriggerCallback  BTBUS_Library.lib(stm32l1xx_hal_tim.o)
    0x08001c14   0x00000002   Code   RO         5384    i.HAL_UART_ErrorCallback  BTBUS_Library.lib(stm32l1xx_hal_uart.o)
    0x08001c16   0x0000006e   Code   RO         5388    i.HAL_UART_Init     BTBUS_Library.lib(stm32l1xx_hal_uart.o)
    0x08001c84   0x000000a8   Code   RO         2323    i.HAL_UART_MspInit  stm32l1xx_hal_msp.o
    0x08001d2c   0x00000040   Code   RO         5393    i.HAL_UART_Receive_End  BTBUS_Library.lib(stm32l1xx_hal_uart.o)
    0x08001d6c   0x00000098   Code   RO         5394    i.HAL_UART_Receive_IT  BTBUS_Library.lib(stm32l1xx_hal_uart.o)
    0x08001e04   0x00000004   Code   RO         2702    i.HardFault_Handler  stm32l1xx_it.o
    0x08001e08   0x0000002c   Code   RO         2782    i.I2C_GPIO_Config   bsp_init.o
    0x08001e34   0x00000058   Code   RO         3458    i.JlySecDeal        bsp_datadeal.o
    0x08001e8c   0x00000038   Code   RO         3624    i.JudgingChannelNumberDisplay  bsp_sensordeal.o
    0x08001ec4   0x0000004c   Code   RO         2912    i.KEY_GPIO_Config   bsp_exti_key.o
    0x08001f10   0x0000000c   Code   RO          778    i.LCD_Cmd           stm32l1xx_lcd.o
    0x08001f1c   0x0000001c   Code   RO          779    i.LCD_ContrastConfig  stm32l1xx_lcd.o
    0x08001f38   0x00000030   Code   RO         2936    i.LCD_GLASS_Clear   bsp_lcd.o
    0x08001f68   0x00000082   Code   RO         2939    i.LCD_GLASS_Init    bsp_lcd.o
    0x08001fea   0x00000002   PAD
    0x08001fec   0x00000234   Code   RO         2941    i.LCD_GPIOConfig    bsp_lcd.o
    0x08002220   0x00000018   Code   RO          782    i.LCD_GetFlagStatus  stm32l1xx_lcd.o
    0x08002238   0x00000054   Code   RO          786    i.LCD_Init          stm32l1xx_lcd.o
    0x0800228c   0x0000001c   Code   RO          788    i.LCD_PulseOnDurationConfig  stm32l1xx_lcd.o
    0x080022a8   0x0000000e   Code   RO          789    i.LCD_StructInit    stm32l1xx_lcd.o
    0x080022b6   0x00000002   PAD
    0x080022b8   0x0000000c   Code   RO          790    i.LCD_UpdateDisplayRequest  stm32l1xx_lcd.o
    0x080022c4   0x00000020   Code   RO          791    i.LCD_WaitForSynchro  stm32l1xx_lcd.o
    0x080022e4   0x00000002   Code   RO         2447    i.LED_Config        freemodbus.o
    0x080022e6   0x00000002   PAD
    0x080022e8   0x00000034   Code   RO         2448    i.LED_Poll          freemodbus.o
    0x0800231c   0x00000218   Code   RO         2943    i.Lcd_Dis10Value    bsp_lcd.o
    0x08002534   0x00000218   Code   RO         2944    i.Lcd_Dis11Value    bsp_lcd.o
    0x0800274c   0x00000218   Code   RO         2945    i.Lcd_Dis12Value    bsp_lcd.o
    0x08002964   0x00000280   Code   RO         2946    i.Lcd_Dis13Value    bsp_lcd.o
    0x08002be4   0x00000280   Code   RO         2947    i.Lcd_Dis14Value    bsp_lcd.o
    0x08002e64   0x00000280   Code   RO         2948    i.Lcd_Dis15Value    bsp_lcd.o
    0x080030e4   0x00000280   Code   RO         2949    i.Lcd_Dis1Value     bsp_lcd.o
    0x08003364   0x000002e8   Code   RO         2950    i.Lcd_Dis2Value     bsp_lcd.o
    0x0800364c   0x00000388   Code   RO         2951    i.Lcd_Dis3Value     bsp_lcd.o
    0x080039d4   0x00000350   Code   RO         2952    i.Lcd_Dis4Value     bsp_lcd.o
    0x08003d24   0x000002b4   Code   RO         2953    i.Lcd_Dis5Value     bsp_lcd.o
    0x08003fd8   0x00000218   Code   RO         2954    i.Lcd_Dis6Value     bsp_lcd.o
    0x080041f0   0x00000280   Code   RO         2955    i.Lcd_Dis7Value     bsp_lcd.o
    0x08004470   0x00000280   Code   RO         2956    i.Lcd_Dis8Value     bsp_lcd.o
    0x080046f0   0x00000280   Code   RO         2957    i.Lcd_Dis9Value     bsp_lcd.o
    0x08004970   0x00000004   Code   RO         2703    i.MemManage_Handler  stm32l1xx_it.o
    0x08004974   0x00000002   Code   RO         2704    i.NMI_Handler       stm32l1xx_it.o
    0x08004976   0x0000002a   Code   RO         3124    i.NVIC_Configuration  bsp_usart.o
    0x080049a0   0x00000010   Code   RO         3820    i.NVIC_GetPriorityGrouping  BTBUS_Library.lib(stm32l1xx_hal_cortex.o)
    0x080049b0   0x00000078   Code   RO          289    i.NVIC_Init         misc.o
    0x08004a28   0x00000014   Code   RO          290    i.NVIC_PriorityGroupConfig  misc.o
    0x08004a3c   0x00000028   Code   RO         3821    i.NVIC_SetPriority  BTBUS_Library.lib(stm32l1xx_hal_cortex.o)
    0x08004a64   0x00000044   Code   RO         2783    i.OffPowerSupply    bsp_init.o
    0x08004aa8   0x00000100   Code   RO         3672    i.PARAM_DATA_READ   bsp_serialdeal.o
    0x08004ba8   0x0000019c   Code   RO         3673    i.PARAM_DATA_WRITE  bsp_serialdeal.o
    0x08004d44   0x0000000c   Code   RO          899    i.PWR_RTCAccessCmd  stm32l1xx_pwr.o
    0x08004d50   0x00000002   Code   RO         2705    i.PendSV_Handler    stm32l1xx_it.o
    0x08004d52   0x00000038   Code   RO         2784    i.PeripheralInit    bsp_init.o
    0x08004d8a   0x00000002   PAD
    0x08004d8c   0x00000020   Code   RO          979    i.RCC_AHBPeriphClockCmd  stm32l1xx_rcc.o
    0x08004dac   0x00000020   Code   RO          982    i.RCC_APB1PeriphClockCmd  stm32l1xx_rcc.o
    0x08004dcc   0x00000020   Code   RO          985    i.RCC_APB2PeriphClockCmd  stm32l1xx_rcc.o
    0x08004dec   0x00000068   Code   RO         2785    i.RCC_Config        bsp_init.o
    0x08004e54   0x00000100   Code   RO          994    i.RCC_GetClocksFreq  stm32l1xx_rcc.o
    0x08004f54   0x00000034   Code   RO          995    i.RCC_GetFlagStatus  stm32l1xx_rcc.o
    0x08004f88   0x00000010   Code   RO          997    i.RCC_GetSYSCLKSource  stm32l1xx_rcc.o
    0x08004f98   0x0000000c   Code   RO         1000    i.RCC_HSICmd        stm32l1xx_rcc.o
    0x08004fa4   0x00000010   Code   RO         1003    i.RCC_LSEConfig     stm32l1xx_rcc.o
    0x08004fb4   0x0000000c   Code   RO         1004    i.RCC_LSICmd        stm32l1xx_rcc.o
    0x08004fc0   0x0000000c   Code   RO         1012    i.RCC_RTCCLKCmd     stm32l1xx_rcc.o
    0x08004fcc   0x00000044   Code   RO         1013    i.RCC_RTCCLKConfig  stm32l1xx_rcc.o
    0x08005010   0x000000a8   Code   RO         3309    i.RTC8025_Read      bsp_i2c.o
    0x080050b8   0x00000088   Code   RO         3311    i.RTC8025_Write     bsp_i2c.o
    0x08005140   0x00000060   Code   RO         1265    i.RTC_WaitForSynchro  stm32l1xx_rtc.o
    0x080051a0   0x00000074   Code   RO         3486    i.RX8025_RTC_Init   bsp_rtc.o
    0x08005214   0x00000018   Code   RO         3674    i.ReadBatVoltage    bsp_serialdeal.o
    0x0800522c   0x00000310   Code   RO         3726    i.ReadFlashHisData  bsp_storagedata.o
    0x0800553c   0x00000016   Code   RO         3487    i.ReadRX8025Control1  bsp_rtc.o
    0x08005552   0x00000020   Code   RO         2786    i.ReadSetFramFlag   bsp_init.o
    0x08005572   0x00000012   Code   RO         3729    i.ReadU32Pointer    bsp_storagedata.o
    0x08005584   0x00000068   Code   RO         3312    i.RecvByte          bsp_i2c.o
    0x080055ec   0x0000000c   Code   RO         2452    i.Relay_Poll        freemodbus.o
    0x080055f8   0x00000034   Code   RO         3489    i.Reset_Time        bsp_rtc.o
    0x0800562c   0x00000018   Code   RO         2144    i.SPI_Cmd           stm32l1xx_spi.o
    0x08005644   0x00000050   Code   RO         3182    i.SPI_FLASH_BufferRead  bsp_spi_flash.o
    0x08005694   0x0000010c   Code   RO         3185    i.SPI_FLASH_Init    bsp_spi_flash.o
    0x080057a0   0x00000038   Code   RO         3191    i.SPI_FLASH_SendByte  bsp_spi_flash.o
    0x080057d8   0x00000012   Code   RO         2152    i.SPI_I2S_GetFlagStatus  stm32l1xx_spi.o
    0x080057ea   0x00000006   Code   RO         2155    i.SPI_I2S_ReceiveData  stm32l1xx_spi.o
    0x080057f0   0x00000004   Code   RO         2156    i.SPI_I2S_SendData  stm32l1xx_spi.o
    0x080057f4   0x0000003c   Code   RO         2157    i.SPI_Init          stm32l1xx_spi.o
    0x08005830   0x000001a4   Code   RO         3675    i.STORAGE_DATA_READ  bsp_serialdeal.o
    0x080059d4   0x00000002   Code   RO         2706    i.SVC_Handler       stm32l1xx_it.o
    0x080059d6   0x00000002   PAD
    0x080059d8   0x00000040   Code   RO         2056    i.SYSCFG_EXTILineConfig  stm32l1xx_syscfg.o
    0x08005a18   0x00000060   Code   RO         3313    i.SendByte          bsp_i2c.o
    0x08005a78   0x0000001c   Code   RO         3732    i.SetFlashOverFlow  bsp_storagedata.o
    0x08005a94   0x000000e8   Code   RO         2787    i.SetJlyParamData   bsp_init.o
    0x08005b7c   0x0000019c   Code   RO         2788    i.SetJlyParamJudgeChannelNumSensorType  bsp_init.o
    0x08005d18   0x0000010c   Code   RO           24    i.SetSysClock       system_stm32l1xx.o
    0x08005e24   0x00000058   Code   RO         3314    i.Start             bsp_i2c.o
    0x08005e7c   0x00000044   Code   RO         3315    i.Stop              bsp_i2c.o
    0x08005ec0   0x00000060   Code   RO         2789    i.SysInit           bsp_init.o
    0x08005f20   0x00000008   Code   RO         2707    i.SysTick_Handler   stm32l1xx_it.o
    0x08005f28   0x00000078   Code   RO         2853    i.SysTick_Init      bsp_systick.o
    0x08005fa0   0x00000068   Code   RO           26    i.SystemInit        system_stm32l1xx.o
    0x08006008   0x0000004c   Code   RO         3399    i.TIM2_Configuration  bsp_timer.o
    0x08006054   0x00000028   Code   RO         2708    i.TIM2_IRQHandler   stm32l1xx_it.o
    0x0800607c   0x0000002a   Code   RO         3400    i.TIM2_NVIC_Configuration  bsp_timer.o
    0x080060a6   0x00000002   PAD
    0x080060a8   0x00000010   Code   RO         4624    i.TIM3_IRQHandler   BTBUS_Library.lib(porttimer.o)
    0x080060b8   0x00000070   Code   RO         4825    i.TIM_Base_SetConfig  BTBUS_Library.lib(stm32l1xx_hal_tim.o)
    0x08006128   0x00000006   Code   RO         1555    i.TIM_ClearFlag     stm32l1xx_tim.o
    0x0800612e   0x00000006   Code   RO         1556    i.TIM_ClearITPendingBit  stm32l1xx_tim.o
    0x08006134   0x00000018   Code   RO         1561    i.TIM_Cmd           stm32l1xx_tim.o
    0x0800614c   0x00000022   Code   RO         1581    i.TIM_GetITStatus   stm32l1xx_tim.o
    0x0800616e   0x00000012   Code   RO         1585    i.TIM_ITConfig      stm32l1xx_tim.o
    0x08006180   0x00000060   Code   RO         1629    i.TIM_TimeBaseInit  stm32l1xx_tim.o
    0x080061e0   0x00000068   Code   RO         2790    i.TestFramIsOrNotOk  bsp_init.o
    0x08006248   0x00000018   Code   RO         2854    i.TimingDelay_Decrement  bsp_systick.o
    0x08006260   0x0000000a   Code   RO         3419    i.U16ToValue10      bsp_class.o
    0x0800626a   0x00000002   PAD
    0x0800626c   0x00000210   Code   RO         5409    i.UART_SetConfig    BTBUS_Library.lib(stm32l1xx_hal_uart.o)
    0x0800647c   0x000000a0   Code   RO         3125    i.USART1_Config     bsp_usart.o
    0x0800651c   0x00000028   Code   RO         2709    i.USART1_IRQHandler  stm32l1xx_it.o
    0x08006544   0x0000010c   Code   RO         4520    i.USART3_IRQHandler  BTBUS_Library.lib(portserial.o)
    0x08006650   0x00000018   Code   RO          109    i.USART_Cmd         stm32l1xx_usart.o
    0x08006668   0x0000001a   Code   RO          112    i.USART_GetFlagStatus  stm32l1xx_usart.o
    0x08006682   0x00000054   Code   RO          113    i.USART_GetITStatus  stm32l1xx_usart.o
    0x080066d6   0x0000004a   Code   RO          115    i.USART_ITConfig    stm32l1xx_usart.o
    0x08006720   0x000000cc   Code   RO          116    i.USART_Init        stm32l1xx_usart.o
    0x080067ec   0x0000000a   Code   RO          123    i.USART_ReceiveData  stm32l1xx_usart.o
    0x080067f6   0x00000008   Code   RO          126    i.USART_SendData    stm32l1xx_usart.o
    0x080067fe   0x00000004   Code   RO         2710    i.UsageFault_Handler  stm32l1xx_it.o
    0x08006802   0x00000002   PAD
    0x08006804   0x00000084   Code   RO         3316    i.WaitAck           bsp_i2c.o
    0x08006888   0x0000001a   Code   RO         2791    i.WriteSetFramFlag  bsp_init.o
    0x080068a2   0x00000014   Code   RO         3734    i.WriteU16Pointer   bsp_storagedata.o
    0x080068b6   0x00000014   Code   RO         3735    i.WriteU32Pointer   bsp_storagedata.o
    0x080068ca   0x00000002   PAD
    0x080068cc   0x00000020   Code   RO         6198    i.__0printf$8       mc_w.l(printf8.o)
    0x080068ec   0x00000024   Code   RO         6230    i.__0vsprintf       mc_w.l(printfa.o)
    0x08006910   0x0000000e   Code   RO         6318    i.__scatterload_copy  mc_w.l(handlers.o)
    0x0800691e   0x00000002   Code   RO         6319    i.__scatterload_null  mc_w.l(handlers.o)
    0x08006920   0x0000000e   Code   RO         6320    i.__scatterload_zeroinit  mc_w.l(handlers.o)
    0x0800692e   0x00000002   PAD
    0x08006930   0x0000015c   Code   RO         6231    i._fp_digits        mc_w.l(printfa.o)
    0x08006a8c   0x00000408   Code   RO         6205    i._printf_core      mc_w.l(printf8.o)
    0x08006e94   0x000006f0   Code   RO         6232    i._printf_core      mc_w.l(printfa.o)
    0x08007584   0x00000026   Code   RO         6206    i._printf_post_padding  mc_w.l(printf8.o)
    0x080075aa   0x00000026   Code   RO         6233    i._printf_post_padding  mc_w.l(printfa.o)
    0x080075d0   0x00000030   Code   RO         6207    i._printf_pre_padding  mc_w.l(printf8.o)
    0x08007600   0x00000030   Code   RO         6234    i._printf_pre_padding  mc_w.l(printfa.o)
    0x08007630   0x0000000a   Code   RO         6236    i._sputc            mc_w.l(printfa.o)
    0x0800763a   0x00000090   Code   RO         2958    i.displayDAY        bsp_lcd.o
    0x080076ca   0x00000002   PAD
    0x080076cc   0x00000090   Code   RO         2959    i.displayErr        bsp_lcd.o
    0x0800775c   0x00000090   Code   RO         2960    i.displayTIME       bsp_lcd.o
    0x080077ec   0x0000006c   Code   RO         2961    i.displayYEAR       bsp_lcd.o
    0x08007858   0x00000028   Code   RO         4193    i.eMBEnable         BTBUS_Library.lib(mb.o)
    0x08007880   0x000000a6   Code   RO         4321    i.eMBFuncReadCoils  BTBUS_Library.lib(mbfunccoils.o)
    0x08007926   0x000000a4   Code   RO         4345    i.eMBFuncReadDiscreteInputs  BTBUS_Library.lib(mbfuncdisc.o)
    0x080079ca   0x00000084   Code   RO         4357    i.eMBFuncReadHoldingRegister  BTBUS_Library.lib(mbfuncholding.o)
    0x08007a4e   0x00000084   Code   RO         4387    i.eMBFuncReadInputRegister  BTBUS_Library.lib(mbfuncinput.o)
    0x08007ad2   0x000000d4   Code   RO         4358    i.eMBFuncReadWriteMultipleHoldingRegister  BTBUS_Library.lib(mbfuncholding.o)
    0x08007ba6   0x00000002   PAD
    0x08007ba8   0x00000028   Code   RO         4399    i.eMBFuncReportSlaveID  BTBUS_Library.lib(mbfuncother.o)
    0x08007bd0   0x0000006c   Code   RO         4322    i.eMBFuncWriteCoil  BTBUS_Library.lib(mbfunccoils.o)
    0x08007c3c   0x0000003e   Code   RO         4359    i.eMBFuncWriteHoldingRegister  BTBUS_Library.lib(mbfuncholding.o)
    0x08007c7a   0x0000008e   Code   RO         4323    i.eMBFuncWriteMultipleCoils  BTBUS_Library.lib(mbfunccoils.o)
    0x08007d08   0x0000006a   Code   RO         4360    i.eMBFuncWriteMultipleHoldingRegister  BTBUS_Library.lib(mbfuncholding.o)
    0x08007d72   0x00000002   PAD
    0x08007d74   0x000000e0   Code   RO         4194    i.eMBInit           BTBUS_Library.lib(mb.o)
    0x08007e54   0x00000184   Code   RO         4195    i.eMBPoll           BTBUS_Library.lib(mb.o)
    0x08007fd8   0x00000058   Code   RO         4420    i.eMBRTUInit        BTBUS_Library.lib(mbrtu.o)
    0x08008030   0x00000070   Code   RO         4421    i.eMBRTUReceive     BTBUS_Library.lib(mbrtu.o)
    0x080080a0   0x000000b0   Code   RO         4422    i.eMBRTUSend        BTBUS_Library.lib(mbrtu.o)
    0x08008150   0x00000024   Code   RO         4423    i.eMBRTUStart       BTBUS_Library.lib(mbrtu.o)
    0x08008174   0x00000018   Code   RO         4424    i.eMBRTUStop        BTBUS_Library.lib(mbrtu.o)
    0x0800818c   0x000000b0   Code   RO         2454    i.eMBRegCoilsCB     freemodbus.o
    0x0800823c   0x00000074   Code   RO         2455    i.eMBRegDiscreteCB  freemodbus.o
    0x080082b0   0x000000dc   Code   RO         2456    i.eMBRegHoldingCB   freemodbus.o
    0x0800838c   0x0000007c   Code   RO         2457    i.eMBRegInputCB     freemodbus.o
    0x08008408   0x00000024   Code   RO         3127    i.fputc             bsp_usart.o
    0x0800842c   0x00000038   Code   RO         2458    i.freemodbus_init   freemodbus.o
    0x08008464   0x0000001a   Code   RO         2459    i.freemodbus_main   freemodbus.o
    0x0800847e   0x00000002   PAD
    0x08008480   0x00000178   Code   RO         2962    i.lcd_OFF           bsp_lcd.o
    0x080085f8   0x000001b4   Code   RO         2599    i.main              main.o
    0x080087ac   0x00000022   Code   RO         4123    i.prveMBError2Exception  BTBUS_Library.lib(mbutils.o)
    0x080087ce   0x00000002   PAD
    0x080087d0   0x00000014   Code   RO         4625    i.prvvTIMERExpiredISR  BTBUS_Library.lib(porttimer.o)
    0x080087e4   0x00000014   Code   RO         4521    i.prvvUARTRxISR     BTBUS_Library.lib(portserial.o)
    0x080087f8   0x00000014   Code   RO         4522    i.prvvUARTTxReadyISR  BTBUS_Library.lib(portserial.o)
    0x0800880c   0x00000084   Code   RO         3492    i.read_time         bsp_rtc.o
    0x08008890   0x000001a4   Code   RO         3493    i.rtc_deel          bsp_rtc.o
    0x08008a34   0x00000050   Code   RO         3494    i.serialread_time   bsp_rtc.o
    0x08008a84   0x00000058   Code   RO         3495    i.set_time          bsp_rtc.o
    0x08008adc   0x00000038   Code   RO         4683    i.usMBCRC16         BTBUS_Library.lib(mbcrc.o)
    0x08008b14   0x00000068   Code   RO         4523    i.vMBPortSerialEnable  BTBUS_Library.lib(portserial.o)
    0x08008b7c   0x00000014   Code   RO         4627    i.vMBPortTimersDisable  BTBUS_Library.lib(porttimer.o)
    0x08008b90   0x00000020   Code   RO         4628    i.vMBPortTimersEnable  BTBUS_Library.lib(porttimer.o)
    0x08008bb0   0x00000048   Code   RO         4075    i.xMBOutput         BTBUS_Library.lib(port.o)
    0x08008bf8   0x00000024   Code   RO         4273    i.xMBPortEventGet   BTBUS_Library.lib(portevent.o)
    0x08008c1c   0x00000010   Code   RO         4274    i.xMBPortEventInit  BTBUS_Library.lib(portevent.o)
    0x08008c2c   0x00000018   Code   RO         4275    i.xMBPortEventPost  BTBUS_Library.lib(portevent.o)
    0x08008c44   0x00000050   Code   RO         4524    i.xMBPortSerialGetByte  BTBUS_Library.lib(portserial.o)
    0x08008c94   0x0000003c   Code   RO         4525    i.xMBPortSerialInit  BTBUS_Library.lib(portserial.o)
    0x08008cd0   0x00000024   Code   RO         4526    i.xMBPortSerialPutByte  BTBUS_Library.lib(portserial.o)
    0x08008cf4   0x00000064   Code   RO         4629    i.xMBPortTimersInit  BTBUS_Library.lib(porttimer.o)
    0x08008d58   0x00000088   Code   RO         4425    i.xMBRTUReceiveFSM  BTBUS_Library.lib(mbrtu.o)
    0x08008de0   0x00000040   Code   RO         4426    i.xMBRTUTimerT35Expired  BTBUS_Library.lib(mbrtu.o)
    0x08008e20   0x0000006c   Code   RO         4427    i.xMBRTUTransmitFSM  BTBUS_Library.lib(mbrtu.o)
    0x08008e8c   0x0000002a   Code   RO         4124    i.xMBUtilGetBits    BTBUS_Library.lib(mbutils.o)
    0x08008eb6   0x00000060   Code   RO         4125    i.xMBUtilSetBits    BTBUS_Library.lib(mbutils.o)
    0x08008f16   0x00000002   PAD
    0x08008f18   0x0000014c   Data   RO         3154    .constdata          global.o
    0x08009064   0x0000004a   Data   RO         3736    .constdata          bsp_storagedata.o
    0x080090ae   0x00000200   Data   RO         4684    .constdata          BTBUS_Library.lib(mbcrc.o)
    0x080092ae   0x0000001d   Data   RO         5837    .constdata          BTBUS_Library.lib(stm32l1xx_hal_rcc.o)
    0x080092cb   0x00000001   PAD
    0x080092cc   0x00000020   Data   RO         6316    Region$$Table       anon$$obj.o


    Execution Region RW_IRAM1 (Base: 0x20000000, Size: 0x000097b8, Max: 0x0000c000, ABSOLUTE, COMPRESSED[0x00000070])

    Base Addr    Size         Type   Attr      Idx    E Section Name        Object

    0x20000000   0x0000001d   Data   RW           27    .data               system_stm32l1xx.o
    0x2000001d   0x00000019   Data   RW         1017    .data               stm32l1xx_rcc.o
    0x20000036   0x0000000c   Data   RW         2461    .data               freemodbus.o
    0x20000042   0x00000002   PAD
    0x20000044   0x00000004   Data   RW         2855    .data               bsp_systick.o
    0x20000048   0x0000001c   Data   RW         3155    .data               global.o
    0x20000064   0x000000b8   Data   RW         4197    .data               BTBUS_Library.lib(mb.o)
    0x2000011c   0x00000002   Data   RW         4276    .data               BTBUS_Library.lib(portevent.o)
    0x2000011e   0x00000002   Data   RW         4402    .data               BTBUS_Library.lib(mbfuncother.o)
    0x20000120   0x0000000c   Data   RW         4429    .data               BTBUS_Library.lib(mbrtu.o)
    0x2000012c   0x00000004   Data   RW         4631    .data               BTBUS_Library.lib(porttimer.o)
    0x20000130   0x00000004   Data   RW         6296    .data               mc_w.l(stdout.o)
    0x20000134   0x00008000   Zero   RW         2460    .bss                freemodbus.o
    0x20008134   0x00000ee0   Zero   RW         3153    .bss                global.o
    0x20009014   0x00000200   Zero   RW         4076    .bss                BTBUS_Library.lib(port.o)
    0x20009214   0x00000020   Zero   RW         4401    .bss                BTBUS_Library.lib(mbfuncother.o)
    0x20009234   0x00000100   Zero   RW         4428    .bss                BTBUS_Library.lib(mbrtu.o)
    0x20009334   0x0000004a   Zero   RW         4527    .bss                BTBUS_Library.lib(portserial.o)
    0x2000937e   0x00000002   PAD
    0x20009380   0x00000038   Zero   RW         4630    .bss                BTBUS_Library.lib(porttimer.o)
    0x200093b8   0x00000400   Zero   RW            1    STACK               startup_stm32l1xx_hd.o


==============================================================================

Image component sizes


      Code (inc. data)   RO Data    RW Data    ZI Data      Debug   Object Name

       380         20          0          0          0       1448   bsp_adc.o
        60          6          0          0          0        469   bsp_alarmdeal.o
       120          0          0          0          0       1769   bsp_class.o
        88         12          0          0          0        453   bsp_datadeal.o
       194          8          0          0          0       1033   bsp_exti_key.o
      1220         54          0          0          0       7105   bsp_i2c.o
      1602         94          0          0          0       5712   bsp_init.o
     11890        234          0          0          0      16320   bsp_lcd.o
        60         12          0          0          0        452   bsp_powerdeal.o
       910        114          0          0          0       3475   bsp_rtc.o
        78         12          0          0          0        994   bsp_sensordeal.o
      1112        238          0          0          0       2945   bsp_serialdeal.o
       404         22          0          0          0       2061   bsp_spi_flash.o
      1002         80         74          0          0       3982   bsp_storagedata.o
       184         22          0          4          0      18547   bsp_systick.o
       118          0          0          0          0        925   bsp_timer.o
       238         12          0          0          0       1572   bsp_usart.o
         0          0          0          0          0       4232   core_cm3.o
       802         88          0         12      32768       9382   freemodbus.o
         0          0        332         28       3808       8935   global.o
       436        246          0          0          0      11211   main.o
       140         22          0          0          0       1303   misc.o
        36          8        292          0       1024        808   startup_stm32l1xx_hd.o
       538         10          0          0          0       5019   stm32l1xx_adc.o
        32          6          0          0          0        480   stm32l1xx_dbgmcu.o
       416          8          0          0          0       3110   stm32l1xx_dma.o
       184         16          0          0          0       1748   stm32l1xx_exti.o
       228          0          0          0          0       2999   stm32l1xx_gpio.o
       224         16          0          0          0     214850   stm32l1xx_hal_msp.o
       300         20          0          0          0       4623   stm32l1xx_it.o
       234         36          0          0          0       4667   stm32l1xx_lcd.o
        12          6          0          0          0        431   stm32l1xx_pwr.o
       540         76          0         25          0       7045   stm32l1xx_rcc.o
        96          4          0          0          0       1513   stm32l1xx_rtc.o
       112          0          0          0          0       2790   stm32l1xx_spi.o
        64          4          0          0          0        560   stm32l1xx_syscfg.o
       184         20          0          0          0       3450   stm32l1xx_tim.o
       430          6          0          0          0       4689   stm32l1xx_usart.o
       372         30          0         29          0     282333   system_stm32l1xx.o

    ----------------------------------------------------------------------
     25074       1562        730        100      37600     645440   Object Totals
         0          0         32          0          0          0   (incl. Generated)
        34          0          0          2          0          0   (incl. Padding)

    ----------------------------------------------------------------------

      Code (inc. data)   RO Data    RW Data    ZI Data      Debug   Library Member Name

       652        174          0        184          0       8351   mb.o
        56          8        512          0          0       2144   mbcrc.o
       416          0          0          0          0       3766   mbfunccoils.o
       164          0          0          0          0       1584   mbfuncdisc.o
       512          0          0          0          0       5015   mbfuncholding.o
       132          0          0          0          0       1539   mbfuncinput.o
        40         10          0          2         32       1395   mbfuncother.o
       744         98          0         12        256       9333   mbrtu.o
       172          0          0          0          0       5602   mbutils.o
        80          4          0          0        512       3629   port.o
        76         24          0          2          0       4450   portevent.o
       588         44          0          0         74     192446   portserial.o
       198         34          0          4         56       3671   porttimer.o
       208         14          0          0          0     263355   stm32l1xx_hal_cortex.o
       476         38          0          0          0       1720   stm32l1xx_hal_gpio.o
       332         50         29          0          0       3545   stm32l1xx_hal_rcc.o
       594         22          0          0          0       6177   stm32l1xx_hal_tim.o
       856          6          0          0          0       3930   stm32l1xx_hal_uart.o
        92          0          0          0          0          0   __dczerorl2.o
         0          0          0          0          0          0   entry.o
         0          0          0          0          0          0   entry10a.o
         0          0          0          0          0          0   entry11a.o
         8          4          0          0          0          0   entry2.o
         4          0          0          0          0          0   entry5.o
         0          0          0          0          0          0   entry7b.o
         0          0          0          0          0          0   entry8b.o
         8          4          0          0          0          0   entry9a.o
        30          0          0          0          0          0   handlers.o
        36          8          0          0          0         68   init.o
         0          0          0          0          0          0   iusefp.o
        30          0          0          0          0         68   llshl.o
        36          0          0          0          0         68   llsshr.o
        32          0          0          0          0         68   llushr.o
        36          0          0          0          0         68   memcpya.o
        36          0          0          0          0        108   memseta.o
      1150         54          0          0          0        352   printf8.o
      2256         86          0          0          0        508   printfa.o
         0          0          0          4          0          0   stdout.o
        44          0          0          0          0         80   uidiv.o
        98          0          0          0          0         92   uldiv.o
        40          2          0          0          0         68   cdrcmple.o
       334          0          0          0          0        148   dadd.o
       222          0          0          0          0        100   ddiv.o
       190          0          0          0          0        176   depilogue.o
        48          0          0          0          0         68   dfixul.o
       228          0          0          0          0         96   dmul.o

    ----------------------------------------------------------------------
     11266        684        542        208        932     523788   Library Totals
        12          0          1          0          2          0   (incl. Padding)

    ----------------------------------------------------------------------

      Code (inc. data)   RO Data    RW Data    ZI Data      Debug   Library Name

      6296        526        541        204        930     521652   BTBUS_Library.lib
      3896        156          0          4          0       1480   mc_w.l
      1062          2          0          0          0        656   mf_w.l

    ----------------------------------------------------------------------
     11266        684        542        208        932     523788   Library Totals

    ----------------------------------------------------------------------

==============================================================================


      Code (inc. data)   RO Data    RW Data    ZI Data      Debug   

     36340       2246       1272        308      38532    1155448   Grand Totals
     36340       2246       1272        112      38532    1155448   ELF Image Totals (compressed)
     36340       2246       1272        112          0          0   ROM Totals

==============================================================================

    Total RO  Size (Code + RO Data)                37612 (  36.73kB)
    Total RW  Size (RW Data + ZI Data)             38840 (  37.93kB)
    Total ROM Size (Code + RO Data + RW Data)      37724 (  36.84kB)

==============================================================================

