ARM Linker, 5.03 [Build 76] [MDK-ARM Standard]

==============================================================================

Section Cross References

    startup_stm32l1xx_hd.o(RESET) refers to startup_stm32l1xx_hd.o(STACK) for __initial_sp
    startup_stm32l1xx_hd.o(RESET) refers to startup_stm32l1xx_hd.o(.text) for Reset_Handler
    startup_stm32l1xx_hd.o(RESET) refers to stm32l1xx_it.o(i.NMI_Handler) for NMI_Handler
    startup_stm32l1xx_hd.o(RESET) refers to stm32l1xx_it.o(i.HardFault_Handler) for HardFault_Handler
    startup_stm32l1xx_hd.o(RESET) refers to stm32l1xx_it.o(i.MemManage_Handler) for MemManage_Handler
    startup_stm32l1xx_hd.o(RESET) refers to stm32l1xx_it.o(i.BusFault_Handler) for BusFault_Handler
    startup_stm32l1xx_hd.o(RESET) refers to stm32l1xx_it.o(i.UsageFault_Handler) for UsageFault_Handler
    startup_stm32l1xx_hd.o(RESET) refers to stm32l1xx_it.o(i.SVC_Handler) for SVC_Handler
    startup_stm32l1xx_hd.o(RESET) refers to stm32l1xx_it.o(i.DebugMon_Handler) for DebugMon_Handler
    startup_stm32l1xx_hd.o(RESET) refers to stm32l1xx_it.o(i.PendSV_Handler) for PendSV_Handler
    startup_stm32l1xx_hd.o(RESET) refers to stm32l1xx_it.o(i.SysTick_Handler) for SysTick_Handler
    startup_stm32l1xx_hd.o(RESET) refers to stm32l1xx_it.o(i.TIM2_IRQHandler) for TIM2_IRQHandler
    startup_stm32l1xx_hd.o(RESET) refers to porttimer.o(i.TIM3_IRQHandler) for TIM3_IRQHandler
    startup_stm32l1xx_hd.o(RESET) refers to stm32l1xx_it.o(i.USART1_IRQHandler) for USART1_IRQHandler
    startup_stm32l1xx_hd.o(RESET) refers to portserial.o(i.USART3_IRQHandler) for USART3_IRQHandler
    startup_stm32l1xx_hd.o(RESET) refers to stm32l1xx_it.o(i.EXTI15_10_IRQHandler) for EXTI15_10_IRQHandler
    startup_stm32l1xx_hd.o(.text) refers to system_stm32l1xx.o(i.SystemInit) for SystemInit
    startup_stm32l1xx_hd.o(.text) refers to entry.o(.ARM.Collect$$$$00000000) for __main
    system_stm32l1xx.o(i.SystemCoreClockUpdate) refers to system_stm32l1xx.o(.data) for SystemCoreClock
    system_stm32l1xx.o(i.SystemInit) refers to system_stm32l1xx.o(i.SetSysClock) for SetSysClock
    stm32l1xx_usart.o(i.USART_DeInit) refers to stm32l1xx_rcc.o(i.RCC_APB2PeriphResetCmd) for RCC_APB2PeriphResetCmd
    stm32l1xx_usart.o(i.USART_DeInit) refers to stm32l1xx_rcc.o(i.RCC_APB1PeriphResetCmd) for RCC_APB1PeriphResetCmd
    stm32l1xx_usart.o(i.USART_Init) refers to stm32l1xx_rcc.o(i.RCC_GetClocksFreq) for RCC_GetClocksFreq
    stm32l1xx_adc.o(i.ADC_DeInit) refers to stm32l1xx_rcc.o(i.RCC_APB2PeriphResetCmd) for RCC_APB2PeriphResetCmd
    stm32l1xx_gpio.o(i.GPIO_DeInit) refers to stm32l1xx_rcc.o(i.RCC_AHBPeriphResetCmd) for RCC_AHBPeriphResetCmd
    stm32l1xx_lcd.o(i.LCD_DeInit) refers to stm32l1xx_rcc.o(i.RCC_APB1PeriphResetCmd) for RCC_APB1PeriphResetCmd
    stm32l1xx_lcd.o(i.LCD_Init) refers to stm32l1xx_lcd.o(i.LCD_WaitForSynchro) for LCD_WaitForSynchro
    stm32l1xx_pwr.o(i.PWR_DeInit) refers to stm32l1xx_rcc.o(i.RCC_APB1PeriphResetCmd) for RCC_APB1PeriphResetCmd
    stm32l1xx_rcc.o(i.RCC_GetClocksFreq) refers to stm32l1xx_rcc.o(.data) for PLLMulTable
    stm32l1xx_rcc.o(i.RCC_WaitForHSEStartUp) refers to stm32l1xx_rcc.o(i.RCC_GetFlagStatus) for RCC_GetFlagStatus
    stm32l1xx_rtc.o(i.RTC_CoarseCalibCmd) refers to stm32l1xx_rtc.o(i.RTC_EnterInitMode) for RTC_EnterInitMode
    stm32l1xx_rtc.o(i.RTC_CoarseCalibCmd) refers to stm32l1xx_rtc.o(i.RTC_ExitInitMode) for RTC_ExitInitMode
    stm32l1xx_rtc.o(i.RTC_CoarseCalibConfig) refers to stm32l1xx_rtc.o(i.RTC_EnterInitMode) for RTC_EnterInitMode
    stm32l1xx_rtc.o(i.RTC_CoarseCalibConfig) refers to stm32l1xx_rtc.o(i.RTC_ExitInitMode) for RTC_ExitInitMode
    stm32l1xx_rtc.o(i.RTC_DeInit) refers to stm32l1xx_rtc.o(i.RTC_EnterInitMode) for RTC_EnterInitMode
    stm32l1xx_rtc.o(i.RTC_DeInit) refers to stm32l1xx_rtc.o(i.RTC_WaitForSynchro) for RTC_WaitForSynchro
    stm32l1xx_rtc.o(i.RTC_GetAlarm) refers to stm32l1xx_rtc.o(i.RTC_Bcd2ToByte) for RTC_Bcd2ToByte
    stm32l1xx_rtc.o(i.RTC_GetDate) refers to stm32l1xx_rtc.o(i.RTC_Bcd2ToByte) for RTC_Bcd2ToByte
    stm32l1xx_rtc.o(i.RTC_GetTime) refers to stm32l1xx_rtc.o(i.RTC_Bcd2ToByte) for RTC_Bcd2ToByte
    stm32l1xx_rtc.o(i.RTC_GetTimeStamp) refers to stm32l1xx_rtc.o(i.RTC_Bcd2ToByte) for RTC_Bcd2ToByte
    stm32l1xx_rtc.o(i.RTC_Init) refers to stm32l1xx_rtc.o(i.RTC_EnterInitMode) for RTC_EnterInitMode
    stm32l1xx_rtc.o(i.RTC_Init) refers to stm32l1xx_rtc.o(i.RTC_ExitInitMode) for RTC_ExitInitMode
    stm32l1xx_rtc.o(i.RTC_RefClockCmd) refers to stm32l1xx_rtc.o(i.RTC_EnterInitMode) for RTC_EnterInitMode
    stm32l1xx_rtc.o(i.RTC_RefClockCmd) refers to stm32l1xx_rtc.o(i.RTC_ExitInitMode) for RTC_ExitInitMode
    stm32l1xx_rtc.o(i.RTC_SetAlarm) refers to stm32l1xx_rtc.o(i.RTC_Bcd2ToByte) for RTC_Bcd2ToByte
    stm32l1xx_rtc.o(i.RTC_SetAlarm) refers to stm32l1xx_rtc.o(i.RTC_ByteToBcd2) for RTC_ByteToBcd2
    stm32l1xx_rtc.o(i.RTC_SetDate) refers to stm32l1xx_rtc.o(i.RTC_Bcd2ToByte) for RTC_Bcd2ToByte
[...]
    STACK                                    0x20009398   Section     1024  startup_stm32l1xx_hd.o(STACK)

    Global Symbols

    Symbol Name                              Value     Ov Type        Size  Object(Section)

    BuildAttributes$$THM_ISAv4$P$D$K$B$S$PE$A:L22UL41UL21$X:L11$S22US41US21$IEEE1$IW$USESV6$~STKCKD$USESV7$~SHL$OTIME$ROPI$EBA8$MICROLIB$REQ8$PRES8$EABIv2 0x00000000   Number         0  anon$$obj.o ABSOLUTE
    __ARM_use_no_argv                        0x00000000   Number         0  main.o ABSOLUTE
    _printf_a                                0x00000000   Number         0  stubs.o ABSOLUTE
    _printf_c                                0x00000000   Number         0  stubs.o ABSOLUTE
    _printf_charcount                        0x00000000   Number         0  stubs.o ABSOLUTE
    _printf_d                                0x00000000   Number         0  stubs.o ABSOLUTE
    _printf_e                                0x00000000   Number         0  stubs.o ABSOLUTE
    _printf_f                                0x00000000   Number         0  stubs.o ABSOLUTE
    _printf_flags                            0x00000000   Number         0  stubs.o ABSOLUTE
    _printf_fp_dec                           0x00000000   Number         0  stubs.o ABSOLUTE
    _printf_fp_hex                           0x00000000   Number         0  stubs.o ABSOLUTE
    _printf_g                                0x00000000   Number         0  stubs.o ABSOLUTE
    _printf_i                                0x00000000   Number         0  stubs.o ABSOLUTE
    _printf_int_dec                          0x00000000   Number         0  stubs.o ABSOLUTE
    _printf_l                                0x00000000   Number         0  stubs.o ABSOLUTE
    _printf_lc                               0x00000000   Number         0  stubs.o ABSOLUTE
    _printf_ll                               0x00000000   Number         0  stubs.o ABSOLUTE
    _printf_lld                              0x00000000   Number         0  stubs.o ABSOLUTE
    _printf_lli                              0x00000000   Number         0  stubs.o ABSOLUTE
    _printf_llo                              0x00000000   Number         0  stubs.o ABSOLUTE
    _printf_llu                              0x00000000   Number         0  stubs.o ABSOLUTE
    _printf_llx                              0x00000000   Number         0  stubs.o ABSOLUTE
    _printf_longlong_dec                     0x00000000   Number         0  stubs.o ABSOLUTE
    _printf_longlong_hex                     0x00000000   Number         0  stubs.o ABSOLUTE
    _printf_longlong_oct                     0x00000000   Number         0  stubs.o ABSOLUTE
    _printf_ls                               0x00000000   Number         0  stubs.o ABSOLUTE
    _printf_mbtowc                           0x00000000   Number         0  stubs.o ABSOLUTE
    _printf_n                                0x00000000   Number         0  stubs.o ABSOLUTE
    _printf_o                                0x00000000   Number         0  stubs.o ABSOLUTE
    _printf_p                                0x00000000   Number         0  stubs.o ABSOLUTE
    _printf_percent                          0x00000000   Number         0  stubs.o ABSOLUTE
    _printf_pre_padding                      0x00000000   Number         0  stubs.o ABSOLUTE
    _printf_return_value                     0x00000000   Number         0  stubs.o ABSOLUTE
    _printf_s                                0x00000000   Number         0  stubs.o ABSOLUTE
    _printf_sizespec                         0x00000000   Number         0  stubs.o ABSOLUTE
    _printf_str                              0x00000000   Number         0  stubs.o ABSOLUTE
    _printf_truncate_signed                  0x00000000   Number         0  stubs.o ABSOLUTE
    _printf_truncate_unsigned                0x00000000   Number         0  stubs.o ABSOLUTE
    _printf_u                                0x00000000   Number         0  stubs.o ABSOLUTE
    _printf_wc                               0x00000000   Number         0  stubs.o ABSOLUTE
    _printf_wctomb                           0x00000000   Number         0  stubs.o ABSOLUTE
    _printf_widthprec                        0x00000000   Number         0  stubs.o ABSOLUTE
    _printf_x                                0x00000000   Number         0  stubs.o ABSOLUTE
    __cpp_initialize__aeabi_                  - Undefined Weak Reference
    __cxa_finalize                            - Undefined Weak Reference
    _clock_init                               - Undefined Weak Reference
    _microlib_exit                            - Undefined Weak Reference
    __Vectors_Size                           0x00000124   Number         0  startup_stm32l1xx_hd.o ABSOLUTE
    __Vectors                                0x08000000   Data           4  startup_stm32l1xx_hd.o(RESET)
    __Vectors_End                            0x08000124   Data           0  startup_stm32l1xx_hd.o(RESET)
    __main                                   0x08000125   Thumb Code     0  entry.o(.ARM.Collect$$$$00000000)
    _main_stk                                0x08000125   Thumb Code     0  entry2.o(.ARM.Collect$$$$00000001)
    _main_scatterload                        0x08000129   Thumb Code     0  entry5.o(.ARM.Collect$$$$00000004)
    __main_after_scatterload                 0x0800012d   Thumb Code     0  entry5.o(.ARM.Collect$$$$00000004)
    _main_clock                              0x0800012d   Thumb Code     0  entry7b.o(.ARM.Collect$$$$00000008)
    _main_cpp_init                           0x0800012d   Thumb Code     0  entry8b.o(.ARM.Collect$$$$0000000A)
    _main_init                               0x0800012d   Thumb Code     0  entry9a.o(.ARM.Collect$$$$0000000B)
    __rt_final_cpp                           0x08000135   Thumb Code     0  entry10a.o(.ARM.Collect$$$$0000000D)
    __rt_final_exit                          0x08000135   Thumb Code     0  entry11a.o(.ARM.Collect$$$$0000000F)
    Reset_Handler                            0x08000139   Thumb Code     8  startup_stm32l1xx_hd.o(.text)
    ADC1_IRQHandler                          0x08000153   Thumb Code     0  startup_stm32l1xx_hd.o(.text)
    AES_IRQHandler                           0x08000153   Thumb Code     0  startup_stm32l1xx_hd.o(.text)
    COMP_ACQ_IRQHandler                      0x08000153   Thumb Code     0  startup_stm32l1xx_hd.o(.text)
    COMP_IRQHandler                          0x08000153   Thumb Code     0  startup_stm32l1xx_hd.o(.text)
    DAC_IRQHandler                           0x08000153   Thumb Code     0  startup_stm32l1xx_hd.o(.text)
    DMA1_Channel1_IRQHandler                 0x08000153   Thumb Code     0  startup_stm32l1xx_hd.o(.text)
    DMA1_Channel2_IRQHandler                 0x08000153   Thumb Code     0  startup_stm32l1xx_hd.o(.text)
    DMA1_Channel3_IRQHandler                 0x08000153   Thumb Code     0  startup_stm32l1xx_hd.o(.text)
    DMA1_Channel4_IRQHandler                 0x08000153   Thumb Code     0  startup_stm32l1xx_hd.o(.text)
    DMA1_Channel5_IRQHandler                 0x08000153   Thumb Code     0  startup_stm32l1xx_hd.o(.text)
    DMA1_Channel6_IRQHandler                 0x08000153   Thumb Code     0  startup_stm32l1xx_hd.o(.text)
    DMA1_Channel7_IRQHandler                 0x08000153   Thumb Code     0  startup_stm32l1xx_hd.o(.text)
    DMA2_Channel1_IRQHandler                 0x08000153   Thumb Code     0  startup_stm32l1xx_hd.o(.text)
    DMA2_Channel2_IRQHandler                 0x08000153   Thumb Code     0  startup_stm32l1xx_hd.o(.text)
    DMA2_Channel3_IRQHandler                 0x08000153   Thumb Code     0  startup_stm32l1xx_hd.o(.text)
    DMA2_Channel4_IRQHandler                 0x08000153   Thumb Code     0  startup_stm32l1xx_hd.o(.text)
    DMA2_Channel5_IRQHandler                 0x08000153   Thumb Code     0  startup_stm32l1xx_hd.o(.text)
    EXTI0_IRQHandler                         0x08000153   Thumb Code     0  startup_stm32l1xx_hd.o(.text)
    EXTI1_IRQHandler                         0x08000153   Thumb Code     0  startup_stm32l1xx_hd.o(.text)
    EXTI2_IRQHandler                         0x08000153   Thumb Code     0  startup_stm32l1xx_hd.o(.text)
    EXTI3_IRQHandler                         0x08000153   Thumb Code     0  startup_stm32l1xx_hd.o(.text)
    EXTI4_IRQHandler                         0x08000153   Thumb Code     0  startup_stm32l1xx_hd.o(.text)
    EXTI9_5_IRQHandler                       0x08000153   Thumb Code     0  startup_stm32l1xx_hd.o(.text)
    FLASH_IRQHandler                         0x08000153   Thumb Code     0  startup_stm32l1xx_hd.o(.text)
    I2C1_ER_IRQHandler                       0x08000153   Thumb Code     0  startup_stm32l1xx_hd.o(.text)
    I2C1_EV_IRQHandler                       0x08000153   Thumb Code     0  startup_stm32l1xx_hd.o(.text)
    I2C2_ER_IRQHandler                       0x08000153   Thumb Code     0  startup_stm32l1xx_hd.o(.text)
    I2C2_EV_IRQHandler                       0x08000153   Thumb Code     0  startup_stm32l1xx_hd.o(.text)
    LCD_IRQHandler                           0x08000153   Thumb Code     0  startup_stm32l1xx_hd.o(.text)
    PVD_IRQHandler                           0x08000153   Thumb Code     0  startup_stm32l1xx_hd.o(.text)
    RCC_IRQHandler                           0x08000153   Thumb Code     0  startup_stm32l1xx_hd.o(.text)
    RTC_Alarm_IRQHandler                     0x08000153   Thumb Code     0  startup_stm32l1xx_hd.o(.text)
    RTC_WKUP_IRQHandler                      0x08000153   Thumb Code     0  startup_stm32l1xx_hd.o(.text)
    SDIO_IRQHandler                          0x08000153   Thumb Code     0  startup_stm32l1xx_hd.o(.text)
    SPI1_IRQHandler                          0x08000153   Thumb Code     0  startup_stm32l1xx_hd.o(.text)
    SPI2_IRQHandler                          0x08000153   Thumb Code     0  startup_stm32l1xx_hd.o(.text)
    SPI3_IRQHandler                          0x08000153   Thumb Code     0  startup_stm32l1xx_hd.o(.text)
    TAMPER_STAMP_IRQHandler                  0x08000153   Thumb Code     0  startup_stm32l1xx_hd.o(.text)
    TIM10_IRQHandler                         0x08000153   Thumb Code     0  startup_stm32l1xx_hd.o(.text)
    TIM11_IRQHandler                         0x08000153   Thumb Code     0  startup_stm32l1xx_hd.o(.text)
    TIM4_IRQHandler                          0x08000153   Thumb Code     0  startup_stm32l1xx_hd.o(.text)
    TIM5_IRQHandler                          0x08000153   Thumb Code     0  startup_stm32l1xx_hd.o(.text)
    TIM6_IRQHandler                          0x08000153   Thumb Code     0  startup_stm32l1xx_hd.o(.text)
    TIM7_IRQHandler                          0x08000153   Thumb Code     0  startup_stm32l1xx_hd.o(.text)
    TIM9_IRQHandler                          0x08000153   Thumb Code     0  startup_stm32l1xx_hd.o(.text)
    UART4_IRQHandler                         0x08000153   Thumb Code     0  startup_stm32l1xx_hd.o(.text)
    UART5_IRQHandler                         0x08000153   Thumb Code     0  startup_stm32l1xx_hd.o(.text)
    USART2_IRQHandler                        0x08000153   Thumb Code     0  startup_stm32l1xx_hd.o(.text)
    USB_FS_WKUP_IRQHandler                   0x08000153   Thumb Code     0  startup_stm32l1xx_hd.o(.text)
    USB_HP_IRQHandler                        0x08000153   Thumb Code     0  startup_stm32l1xx_hd.o(.text)
    USB_LP_IRQHandler                        0x08000153   Thumb Code     0  startup_stm32l1xx_hd.o(.text)
    WWDG_IRQHandler                          0x08000153   Thumb Code     0  startup_stm32l1xx_hd.o(.text)
    __aeabi_memcpy                           0x0800015d   Thumb Code    36  memcpya.o(.text)
    __aeabi_memcpy4                          0x0800015d   Thumb Code     0  memcpya.o(.text)
    __aeabi_memcpy8                          0x0800015d   Thumb Code     0  memcpya.o(.text)
    __aeabi_memset                           0x08000181   Thumb Code    14  memseta.o(.text)
    __aeabi_memset4                          0x08000181   Thumb Code     0  memseta.o(.text)
    __aeabi_memset8                          0x08000181   Thumb Code     0  memseta.o(.text)
    __aeabi_memclr                           0x0800018f   Thumb Code     4  memseta.o(.text)
    __aeabi_memclr4                          0x0800018f   Thumb Code     0  memseta.o(.text)
    __aeabi_memclr8                          0x0800018f   Thumb Code     0  memseta.o(.text)
    _memset$wrapper                          0x08000193   Thumb Code    18  memseta.o(.text)
    __aeabi_fadd                             0x080001a5   Thumb Code   164  fadd.o(.text)
    __aeabi_fsub                             0x08000249   Thumb Code     6  fadd.o(.text)
    __aeabi_frsub                            0x0800024f   Thumb Code     6  fadd.o(.text)
    __aeabi_fmul                             0x08000255   Thumb Code   108  fmul.o(.text)
    __aeabi_fdiv                             0x080002c1   Thumb Code   128  fdiv.o(.text)
    __aeabi_dadd                             0x08000341   Thumb Code   322  dadd.o(.text)
    __aeabi_dsub                             0x08000483   Thumb Code     6  dadd.o(.text)
    __aeabi_drsub                            0x08000489   Thumb Code     6  dadd.o(.text)
    __aeabi_dmul                             0x0800048f   Thumb Code   228  dmul.o(.text)
    __aeabi_ddiv                             0x08000573   Thumb Code   222  ddiv.o(.text)
    __aeabi_i2f                              0x08000651   Thumb Code    18  fflti.o(.text)
    __aeabi_ui2f                             0x08000663   Thumb Code    10  ffltui.o(.text)
    __aeabi_f2uiz                            0x0800066d   Thumb Code    40  ffixui.o(.text)
    __aeabi_f2d                              0x08000695   Thumb Code    38  f2d.o(.text)
    __aeabi_cdcmpeq                          0x080006bd   Thumb Code     0  cdcmple.o(.text)
    __aeabi_cdcmple                          0x080006bd   Thumb Code    38  cdcmple.o(.text)
    __aeabi_cdrcmple                         0x080006e5   Thumb Code    38  cdrcmple.o(.text)
    __aeabi_d2f                              0x0800070d   Thumb Code    56  d2f.o(.text)
    __aeabi_cfcmpeq                          0x08000745   Thumb Code     0  cfcmple.o(.text)
    __aeabi_cfcmple                          0x08000745   Thumb Code    20  cfcmple.o(.text)
    __aeabi_cfrcmple                         0x08000759   Thumb Code    20  cfrcmple.o(.text)
    __aeabi_uidiv                            0x0800076d   Thumb Code     0  uidiv.o(.text)
    __aeabi_uidivmod                         0x0800076d   Thumb Code    44  uidiv.o(.text)
    __aeabi_uldivmod                         0x08000799   Thumb Code    98  uldiv.o(.text)
    __aeabi_llsl                             0x080007fb   Thumb Code    30  llshl.o(.text)
    _ll_shift_l                              0x080007fb   Thumb Code     0  llshl.o(.text)
    __aeabi_lasr                             0x08000819   Thumb Code    36  llsshr.o(.text)
    _ll_sshift_r                             0x08000819   Thumb Code     0  llsshr.o(.text)
    __I$use$fp                               0x0800083d   Thumb Code     0  iusefp.o(.text)
    _float_round                             0x0800083d   Thumb Code    18  fepilogue.o(.text)
    _float_epilogue                          0x0800084f   Thumb Code    90  fepilogue.o(.text)
    _double_round                            0x080008a9   Thumb Code    26  depilogue.o(.text)
    _double_epilogue                         0x080008c3   Thumb Code   164  depilogue.o(.text)
    __aeabi_d2ulz                            0x08000967   Thumb Code    48  dfixul.o(.text)
    __scatterload                            0x08000999   Thumb Code    28  init.o(.text)
    __scatterload_rt2                        0x08000999   Thumb Code     0  init.o(.text)
    __aeabi_llsr                             0x080009bd   Thumb Code    32  llushr.o(.text)
    _ll_ushift_r                             0x080009bd   Thumb Code     0  llushr.o(.text)
    __decompress                             0x080009dd   Thumb Code     0  __dczerorl2.o(.text)
    __decompress1                            0x080009dd   Thumb Code    92  __dczerorl2.o(.text)
    ADC1_Init                                0x08000a89   Thumb Code    30  bsp_adc.o(i.ADC1_Init)
    ADC_Cmd                                  0x08000bc9   Thumb Code    22  stm32l1xx_adc.o(i.ADC_Cmd)
    ADC_DMACmd                               0x08000bdf   Thumb Code    22  stm32l1xx_adc.o(i.ADC_DMACmd)
    ADC_DMARequestAfterLastTransferCmd       0x08000bf5   Thumb Code    22  stm32l1xx_adc.o(i.ADC_DMARequestAfterLastTransferCmd)
    ADC_GetFlagStatus                        0x08000c0b   Thumb Code    18  stm32l1xx_adc.o(i.ADC_GetFlagStatus)
    ADC_Init                                 0x08000c1d   Thumb Code    74  stm32l1xx_adc.o(i.ADC_Init)
    ADC_RegularChannelConfig                 0x08000c71   Thumb Code   344  stm32l1xx_adc.o(i.ADC_RegularChannelConfig)
    ADC_SoftwareStartConv                    0x08000dc9   Thumb Code    10  stm32l1xx_adc.o(i.ADC_SoftwareStartConv)
    ADC_StructInit                           0x08000dd3   Thumb Code    26  stm32l1xx_adc.o(i.ADC_StructInit)
    AI2C_Read                                0x08000ded   Thumb Code   180  bsp_i2c.o(i.AI2C_Read)
    Ack                                      0x08000ea5   Thumb Code    74  bsp_i2c.o(i.Ack)
    AlarmDeal                                0x08000ef5   Thumb Code   260  bsp_alarmdeal.o(i.AlarmDeal)
    BellNn                                   0x08001009   Thumb Code    54  bsp_alarmdeal.o(i.BellNn)
    BellNn_longer                            0x08001045   Thumb Code    56  bsp_alarmdeal.o(i.BellNn_longer)
    BusFault_Handler                         0x08001081   Thumb Code     4  stm32l1xx_it.o(i.BusFault_Handler)
    Button_Config                            0x08001085   Thumb Code     2  freemodbus.o(i.Button_Config)
    Button_Poll                              0x08001089   Thumb Code     8  freemodbus.o(i.Button_Poll)
    Change3BytesTimeToLong                   0x08001095   Thumb Code    26  bsp_class.o(i.Change3BytesTimeToLong)
    ChannelDataDeal                          0x080010b1   Thumb Code   378  bsp_i2c_fram.o(i.ChannelDataDeal)
    Char_to_Int                              0x08001245   Thumb Code     8  bsp_class.o(i.Char_to_Int)
    DMA_Cmd                                  0x0800124d   Thumb Code    24  stm32l1xx_dma.o(i.DMA_Cmd)
    DMA_DeInit                               0x08001265   Thumb Code   324  stm32l1xx_dma.o(i.DMA_DeInit)
    DMA_Init                                 0x080013b1   Thumb Code    60  stm32l1xx_dma.o(i.DMA_Init)
    DateToSeconds                            0x080013ed   Thumb Code    98  bsp_rtc.o(i.DateToSeconds)
    Dealing_Gather                           0x0800145d   Thumb Code   178  bsp_adc.o(i.Dealing_Gather)
    DebugMon_Handler                         0x08001525   Thumb Code     2  stm32l1xx_it.o(i.DebugMon_Handler)
    Delay_ms                                 0x08001535   Thumb Code    36  bsp_systick.o(i.Delay_ms)
    Display_ChannelValue                     0x0800155d   Thumb Code   220  bsp_lcd.o(i.Display_ChannelValue)
    Display_Mem                              0x08001659   Thumb Code   578  bsp_lcd.o(i.Display_Mem)
    Display_NUL                              0x080018a9   Thumb Code    56  bsp_lcd.o(i.Display_NUL)
    Display_SN                               0x080018e1   Thumb Code   278  bsp_lcd.o(i.Display_SN)
    Display_Signal                           0x08001a01   Thumb Code   298  bsp_lcd.o(i.Display_Signal)
    DoGatherChannelDataFloat                 0x08001b31   Thumb Code    60  bsp_sensordeal.o(i.DoGatherChannelDataFloat)
    DownFlash_HisData                        0x08001b75   Thumb Code   114  bsp_i2c_fram.o(i.DownFlash_HisData)
    EXTI15_10_Config                         0x08001bf1   Thumb Code   118  bsp_exti_key.o(i.EXTI15_10_Config)
    EXTI15_10_IRQHandler                     0x08001c69   Thumb Code   136  stm32l1xx_it.o(i.EXTI15_10_IRQHandler)
    EXTI_ClearITPendingBit                   0x08001cf9   Thumb Code     6  stm32l1xx_exti.o(i.EXTI_ClearITPendingBit)
    EXTI_GetITStatus                         0x08001d05   Thumb Code    20  stm32l1xx_exti.o(i.EXTI_GetITStatus)
    EXTI_Init                                0x08001d1d   Thumb Code   142  stm32l1xx_exti.o(i.EXTI_Init)
    EnterCriticalSection                     0x08001db1   Thumb Code     4  port.o(i.EnterCriticalSection)
    Error_Handler                            0x08001db5   Thumb Code     4  freemodbus.o(i.Error_Handler)
    ExitCriticalSection                      0x08001db9   Thumb Code     4  port.o(i.ExitCriticalSection)
    FirstCheckExternPower                    0x08001dbd   Thumb Code    48  bsp_powerdeal.o(i.FirstCheckExternPower)
    FisrtPowerOnDisplay                      0x08001e11   Thumb Code    68  bsp_lcd.o(i.FisrtPowerOnDisplay)
    Fram_Read                                0x08001e5d   Thumb Code   180  bsp_i2c.o(i.Fram_Read)
    Fram_Write                               0x08001f15   Thumb Code   146  bsp_i2c.o(i.Fram_Write)
    GPIO_Init                                0x08001fad   Thumb Code   132  stm32l1xx_gpio.o(i.GPIO_Init)
    GPIO_PinAFConfig                         0x08002031   Thumb Code    70  stm32l1xx_gpio.o(i.GPIO_PinAFConfig)
    GPIO_ReadInputDataBit                    0x08002077   Thumb Code    18  stm32l1xx_gpio.o(i.GPIO_ReadInputDataBit)
    GPIO_ResetBits                           0x08002089   Thumb Code     4  stm32l1xx_gpio.o(i.GPIO_ResetBits)
    GPIO_SetBits                             0x0800208d   Thumb Code     4  stm32l1xx_gpio.o(i.GPIO_SetBits)
    GetRecIntervalTime                       0x080021f5   Thumb Code    84  bsp_class.o(i.GetRecIntervalTime)
    HAL_GPIO_Init                            0x08002261   Thumb Code   438  stm32l1xx_hal_gpio.o(i.HAL_GPIO_Init)
    HAL_NVIC_EnableIRQ                       0x0800243d   Thumb Code    28  stm32l1xx_hal_cortex.o(i.HAL_NVIC_EnableIRQ)
    HAL_NVIC_SetPriority                     0x08002459   Thumb Code   124  stm32l1xx_hal_cortex.o(i.HAL_NVIC_SetPriority)
    HAL_RCC_GetHCLKFreq                      0x080024d5   Thumb Code    42  stm32l1xx_hal_rcc.o(i.HAL_RCC_GetHCLKFreq)
    HAL_RCC_GetPCLK1Freq                     0x0800250d   Thumb Code    36  stm32l1xx_hal_rcc.o(i.HAL_RCC_GetPCLK1Freq)
    HAL_RCC_GetPCLK2Freq                     0x08002539   Thumb Code    36  stm32l1xx_hal_rcc.o(i.HAL_RCC_GetPCLK2Freq)
    HAL_RCC_GetSysClockFreq                  0x08002565   Thumb Code   168  stm32l1xx_hal_rcc.o(i.HAL_RCC_GetSysClockFreq)
    HAL_TIM_Base_Init                        0x08002621   Thumb Code    52  stm32l1xx_hal_tim.o(i.HAL_TIM_Base_Init)
    HAL_TIM_Base_MspInit                     0x08002655   Thumb Code    50  stm32l1xx_hal_msp.o(i.HAL_TIM_Base_MspInit)
    HAL_TIM_Base_Start_IT                    0x0800268d   Thumb Code    38  stm32l1xx_hal_tim.o(i.HAL_TIM_Base_Start_IT)
    HAL_TIM_Base_Stop_IT                     0x080026b3   Thumb Code    46  stm32l1xx_hal_tim.o(i.HAL_TIM_Base_Stop_IT)
    HAL_TIM_IC_CaptureCallback               0x080026e1   Thumb Code     2  stm32l1xx_hal_tim.o(i.HAL_TIM_IC_CaptureCallback)
    HAL_TIM_IRQHandler                       0x080026e3   Thumb Code   338  stm32l1xx_hal_tim.o(i.HAL_TIM_IRQHandler)
    HAL_TIM_OC_DelayElapsedCallback          0x08002835   Thumb Code     2  stm32l1xx_hal_tim.o(i.HAL_TIM_OC_DelayElapsedCallback)
    HAL_TIM_PWM_PulseFinishedCallback        0x08002837   Thumb Code     2  stm32l1xx_hal_tim.o(i.HAL_TIM_PWM_PulseFinishedCallback)
    HAL_TIM_PeriodElapsedCallback            0x08002839   Thumb Code    10  porttimer.o(i.HAL_TIM_PeriodElapsedCallback)
    HAL_TIM_TriggerCallback                  0x08002843   Thumb Code     2  stm32l1xx_hal_tim.o(i.HAL_TIM_TriggerCallback)
    HAL_UART_ErrorCallback                   0x08002845   Thumb Code     2  stm32l1xx_hal_uart.o(i.HAL_UART_ErrorCallback)
    HAL_UART_Init                            0x08002847   Thumb Code   110  stm32l1xx_hal_uart.o(i.HAL_UART_Init)
    HAL_UART_MspInit                         0x080028b5   Thumb Code   158  stm32l1xx_hal_msp.o(i.HAL_UART_MspInit)
    HAL_UART_Receive_End                     0x0800295d   Thumb Code    64  stm32l1xx_hal_uart.o(i.HAL_UART_Receive_End)
    HAL_UART_Receive_IT                      0x0800299d   Thumb Code   152  stm32l1xx_hal_uart.o(i.HAL_UART_Receive_IT)
    HardFault_Handler                        0x08002a35   Thumb Code     4  stm32l1xx_it.o(i.HardFault_Handler)
    Humi_Adjust                              0x08002c3d   Thumb Code   294  bsp_sensordeal.o(i.Humi_Adjust)
    JlySecDeal                               0x08002da1   Thumb Code   102  bsp_datadeal.o(i.JlySecDeal)
    JlySerialDeal                            0x08002e15   Thumb Code     2  bsp_serialdeal.o(i.JlySerialDeal)
    JudgingChannelNumberDisplay              0x08002e19   Thumb Code    34  bsp_sensordeal.o(i.JudgingChannelNumberDisplay)
    KEY_GPIO_Config                          0x08002e45   Thumb Code    68  bsp_exti_key.o(i.KEY_GPIO_Config)
    LCD_Cmd                                  0x08002e91   Thumb Code     6  stm32l1xx_lcd.o(i.LCD_Cmd)
    LCD_ContrastConfig                       0x08002e9d   Thumb Code    22  stm32l1xx_lcd.o(i.LCD_ContrastConfig)
    LCD_GLASS_Clear                          0x08002eb9   Thumb Code    42  bsp_lcd.o(i.LCD_GLASS_Clear)
    LCD_GLASS_Init                           0x08002ee9   Thumb Code   130  bsp_lcd.o(i.LCD_GLASS_Init)
    LCD_GetFlagStatus                        0x080031a1   Thumb Code    20  stm32l1xx_lcd.o(i.LCD_GetFlagStatus)
    LCD_Init                                 0x080031b9   Thumb Code    78  stm32l1xx_lcd.o(i.LCD_Init)
    LCD_PulseOnDurationConfig                0x0800320d   Thumb Code    22  stm32l1xx_lcd.o(i.LCD_PulseOnDurationConfig)
    LCD_StructInit                           0x08003229   Thumb Code    14  stm32l1xx_lcd.o(i.LCD_StructInit)
    LCD_UpdateDisplayRequest                 0x08003239   Thumb Code     8  stm32l1xx_lcd.o(i.LCD_UpdateDisplayRequest)
    LCD_WaitForSynchro                       0x08003245   Thumb Code    28  stm32l1xx_lcd.o(i.LCD_WaitForSynchro)
    LED_Config                               0x08003265   Thumb Code     2  freemodbus.o(i.LED_Config)
    LED_Poll                                 0x08003269   Thumb Code    48  freemodbus.o(i.LED_Poll)
    MemManage_Handler                        0x08005c5d   Thumb Code     4  stm32l1xx_it.o(i.MemManage_Handler)
    NMI_Handler                              0x08005c61   Thumb Code     2  stm32l1xx_it.o(i.NMI_Handler)
    NVIC_Init                                0x08005c9d   Thumb Code   108  misc.o(i.NVIC_Init)
    NVIC_PriorityGroupConfig                 0x08005d15   Thumb Code    10  misc.o(i.NVIC_PriorityGroupConfig)
    OffPowerSupply                           0x08005d51   Thumb Code    58  bsp_init.o(i.OffPowerSupply)
    OutpowerShan                             0x08005ec5   Thumb Code   748  bsp_powerdeal.o(i.OutpowerShan)
    PARAM_DATA_READ                          0x080061c1   Thumb Code   246  bsp_serialdeal.o(i.PARAM_DATA_READ)
    PARAM_DATA_WRITE                         0x080062c1   Thumb Code   398  bsp_serialdeal.o(i.PARAM_DATA_WRITE)
    PWR_RTCAccessCmd                         0x08006459   Thumb Code     6  stm32l1xx_pwr.o(i.PWR_RTCAccessCmd)
    PendSV_Handler                           0x08006465   Thumb Code     2  stm32l1xx_it.o(i.PendSV_Handler)
    PeripheralInit                           0x08006467   Thumb Code    60  bsp_init.o(i.PeripheralInit)
    RCC_AHBPeriphClockCmd                    0x080064a5   Thumb Code    26  stm32l1xx_rcc.o(i.RCC_AHBPeriphClockCmd)
    RCC_APB1PeriphClockCmd                   0x080064c5   Thumb Code    26  stm32l1xx_rcc.o(i.RCC_APB1PeriphClockCmd)
    RCC_APB2PeriphClockCmd                   0x080064e5   Thumb Code    26  stm32l1xx_rcc.o(i.RCC_APB2PeriphClockCmd)
    RCC_GetClocksFreq                        0x08006541   Thumb Code   234  stm32l1xx_rcc.o(i.RCC_GetClocksFreq)
    RCC_GetFlagStatus                        0x08006641   Thumb Code    48  stm32l1xx_rcc.o(i.RCC_GetFlagStatus)
    RCC_HSICmd                               0x08006675   Thumb Code     6  stm32l1xx_rcc.o(i.RCC_HSICmd)
    RCC_LSEConfig                            0x08006681   Thumb Code    12  stm32l1xx_rcc.o(i.RCC_LSEConfig)
    RCC_LSICmd                               0x08006691   Thumb Code     6  stm32l1xx_rcc.o(i.RCC_LSICmd)
    RCC_RTCCLKCmd                            0x0800669d   Thumb Code     6  stm32l1xx_rcc.o(i.RCC_RTCCLKCmd)
    RCC_RTCCLKConfig                         0x080066a9   Thumb Code    64  stm32l1xx_rcc.o(i.RCC_RTCCLKConfig)
    RTC8025_Read                             0x080066ed   Thumb Code   164  bsp_i2c.o(i.RTC8025_Read)
    RTC8025_Write                            0x08006795   Thumb Code   130  bsp_i2c.o(i.RTC8025_Write)
    RTC_ReadBackupRegister                   0x0800681d   Thumb Code    26  stm32l1xx_rtc.o(i.RTC_ReadBackupRegister)
    RTC_WaitForSynchro                       0x0800683d   Thumb Code    92  stm32l1xx_rtc.o(i.RTC_WaitForSynchro)
    RTC_WriteBackupRegister                  0x0800689d   Thumb Code    24  stm32l1xx_rtc.o(i.RTC_WriteBackupRegister)
    RX8025_RTC_Init                          0x080068b9   Thumb Code    98  bsp_rtc.o(i.RX8025_RTC_Init)
    ReadFlashDataPointer                     0x080069c9   Thumb Code    18  bsp_i2c_fram.o(i.ReadFlashDataPointer)
    ReadFlashHisData                         0x080069dd   Thumb Code   348  bsp_i2c_fram.o(i.ReadFlashHisData)
    ReadFlashNoReadingDataNum                0x08006b71   Thumb Code    18  bsp_i2c_fram.o(i.ReadFlashNoReadingDataNum)
    ReadFramHisDataToRam                     0x08006ba9   Thumb Code   198  bsp_i2c_fram.o(i.ReadFramHisDataToRam)
    RecorderBootModeHandle                   0x08006c85   Thumb Code   608  bsp_bootstop.o(i.RecorderBootModeHandle)
    RecorderStopModeHandle                   0x08006ef5   Thumb Code    62  bsp_bootstop.o(i.RecorderStopModeHandle)
    RecvByte                                 0x08006f41   Thumb Code    98  bsp_i2c.o(i.RecvByte)
    Relay_Poll                               0x08006fa9   Thumb Code     6  freemodbus.o(i.Relay_Poll)
    RtcBcdToD10                              0x0800700d   Thumb Code   208  bsp_rtc.o(i.RtcBcdToD10)
    RtcD10ToBcd                              0x080070dd   Thumb Code   146  bsp_rtc.o(i.RtcD10ToBcd)
    SPI_Cmd                                  0x0800716f   Thumb Code    24  stm32l1xx_spi.o(i.SPI_Cmd)
    SPI_FLASH_BufferRead                     0x08007189   Thumb Code    76  bsp_spi_flash.o(i.SPI_FLASH_BufferRead)
    SPI_FLASH_BufferWrite                    0x080071d9   Thumb Code   290  bsp_spi_flash.o(i.SPI_FLASH_BufferWrite)
    SPI_FLASH_Init                           0x080072fd   Thumb Code   256  bsp_spi_flash.o(i.SPI_FLASH_Init)
    SPI_FLASH_PageWrite                      0x08007409   Thumb Code    92  bsp_spi_flash.o(i.SPI_FLASH_PageWrite)
    SPI_FLASH_SectorErase                    0x08007469   Thumb Code    62  bsp_spi_flash.o(i.SPI_FLASH_SectorErase)
    SPI_FLASH_SendByte                       0x080074ad   Thumb Code    50  bsp_spi_flash.o(i.SPI_FLASH_SendByte)
    SPI_FLASH_WaitForWriteEnd                0x080074e5   Thumb Code    44  bsp_spi_flash.o(i.SPI_FLASH_WaitForWriteEnd)
    SPI_FLASH_WriteEnable                    0x08007515   Thumb Code    26  bsp_spi_flash.o(i.SPI_FLASH_WriteEnable)
    SPI_I2S_GetFlagStatus                    0x08007535   Thumb Code    18  stm32l1xx_spi.o(i.SPI_I2S_GetFlagStatus)
    SPI_I2S_ReceiveData                      0x08007547   Thumb Code     6  stm32l1xx_spi.o(i.SPI_I2S_ReceiveData)
    SPI_I2S_SendData                         0x0800754d   Thumb Code     4  stm32l1xx_spi.o(i.SPI_I2S_SendData)
    SPI_Init                                 0x08007551   Thumb Code    60  stm32l1xx_spi.o(i.SPI_Init)
    STORAGE_DATA_READ                        0x0800758d   Thumb Code   134  bsp_serialdeal.o(i.STORAGE_DATA_READ)
    SVC_Handler                              0x08007619   Thumb Code     2  stm32l1xx_it.o(i.SVC_Handler)
    SYSCFG_EXTILineConfig                    0x0800761d   Thumb Code    60  stm32l1xx_syscfg.o(i.SYSCFG_EXTILineConfig)
    SaveHisDataToFlash                       0x08007721   Thumb Code   320  bsp_i2c_fram.o(i.SaveHisDataToFlash)
    SendByte                                 0x0800786d   Thumb Code    90  bsp_i2c.o(i.SendByte)
    SetJlyParamData                          0x08007aad   Thumb Code   174  bsp_init.o(i.SetJlyParamData)
    Start                                    0x08007c75   Thumb Code    84  bsp_i2c.o(i.Start)
    Stop                                     0x08007ccd   Thumb Code    62  bsp_i2c.o(i.Stop)
    SysInit                                  0x08007d11   Thumb Code    78  bsp_init.o(i.SysInit)
    SysTick_Handler                          0x08007d71   Thumb Code    50  stm32l1xx_it.o(i.SysTick_Handler)
    SysTick_Init                             0x08007dad   Thumb Code   108  bsp_systick.o(i.SysTick_Init)
    SystemInit                               0x08007e25   Thumb Code    88  system_stm32l1xx.o(i.SystemInit)
    TIM2_Configuration                       0x08007e8d   Thumb Code    76  bsp_timer.o(i.TIM2_Configuration)
    TIM2_IRQHandler                          0x08007ed9   Thumb Code    36  stm32l1xx_it.o(i.TIM2_IRQHandler)
    TIM3_IRQHandler                          0x08007f2d   Thumb Code    10  porttimer.o(i.TIM3_IRQHandler)
    TIM_ClearFlag                            0x08007fad   Thumb Code     6  stm32l1xx_tim.o(i.TIM_ClearFlag)
    TIM_ClearITPendingBit                    0x08007fb3   Thumb Code     6  stm32l1xx_tim.o(i.TIM_ClearITPendingBit)
    TIM_Cmd                                  0x08007fb9   Thumb Code    24  stm32l1xx_tim.o(i.TIM_Cmd)
    TIM_GetITStatus                          0x08007fd1   Thumb Code    34  stm32l1xx_tim.o(i.TIM_GetITStatus)
    TIM_ITConfig                             0x08007ff3   Thumb Code    18  stm32l1xx_tim.o(i.TIM_ITConfig)
    TIM_TimeBaseInit                         0x08008005   Thumb Code    76  stm32l1xx_tim.o(i.TIM_TimeBaseInit)
    Temp_Adjust                              0x08008269   Thumb Code   534  bsp_sensordeal.o(i.Temp_Adjust)
    TimingDelay_Decrement                    0x080084a1   Thumb Code    18  bsp_systick.o(i.TimingDelay_Decrement)
    U16ToValue10                             0x080084b9   Thumb Code    10  bsp_class.o(i.U16ToValue10)
    USART1_Config                            0x080086d5   Thumb Code   152  bsp_usart.o(i.USART1_Config)
    USART1_IRQHandler                        0x08008775   Thumb Code    32  stm32l1xx_it.o(i.USART1_IRQHandler)
    USART3_IRQHandler                        0x0800879d   Thumb Code   262  portserial.o(i.USART3_IRQHandler)
    USART_Cmd                                0x080088a9   Thumb Code    24  stm32l1xx_usart.o(i.USART_Cmd)
    USART_GetFlagStatus                      0x080088c1   Thumb Code    26  stm32l1xx_usart.o(i.USART_GetFlagStatus)
    USART_GetITStatus                        0x080088db   Thumb Code    84  stm32l1xx_usart.o(i.USART_GetITStatus)
    USART_ITConfig                           0x0800892f   Thumb Code    74  stm32l1xx_usart.o(i.USART_ITConfig)
    USART_Init                               0x08008979   Thumb Code   198  stm32l1xx_usart.o(i.USART_Init)
    USART_ReceiveData                        0x08008a45   Thumb Code    10  stm32l1xx_usart.o(i.USART_ReceiveData)
    USART_SendData                           0x08008a4f   Thumb Code     8  stm32l1xx_usart.o(i.USART_SendData)
    UsageFault_Handler                       0x08008a57   Thumb Code     4  stm32l1xx_it.o(i.UsageFault_Handler)
    ValueFtToU16                             0x08008a5d   Thumb Code   150  bsp_class.o(i.ValueFtToU16)
    VoltageTest                              0x08008afd   Thumb Code   232  bsp_powerdeal.o(i.VoltageTest)
    WaitAck                                  0x08008ea9   Thumb Code   126  bsp_i2c.o(i.WaitAck)
    WriteFlashDataPointer                    0x08008fb1   Thumb Code    20  bsp_i2c_fram.o(i.WriteFlashDataPointer)
    WriteFlashNoReadingDataNum               0x08008fc5   Thumb Code    20  bsp_i2c_fram.o(i.WriteFlashNoReadingDataNum)
    WriteFlashRecPointer                     0x08008fd9   Thumb Code    20  bsp_i2c_fram.o(i.WriteFlashRecPointer)
    WriteFlashSectorPointer                  0x08008fed   Thumb Code    20  bsp_i2c_fram.o(i.WriteFlashSectorPointer)
    WriteFramRecPointer                      0x08009001   Thumb Code    20  bsp_i2c_fram.o(i.WriteFramRecPointer)
    __0printf$8                              0x08009015   Thumb Code    22  printf8.o(i.__0printf$8)
    __1printf$8                              0x08009015   Thumb Code     0  printf8.o(i.__0printf$8)
    __2printf                                0x08009015   Thumb Code     0  printf8.o(i.__0printf$8)
    __0vsprintf                              0x08009035   Thumb Code    30  printfa.o(i.__0vsprintf)
    __1vsprintf                              0x08009035   Thumb Code     0  printfa.o(i.__0vsprintf)
    __2vsprintf                              0x08009035   Thumb Code     0  printfa.o(i.__0vsprintf)
    __c89vsprintf                            0x08009035   Thumb Code     0  printfa.o(i.__0vsprintf)
    vsprintf                                 0x08009035   Thumb Code     0  printfa.o(i.__0vsprintf)
    __scatterload_copy                       0x08009059   Thumb Code    14  handlers.o(i.__scatterload_copy)
    __scatterload_null                       0x08009067   Thumb Code     2  handlers.o(i.__scatterload_null)
    __scatterload_zeroinit                   0x08009069   Thumb Code    14  handlers.o(i.__scatterload_zeroinit)
    displayDAY                               0x08009d83   Thumb Code   144  bsp_lcd.o(i.displayDAY)
    displayErr                               0x08009e15   Thumb Code   150  bsp_lcd.o(i.displayErr)
    displayTIME                              0x08009eb1   Thumb Code   144  bsp_lcd.o(i.displayTIME)
    displayYEAR                              0x08009f41   Thumb Code   108  bsp_lcd.o(i.displayYEAR)
    eMBEnable                                0x08009fad   Thumb Code    32  mb.o(i.eMBEnable)
    eMBFuncReadCoils                         0x08009fd5   Thumb Code   166  mbfunccoils.o(i.eMBFuncReadCoils)
    eMBFuncReadDiscreteInputs                0x0800a07b   Thumb Code   164  mbfuncdisc.o(i.eMBFuncReadDiscreteInputs)
    eMBFuncReadHoldingRegister               0x0800a11f   Thumb Code   132  mbfuncholding.o(i.eMBFuncReadHoldingRegister)
    eMBFuncReadInputRegister                 0x0800a1a3   Thumb Code   132  mbfuncinput.o(i.eMBFuncReadInputRegister)
    eMBFuncReadWriteMultipleHoldingRegister  0x0800a227   Thumb Code   212  mbfuncholding.o(i.eMBFuncReadWriteMultipleHoldingRegister)
    eMBFuncReportSlaveID                     0x0800a2fd   Thumb Code    30  mbfuncother.o(i.eMBFuncReportSlaveID)
    eMBFuncWriteCoil                         0x0800a325   Thumb Code   108  mbfunccoils.o(i.eMBFuncWriteCoil)
    eMBFuncWriteHoldingRegister              0x0800a391   Thumb Code    62  mbfuncholding.o(i.eMBFuncWriteHoldingRegister)
    eMBFuncWriteMultipleCoils                0x0800a3cf   Thumb Code   142  mbfunccoils.o(i.eMBFuncWriteMultipleCoils)
    eMBFuncWriteMultipleHoldingRegister      0x0800a45d   Thumb Code   106  mbfuncholding.o(i.eMBFuncWriteMultipleHoldingRegister)
    eMBInit                                  0x0800a4c9   Thumb Code   152  mb.o(i.eMBInit)
    eMBPoll                                  0x0800a5a9   Thumb Code   294  mb.o(i.eMBPoll)
    eMBRTUInit                               0x0800a72d   Thumb Code    84  mbrtu.o(i.eMBRTUInit)
    eMBRTUReceive                            0x0800a785   Thumb Code    78  mbrtu.o(i.eMBRTUReceive)
    eMBRTUSend                               0x0800a7f5   Thumb Code   154  mbrtu.o(i.eMBRTUSend)
    eMBRTUStart                              0x0800a8a5   Thumb Code    30  mbrtu.o(i.eMBRTUStart)
    eMBRTUStop                               0x0800a8c9   Thumb Code    24  mbrtu.o(i.eMBRTUStop)
    eMBRegCoilsCB                            0x0800a8e1   Thumb Code   162  freemodbus.o(i.eMBRegCoilsCB)
    eMBRegDiscreteCB                         0x0800a991   Thumb Code    98  freemodbus.o(i.eMBRegDiscreteCB)
    eMBRegHoldingCB                          0x0800aa05   Thumb Code   204  freemodbus.o(i.eMBRegHoldingCB)
    eMBRegInputCB                            0x0800aae1   Thumb Code   106  freemodbus.o(i.eMBRegInputCB)
    fputc                                    0x0800ab5d   Thumb Code    32  bsp_usart.o(i.fputc)
    freemodbus_init                          0x0800ab81   Thumb Code    48  freemodbus.o(i.freemodbus_init)
    freemodbus_main                          0x0800abb9   Thumb Code    26  freemodbus.o(i.freemodbus_main)
    lcd_OFF                                  0x0800abd5   Thumb Code   372  bsp_lcd.o(i.lcd_OFF)
    main                                     0x0800ad4d   Thumb Code   208  main.o(i.main)
    prveMBError2Exception                    0x0800af11   Thumb Code    34  mbutils.o(i.prveMBError2Exception)
    read_time                                0x0800af71   Thumb Code   128  bsp_rtc.o(i.read_time)
    rtc_deel                                 0x0800aff5   Thumb Code   402  bsp_rtc.o(i.rtc_deel)
    serialread_time                          0x0800b199   Thumb Code    74  bsp_rtc.o(i.serialread_time)
    set_time                                 0x0800b1e9   Thumb Code    84  bsp_rtc.o(i.set_time)
    usMBCRC16                                0x0800b241   Thumb Code    48  mbcrc.o(i.usMBCRC16)
    vMBPortSerialEnable                      0x0800b279   Thumb Code    94  portserial.o(i.vMBPortSerialEnable)
    vMBPortTimersDisable                     0x0800b2e1   Thumb Code    16  porttimer.o(i.vMBPortTimersDisable)
    vMBPortTimersEnable                      0x0800b2f5   Thumb Code    28  porttimer.o(i.vMBPortTimersEnable)
    xMBOutput                                0x0800b315   Thumb Code    68  port.o(i.xMBOutput)
    xMBPortEventGet                          0x0800b35d   Thumb Code    26  portevent.o(i.xMBPortEventGet)
    xMBPortEventInit                         0x0800b381   Thumb Code    10  portevent.o(i.xMBPortEventInit)
    xMBPortEventPost                         0x0800b391   Thumb Code    16  portevent.o(i.xMBPortEventPost)
    xMBPortSerialGetByte                     0x0800b3a9   Thumb Code    76  portserial.o(i.xMBPortSerialGetByte)
    xMBPortSerialInit                        0x0800b3f9   Thumb Code    52  portserial.o(i.xMBPortSerialInit)
    xMBPortSerialPutByte                     0x0800b435   Thumb Code    32  portserial.o(i.xMBPortSerialPutByte)
    xMBPortTimersInit                        0x0800b459   Thumb Code    84  porttimer.o(i.xMBPortTimersInit)
    xMBRTUReceiveFSM                         0x0800b4bd   Thumb Code   122  mbrtu.o(i.xMBRTUReceiveFSM)
    xMBRTUTimerT35Expired                    0x0800b545   Thumb Code    60  mbrtu.o(i.xMBRTUTimerT35Expired)
    xMBRTUTransmitFSM                        0x0800b585   Thumb Code    94  mbrtu.o(i.xMBRTUTransmitFSM)
    xMBUtilGetBits                           0x0800b5f1   Thumb Code    42  mbutils.o(i.xMBUtilGetBits)
    xMBUtilSetBits                           0x0800b61b   Thumb Code    96  mbutils.o(i.xMBUtilSetBits)
    lcd_test                                 0x0800b67c   Data         128  global.o(.constdata)
    RESET_ADJUST_CURVE1                      0x0800b6fc   Data          30  global.o(.constdata)
    RESET_ADJUST_CURVE2                      0x0800b71a   Data          22  global.o(.constdata)
    RESET_CHANNEL_SETUP_TABLE                0x0800b730   Data         104  global.o(.constdata)
    ConfMap_Address                          0x0800b798   Data          48  global.o(.constdata)
    aAPBAHBPrescTable                        0x0800b9fe   Data          16  stm32l1xx_hal_rcc.o(.constdata)
    aPLLDivisionFactorTable                  0x0800ba0e   Data           4  stm32l1xx_hal_rcc.o(.constdata)
    aPLLMulFactorTable                       0x0800ba12   Data           9  stm32l1xx_hal_rcc.o(.constdata)
    Region$$Table$$Base                      0x0800ba1c   Number         0  anon$$obj.o(Region$$Table)
    Region$$Table$$Limit                     0x0800ba3c   Number         0  anon$$obj.o(Region$$Table)
    SystemCoreClock                          0x20000000   Data           4  system_stm32l1xx.o(.data)
    PLLMulTable                              0x20000004   Data           9  system_stm32l1xx.o(.data)
    AHBPrescTable                            0x2000000d   Data          16  system_stm32l1xx.o(.data)
    usRegInputStart                          0x20000036   Data           2  freemodbus.o(.data)
    usRegHoldingStart                        0x20000038   Data           2  freemodbus.o(.data)
    ucRegCoilsBuf                            0x2000003a   Data           2  freemodbus.o(.data)
    ucRegCoilsRerv                           0x2000003c   Data           2  freemodbus.o(.data)
    ucRegDiscreteBuf                         0x2000003e   Data           2  freemodbus.o(.data)
    ucRegDiscreteRerv                        0x20000040   Data           2  freemodbus.o(.data)
    TimingDelay                              0x20000044   Data           4  bsp_systick.o(.data)
    display_ct                               0x20000048   Data           1  global.o(.data)
    AdjustCurveFirAddress                    0x2000004c   Data           8  global.o(.data)
    Flag                                     0x20000054   Data           3  global.o(.data)
    rtc_pt                                   0x20000057   Data           1  global.o(.data)
    uAddress                                 0x20000058   Data           1  global.o(.data)
    Key1ChangAnCount                         0x20000059   Data           1  global.o(.data)
    ChannelForDisplay                        0x2000005a   Data           1  global.o(.data)
    StartedChannelForDisplay                 0x2000005b   Data           1  global.o(.data)
    Started_Channel                          0x2000005c   Data           1  global.o(.data)
    MsCount                                  0x2000005e   Data           2  global.o(.data)
    pxMBFrameCBByteReceived                  0x20000134   Data           4  mb.o(.data)
    pxMBFrameCBTransmitterEmpty              0x20000138   Data           4  mb.o(.data)
    pxMBPortCBTimerExpired                   0x2000013c   Data           4  mb.o(.data)
    pxMBFrameCBReceiveFSMCur                 0x20000140   Data           4  mb.o(.data)
    pxMBFrameCBTransmitFSMCur                0x20000144   Data           4  mb.o(.data)
    __stdout                                 0x2000015c   Data           4  stdout.o(.data)
    usRegInputBuf                            0x20000160   Data        8192  freemodbus.o(.bss)
    usRegHoldingBuf                          0x20002160   Data       24576  freemodbus.o(.bss)
    DataBuf                                  0x20008160   Data          74  global.o(.bss)
    PManage                                  0x200081aa   Data          10  global.o(.bss)
    Rtc                                      0x200081b4   Data          16  global.o(.bss)
    Queue                                    0x200081c4   Data          28  global.o(.bss)
    JlyParam                                 0x200081e0   Data          20  global.o(.bss)
    Conf                                     0x200081f4   Data        3232  global.o(.bss)
    adc                                      0x20008e94   Data          64  global.o(.bss)
    adcCopy                                  0x20008ed4   Data          64  global.o(.bss)
    ADC_ConvertedValue                       0x20008f14   Data          64  global.o(.bss)
    FlagSeniorErr                            0x20008f54   Data          32  global.o(.bss)
    ChannelDataFloat                         0x20008f74   Data         128  global.o(.bss)
    ucRTUBuf                                 0x20009214   Data         256  mbrtu.o(.bss)
    __initial_sp                             0x20009798   Data           0  startup_stm32l1xx_hd.o(STACK)



==============================================================================

Memory Map of the image

  Image Entry point : 0x08000125

  Load Region LR_IROM1 (Base: 0x08000000, Size: 0x0000bb9c, Max: 0x00060000, ABSOLUTE, COMPRESSED[0x0000bad8])

    Execution Region ER_IROM1 (Base: 0x08000000, Size: 0x0000ba3c, Max: 0x00060000, ABSOLUTE)

    Base Addr    Size         Type   Attr      Idx    E Section Name        Object

    0x08000000   0x00000124   Data   RO            3    RESET               startup_stm32l1xx_hd.o
    0x08000124   0x00000000   Code   RO         5987  * .ARM.Collect$$$$00000000  mc_w.l(entry.o)
    0x08000124   0x00000004   Code   RO         6287    .ARM.Collect$$$$00000001  mc_w.l(entry2.o)
    0x08000128   0x00000004   Code   RO         6290    .ARM.Collect$$$$00000004  mc_w.l(entry5.o)
    0x0800012c   0x00000000   Code   RO         6292    .ARM.Collect$$$$00000008  mc_w.l(entry7b.o)
    0x0800012c   0x00000000   Code   RO         6294    .ARM.Collect$$$$0000000A  mc_w.l(entry8b.o)
    0x0800012c   0x00000008   Code   RO         6295    .ARM.Collect$$$$0000000B  mc_w.l(entry9a.o)
    0x08000134   0x00000000   Code   RO         6297    .ARM.Collect$$$$0000000D  mc_w.l(entry10a.o)
    0x08000134   0x00000000   Code   RO         6299    .ARM.Collect$$$$0000000F  mc_w.l(entry11a.o)
    0x08000134   0x00000004   Code   RO         6288    .ARM.Collect$$$$00002712  mc_w.l(entry2.o)
    0x08000138   0x00000024   Code   RO            4    .text               startup_stm32l1xx_hd.o
    0x0800015c   0x00000024   Code   RO         5990    .text               mc_w.l(memcpya.o)
    0x08000180   0x00000024   Code   RO         5992    .text               mc_w.l(memseta.o)
    0x080001a4   0x000000b0   Code   RO         6257    .text               mf_w.l(fadd.o)
    0x08000254   0x0000006c   Code   RO         6259    .text               mf_w.l(fmul.o)
    0x080002c0   0x00000080   Code   RO         6261    .text               mf_w.l(fdiv.o)
    0x08000340   0x0000014e   Code   RO         6263    .text               mf_w.l(dadd.o)
    0x0800048e   0x000000e4   Code   RO         6265    .text               mf_w.l(dmul.o)
    0x08000572   0x000000de   Code   RO         6267    .text               mf_w.l(ddiv.o)
    0x08000650   0x00000012   Code   RO         6269    .text               mf_w.l(fflti.o)
    0x08000662   0x0000000a   Code   RO         6271    .text               mf_w.l(ffltui.o)
    0x0800066c   0x00000028   Code   RO         6273    .text               mf_w.l(ffixui.o)
    0x08000694   0x00000026   Code   RO         6275    .text               mf_w.l(f2d.o)
    0x080006ba   0x00000002   PAD
    0x080006bc   0x00000028   Code   RO         6277    .text               mf_w.l(cdcmple.o)
    0x080006e4   0x00000028   Code   RO         6279    .text               mf_w.l(cdrcmple.o)
    0x0800070c   0x00000038   Code   RO         6281    .text               mf_w.l(d2f.o)
    0x08000744   0x00000014   Code   RO         6283    .text               mf_w.l(cfcmple.o)
    0x08000758   0x00000014   Code   RO         6285    .text               mf_w.l(cfrcmple.o)
    0x0800076c   0x0000002c   Code   RO         6302    .text               mc_w.l(uidiv.o)
    0x08000798   0x00000062   Code   RO         6304    .text               mc_w.l(uldiv.o)
    0x080007fa   0x0000001e   Code   RO         6306    .text               mc_w.l(llshl.o)
    0x08000818   0x00000024   Code   RO         6308    .text               mc_w.l(llsshr.o)
    0x0800083c   0x00000000   Code   RO         6310    .text               mc_w.l(iusefp.o)
    0x0800083c   0x0000006c   Code   RO         6311    .text               mf_w.l(fepilogue.o)
    0x080008a8   0x000000be   Code   RO         6313    .text               mf_w.l(depilogue.o)
    0x08000966   0x00000030   Code   RO         6315    .text               mf_w.l(dfixul.o)
    0x08000996   0x00000002   PAD
    0x08000998   0x00000024   Code   RO         6317    .text               mc_w.l(init.o)
    0x080009bc   0x00000020   Code   RO         6319    .text               mc_w.l(llushr.o)
    0x080009dc   0x0000005c   Code   RO         6329    .text               mc_w.l(__dczerorl2.o)
    0x08000a38   0x00000050   Code   RO         2871    i.ADC1_GPIO_Config  bsp_adc.o
    0x08000a88   0x0000001e   Code   RO         2872    i.ADC1_Init         bsp_adc.o
    0x08000aa6   0x00000002   PAD
    0x08000aa8   0x00000120   Code   RO         2873    i.ADC1_Mode_Config  bsp_adc.o
    0x08000bc8   0x00000016   Code   RO          329    i.ADC_Cmd           stm32l1xx_adc.o
    0x08000bde   0x00000016   Code   RO          333    i.ADC_DMACmd        stm32l1xx_adc.o
    0x08000bf4   0x00000016   Code   RO          334    i.ADC_DMARequestAfterLastTransferCmd  stm32l1xx_adc.o
    0x08000c0a   0x00000012   Code   RO          343    i.ADC_GetFlagStatus  stm32l1xx_adc.o
    0x08000c1c   0x00000054   Code   RO          349    i.ADC_Init          stm32l1xx_adc.o
    0x08000c70   0x00000158   Code   RO          354    i.ADC_RegularChannelConfig  stm32l1xx_adc.o
    0x08000dc8   0x0000000a   Code   RO          356    i.ADC_SoftwareStartConv  stm32l1xx_adc.o
    0x08000dd2   0x0000001a   Code   RO          358    i.ADC_StructInit    stm32l1xx_adc.o
    0x08000dec   0x000000b8   Code   RO         3409    i.AI2C_Read         bsp_i2c.o
    0x08000ea4   0x00000050   Code   RO         3411    i.Ack               bsp_i2c.o
    0x08000ef4   0x00000114   Code   RO         3650    i.AlarmDeal         bsp_alarmdeal.o
    0x08001008   0x0000003c   Code   RO         3651    i.BellNn            bsp_alarmdeal.o
    0x08001044   0x0000003c   Code   RO         3652    i.BellNn_longer     bsp_alarmdeal.o
    0x08001080   0x00000004   Code   RO         2709    i.BusFault_Handler  stm32l1xx_it.o
    0x08001084   0x00000002   Code   RO         2401    i.Button_Config     freemodbus.o
    0x08001086   0x00000002   PAD
    0x08001088   0x0000000c   Code   RO         2402    i.Button_Poll       freemodbus.o
    0x08001094   0x0000001a   Code   RO         3516    i.Change3BytesTimeToLong  bsp_class.o
    0x080010ae   0x00000002   PAD
    0x080010b0   0x00000194   Code   RO         3290    i.ChannelDataDeal   bsp_i2c_fram.o
    0x08001244   0x00000008   Code   RO         3517    i.Char_to_Int       bsp_class.o
    0x0800124c   0x00000018   Code   RO          558    i.DMA_Cmd           stm32l1xx_dma.o
    0x08001264   0x0000014c   Code   RO          559    i.DMA_DeInit        stm32l1xx_dma.o
    0x080013b0   0x0000003c   Code   RO          564    i.DMA_Init          stm32l1xx_dma.o
    0x080013ec   0x00000070   Code   RO         3590    i.DateToSeconds     bsp_rtc.o
    0x0800145c   0x000000c8   Code   RO         2874    i.Dealing_Gather    bsp_adc.o
    0x08001524   0x00000002   Code   RO         2710    i.DebugMon_Handler  stm32l1xx_it.o
    0x08001526   0x0000000c   Code   RO         3412    i.Delay             bsp_i2c.o
    0x08001532   0x00000002   PAD
    0x08001534   0x00000028   Code   RO         2840    i.Delay_ms          bsp_systick.o
    0x0800155c   0x000000fc   Code   RO         2918    i.Display_ChannelValue  bsp_lcd.o
    0x08001658   0x00000250   Code   RO         2919    i.Display_Mem       bsp_lcd.o
    0x080018a8   0x00000038   Code   RO         2920    i.Display_NUL       bsp_lcd.o
    0x080018e0   0x00000120   Code   RO         2921    i.Display_SN        bsp_lcd.o
    0x08001a00   0x00000130   Code   RO         2922    i.Display_Signal    bsp_lcd.o
    0x08001b30   0x00000044   Code   RO         3703    i.DoGatherChannelDataFloat  bsp_sensordeal.o
    0x08001b74   0x0000007c   Code   RO         3291    i.DownFlash_HisData  bsp_i2c_fram.o
    0x08001bf0   0x00000076   Code   RO         2899    i.EXTI15_10_Config  bsp_exti_key.o
    0x08001c66   0x00000002   PAD
    0x08001c68   0x00000090   Code   RO         2711    i.EXTI15_10_IRQHandler  stm32l1xx_it.o
    0x08001cf8   0x0000000c   Code   RO          629    i.EXTI_ClearITPendingBit  stm32l1xx_exti.o
    0x08001d04   0x00000018   Code   RO          633    i.EXTI_GetITStatus  stm32l1xx_exti.o
    0x08001d1c   0x00000094   Code   RO          634    i.EXTI_Init         stm32l1xx_exti.o
    0x08001db0   0x00000004   Code   RO         4077    i.EnterCriticalSection  BTBUS_Library.lib(port.o)
    0x08001db4   0x00000004   Code   RO         2403    i.Error_Handler     freemodbus.o
    0x08001db8   0x00000004   Code   RO         4078    i.ExitCriticalSection  BTBUS_Library.lib(port.o)
    0x08001dbc   0x0000003c   Code   RO         3674    i.FirstCheckExternPower  bsp_powerdeal.o
    0x08001df8   0x00000018   Code   RO         2790    i.FirstScanSysData  bsp_init.o
    0x08001e10   0x0000004c   Code   RO         2923    i.FisrtPowerOnDisplay  bsp_lcd.o
    0x08001e5c   0x000000b8   Code   RO         3413    i.Fram_Read         bsp_i2c.o
    0x08001f14   0x00000098   Code   RO         3414    i.Fram_Write        bsp_i2c.o
    0x08001fac   0x00000084   Code   RO          683    i.GPIO_Init         stm32l1xx_gpio.o
    0x08002030   0x00000046   Code   RO          684    i.GPIO_PinAFConfig  stm32l1xx_gpio.o
    0x08002076   0x00000012   Code   RO          687    i.GPIO_ReadInputDataBit  stm32l1xx_gpio.o
    0x08002088   0x00000004   Code   RO          690    i.GPIO_ResetBits    stm32l1xx_gpio.o
    0x0800208c   0x00000004   Code   RO          691    i.GPIO_SetBits      stm32l1xx_gpio.o
    0x08002090   0x00000164   Code   RO         2791    i.General_GPIO_Config  bsp_init.o
    0x080021f4   0x00000054   Code   RO         3518    i.GetRecIntervalTime  bsp_class.o
    0x08002248   0x00000016   Code   RO         3704    i.GetStartChanel    bsp_sensordeal.o
    0x0800225e   0x00000002   PAD
    0x08002260   0x000001dc   Code   RO         4016    i.HAL_GPIO_Init     BTBUS_Library.lib(stm32l1xx_hal_gpio.o)
    0x0800243c   0x0000001c   Code   RO         3812    i.HAL_NVIC_EnableIRQ  BTBUS_Library.lib(stm32l1xx_hal_cortex.o)
    0x08002458   0x0000007c   Code   RO         3818    i.HAL_NVIC_SetPriority  BTBUS_Library.lib(stm32l1xx_hal_cortex.o)
    0x080024d4   0x00000038   Code   RO         5833    i.HAL_RCC_GetHCLKFreq  BTBUS_Library.lib(stm32l1xx_hal_rcc.o)
    0x0800250c   0x0000002c   Code   RO         5835    i.HAL_RCC_GetPCLK1Freq  BTBUS_Library.lib(stm32l1xx_hal_rcc.o)
    0x08002538   0x0000002c   Code   RO         5836    i.HAL_RCC_GetPCLK2Freq  BTBUS_Library.lib(stm32l1xx_hal_rcc.o)
    0x08002564   0x000000bc   Code   RO         5837    i.HAL_RCC_GetSysClockFreq  BTBUS_Library.lib(stm32l1xx_hal_rcc.o)
    0x08002620   0x00000034   Code   RO         4746    i.HAL_TIM_Base_Init  BTBUS_Library.lib(stm32l1xx_hal_tim.o)
    0x08002654   0x00000038   Code   RO         2282    i.HAL_TIM_Base_MspInit  stm32l1xx_hal_msp.o
    0x0800268c   0x00000026   Code   RO         4751    i.HAL_TIM_Base_Start_IT  BTBUS_Library.lib(stm32l1xx_hal_tim.o)
    0x080026b2   0x0000002e   Code   RO         4754    i.HAL_TIM_Base_Stop_IT  BTBUS_Library.lib(stm32l1xx_hal_tim.o)
    0x080026e0   0x00000002   Code   RO         4775    i.HAL_TIM_IC_CaptureCallback  BTBUS_Library.lib(stm32l1xx_hal_tim.o)
    0x080026e2   0x00000152   Code   RO         4788    i.HAL_TIM_IRQHandler  BTBUS_Library.lib(stm32l1xx_hal_tim.o)
    0x08002834   0x00000002   Code   RO         4791    i.HAL_TIM_OC_DelayElapsedCallback  BTBUS_Library.lib(stm32l1xx_hal_tim.o)
    0x08002836   0x00000002   Code   RO         4818    i.HAL_TIM_PWM_PulseFinishedCallback  BTBUS_Library.lib(stm32l1xx_hal_tim.o)
    0x08002838   0x0000000a   Code   RO         4628    i.HAL_TIM_PeriodElapsedCallback  BTBUS_Library.lib(porttimer.o)
    0x08002842   0x00000002   Code   RO         4829    i.HAL_TIM_TriggerCallback  BTBUS_Library.lib(stm32l1xx_hal_tim.o)
    0x08002844   0x00000002   Code   RO         5389    i.HAL_UART_ErrorCallback  BTBUS_Library.lib(stm32l1xx_hal_uart.o)
    0x08002846   0x0000006e   Code   RO         5393    i.HAL_UART_Init     BTBUS_Library.lib(stm32l1xx_hal_uart.o)
    0x080028b4   0x000000a8   Code   RO         2284    i.HAL_UART_MspInit  stm32l1xx_hal_msp.o
    0x0800295c   0x00000040   Code   RO         5398    i.HAL_UART_Receive_End  BTBUS_Library.lib(stm32l1xx_hal_uart.o)
    0x0800299c   0x00000098   Code   RO         5399    i.HAL_UART_Receive_IT  BTBUS_Library.lib(stm32l1xx_hal_uart.o)
    0x08002a34   0x00000004   Code   RO         2712    i.HardFault_Handler  stm32l1xx_it.o
    0x08002a38   0x00000204   Code   RO         3705    i.HumiChang_to_Shishu  bsp_sensordeal.o
    0x08002c3c   0x00000138   Code   RO         3706    i.Humi_Adjust       bsp_sensordeal.o
    0x08002d74   0x0000002c   Code   RO         2792    i.I2C_GPIO_Config   bsp_init.o
    0x08002da0   0x00000074   Code   RO         3558    i.JlySecDeal        bsp_datadeal.o
    0x08002e14   0x00000002   Code   RO         3754    i.JlySerialDeal     bsp_serialdeal.o
    0x08002e16   0x00000002   PAD
    0x08002e18   0x0000002c   Code   RO         3707    i.JudgingChannelNumberDisplay  bsp_sensordeal.o
    0x08002e44   0x0000004c   Code   RO         2900    i.KEY_GPIO_Config   bsp_exti_key.o
    0x08002e90   0x0000000c   Code   RO          775    i.LCD_Cmd           stm32l1xx_lcd.o
    0x08002e9c   0x0000001c   Code   RO          776    i.LCD_ContrastConfig  stm32l1xx_lcd.o
    0x08002eb8   0x00000030   Code   RO         2924    i.LCD_GLASS_Clear   bsp_lcd.o
    0x08002ee8   0x00000082   Code   RO         2927    i.LCD_GLASS_Init    bsp_lcd.o
    0x08002f6a   0x00000002   PAD
    0x08002f6c   0x00000234   Code   RO         2929    i.LCD_GPIOConfig    bsp_lcd.o
    0x080031a0   0x00000018   Code   RO          779    i.LCD_GetFlagStatus  stm32l1xx_lcd.o
    0x080031b8   0x00000054   Code   RO          783    i.LCD_Init          stm32l1xx_lcd.o
    0x0800320c   0x0000001c   Code   RO          785    i.LCD_PulseOnDurationConfig  stm32l1xx_lcd.o
    0x08003228   0x0000000e   Code   RO          786    i.LCD_StructInit    stm32l1xx_lcd.o
    0x08003236   0x00000002   PAD
    0x08003238   0x0000000c   Code   RO          787    i.LCD_UpdateDisplayRequest  stm32l1xx_lcd.o
    0x08003244   0x00000020   Code   RO          788    i.LCD_WaitForSynchro  stm32l1xx_lcd.o
    0x08003264   0x00000002   Code   RO         2404    i.LED_Config        freemodbus.o
    0x08003266   0x00000002   PAD
    0x08003268   0x00000034   Code   RO         2405    i.LED_Poll          freemodbus.o
    0x0800329c   0x000001a8   Code   RO         3559    i.LOWorNomal_Mode   bsp_datadeal.o
    0x08003444   0x000001c4   Code   RO         2930    i.Lcd_ChannelValue  bsp_lcd.o
    0x08003608   0x00000218   Code   RO         2931    i.Lcd_Dis10Value    bsp_lcd.o
    0x08003820   0x00000218   Code   RO         2932    i.Lcd_Dis11Value    bsp_lcd.o
    0x08003a38   0x00000218   Code   RO         2933    i.Lcd_Dis12Value    bsp_lcd.o
    0x08003c50   0x00000280   Code   RO         2934    i.Lcd_Dis13Value    bsp_lcd.o
    0x08003ed0   0x00000280   Code   RO         2935    i.Lcd_Dis14Value    bsp_lcd.o
    0x08004150   0x00000280   Code   RO         2936    i.Lcd_Dis15Value    bsp_lcd.o
    0x080043d0   0x00000280   Code   RO         2937    i.Lcd_Dis1Value     bsp_lcd.o
    0x08004650   0x000002e8   Code   RO         2938    i.Lcd_Dis2Value     bsp_lcd.o
    0x08004938   0x00000388   Code   RO         2939    i.Lcd_Dis3Value     bsp_lcd.o
    0x08004cc0   0x00000350   Code   RO         2940    i.Lcd_Dis4Value     bsp_lcd.o
    0x08005010   0x000002b4   Code   RO         2941    i.Lcd_Dis5Value     bsp_lcd.o
    0x080052c4   0x00000218   Code   RO         2942    i.Lcd_Dis6Value     bsp_lcd.o
    0x080054dc   0x00000280   Code   RO         2943    i.Lcd_Dis7Value     bsp_lcd.o
    0x0800575c   0x00000280   Code   RO         2944    i.Lcd_Dis8Value     bsp_lcd.o
    0x080059dc   0x00000280   Code   RO         2945    i.Lcd_Dis9Value     bsp_lcd.o
    0x08005c5c   0x00000004   Code   RO         2713    i.MemManage_Handler  stm32l1xx_it.o
    0x08005c60   0x00000002   Code   RO         2714    i.NMI_Handler       stm32l1xx_it.o
    0x08005c62   0x0000002a   Code   RO         3112    i.NVIC_Configuration  bsp_usart.o
    0x08005c8c   0x00000010   Code   RO         3825    i.NVIC_GetPriorityGrouping  BTBUS_Library.lib(stm32l1xx_hal_cortex.o)
    0x08005c9c   0x00000078   Code   RO          286    i.NVIC_Init         misc.o
    0x08005d14   0x00000014   Code   RO          287    i.NVIC_PriorityGroupConfig  misc.o
    0x08005d28   0x00000028   Code   RO         3826    i.NVIC_SetPriority  BTBUS_Library.lib(stm32l1xx_hal_cortex.o)
    0x08005d50   0x00000044   Code   RO         2793    i.OffPowerSupply    bsp_init.o
    0x08005d94   0x00000130   Code   RO         3560    i.OneSec_Timedeal   bsp_datadeal.o
    0x08005ec4   0x000002fc   Code   RO         3675    i.OutpowerShan      bsp_powerdeal.o
    0x080061c0   0x00000100   Code   RO         3755    i.PARAM_DATA_READ   bsp_serialdeal.o
    0x080062c0   0x00000198   Code   RO         3756    i.PARAM_DATA_WRITE  bsp_serialdeal.o
    0x08006458   0x0000000c   Code   RO          896    i.PWR_RTCAccessCmd  stm32l1xx_pwr.o
    0x08006464   0x00000002   Code   RO         2715    i.PendSV_Handler    stm32l1xx_it.o
    0x08006466   0x0000003c   Code   RO         2794    i.PeripheralInit    bsp_init.o
    0x080064a2   0x00000002   PAD
    0x080064a4   0x00000020   Code   RO          976    i.RCC_AHBPeriphClockCmd  stm32l1xx_rcc.o
    0x080064c4   0x00000020   Code   RO          979    i.RCC_APB1PeriphClockCmd  stm32l1xx_rcc.o
    0x080064e4   0x00000020   Code   RO          982    i.RCC_APB2PeriphClockCmd  stm32l1xx_rcc.o
    0x08006504   0x0000003c   Code   RO         2795    i.RCC_Config        bsp_init.o
    0x08006540   0x00000100   Code   RO          991    i.RCC_GetClocksFreq  stm32l1xx_rcc.o
    0x08006640   0x00000034   Code   RO          992    i.RCC_GetFlagStatus  stm32l1xx_rcc.o
    0x08006674   0x0000000c   Code   RO          997    i.RCC_HSICmd        stm32l1xx_rcc.o
    0x08006680   0x00000010   Code   RO         1000    i.RCC_LSEConfig     stm32l1xx_rcc.o
    0x08006690   0x0000000c   Code   RO         1001    i.RCC_LSICmd        stm32l1xx_rcc.o
    0x0800669c   0x0000000c   Code   RO         1009    i.RCC_RTCCLKCmd     stm32l1xx_rcc.o
    0x080066a8   0x00000044   Code   RO         1010    i.RCC_RTCCLKConfig  stm32l1xx_rcc.o
    0x080066ec   0x000000a8   Code   RO         3415    i.RTC8025_Read      bsp_i2c.o
    0x08006794   0x00000088   Code   RO         3416    i.RTC8025_Write     bsp_i2c.o
    0x0800681c   0x00000020   Code   RO         1244    i.RTC_ReadBackupRegister  stm32l1xx_rtc.o
    0x0800683c   0x00000060   Code   RO         1262    i.RTC_WaitForSynchro  stm32l1xx_rtc.o
    0x0800689c   0x0000001c   Code   RO         1265    i.RTC_WriteBackupRegister  stm32l1xx_rtc.o
    0x080068b8   0x000000f8   Code   RO         3591    i.RX8025_RTC_Init   bsp_rtc.o
    0x080069b0   0x00000018   Code   RO         3757    i.ReadBatVoltage    bsp_serialdeal.o
    0x080069c8   0x00000012   Code   RO         3295    i.ReadFlashDataPointer  bsp_i2c_fram.o
    0x080069da   0x00000002   PAD
    0x080069dc   0x00000194   Code   RO         3296    i.ReadFlashHisData  bsp_i2c_fram.o
    0x08006b70   0x00000012   Code   RO         3297    i.ReadFlashNoReadingDataNum  bsp_i2c_fram.o
    0x08006b82   0x00000012   Code   RO         3298    i.ReadFlashRecPointer  bsp_i2c_fram.o
    0x08006b94   0x00000014   Code   RO         3299    i.ReadFlashSectorPointer  bsp_i2c_fram.o
    0x08006ba8   0x000000dc   Code   RO         3300    i.ReadFramHisDataToRam  bsp_i2c_fram.o
    0x08006c84   0x00000270   Code   RO         3789    i.RecorderBootModeHandle  bsp_bootstop.o
    0x08006ef4   0x0000004c   Code   RO         3790    i.RecorderStopModeHandle  bsp_bootstop.o
    0x08006f40   0x00000068   Code   RO         3417    i.RecvByte          bsp_i2c.o
    0x08006fa8   0x0000000c   Code   RO         2409    i.Relay_Poll        freemodbus.o
    0x08006fb4   0x00000058   Code   RO         3592    i.Reset_Time        bsp_rtc.o
    0x0800700c   0x000000d0   Code   RO         3593    i.RtcBcdToD10       bsp_rtc.o
    0x080070dc   0x00000092   Code   RO         3594    i.RtcD10ToBcd       bsp_rtc.o
    0x0800716e   0x00000018   Code   RO         2141    i.SPI_Cmd           stm32l1xx_spi.o
    0x08007186   0x00000002   PAD
    0x08007188   0x00000050   Code   RO         3169    i.SPI_FLASH_BufferRead  bsp_spi_flash.o
    0x080071d8   0x00000122   Code   RO         3170    i.SPI_FLASH_BufferWrite  bsp_spi_flash.o
    0x080072fa   0x00000002   PAD
    0x080072fc   0x0000010c   Code   RO         3172    i.SPI_FLASH_Init    bsp_spi_flash.o
    0x08007408   0x00000060   Code   RO         3173    i.SPI_FLASH_PageWrite  bsp_spi_flash.o
    0x08007468   0x00000044   Code   RO         3177    i.SPI_FLASH_SectorErase  bsp_spi_flash.o
    0x080074ac   0x00000038   Code   RO         3178    i.SPI_FLASH_SendByte  bsp_spi_flash.o
    0x080074e4   0x00000030   Code   RO         3182    i.SPI_FLASH_WaitForWriteEnd  bsp_spi_flash.o
    0x08007514   0x00000020   Code   RO         3183    i.SPI_FLASH_WriteEnable  bsp_spi_flash.o
    0x08007534   0x00000012   Code   RO         2149    i.SPI_I2S_GetFlagStatus  stm32l1xx_spi.o
    0x08007546   0x00000006   Code   RO         2152    i.SPI_I2S_ReceiveData  stm32l1xx_spi.o
    0x0800754c   0x00000004   Code   RO         2153    i.SPI_I2S_SendData  stm32l1xx_spi.o
    0x08007550   0x0000003c   Code   RO         2154    i.SPI_Init          stm32l1xx_spi.o
    0x0800758c   0x0000008c   Code   RO         3758    i.STORAGE_DATA_READ  bsp_serialdeal.o
    0x08007618   0x00000002   Code   RO         2716    i.SVC_Handler       stm32l1xx_it.o
    0x0800761a   0x00000002   PAD
    0x0800761c   0x00000040   Code   RO         2053    i.SYSCFG_EXTILineConfig  stm32l1xx_syscfg.o
    0x0800765c   0x000000c4   Code   RO         3561    i.SaveDataOnTimeDeal  bsp_datadeal.o
    0x08007720   0x0000014c   Code   RO         3302    i.SaveHisDataToFlash  bsp_i2c_fram.o
    0x0800786c   0x00000060   Code   RO         3418    i.SendByte          bsp_i2c.o
    0x080078cc   0x000001e0   Code   RO         3708    i.Sensor_Deal       bsp_sensordeal.o
    0x08007aac   0x000000bc   Code   RO         2796    i.SetJlyParamData   bsp_init.o
    0x08007b68   0x0000010c   Code   RO           24    i.SetSysClock       system_stm32l1xx.o
    0x08007c74   0x00000058   Code   RO         3419    i.Start             bsp_i2c.o
    0x08007ccc   0x00000044   Code   RO         3420    i.Stop              bsp_i2c.o
    0x08007d10   0x00000060   Code   RO         2797    i.SysInit           bsp_init.o
    0x08007d70   0x0000003c   Code   RO         2717    i.SysTick_Handler   stm32l1xx_it.o
    0x08007dac   0x00000078   Code   RO         2841    i.SysTick_Init      bsp_systick.o
    0x08007e24   0x00000068   Code   RO           26    i.SystemInit        system_stm32l1xx.o
    0x08007e8c   0x0000004c   Code   RO         3499    i.TIM2_Configuration  bsp_timer.o
    0x08007ed8   0x00000028   Code   RO         2718    i.TIM2_IRQHandler   stm32l1xx_it.o
    0x08007f00   0x0000002a   Code   RO         3500    i.TIM2_NVIC_Configuration  bsp_timer.o
    0x08007f2a   0x00000002   PAD
    0x08007f2c   0x00000010   Code   RO         4629    i.TIM3_IRQHandler   BTBUS_Library.lib(porttimer.o)
    0x08007f3c   0x00000070   Code   RO         4830    i.TIM_Base_SetConfig  BTBUS_Library.lib(stm32l1xx_hal_tim.o)
    0x08007fac   0x00000006   Code   RO         1552    i.TIM_ClearFlag     stm32l1xx_tim.o
    0x08007fb2   0x00000006   Code   RO         1553    i.TIM_ClearITPendingBit  stm32l1xx_tim.o
    0x08007fb8   0x00000018   Code   RO         1558    i.TIM_Cmd           stm32l1xx_tim.o
    0x08007fd0   0x00000022   Code   RO         1578    i.TIM_GetITStatus   stm32l1xx_tim.o
    0x08007ff2   0x00000012   Code   RO         1582    i.TIM_ITConfig      stm32l1xx_tim.o
    0x08008004   0x00000060   Code   RO         1626    i.TIM_TimeBaseInit  stm32l1xx_tim.o
    0x08008064   0x00000204   Code   RO         3709    i.TempChang_to_Shishu  bsp_sensordeal.o
    0x08008268   0x00000238   Code   RO         3710    i.Temp_Adjust       bsp_sensordeal.o
    0x080084a0   0x00000018   Code   RO         2842    i.TimingDelay_Decrement  bsp_systick.o
    0x080084b8   0x0000000a   Code   RO         3519    i.U16ToValue10      bsp_class.o
    0x080084c2   0x00000002   PAD
    0x080084c4   0x00000210   Code   RO         5414    i.UART_SetConfig    BTBUS_Library.lib(stm32l1xx_hal_uart.o)
    0x080086d4   0x000000a0   Code   RO         3113    i.USART1_Config     bsp_usart.o
    0x08008774   0x00000028   Code   RO         2719    i.USART1_IRQHandler  stm32l1xx_it.o
    0x0800879c   0x0000010c   Code   RO         4525    i.USART3_IRQHandler  BTBUS_Library.lib(portserial.o)
    0x080088a8   0x00000018   Code   RO          106    i.USART_Cmd         stm32l1xx_usart.o
    0x080088c0   0x0000001a   Code   RO          109    i.USART_GetFlagStatus  stm32l1xx_usart.o
    0x080088da   0x00000054   Code   RO          110    i.USART_GetITStatus  stm32l1xx_usart.o
    0x0800892e   0x0000004a   Code   RO          112    i.USART_ITConfig    stm32l1xx_usart.o
    0x08008978   0x000000cc   Code   RO          113    i.USART_Init        stm32l1xx_usart.o
    0x08008a44   0x0000000a   Code   RO          120    i.USART_ReceiveData  stm32l1xx_usart.o
    0x08008a4e   0x00000008   Code   RO          123    i.USART_SendData    stm32l1xx_usart.o
    0x08008a56   0x00000004   Code   RO         2720    i.UsageFault_Handler  stm32l1xx_it.o
    0x08008a5a   0x00000002   PAD
    0x08008a5c   0x000000a0   Code   RO         3520    i.ValueFtToU16      bsp_class.o
    0x08008afc   0x000000f4   Code   RO         3676    i.VoltageTest       bsp_powerdeal.o
    0x08008bf0   0x000002b8   Code   RO         3677    i.Voltage_ADC1config  bsp_powerdeal.o
    0x08008ea8   0x00000084   Code   RO         3421    i.WaitAck           bsp_i2c.o
    0x08008f2c   0x00000084   Code   RO         3562    i.WorkornotMode     bsp_datadeal.o
    0x08008fb0   0x00000014   Code   RO         3304    i.WriteFlashDataPointer  bsp_i2c_fram.o
    0x08008fc4   0x00000014   Code   RO         3305    i.WriteFlashNoReadingDataNum  bsp_i2c_fram.o
    0x08008fd8   0x00000014   Code   RO         3306    i.WriteFlashRecPointer  bsp_i2c_fram.o
    0x08008fec   0x00000014   Code   RO         3307    i.WriteFlashSectorPointer  bsp_i2c_fram.o
    0x08009000   0x00000014   Code   RO         3308    i.WriteFramRecPointer  bsp_i2c_fram.o
    0x08009014   0x00000020   Code   RO         6203    i.__0printf$8       mc_w.l(printf8.o)
    0x08009034   0x00000024   Code   RO         6235    i.__0vsprintf       mc_w.l(printfa.o)
    0x08009058   0x0000000e   Code   RO         6323    i.__scatterload_copy  mc_w.l(handlers.o)
    0x08009066   0x00000002   Code   RO         6324    i.__scatterload_null  mc_w.l(handlers.o)
    0x08009068   0x0000000e   Code   RO         6325    i.__scatterload_zeroinit  mc_w.l(handlers.o)
    0x08009076   0x00000002   PAD
    0x08009078   0x0000015c   Code   RO         6236    i._fp_digits        mc_w.l(printfa.o)
    0x080091d4   0x00000408   Code   RO         6210    i._printf_core      mc_w.l(printf8.o)
    0x080095dc   0x000006f0   Code   RO         6237    i._printf_core      mc_w.l(printfa.o)
    0x08009ccc   0x00000026   Code   RO         6211    i._printf_post_padding  mc_w.l(printf8.o)
    0x08009cf2   0x00000026   Code   RO         6238    i._printf_post_padding  mc_w.l(printfa.o)
    0x08009d18   0x00000030   Code   RO         6212    i._printf_pre_padding  mc_w.l(printf8.o)
    0x08009d48   0x00000030   Code   RO         6239    i._printf_pre_padding  mc_w.l(printfa.o)
    0x08009d78   0x0000000a   Code   RO         6241    i._sputc            mc_w.l(printfa.o)
    0x08009d82   0x00000090   Code   RO         2946    i.displayDAY        bsp_lcd.o
    0x08009e12   0x00000002   PAD
    0x08009e14   0x0000009c   Code   RO         2947    i.displayErr        bsp_lcd.o
    0x08009eb0   0x00000090   Code   RO         2948    i.displayTIME       bsp_lcd.o
    0x08009f40   0x0000006c   Code   RO         2949    i.displayYEAR       bsp_lcd.o
    0x08009fac   0x00000028   Code   RO         4198    i.eMBEnable         BTBUS_Library.lib(mb.o)
    0x08009fd4   0x000000a6   Code   RO         4326    i.eMBFuncReadCoils  BTBUS_Library.lib(mbfunccoils.o)
    0x0800a07a   0x000000a4   Code   RO         4350    i.eMBFuncReadDiscreteInputs  BTBUS_Library.lib(mbfuncdisc.o)
    0x0800a11e   0x00000084   Code   RO         4362    i.eMBFuncReadHoldingRegister  BTBUS_Library.lib(mbfuncholding.o)
    0x0800a1a2   0x00000084   Code   RO         4392    i.eMBFuncReadInputRegister  BTBUS_Library.lib(mbfuncinput.o)
    0x0800a226   0x000000d4   Code   RO         4363    i.eMBFuncReadWriteMultipleHoldingRegister  BTBUS_Library.lib(mbfuncholding.o)
    0x0800a2fa   0x00000002   PAD
    0x0800a2fc   0x00000028   Code   RO         4404    i.eMBFuncReportSlaveID  BTBUS_Library.lib(mbfuncother.o)
    0x0800a324   0x0000006c   Code   RO         4327    i.eMBFuncWriteCoil  BTBUS_Library.lib(mbfunccoils.o)
    0x0800a390   0x0000003e   Code   RO         4364    i.eMBFuncWriteHoldingRegister  BTBUS_Library.lib(mbfuncholding.o)
    0x0800a3ce   0x0000008e   Code   RO         4328    i.eMBFuncWriteMultipleCoils  BTBUS_Library.lib(mbfunccoils.o)
    0x0800a45c   0x0000006a   Code   RO         4365    i.eMBFuncWriteMultipleHoldingRegister  BTBUS_Library.lib(mbfuncholding.o)
    0x0800a4c6   0x00000002   PAD
    0x0800a4c8   0x000000e0   Code   RO         4199    i.eMBInit           BTBUS_Library.lib(mb.o)
    0x0800a5a8   0x00000184   Code   RO         4200    i.eMBPoll           BTBUS_Library.lib(mb.o)
    0x0800a72c   0x00000058   Code   RO         4425    i.eMBRTUInit        BTBUS_Library.lib(mbrtu.o)
    0x0800a784   0x00000070   Code   RO         4426    i.eMBRTUReceive     BTBUS_Library.lib(mbrtu.o)
    0x0800a7f4   0x000000b0   Code   RO         4427    i.eMBRTUSend        BTBUS_Library.lib(mbrtu.o)
    0x0800a8a4   0x00000024   Code   RO         4428    i.eMBRTUStart       BTBUS_Library.lib(mbrtu.o)
    0x0800a8c8   0x00000018   Code   RO         4429    i.eMBRTUStop        BTBUS_Library.lib(mbrtu.o)
    0x0800a8e0   0x000000b0   Code   RO         2411    i.eMBRegCoilsCB     freemodbus.o
    0x0800a990   0x00000074   Code   RO         2412    i.eMBRegDiscreteCB  freemodbus.o
    0x0800aa04   0x000000dc   Code   RO         2413    i.eMBRegHoldingCB   freemodbus.o
    0x0800aae0   0x0000007c   Code   RO         2414    i.eMBRegInputCB     freemodbus.o
    0x0800ab5c   0x00000024   Code   RO         3115    i.fputc             bsp_usart.o
    0x0800ab80   0x00000038   Code   RO         2415    i.freemodbus_init   freemodbus.o
    0x0800abb8   0x0000001a   Code   RO         2416    i.freemodbus_main   freemodbus.o
    0x0800abd2   0x00000002   PAD
    0x0800abd4   0x00000178   Code   RO         2950    i.lcd_OFF           bsp_lcd.o
    0x0800ad4c   0x000001c4   Code   RO         2556    i.main              main.o
    0x0800af10   0x00000022   Code   RO         4128    i.prveMBError2Exception  BTBUS_Library.lib(mbutils.o)
    0x0800af32   0x00000002   PAD
    0x0800af34   0x00000014   Code   RO         4630    i.prvvTIMERExpiredISR  BTBUS_Library.lib(porttimer.o)
    0x0800af48   0x00000014   Code   RO         4526    i.prvvUARTRxISR     BTBUS_Library.lib(portserial.o)
    0x0800af5c   0x00000014   Code   RO         4527    i.prvvUARTTxReadyISR  BTBUS_Library.lib(portserial.o)
    0x0800af70   0x00000084   Code   RO         3595    i.read_time         bsp_rtc.o
    0x0800aff4   0x000001a4   Code   RO         3596    i.rtc_deel          bsp_rtc.o
    0x0800b198   0x00000050   Code   RO         3597    i.serialread_time   bsp_rtc.o
    0x0800b1e8   0x00000058   Code   RO         3598    i.set_time          bsp_rtc.o
    0x0800b240   0x00000038   Code   RO         4688    i.usMBCRC16         BTBUS_Library.lib(mbcrc.o)
    0x0800b278   0x00000068   Code   RO         4528    i.vMBPortSerialEnable  BTBUS_Library.lib(portserial.o)
    0x0800b2e0   0x00000014   Code   RO         4632    i.vMBPortTimersDisable  BTBUS_Library.lib(porttimer.o)
    0x0800b2f4   0x00000020   Code   RO         4633    i.vMBPortTimersEnable  BTBUS_Library.lib(porttimer.o)
    0x0800b314   0x00000048   Code   RO         4080    i.xMBOutput         BTBUS_Library.lib(port.o)
    0x0800b35c   0x00000024   Code   RO         4278    i.xMBPortEventGet   BTBUS_Library.lib(portevent.o)
    0x0800b380   0x00000010   Code   RO         4279    i.xMBPortEventInit  BTBUS_Library.lib(portevent.o)
    0x0800b390   0x00000018   Code   RO         4280    i.xMBPortEventPost  BTBUS_Library.lib(portevent.o)
    0x0800b3a8   0x00000050   Code   RO         4529    i.xMBPortSerialGetByte  BTBUS_Library.lib(portserial.o)
    0x0800b3f8   0x0000003c   Code   RO         4530    i.xMBPortSerialInit  BTBUS_Library.lib(portserial.o)
    0x0800b434   0x00000024   Code   RO         4531    i.xMBPortSerialPutByte  BTBUS_Library.lib(portserial.o)
    0x0800b458   0x00000064   Code   RO         4634    i.xMBPortTimersInit  BTBUS_Library.lib(porttimer.o)
    0x0800b4bc   0x00000088   Code   RO         4430    i.xMBRTUReceiveFSM  BTBUS_Library.lib(mbrtu.o)
    0x0800b544   0x00000040   Code   RO         4431    i.xMBRTUTimerT35Expired  BTBUS_Library.lib(mbrtu.o)
    0x0800b584   0x0000006c   Code   RO         4432    i.xMBRTUTransmitFSM  BTBUS_Library.lib(mbrtu.o)
    0x0800b5f0   0x0000002a   Code   RO         4129    i.xMBUtilGetBits    BTBUS_Library.lib(mbutils.o)
    0x0800b61a   0x00000060   Code   RO         4130    i.xMBUtilSetBits    BTBUS_Library.lib(mbutils.o)
    0x0800b67a   0x00000002   PAD
    0x0800b67c   0x0000014c   Data   RO         3142    .constdata          global.o
    0x0800b7c8   0x00000036   Data   RO         3711    .constdata          bsp_sensordeal.o
    0x0800b7fe   0x00000200   Data   RO         4689    .constdata          BTBUS_Library.lib(mbcrc.o)
    0x0800b9fe   0x0000001d   Data   RO         5842    .constdata          BTBUS_Library.lib(stm32l1xx_hal_rcc.o)
    0x0800ba1b   0x00000001   PAD
    0x0800ba1c   0x00000020   Data   RO         6321    Region$$Table       anon$$obj.o


    Execution Region RW_IRAM1 (Base: 0x20000000, Size: 0x00009798, Max: 0x0000c000, ABSOLUTE, COMPRESSED[0x0000009c])

    Base Addr    Size         Type   Attr      Idx    E Section Name        Object

    0x20000000   0x0000001d   Data   RW           27    .data               system_stm32l1xx.o
    0x2000001d   0x00000019   Data   RW         1014    .data               stm32l1xx_rcc.o
    0x20000036   0x0000000c   Data   RW         2418    .data               freemodbus.o
    0x20000042   0x00000002   PAD
    0x20000044   0x00000004   Data   RW         2843    .data               bsp_systick.o
    0x20000048   0x00000018   Data   RW         3143    .data               global.o
    0x20000060   0x00000030   Data   RW         3599    .data               bsp_rtc.o
    0x20000090   0x000000b8   Data   RW         4202    .data               BTBUS_Library.lib(mb.o)
    0x20000148   0x00000002   Data   RW         4281    .data               BTBUS_Library.lib(portevent.o)
    0x2000014a   0x00000002   Data   RW         4407    .data               BTBUS_Library.lib(mbfuncother.o)
    0x2000014c   0x0000000c   Data   RW         4434    .data               BTBUS_Library.lib(mbrtu.o)
    0x20000158   0x00000004   Data   RW         4636    .data               BTBUS_Library.lib(porttimer.o)
    0x2000015c   0x00000004   Data   RW         6301    .data               mc_w.l(stdout.o)
    0x20000160   0x00008000   Zero   RW         2417    .bss                freemodbus.o
    0x20008160   0x00000e94   Zero   RW         3141    .bss                global.o
    0x20008ff4   0x00000200   Zero   RW         4081    .bss                BTBUS_Library.lib(port.o)
    0x200091f4   0x00000020   Zero   RW         4406    .bss                BTBUS_Library.lib(mbfuncother.o)
    0x20009214   0x00000100   Zero   RW         4433    .bss                BTBUS_Library.lib(mbrtu.o)
    0x20009314   0x0000004a   Zero   RW         4532    .bss                BTBUS_Library.lib(portserial.o)
    0x2000935e   0x00000002   PAD
    0x20009360   0x00000038   Zero   RW         4635    .bss                BTBUS_Library.lib(porttimer.o)
    0x20009398   0x00000400   Zero   RW            1    STACK               startup_stm32l1xx_hd.o


==============================================================================

Image component sizes


      Code (inc. data)   RO Data    RW Data    ZI Data      Debug   Object Name

       598         42          0          0          0       2241   bsp_adc.o
       396         26          0          0          0       1529   bsp_alarmdeal.o
       700         30          0          0          0       1262   bsp_bootstop.o
       288         10          0          0          0       2862   bsp_class.o
      1172         92          0          0          0       2593   bsp_datadeal.o
       194          8          0          0          0       1033   bsp_exti_key.o
      1404         58          0          0          0       7969   bsp_i2c.o
      1658        126          0          0          0       7768   bsp_i2c_fram.o
       896         62          0          0          0       3490   bsp_init.o
     13502        310          0          0          0      18938   bsp_lcd.o
      1764         78          0          0          0       2717   bsp_powerdeal.o
      1522        196          0         48          0       4802   bsp_rtc.o
      2526        162         54          0          0       6581   bsp_sensordeal.o
       830         30          0          0          0       3441   bsp_serialdeal.o
       938         42          0          0          0       5067   bsp_spi_flash.o
       184         22          0          4          0      18547   bsp_systick.o
       118          0          0          0          0        925   bsp_timer.o
       238         12          0          0          0       1572   bsp_usart.o
         0          0          0          0          0       4232   core_cm3.o
       802         88          0         12      32768       9382   freemodbus.o
         0          0        332         24       3732       7705   global.o
       452        244          0          0          0     266095   main.o
       140         22          0          0          0       1327   misc.o
        36          8        292          0       1024        808   startup_stm32l1xx_hd.o
       548         10          0          0          0       5547   stm32l1xx_adc.o
       416          8          0          0          0       3146   stm32l1xx_dma.o
       184         16          0          0          0       1788   stm32l1xx_exti.o
       228          0          0          0          0       3063   stm32l1xx_gpio.o
       224         16          0          0          0     214850   stm32l1xx_hal_msp.o
       308         30          0          0          0       4631   stm32l1xx_it.o
       234         36          0          0          0       4755   stm32l1xx_lcd.o
        12          6          0          0          0        439   stm32l1xx_pwr.o
       524         70          0         25          0       6739   stm32l1xx_rcc.o
       156         14          0          0          0       2612   stm32l1xx_rtc.o
       112          0          0          0          0       2850   stm32l1xx_spi.o
        64          4          0          0          0        568   stm32l1xx_syscfg.o
       184         20          0          0          0       3518   stm32l1xx_tim.o
       430          6          0          0          0       4773   stm32l1xx_usart.o
       372         30          0         29          0     282501   system_stm32l1xx.o

    ----------------------------------------------------------------------
     34394       1934        710        144      37524     924666   Object Totals
         0          0         32          0          0          0   (incl. Generated)
        40          0          0          2          0          0   (incl. Padding)

    ----------------------------------------------------------------------

      Code (inc. data)   RO Data    RW Data    ZI Data      Debug   Library Member Name

       652        174          0        184          0       8351   mb.o
        56          8        512          0          0       2144   mbcrc.o
       416          0          0          0          0       3766   mbfunccoils.o
       164          0          0          0          0       1584   mbfuncdisc.o
       512          0          0          0          0       5015   mbfuncholding.o
       132          0          0          0          0       1539   mbfuncinput.o
        40         10          0          2         32       1395   mbfuncother.o
       744         98          0         12        256       9333   mbrtu.o
       172          0          0          0          0       5602   mbutils.o
        80          4          0          0        512       3629   port.o
        76         24          0          2          0       4450   portevent.o
       588         44          0          0         74     192446   portserial.o
       198         34          0          4         56       3671   porttimer.o
       208         14          0          0          0     263355   stm32l1xx_hal_cortex.o
       476         38          0          0          0       1720   stm32l1xx_hal_gpio.o
       332         50         29          0          0       3545   stm32l1xx_hal_rcc.o
       594         22          0          0          0       6177   stm32l1xx_hal_tim.o
       856          6          0          0          0       3930   stm32l1xx_hal_uart.o
        92          0          0          0          0          0   __dczerorl2.o
         0          0          0          0          0          0   entry.o
         0          0          0          0          0          0   entry10a.o
         0          0          0          0          0          0   entry11a.o
         8          4          0          0          0          0   entry2.o
         4          0          0          0          0          0   entry5.o
         0          0          0          0          0          0   entry7b.o
         0          0          0          0          0          0   entry8b.o
         8          4          0          0          0          0   entry9a.o
        30          0          0          0          0          0   handlers.o
        36          8          0          0          0         68   init.o
         0          0          0          0          0          0   iusefp.o
        30          0          0          0          0         68   llshl.o
        36          0          0          0          0         68   llsshr.o
        32          0          0          0          0         68   llushr.o
        36          0          0          0          0         68   memcpya.o
        36          0          0          0          0        108   memseta.o
      1150         54          0          0          0        352   printf8.o
      2256         86          0          0          0        508   printfa.o
         0          0          0          4          0          0   stdout.o
        44          0          0          0          0         80   uidiv.o
        98          0          0          0          0         92   uldiv.o
        40          2          0          0          0         68   cdcmple.o
        40          2          0          0          0         68   cdrcmple.o
        20          0          0          0          0         68   cfcmple.o
        20          0          0          0          0         68   cfrcmple.o
        56          0          0          0          0         88   d2f.o
       334          0          0          0          0        148   dadd.o
       222          0          0          0          0        100   ddiv.o
       190          0          0          0          0        176   depilogue.o
        48          0          0          0          0         68   dfixul.o
       228          0          0          0          0         96   dmul.o
        38          0          0          0          0         68   f2d.o
       176          0          0          0          0        140   fadd.o
       128          0          0          0          0         88   fdiv.o
       108          0          0          0          0        168   fepilogue.o
        40          0          0          0          0         68   ffixui.o
        18          0          0          0          0         68   fflti.o
        10          0          0          0          0         68   ffltui.o
       108          0          0          0          0         76   fmul.o

    ----------------------------------------------------------------------
     12030        686        542        208        932     524824   Library Totals
        14          0          1          0          2          0   (incl. Padding)

    ----------------------------------------------------------------------

      Code (inc. data)   RO Data    RW Data    ZI Data      Debug   Library Name

      6296        526        541        204        930     521652   BTBUS_Library.lib
      3896        156          0          4          0       1480   mc_w.l
      1824          4          0          0          0       1692   mf_w.l

    ----------------------------------------------------------------------
     12030        686        542        208        932     524824   Library Totals

    ----------------------------------------------------------------------

==============================================================================


      Code (inc. data)   RO Data    RW Data    ZI Data      Debug   

     46424       2620       1252        352      38456    1433110   Grand Totals
     46424       2620       1252        156      38456    1433110   ELF Image Totals (compressed)
     46424       2620       1252        156          0          0   ROM Totals

==============================================================================

    Total RO  Size (Code + RO Data)                47676 (  46.56kB)
    Total RW  Size (RW Data + ZI Data)             38808 (  37.90kB)
    Total ROM Size (Code + RO Data + RW Data)      47832 (  46.71kB)

==============================================================================

