ARM Linker, 5.03 [Build 76] [MDK-ARM Standard]

==============================================================================

Section Cross References

    startup_stm32l1xx_hd.o(RESET) refers to startup_stm32l1xx_hd.o(STACK) for __initial_sp
    startup_stm32l1xx_hd.o(RESET) refers to startup_stm32l1xx_hd.o(.text) for Reset_Handler
    startup_stm32l1xx_hd.o(RESET) refers to stm32l1xx_it.o(i.NMI_Handler) for NMI_Handler
    startup_stm32l1xx_hd.o(RESET) refers to stm32l1xx_it.o(i.HardFault_Handler) for HardFault_Handler
    startup_stm32l1xx_hd.o(RESET) refers to stm32l1xx_it.o(i.MemManage_Handler) for MemManage_Handler
    startup_stm32l1xx_hd.o(RESET) refers to stm32l1xx_it.o(i.BusFault_Handler) for BusFault_Handler
    startup_stm32l1xx_hd.o(RESET) refers to stm32l1xx_it.o(i.UsageFault_Handler) for UsageFault_Handler
    startup_stm32l1xx_hd.o(RESET) refers to stm32l1xx_it.o(i.SVC_Handler) for SVC_Handler
    startup_stm32l1xx_hd.o(RESET) refers to stm32l1xx_it.o(i.DebugMon_Handler) for DebugMon_Handler
    startup_stm32l1xx_hd.o(RESET) refers to stm32l1xx_it.o(i.PendSV_Handler) for PendSV_Handler
    startup_stm32l1xx_hd.o(RESET) refers to stm32l1xx_it.o(i.SysTick_Handler) for SysTick_Handler
    startup_stm32l1xx_hd.o(RESET) refers to stm32l1xx_it.o(i.EXTI0_IRQHandler) for EXTI0_IRQHandler
    startup_stm32l1xx_hd.o(RESET) refers to stm32l1xx_it.o(i.TIM2_IRQHandler) for TIM2_IRQHandler
    startup_stm32l1xx_hd.o(RESET) refers to porttimer.o(i.TIM3_IRQHandler) for TIM3_IRQHandler
    startup_stm32l1xx_hd.o(RESET) refers to stm32l1xx_it.o(i.USART1_IRQHandler) for USART1_IRQHandler
    startup_stm32l1xx_hd.o(RESET) refers to portserial.o(i.USART3_IRQHandler) for USART3_IRQHandler
    startup_stm32l1xx_hd.o(RESET) refers to stm32l1xx_it.o(i.EXTI15_10_IRQHandler) for EXTI15_10_IRQHandler
    startup_stm32l1xx_hd.o(.text) refers to system_stm32l1xx.o(i.SystemInit) for SystemInit
    startup_stm32l1xx_hd.o(.text) refers to entry.o(.ARM.Collect$$$$00000000) for __main
    system_stm32l1xx.o(i.SystemCoreClockUpdate) refers to system_stm32l1xx.o(.data) for SystemCoreClock
    system_stm32l1xx.o(i.SystemInit) refers to system_stm32l1xx.o(i.SetSysClock) for SetSysClock
    stm32l1xx_usart.o(i.USART_DeInit) refers to stm32l1xx_rcc.o(i.RCC_APB2PeriphResetCmd) for RCC_APB2PeriphResetCmd
    stm32l1xx_usart.o(i.USART_DeInit) refers to stm32l1xx_rcc.o(i.RCC_APB1PeriphResetCmd) for RCC_APB1PeriphResetCmd
    stm32l1xx_usart.o(i.USART_Init) refers to stm32l1xx_rcc.o(i.RCC_GetClocksFreq) for RCC_GetClocksFreq
    stm32l1xx_adc.o(i.ADC_DeInit) refers to stm32l1xx_rcc.o(i.RCC_APB2PeriphResetCmd) for RCC_APB2PeriphResetCmd
    stm32l1xx_gpio.o(i.GPIO_DeInit) refers to stm32l1xx_rcc.o(i.RCC_AHBPeriphResetCmd) for RCC_AHBPeriphResetCmd
    stm32l1xx_lcd.o(i.LCD_DeInit) refers to stm32l1xx_rcc.o(i.RCC_APB1PeriphResetCmd) for RCC_APB1PeriphResetCmd
    stm32l1xx_lcd.o(i.LCD_Init) refers to stm32l1xx_lcd.o(i.LCD_WaitForSynchro) for LCD_WaitForSynchro
    stm32l1xx_pwr.o(i.PWR_DeInit) refers to stm32l1xx_rcc.o(i.RCC_APB1PeriphResetCmd) for RCC_APB1PeriphResetCmd
    stm32l1xx_rcc.o(i.RCC_GetClocksFreq) refers to stm32l1xx_rcc.o(.data) for PLLMulTable
    stm32l1xx_rcc.o(i.RCC_WaitForHSEStartUp) refers to stm32l1xx_rcc.o(i.RCC_GetFlagStatus) for RCC_GetFlagStatus
    stm32l1xx_rtc.o(i.RTC_CoarseCalibCmd) refers to stm32l1xx_rtc.o(i.RTC_EnterInitMode) for RTC_EnterInitMode
    stm32l1xx_rtc.o(i.RTC_CoarseCalibCmd) refers to stm32l1xx_rtc.o(i.RTC_ExitInitMode) for RTC_ExitInitMode
    stm32l1xx_rtc.o(i.RTC_CoarseCalibConfig) refers to stm32l1xx_rtc.o(i.RTC_EnterInitMode) for RTC_EnterInitMode
    stm32l1xx_rtc.o(i.RTC_CoarseCalibConfig) refers to stm32l1xx_rtc.o(i.RTC_ExitInitMode) for RTC_ExitInitMode
    stm32l1xx_rtc.o(i.RTC_DeInit) refers to stm32l1xx_rtc.o(i.RTC_EnterInitMode) for RTC_EnterInitMode
    stm32l1xx_rtc.o(i.RTC_DeInit) refers to stm32l1xx_rtc.o(i.RTC_WaitForSynchro) for RTC_WaitForSynchro
    stm32l1xx_rtc.o(i.RTC_GetAlarm) refers to stm32l1xx_rtc.o(i.RTC_Bcd2ToByte) for RTC_Bcd2ToByte
    stm32l1xx_rtc.o(i.RTC_GetDate) refers to stm32l1xx_rtc.o(i.RTC_Bcd2ToByte) for RTC_Bcd2ToByte
    stm32l1xx_rtc.o(i.RTC_GetTime) refers to stm32l1xx_rtc.o(i.RTC_Bcd2ToByte) for RTC_Bcd2ToByte
    stm32l1xx_rtc.o(i.RTC_GetTimeStamp) refers to stm32l1xx_rtc.o(i.RTC_Bcd2ToByte) for RTC_Bcd2ToByte
    stm32l1xx_rtc.o(i.RTC_Init) refers to stm32l1xx_rtc.o(i.RTC_EnterInitMode) for RTC_EnterInitMode
    stm32l1xx_rtc.o(i.RTC_Init) refers to stm32l1xx_rtc.o(i.RTC_ExitInitMode) for RTC_ExitInitMode
    stm32l1xx_rtc.o(i.RTC_RefClockCmd) refers to stm32l1xx_rtc.o(i.RTC_EnterInitMode) for RTC_EnterInitMode
    stm32l1xx_rtc.o(i.RTC_RefClockCmd) refers to stm32l1xx_rtc.o(i.RTC_ExitInitMode) for RTC_ExitInitMode
    stm32l1xx_rtc.o(i.RTC_SetAlarm) refers to stm32l1xx_rtc.o(i.RTC_Bcd2ToByte) for RTC_Bcd2ToByte
    stm32l1xx_rtc.o(i.RTC_SetAlarm) refers to stm32l1xx_rtc.o(i.RTC_ByteToBcd2) for RTC_ByteToBcd2
[...]
    _printf_return_value                     0x00000000   Number         0  stubs.o ABSOLUTE
    _printf_s                                0x00000000   Number         0  stubs.o ABSOLUTE
    _printf_sizespec                         0x00000000   Number         0  stubs.o ABSOLUTE
    _printf_str                              0x00000000   Number         0  stubs.o ABSOLUTE
    _printf_truncate_signed                  0x00000000   Number         0  stubs.o ABSOLUTE
    _printf_truncate_unsigned                0x00000000   Number         0  stubs.o ABSOLUTE
    _printf_u                                0x00000000   Number         0  stubs.o ABSOLUTE
    _printf_wc                               0x00000000   Number         0  stubs.o ABSOLUTE
    _printf_wctomb                           0x00000000   Number         0  stubs.o ABSOLUTE
    _printf_widthprec                        0x00000000   Number         0  stubs.o ABSOLUTE
    _printf_x                                0x00000000   Number         0  stubs.o ABSOLUTE
    __cpp_initialize__aeabi_                  - Undefined Weak Reference
    __cxa_finalize                            - Undefined Weak Reference
    _clock_init                               - Undefined Weak Reference
    _microlib_exit                            - Undefined Weak Reference
    __Vectors_Size                           0x00000124   Number         0  startup_stm32l1xx_hd.o ABSOLUTE
    __Vectors                                0x08000000   Data           4  startup_stm32l1xx_hd.o(RESET)
    __Vectors_End                            0x08000124   Data           0  startup_stm32l1xx_hd.o(RESET)
    __main                                   0x08000125   Thumb Code     0  entry.o(.ARM.Collect$$$$00000000)
    _main_stk                                0x08000125   Thumb Code     0  entry2.o(.ARM.Collect$$$$00000001)
    _main_scatterload                        0x08000129   Thumb Code     0  entry5.o(.ARM.Collect$$$$00000004)
    __main_after_scatterload                 0x0800012d   Thumb Code     0  entry5.o(.ARM.Collect$$$$00000004)
    _main_clock                              0x0800012d   Thumb Code     0  entry7b.o(.ARM.Collect$$$$00000008)
    _main_cpp_init                           0x0800012d   Thumb Code     0  entry8b.o(.ARM.Collect$$$$0000000A)
    _main_init                               0x0800012d   Thumb Code     0  entry9a.o(.ARM.Collect$$$$0000000B)
    __rt_final_cpp                           0x08000135   Thumb Code     0  entry10a.o(.ARM.Collect$$$$0000000D)
    __rt_final_exit                          0x08000135   Thumb Code     0  entry11a.o(.ARM.Collect$$$$0000000F)
    Reset_Handler                            0x08000139   Thumb Code     8  startup_stm32l1xx_hd.o(.text)
    ADC1_IRQHandler                          0x08000153   Thumb Code     0  startup_stm32l1xx_hd.o(.text)
    AES_IRQHandler                           0x08000153   Thumb Code     0  startup_stm32l1xx_hd.o(.text)
    COMP_ACQ_IRQHandler                      0x08000153   Thumb Code     0  startup_stm32l1xx_hd.o(.text)
    COMP_IRQHandler                          0x08000153   Thumb Code     0  startup_stm32l1xx_hd.o(.text)
    DAC_IRQHandler                           0x08000153   Thumb Code     0  startup_stm32l1xx_hd.o(.text)
    DMA1_Channel1_IRQHandler                 0x08000153   Thumb Code     0  startup_stm32l1xx_hd.o(.text)
    DMA1_Channel2_IRQHandler                 0x08000153   Thumb Code     0  startup_stm32l1xx_hd.o(.text)
    DMA1_Channel3_IRQHandler                 0x08000153   Thumb Code     0  startup_stm32l1xx_hd.o(.text)
    DMA1_Channel4_IRQHandler                 0x08000153   Thumb Code     0  startup_stm32l1xx_hd.o(.text)
    DMA1_Channel5_IRQHandler                 0x08000153   Thumb Code     0  startup_stm32l1xx_hd.o(.text)
    DMA1_Channel6_IRQHandler                 0x08000153   Thumb Code     0  startup_stm32l1xx_hd.o(.text)
    DMA1_Channel7_IRQHandler                 0x08000153   Thumb Code     0  startup_stm32l1xx_hd.o(.text)
    DMA2_Channel1_IRQHandler                 0x08000153   Thumb Code     0  startup_stm32l1xx_hd.o(.text)
    DMA2_Channel2_IRQHandler                 0x08000153   Thumb Code     0  startup_stm32l1xx_hd.o(.text)
    DMA2_Channel3_IRQHandler                 0x08000153   Thumb Code     0  startup_stm32l1xx_hd.o(.text)
    DMA2_Channel4_IRQHandler                 0x08000153   Thumb Code     0  startup_stm32l1xx_hd.o(.text)
    DMA2_Channel5_IRQHandler                 0x08000153   Thumb Code     0  startup_stm32l1xx_hd.o(.text)
    EXTI1_IRQHandler                         0x08000153   Thumb Code     0  startup_stm32l1xx_hd.o(.text)
    EXTI2_IRQHandler                         0x08000153   Thumb Code     0  startup_stm32l1xx_hd.o(.text)
    EXTI3_IRQHandler                         0x08000153   Thumb Code     0  startup_stm32l1xx_hd.o(.text)
    EXTI4_IRQHandler                         0x08000153   Thumb Code     0  startup_stm32l1xx_hd.o(.text)
    EXTI9_5_IRQHandler                       0x08000153   Thumb Code     0  startup_stm32l1xx_hd.o(.text)
    FLASH_IRQHandler                         0x08000153   Thumb Code     0  startup_stm32l1xx_hd.o(.text)
    I2C1_ER_IRQHandler                       0x08000153   Thumb Code     0  startup_stm32l1xx_hd.o(.text)
    I2C1_EV_IRQHandler                       0x08000153   Thumb Code     0  startup_stm32l1xx_hd.o(.text)
    I2C2_ER_IRQHandler                       0x08000153   Thumb Code     0  startup_stm32l1xx_hd.o(.text)
    I2C2_EV_IRQHandler                       0x08000153   Thumb Code     0  startup_stm32l1xx_hd.o(.text)
    LCD_IRQHandler                           0x08000153   Thumb Code     0  startup_stm32l1xx_hd.o(.text)
    PVD_IRQHandler                           0x08000153   Thumb Code     0  startup_stm32l1xx_hd.o(.text)
    RCC_IRQHandler                           0x08000153   Thumb Code     0  startup_stm32l1xx_hd.o(.text)
    RTC_Alarm_IRQHandler                     0x08000153   Thumb Code     0  startup_stm32l1xx_hd.o(.text)
    RTC_WKUP_IRQHandler                      0x08000153   Thumb Code     0  startup_stm32l1xx_hd.o(.text)
    SDIO_IRQHandler                          0x08000153   Thumb Code     0  startup_stm32l1xx_hd.o(.text)
    SPI1_IRQHandler                          0x08000153   Thumb Code     0  startup_stm32l1xx_hd.o(.text)
    SPI2_IRQHandler                          0x08000153   Thumb Code     0  startup_stm32l1xx_hd.o(.text)
    SPI3_IRQHandler                          0x08000153   Thumb Code     0  startup_stm32l1xx_hd.o(.text)
    TAMPER_STAMP_IRQHandler                  0x08000153   Thumb Code     0  startup_stm32l1xx_hd.o(.text)
    TIM10_IRQHandler                         0x08000153   Thumb Code     0  startup_stm32l1xx_hd.o(.text)
    TIM11_IRQHandler                         0x08000153   Thumb Code     0  startup_stm32l1xx_hd.o(.text)
    TIM4_IRQHandler                          0x08000153   Thumb Code     0  startup_stm32l1xx_hd.o(.text)
    TIM5_IRQHandler                          0x08000153   Thumb Code     0  startup_stm32l1xx_hd.o(.text)
    TIM6_IRQHandler                          0x08000153   Thumb Code     0  startup_stm32l1xx_hd.o(.text)
    TIM7_IRQHandler                          0x08000153   Thumb Code     0  startup_stm32l1xx_hd.o(.text)
    TIM9_IRQHandler                          0x08000153   Thumb Code     0  startup_stm32l1xx_hd.o(.text)
    UART4_IRQHandler                         0x08000153   Thumb Code     0  startup_stm32l1xx_hd.o(.text)
    UART5_IRQHandler                         0x08000153   Thumb Code     0  startup_stm32l1xx_hd.o(.text)
    USART2_IRQHandler                        0x08000153   Thumb Code     0  startup_stm32l1xx_hd.o(.text)
    USB_FS_WKUP_IRQHandler                   0x08000153   Thumb Code     0  startup_stm32l1xx_hd.o(.text)
    USB_HP_IRQHandler                        0x08000153   Thumb Code     0  startup_stm32l1xx_hd.o(.text)
    USB_LP_IRQHandler                        0x08000153   Thumb Code     0  startup_stm32l1xx_hd.o(.text)
    WWDG_IRQHandler                          0x08000153   Thumb Code     0  startup_stm32l1xx_hd.o(.text)
    __aeabi_memcpy                           0x0800015d   Thumb Code    36  memcpya.o(.text)
    __aeabi_memcpy4                          0x0800015d   Thumb Code     0  memcpya.o(.text)
    __aeabi_memcpy8                          0x0800015d   Thumb Code     0  memcpya.o(.text)
    __aeabi_memset                           0x08000181   Thumb Code    14  memseta.o(.text)
    __aeabi_memset4                          0x08000181   Thumb Code     0  memseta.o(.text)
    __aeabi_memset8                          0x08000181   Thumb Code     0  memseta.o(.text)
    __aeabi_memclr                           0x0800018f   Thumb Code     4  memseta.o(.text)
    __aeabi_memclr4                          0x0800018f   Thumb Code     0  memseta.o(.text)
    __aeabi_memclr8                          0x0800018f   Thumb Code     0  memseta.o(.text)
    _memset$wrapper                          0x08000193   Thumb Code    18  memseta.o(.text)
    __aeabi_fadd                             0x080001a5   Thumb Code   164  fadd.o(.text)
    __aeabi_fsub                             0x08000249   Thumb Code     6  fadd.o(.text)
    __aeabi_frsub                            0x0800024f   Thumb Code     6  fadd.o(.text)
    __aeabi_fmul                             0x08000255   Thumb Code   108  fmul.o(.text)
    __aeabi_fdiv                             0x080002c1   Thumb Code   128  fdiv.o(.text)
    __aeabi_dadd                             0x08000341   Thumb Code   322  dadd.o(.text)
    __aeabi_dsub                             0x08000483   Thumb Code     6  dadd.o(.text)
    __aeabi_drsub                            0x08000489   Thumb Code     6  dadd.o(.text)
    __aeabi_dmul                             0x0800048f   Thumb Code   228  dmul.o(.text)
    __aeabi_ddiv                             0x08000573   Thumb Code   222  ddiv.o(.text)
    __aeabi_i2f                              0x08000651   Thumb Code    18  fflti.o(.text)
    __aeabi_ui2f                             0x08000663   Thumb Code    10  ffltui.o(.text)
    __aeabi_f2uiz                            0x0800066d   Thumb Code    40  ffixui.o(.text)
    __aeabi_f2d                              0x08000695   Thumb Code    38  f2d.o(.text)
    __aeabi_cdcmpeq                          0x080006bd   Thumb Code     0  cdcmple.o(.text)
    __aeabi_cdcmple                          0x080006bd   Thumb Code    38  cdcmple.o(.text)
    __aeabi_cdrcmple                         0x080006e5   Thumb Code    38  cdrcmple.o(.text)
    __aeabi_d2f                              0x0800070d   Thumb Code    56  d2f.o(.text)
    __aeabi_cfcmpeq                          0x08000745   Thumb Code     0  cfcmple.o(.text)
    __aeabi_cfcmple                          0x08000745   Thumb Code    20  cfcmple.o(.text)
    __aeabi_cfrcmple                         0x08000759   Thumb Code    20  cfrcmple.o(.text)
    __aeabi_uidiv                            0x0800076d   Thumb Code     0  uidiv.o(.text)
    __aeabi_uidivmod                         0x0800076d   Thumb Code    44  uidiv.o(.text)
    __aeabi_uldivmod                         0x08000799   Thumb Code    98  uldiv.o(.text)
    __aeabi_llsl                             0x080007fb   Thumb Code    30  llshl.o(.text)
    _ll_shift_l                              0x080007fb   Thumb Code     0  llshl.o(.text)
    __aeabi_lasr                             0x08000819   Thumb Code    36  llsshr.o(.text)
    _ll_sshift_r                             0x08000819   Thumb Code     0  llsshr.o(.text)
    __I$use$fp                               0x0800083d   Thumb Code     0  iusefp.o(.text)
    _float_round                             0x0800083d   Thumb Code    18  fepilogue.o(.text)
    _float_epilogue                          0x0800084f   Thumb Code    90  fepilogue.o(.text)
    _double_round                            0x080008a9   Thumb Code    26  depilogue.o(.text)
    _double_epilogue                         0x080008c3   Thumb Code   164  depilogue.o(.text)
    __aeabi_d2ulz                            0x08000967   Thumb Code    48  dfixul.o(.text)
    __scatterload                            0x08000999   Thumb Code    28  init.o(.text)
    __scatterload_rt2                        0x08000999   Thumb Code     0  init.o(.text)
    __aeabi_llsr                             0x080009bd   Thumb Code    32  llushr.o(.text)
    _ll_ushift_r                             0x080009bd   Thumb Code     0  llushr.o(.text)
    __decompress                             0x080009dd   Thumb Code     0  __dczerorl2.o(.text)
    __decompress1                            0x080009dd   Thumb Code    92  __dczerorl2.o(.text)
    ADC1_Init                                0x08000a89   Thumb Code    30  bsp_adc.o(i.ADC1_Init)
    ADC_Cmd                                  0x08000bd1   Thumb Code    22  stm32l1xx_adc.o(i.ADC_Cmd)
    ADC_DMACmd                               0x08000be7   Thumb Code    22  stm32l1xx_adc.o(i.ADC_DMACmd)
    ADC_DMARequestAfterLastTransferCmd       0x08000bfd   Thumb Code    22  stm32l1xx_adc.o(i.ADC_DMARequestAfterLastTransferCmd)
    ADC_DeInit                               0x08000c15   Thumb Code    28  stm32l1xx_adc.o(i.ADC_DeInit)
    ADC_GetFlagStatus                        0x08000c35   Thumb Code    18  stm32l1xx_adc.o(i.ADC_GetFlagStatus)
    ADC_Init                                 0x08000c49   Thumb Code    74  stm32l1xx_adc.o(i.ADC_Init)
    ADC_RegularChannelConfig                 0x08000c9d   Thumb Code   344  stm32l1xx_adc.o(i.ADC_RegularChannelConfig)
    ADC_SoftwareStartConv                    0x08000df5   Thumb Code    10  stm32l1xx_adc.o(i.ADC_SoftwareStartConv)
    ADC_StructInit                           0x08000dff   Thumb Code    26  stm32l1xx_adc.o(i.ADC_StructInit)
    Ack                                      0x08000e19   Thumb Code    74  bsp_i2c.o(i.Ack)
    AlarmDeal                                0x08000f49   Thumb Code   676  bsp_alarmdeal.o(i.AlarmDeal)
    BatteryVoltageDeal                       0x08001205   Thumb Code   204  bsp_powerdeal.o(i.BatteryVoltageDeal)
    BellNn                                   0x080014bd   Thumb Code    50  bsp_alarmdeal.o(i.BellNn)
    BellNn_longer                            0x080014f5   Thumb Code    50  bsp_alarmdeal.o(i.BellNn_longer)
    BusFault_Handler                         0x0800152d   Thumb Code     4  stm32l1xx_it.o(i.BusFault_Handler)
    Button_Config                            0x08001531   Thumb Code     2  freemodbus.o(i.Button_Config)
    Button_Poll                              0x08001535   Thumb Code     8  freemodbus.o(i.Button_Poll)
    Change3BytesTimeToLong                   0x08001541   Thumb Code    26  bsp_class.o(i.Change3BytesTimeToLong)
    Char_to_Int                              0x080016d9   Thumb Code     8  bsp_class.o(i.Char_to_Int)
    DBGMCU_Config                            0x08001711   Thumb Code    26  stm32l1xx_dbgmcu.o(i.DBGMCU_Config)
    DMA_Cmd                                  0x08001731   Thumb Code    24  stm32l1xx_dma.o(i.DMA_Cmd)
    DMA_DeInit                               0x08001749   Thumb Code   324  stm32l1xx_dma.o(i.DMA_DeInit)
    DMA_GetFlagStatus                        0x08001895   Thumb Code    34  stm32l1xx_dma.o(i.DMA_GetFlagStatus)
    DMA_Init                                 0x080018c1   Thumb Code    60  stm32l1xx_dma.o(i.DMA_Init)
    DebugMon_Handler                         0x080018fd   Thumb Code     2  stm32l1xx_it.o(i.DebugMon_Handler)
    Delay_ms                                 0x08001901   Thumb Code    36  bsp_systick.o(i.Delay_ms)
    Display_ChannelValue                     0x08001929   Thumb Code   130  bsp_lcd.o(i.Display_ChannelValue)
    Display_Mem                              0x080019c9   Thumb Code   496  bsp_lcd.o(i.Display_Mem)
    Display_NUL                              0x08001bc1   Thumb Code    40  bsp_lcd.o(i.Display_NUL)
    Display_SN                               0x08001be9   Thumb Code   278  bsp_lcd.o(i.Display_SN)
    EXTI0_IRQHandler                         0x08001d4d   Thumb Code   114  stm32l1xx_it.o(i.EXTI0_IRQHandler)
    EXTI15_10_Config                         0x08001dc9   Thumb Code   118  bsp_exti_key.o(i.EXTI15_10_Config)
    EXTI15_10_IRQHandler                     0x08001e41   Thumb Code   168  stm32l1xx_it.o(i.EXTI15_10_IRQHandler)
    EXTI_ClearITPendingBit                   0x08001f21   Thumb Code     6  stm32l1xx_exti.o(i.EXTI_ClearITPendingBit)
    EXTI_GetITStatus                         0x08001f2d   Thumb Code    20  stm32l1xx_exti.o(i.EXTI_GetITStatus)
    EXTI_Init                                0x08001f45   Thumb Code   142  stm32l1xx_exti.o(i.EXTI_Init)
    EnterCriticalSection                     0x08001fd9   Thumb Code     4  port.o(i.EnterCriticalSection)
    Error_Handler                            0x08001fdd   Thumb Code     4  freemodbus.o(i.Error_Handler)
    ExitCriticalSection                      0x08001fe1   Thumb Code     4  port.o(i.ExitCriticalSection)
    ExternalPowerDetection                   0x08001fe5   Thumb Code   740  bsp_powerdeal.o(i.ExternalPowerDetection)
    FirstCheckExternPower                    0x080022d9   Thumb Code    54  bsp_powerdeal.o(i.FirstCheckExternPower)
    FisrtPowerOnDisplay                      0x08002369   Thumb Code    82  bsp_lcd.o(i.FisrtPowerOnDisplay)
    Fram_Read                                0x080023c9   Thumb Code   180  bsp_i2c.o(i.Fram_Read)
    Fram_Write                               0x08002481   Thumb Code   146  bsp_i2c.o(i.Fram_Write)
    GPIO_Init                                0x08002519   Thumb Code   132  stm32l1xx_gpio.o(i.GPIO_Init)
    GPIO_PinAFConfig                         0x0800259d   Thumb Code    70  stm32l1xx_gpio.o(i.GPIO_PinAFConfig)
    GPIO_ReadInputDataBit                    0x080025e3   Thumb Code    18  stm32l1xx_gpio.o(i.GPIO_ReadInputDataBit)
    GPIO_ResetBits                           0x080025f5   Thumb Code     4  stm32l1xx_gpio.o(i.GPIO_ResetBits)
    GPIO_SetBits                             0x080025f9   Thumb Code     4  stm32l1xx_gpio.o(i.GPIO_SetBits)
    GetRecIntervalTime                       0x08002751   Thumb Code    84  bsp_class.o(i.GetRecIntervalTime)
    HAL_GPIO_Init                            0x080027bd   Thumb Code   438  stm32l1xx_hal_gpio.o(i.HAL_GPIO_Init)
    HAL_NVIC_EnableIRQ                       0x08002999   Thumb Code    28  stm32l1xx_hal_cortex.o(i.HAL_NVIC_EnableIRQ)
    HAL_NVIC_SetPriority                     0x080029b5   Thumb Code   124  stm32l1xx_hal_cortex.o(i.HAL_NVIC_SetPriority)
    HAL_RCC_GetHCLKFreq                      0x08002a31   Thumb Code    42  stm32l1xx_hal_rcc.o(i.HAL_RCC_GetHCLKFreq)
    HAL_RCC_GetPCLK1Freq                     0x08002a69   Thumb Code    36  stm32l1xx_hal_rcc.o(i.HAL_RCC_GetPCLK1Freq)
    HAL_RCC_GetPCLK2Freq                     0x08002a95   Thumb Code    36  stm32l1xx_hal_rcc.o(i.HAL_RCC_GetPCLK2Freq)
    HAL_RCC_GetSysClockFreq                  0x08002ac1   Thumb Code   168  stm32l1xx_hal_rcc.o(i.HAL_RCC_GetSysClockFreq)
    HAL_TIM_Base_Init                        0x08002b7d   Thumb Code    52  stm32l1xx_hal_tim.o(i.HAL_TIM_Base_Init)
    HAL_TIM_Base_MspInit                     0x08002bb1   Thumb Code    50  stm32l1xx_hal_msp.o(i.HAL_TIM_Base_MspInit)
    HAL_TIM_Base_Start_IT                    0x08002be9   Thumb Code    44  stm32l1xx_hal_tim.o(i.HAL_TIM_Base_Start_IT)
    HAL_TIM_Base_Stop_IT                     0x08002c15   Thumb Code    54  stm32l1xx_hal_tim.o(i.HAL_TIM_Base_Stop_IT)
    HAL_TIM_IC_CaptureCallback               0x08002c4b   Thumb Code     2  stm32l1xx_hal_tim.o(i.HAL_TIM_IC_CaptureCallback)
    HAL_TIM_IRQHandler                       0x08002c4d   Thumb Code   338  stm32l1xx_hal_tim.o(i.HAL_TIM_IRQHandler)
    HAL_TIM_OC_DelayElapsedCallback          0x08002d9f   Thumb Code     2  stm32l1xx_hal_tim.o(i.HAL_TIM_OC_DelayElapsedCallback)
    HAL_TIM_PWM_PulseFinishedCallback        0x08002da1   Thumb Code     2  stm32l1xx_hal_tim.o(i.HAL_TIM_PWM_PulseFinishedCallback)
    HAL_TIM_PeriodElapsedCallback            0x08002da3   Thumb Code    10  porttimer.o(i.HAL_TIM_PeriodElapsedCallback)
    HAL_TIM_TriggerCallback                  0x08002dad   Thumb Code     2  stm32l1xx_hal_tim.o(i.HAL_TIM_TriggerCallback)
    HAL_UART_ErrorCallback                   0x08002daf   Thumb Code     2  stm32l1xx_hal_uart.o(i.HAL_UART_ErrorCallback)
    HAL_UART_Init                            0x08002db1   Thumb Code   110  stm32l1xx_hal_uart.o(i.HAL_UART_Init)
    HAL_UART_MspInit                         0x08002e21   Thumb Code   158  stm32l1xx_hal_msp.o(i.HAL_UART_MspInit)
    HAL_UART_Receive_End                     0x08002ec9   Thumb Code    64  stm32l1xx_hal_uart.o(i.HAL_UART_Receive_End)
    HAL_UART_Receive_IT                      0x08002f09   Thumb Code   152  stm32l1xx_hal_uart.o(i.HAL_UART_Receive_IT)
    HISTORY_DATA_READ                        0x08002fa1   Thumb Code   260  bsp_serialdeal.o(i.HISTORY_DATA_READ)
    HardFault_Handler                        0x080030b1   Thumb Code     4  stm32l1xx_it.o(i.HardFault_Handler)
    JlySecDeal                               0x08003591   Thumb Code    72  bsp_datadeal.o(i.JlySecDeal)
    JudgingChannelNumberDisplay              0x080035e5   Thumb Code    60  bsp_lcd.o(i.JudgingChannelNumberDisplay)
    KEY_GPIO_Config                          0x0800362d   Thumb Code    34  bsp_exti_key.o(i.KEY_GPIO_Config)
    LCD_Cmd                                  0x08003655   Thumb Code     6  stm32l1xx_lcd.o(i.LCD_Cmd)
    LCD_ContrastConfig                       0x08003661   Thumb Code    22  stm32l1xx_lcd.o(i.LCD_ContrastConfig)
    LCD_GLASS_Clear                          0x0800367d   Thumb Code    42  bsp_lcd.o(i.LCD_GLASS_Clear)
    LCD_GLASS_Init                           0x080036ad   Thumb Code   102  bsp_lcd.o(i.LCD_GLASS_Init)
    LCD_GetFlagStatus                        0x08003949   Thumb Code    20  stm32l1xx_lcd.o(i.LCD_GetFlagStatus)
    LCD_Init                                 0x08003961   Thumb Code    78  stm32l1xx_lcd.o(i.LCD_Init)
    LCD_PulseOnDurationConfig                0x080039b5   Thumb Code    22  stm32l1xx_lcd.o(i.LCD_PulseOnDurationConfig)
    LCD_StructInit                           0x080039d1   Thumb Code    14  stm32l1xx_lcd.o(i.LCD_StructInit)
    LCD_UpdateDisplayRequest                 0x080039e1   Thumb Code     8  stm32l1xx_lcd.o(i.LCD_UpdateDisplayRequest)
    LCD_WaitForSynchro                       0x080039ed   Thumb Code    28  stm32l1xx_lcd.o(i.LCD_WaitForSynchro)
    LED_Config                               0x08003a0d   Thumb Code     2  freemodbus.o(i.LED_Config)
    LED_Poll                                 0x08003a11   Thumb Code    48  freemodbus.o(i.LED_Poll)
    Lcd_ChannelValue                         0x08003a99   Thumb Code   484  bsp_lcd.o(i.Lcd_ChannelValue)
    MemManage_Handler                        0x08006629   Thumb Code     4  stm32l1xx_it.o(i.MemManage_Handler)
    NMI_Handler                              0x0800662d   Thumb Code     2  stm32l1xx_it.o(i.NMI_Handler)
    NVIC_Init                                0x08006669   Thumb Code   108  misc.o(i.NVIC_Init)
    NVIC_PriorityGroupConfig                 0x080066e1   Thumb Code    10  misc.o(i.NVIC_PriorityGroupConfig)
    OffPowerSupply                           0x0800671d   Thumb Code    46  bsp_init.o(i.OffPowerSupply)
    PARAM_DATA_READ                          0x08006829   Thumb Code   246  bsp_serialdeal.o(i.PARAM_DATA_READ)
    PARAM_DATA_WRITE                         0x08006929   Thumb Code   442  bsp_serialdeal.o(i.PARAM_DATA_WRITE)
    PWR_RTCAccessCmd                         0x08006af1   Thumb Code     6  stm32l1xx_pwr.o(i.PWR_RTCAccessCmd)
    PendSV_Handler                           0x08006afd   Thumb Code     2  stm32l1xx_it.o(i.PendSV_Handler)
    PeripheralInit                           0x08006aff   Thumb Code    52  bsp_init.o(i.PeripheralInit)
    RCC_AHBPeriphClockCmd                    0x08006b35   Thumb Code    26  stm32l1xx_rcc.o(i.RCC_AHBPeriphClockCmd)
    RCC_APB1PeriphClockCmd                   0x08006b55   Thumb Code    26  stm32l1xx_rcc.o(i.RCC_APB1PeriphClockCmd)
    RCC_APB2PeriphClockCmd                   0x08006b75   Thumb Code    26  stm32l1xx_rcc.o(i.RCC_APB2PeriphClockCmd)
    RCC_APB2PeriphResetCmd                   0x08006b95   Thumb Code    26  stm32l1xx_rcc.o(i.RCC_APB2PeriphResetCmd)
    RCC_GetClocksFreq                        0x08006bb5   Thumb Code   234  stm32l1xx_rcc.o(i.RCC_GetClocksFreq)
    RCC_GetFlagStatus                        0x08006cb5   Thumb Code    48  stm32l1xx_rcc.o(i.RCC_GetFlagStatus)
    RCC_GetSYSCLKSource                      0x08006ce9   Thumb Code    10  stm32l1xx_rcc.o(i.RCC_GetSYSCLKSource)
    RCC_HSEConfig                            0x08006cf9   Thumb Code    12  stm32l1xx_rcc.o(i.RCC_HSEConfig)
    RCC_HSICmd                               0x08006d09   Thumb Code     6  stm32l1xx_rcc.o(i.RCC_HSICmd)
    RCC_LSEConfig                            0x08006d15   Thumb Code    12  stm32l1xx_rcc.o(i.RCC_LSEConfig)
    RCC_LSICmd                               0x08006d25   Thumb Code     6  stm32l1xx_rcc.o(i.RCC_LSICmd)
    RCC_PLLCmd                               0x08006d31   Thumb Code     6  stm32l1xx_rcc.o(i.RCC_PLLCmd)
    RCC_RTCCLKCmd                            0x08006d3d   Thumb Code     6  stm32l1xx_rcc.o(i.RCC_RTCCLKCmd)
    RCC_RTCCLKConfig                         0x08006d49   Thumb Code    64  stm32l1xx_rcc.o(i.RCC_RTCCLKConfig)
    RCC_SYSCLKConfig                         0x08006d8d   Thumb Code    18  stm32l1xx_rcc.o(i.RCC_SYSCLKConfig)
    RCC_WaitForHSEStartUp                    0x08006da5   Thumb Code    56  stm32l1xx_rcc.o(i.RCC_WaitForHSEStartUp)
    REALDATA_DATA_READ                       0x08006ddd   Thumb Code    74  bsp_serialdeal.o(i.REALDATA_DATA_READ)
    RTC8025_Read                             0x08006e2d   Thumb Code   164  bsp_i2c.o(i.RTC8025_Read)
    RTC8025_Reset                            0x08006ed5   Thumb Code   428  bsp_i2c.o(i.RTC8025_Reset)
    RTC8025_Write                            0x080070e9   Thumb Code   130  bsp_i2c.o(i.RTC8025_Write)
    RTC_Date_Time_To_Second                  0x08007171   Thumb Code   132  bsp_rtc.o(i.RTC_Date_Time_To_Second)
    RTC_Second_To_Date_Time                  0x080071f9   Thumb Code   190  bsp_rtc.o(i.RTC_Second_To_Date_Time)
    RTC_WaitForSynchro                       0x080072c1   Thumb Code    92  stm32l1xx_rtc.o(i.RTC_WaitForSynchro)
    ReadSetFramFlag                          0x08007339   Thumb Code    32  bsp_init.o(i.ReadSetFramFlag)
    ReadU16Pointer                           0x08007359   Thumb Code    20  bsp_storagedata.o(i.ReadU16Pointer)
    ReadU32Pointer                           0x0800736d   Thumb Code    18  bsp_storagedata.o(i.ReadU32Pointer)
    RecorderBootModeHandle                   0x08007381   Thumb Code   642  bsp_bootstop.o(i.RecorderBootModeHandle)
    RecorderStopModeHandle                   0x08007615   Thumb Code    62  bsp_bootstop.o(i.RecorderStopModeHandle)
    RecvByte                                 0x08007661   Thumb Code    98  bsp_i2c.o(i.RecvByte)
    Relay_Poll                               0x080076c9   Thumb Code     6  freemodbus.o(i.Relay_Poll)
    RtcBcdToD10                              0x080076d5   Thumb Code   210  bsp_rtc.o(i.RtcBcdToD10)
    RtcD10ToBcd                              0x080077a7   Thumb Code   148  bsp_rtc.o(i.RtcD10ToBcd)
    SPI_Cmd                                  0x0800783b   Thumb Code    24  stm32l1xx_spi.o(i.SPI_Cmd)
    SPI_FLASH_BufferRead                     0x08007855   Thumb Code    76  bsp_spi_flash.o(i.SPI_FLASH_BufferRead)
    SPI_FLASH_BufferWrite                    0x080078a5   Thumb Code   290  bsp_spi_flash.o(i.SPI_FLASH_BufferWrite)
    SPI_FLASH_Init                           0x080079c9   Thumb Code   256  bsp_spi_flash.o(i.SPI_FLASH_Init)
    SPI_FLASH_PageWrite                      0x08007ad5   Thumb Code    92  bsp_spi_flash.o(i.SPI_FLASH_PageWrite)
    SPI_FLASH_SectorErase                    0x08007b35   Thumb Code    62  bsp_spi_flash.o(i.SPI_FLASH_SectorErase)
    SPI_FLASH_SendByte                       0x08007b79   Thumb Code    50  bsp_spi_flash.o(i.SPI_FLASH_SendByte)
    SPI_FLASH_WaitForWriteEnd                0x08007bb1   Thumb Code    44  bsp_spi_flash.o(i.SPI_FLASH_WaitForWriteEnd)
    SPI_FLASH_WriteEnable                    0x08007be1   Thumb Code    26  bsp_spi_flash.o(i.SPI_FLASH_WriteEnable)
    SPI_I2S_GetFlagStatus                    0x08007c01   Thumb Code    18  stm32l1xx_spi.o(i.SPI_I2S_GetFlagStatus)
    SPI_I2S_ReceiveData                      0x08007c13   Thumb Code     6  stm32l1xx_spi.o(i.SPI_I2S_ReceiveData)
    SPI_I2S_SendData                         0x08007c19   Thumb Code     4  stm32l1xx_spi.o(i.SPI_I2S_SendData)
    SPI_Init                                 0x08007c1d   Thumb Code    60  stm32l1xx_spi.o(i.SPI_Init)
    STORAGE_DATA_READ                        0x08007c59   Thumb Code   478  bsp_serialdeal.o(i.STORAGE_DATA_READ)
    SVC_Handler                              0x08007e3d   Thumb Code     2  stm32l1xx_it.o(i.SVC_Handler)
    SYSCFG_EXTILineConfig                    0x08007e41   Thumb Code    60  stm32l1xx_syscfg.o(i.SYSCFG_EXTILineConfig)
    SaveDataOnTimeDeal                       0x08007f31   Thumb Code    20  bsp_storagedata.o(i.SaveDataOnTimeDeal)
    SendByte                                 0x08008119   Thumb Code    90  bsp_i2c.o(i.SendByte)
    SensorDataSampleDealAndBatteryVoltageDeal 0x08008179   Thumb Code   246  bsp_datasampledeal.o(i.SensorDataSampleDealAndBatteryVoltageDeal)
    SetFlashOverFlow                         0x08008479   Thumb Code    22  bsp_storagedata.o(i.SetFlashOverFlow)
    Start                                    0x080088fd   Thumb Code    84  bsp_i2c.o(i.Start)
    Stop                                     0x0800898d   Thumb Code    62  bsp_i2c.o(i.Stop)
    StorageHistoryData                       0x080089d1   Thumb Code    48  bsp_storagedata.o(i.StorageHistoryData)
    SysClock_ReConfig                        0x08008a55   Thumb Code   140  bsp_init.o(i.SysClock_ReConfig)
    SysInit                                  0x08008ae5   Thumb Code    88  bsp_init.o(i.SysInit)
    SysTick_Handler                          0x08008b45   Thumb Code    34  stm32l1xx_it.o(i.SysTick_Handler)
    SysTick_Init                             0x08008b71   Thumb Code   108  bsp_systick.o(i.SysTick_Init)
    SystemInit                               0x08008be9   Thumb Code    88  system_stm32l1xx.o(i.SystemInit)
    TIM2_Configuration                       0x08008c51   Thumb Code    76  bsp_timer.o(i.TIM2_Configuration)
    TIM2_IRQHandler                          0x08008c9d   Thumb Code   184  stm32l1xx_it.o(i.TIM2_IRQHandler)
    TIM3_IRQHandler                          0x08008d8d   Thumb Code    10  porttimer.o(i.TIM3_IRQHandler)
    TIM_ClearFlag                            0x08008e0d   Thumb Code     6  stm32l1xx_tim.o(i.TIM_ClearFlag)
    TIM_ClearITPendingBit                    0x08008e13   Thumb Code     6  stm32l1xx_tim.o(i.TIM_ClearITPendingBit)
    TIM_Cmd                                  0x08008e19   Thumb Code    24  stm32l1xx_tim.o(i.TIM_Cmd)
    TIM_GetITStatus                          0x08008e31   Thumb Code    34  stm32l1xx_tim.o(i.TIM_GetITStatus)
    TIM_ITConfig                             0x08008e53   Thumb Code    18  stm32l1xx_tim.o(i.TIM_ITConfig)
    TIM_TimeBaseInit                         0x08008e65   Thumb Code    76  stm32l1xx_tim.o(i.TIM_TimeBaseInit)
    TimingDelay_Decrement                    0x080093b5   Thumb Code    18  bsp_systick.o(i.TimingDelay_Decrement)
    USART1_Config                            0x080095dd   Thumb Code   152  bsp_usart.o(i.USART1_Config)
    USART1_IRQHandler                        0x0800967d   Thumb Code    32  stm32l1xx_it.o(i.USART1_IRQHandler)
    USART3_IRQHandler                        0x080096a5   Thumb Code   262  portserial.o(i.USART3_IRQHandler)
    USART_Cmd                                0x080097b1   Thumb Code    24  stm32l1xx_usart.o(i.USART_Cmd)
    USART_GetFlagStatus                      0x080097c9   Thumb Code    26  stm32l1xx_usart.o(i.USART_GetFlagStatus)
    USART_GetITStatus                        0x080097e3   Thumb Code    84  stm32l1xx_usart.o(i.USART_GetITStatus)
    USART_ITConfig                           0x08009837   Thumb Code    74  stm32l1xx_usart.o(i.USART_ITConfig)
    USART_Init                               0x08009881   Thumb Code   198  stm32l1xx_usart.o(i.USART_Init)
    USART_ReceiveData                        0x0800994d   Thumb Code    10  stm32l1xx_usart.o(i.USART_ReceiveData)
    USART_SendData                           0x08009957   Thumb Code     8  stm32l1xx_usart.o(i.USART_SendData)
    UsageFault_Handler                       0x0800995f   Thumb Code     4  stm32l1xx_it.o(i.UsageFault_Handler)
    ValueFtToU16                             0x08009965   Thumb Code   150  bsp_class.o(i.ValueFtToU16)
    WaitAck                                  0x08009a05   Thumb Code   126  bsp_i2c.o(i.WaitAck)
    WriteSetFramFlag                         0x08009ac1   Thumb Code    26  bsp_init.o(i.WriteSetFramFlag)
    WriteU16Pointer                          0x08009adb   Thumb Code    20  bsp_storagedata.o(i.WriteU16Pointer)
    WriteU32Pointer                          0x08009aef   Thumb Code    20  bsp_storagedata.o(i.WriteU32Pointer)
    __0printf$8                              0x08009b05   Thumb Code    22  printf8.o(i.__0printf$8)
    __1printf$8                              0x08009b05   Thumb Code     0  printf8.o(i.__0printf$8)
    __2printf                                0x08009b05   Thumb Code     0  printf8.o(i.__0printf$8)
    __0vsprintf                              0x08009b25   Thumb Code    30  printfa.o(i.__0vsprintf)
    __1vsprintf                              0x08009b25   Thumb Code     0  printfa.o(i.__0vsprintf)
    __2vsprintf                              0x08009b25   Thumb Code     0  printfa.o(i.__0vsprintf)
    __c89vsprintf                            0x08009b25   Thumb Code     0  printfa.o(i.__0vsprintf)
    vsprintf                                 0x08009b25   Thumb Code     0  printfa.o(i.__0vsprintf)
    __scatterload_copy                       0x08009b49   Thumb Code    14  handlers.o(i.__scatterload_copy)
    __scatterload_null                       0x08009b57   Thumb Code     2  handlers.o(i.__scatterload_null)
    __scatterload_zeroinit                   0x08009b59   Thumb Code    14  handlers.o(i.__scatterload_zeroinit)
    displayDAY                               0x0800a873   Thumb Code   144  bsp_lcd.o(i.displayDAY)
    displayErr                               0x0800a905   Thumb Code   114  bsp_lcd.o(i.displayErr)
    displayTIME                              0x0800a97d   Thumb Code   144  bsp_lcd.o(i.displayTIME)
    displayYEAR                              0x0800aa0d   Thumb Code   132  bsp_lcd.o(i.displayYEAR)
    eMBEnable                                0x0800aa91   Thumb Code    32  mb.o(i.eMBEnable)
    eMBFuncReadCoils                         0x0800aab9   Thumb Code   166  mbfunccoils.o(i.eMBFuncReadCoils)
    eMBFuncReadDiscreteInputs                0x0800ab5f   Thumb Code   164  mbfuncdisc.o(i.eMBFuncReadDiscreteInputs)
    eMBFuncReadHistoryRegister               0x0800ac03   Thumb Code   132  mbfunchistory.o(i.eMBFuncReadHistoryRegister)
    eMBFuncReadHoldingRegister               0x0800ac87   Thumb Code   132  mbfuncholding.o(i.eMBFuncReadHoldingRegister)
    eMBFuncReadInputRegister                 0x0800ad0b   Thumb Code   132  mbfuncinput.o(i.eMBFuncReadInputRegister)
    eMBFuncReadRealDataRegister              0x0800ad8f   Thumb Code   132  mbfuncrealdata.o(i.eMBFuncReadRealDataRegister)
    eMBFuncReadWriteMultipleHoldingRegister  0x0800ae13   Thumb Code   212  mbfuncholding.o(i.eMBFuncReadWriteMultipleHoldingRegister)
    eMBFuncReportSlaveID                     0x0800aee9   Thumb Code    30  mbfuncother.o(i.eMBFuncReportSlaveID)
    eMBFuncWriteCoil                         0x0800af11   Thumb Code   108  mbfunccoils.o(i.eMBFuncWriteCoil)
    eMBFuncWriteHoldingRegister              0x0800af7d   Thumb Code    62  mbfuncholding.o(i.eMBFuncWriteHoldingRegister)
    eMBFuncWriteMultipleCoils                0x0800afbb   Thumb Code   142  mbfunccoils.o(i.eMBFuncWriteMultipleCoils)
    eMBFuncWriteMultipleHoldingRegister      0x0800b049   Thumb Code   106  mbfuncholding.o(i.eMBFuncWriteMultipleHoldingRegister)
    eMBInit                                  0x0800b0b5   Thumb Code   152  mb.o(i.eMBInit)
    eMBPoll                                  0x0800b195   Thumb Code   294  mb.o(i.eMBPoll)
    eMBRTUInit                               0x0800b319   Thumb Code    84  mbrtu.o(i.eMBRTUInit)
    eMBRTUReceive                            0x0800b371   Thumb Code    78  mbrtu.o(i.eMBRTUReceive)
    eMBRTUSend                               0x0800b3e1   Thumb Code   154  mbrtu.o(i.eMBRTUSend)
    eMBRTUStart                              0x0800b491   Thumb Code    30  mbrtu.o(i.eMBRTUStart)
    eMBRTUStop                               0x0800b4b5   Thumb Code    24  mbrtu.o(i.eMBRTUStop)
    eMBRegCoilsCB                            0x0800b4cd   Thumb Code   168  freemodbus.o(i.eMBRegCoilsCB)
    eMBRegDiscreteCB                         0x0800b581   Thumb Code   104  freemodbus.o(i.eMBRegDiscreteCB)
    eMBRegHistoryCB                          0x0800b5f9   Thumb Code   118  freemodbus.o(i.eMBRegHistoryCB)
    eMBRegHoldingCB                          0x0800b681   Thumb Code   218  freemodbus.o(i.eMBRegHoldingCB)
    eMBRegInputCB                            0x0800b76d   Thumb Code   118  freemodbus.o(i.eMBRegInputCB)
    eMBRegRealDataCB                         0x0800b7f5   Thumb Code   132  freemodbus.o(i.eMBRegRealDataCB)
    fputc                                    0x0800b889   Thumb Code    32  bsp_usart.o(i.fputc)
    freemodbus_init                          0x0800b8ad   Thumb Code    34  freemodbus.o(i.freemodbus_init)
    freemodbus_main                          0x0800b8cf   Thumb Code    26  freemodbus.o(i.freemodbus_main)
    lcd_OFF                                  0x0800b8e9   Thumb Code   392  bsp_lcd.o(i.lcd_OFF)
    main                                     0x0800ba79   Thumb Code    24  main.o(i.main)
    prveMBError2Exception                    0x0800ba91   Thumb Code    34  mbutils.o(i.prveMBError2Exception)
    read_time                                0x0800baf1   Thumb Code   128  bsp_rtc.o(i.read_time)
    rtc_deel                                 0x0800bb75   Thumb Code   336  bsp_rtc.o(i.rtc_deel)
    serialread_time                          0x0800bcd9   Thumb Code    74  bsp_rtc.o(i.serialread_time)
    set_time                                 0x0800bd29   Thumb Code    84  bsp_rtc.o(i.set_time)
    usMBCRC16                                0x0800bd81   Thumb Code    48  mbcrc.o(i.usMBCRC16)
    vMBPortSerialEnable                      0x0800bdb9   Thumb Code    94  portserial.o(i.vMBPortSerialEnable)
    vMBPortTimersDisable                     0x0800be21   Thumb Code    16  porttimer.o(i.vMBPortTimersDisable)
    vMBPortTimersEnable                      0x0800be35   Thumb Code    28  porttimer.o(i.vMBPortTimersEnable)
    xMBOutput                                0x0800be55   Thumb Code    68  port.o(i.xMBOutput)
    xMBPortEventGet                          0x0800be9d   Thumb Code    26  portevent.o(i.xMBPortEventGet)
    xMBPortEventInit                         0x0800bec1   Thumb Code    10  portevent.o(i.xMBPortEventInit)
    xMBPortEventPost                         0x0800bed1   Thumb Code    16  portevent.o(i.xMBPortEventPost)
    xMBPortSerialGetByte                     0x0800bee9   Thumb Code    76  portserial.o(i.xMBPortSerialGetByte)
    xMBPortSerialInit                        0x0800bf39   Thumb Code    52  portserial.o(i.xMBPortSerialInit)
    xMBPortSerialPutByte                     0x0800bf75   Thumb Code    32  portserial.o(i.xMBPortSerialPutByte)
    xMBPortTimersInit                        0x0800bf99   Thumb Code    72  porttimer.o(i.xMBPortTimersInit)
    xMBRTUReceiveFSM                         0x0800bff1   Thumb Code   122  mbrtu.o(i.xMBRTUReceiveFSM)
    xMBRTUTimerT35Expired                    0x0800c079   Thumb Code    60  mbrtu.o(i.xMBRTUTimerT35Expired)
    xMBRTUTransmitFSM                        0x0800c0b9   Thumb Code    94  mbrtu.o(i.xMBRTUTransmitFSM)
    xMBUtilGetBits                           0x0800c125   Thumb Code    42  mbutils.o(i.xMBUtilGetBits)
    xMBUtilSetBits                           0x0800c14f   Thumb Code    96  mbutils.o(i.xMBUtilSetBits)
    lcd_test                                 0x0800c1b0   Data         128  global.o(.constdata)
    RESET_ADJUST_CURVE1                      0x0800c230   Data          30  global.o(.constdata)
    RESET_ADJUST_CURVE2                      0x0800c24e   Data          22  global.o(.constdata)
    RESET_CHANNEL_SETUP_TABLE                0x0800c264   Data         104  global.o(.constdata)
    ConfMap_Address                          0x0800c2cc   Data          48  global.o(.constdata)
    aAPBAHBPrescTable                        0x0800c532   Data          16  stm32l1xx_hal_rcc.o(.constdata)
    aPLLDivisionFactorTable                  0x0800c542   Data           4  stm32l1xx_hal_rcc.o(.constdata)
    aPLLMulFactorTable                       0x0800c546   Data           9  stm32l1xx_hal_rcc.o(.constdata)
    Region$$Table$$Base                      0x0800c550   Number         0  anon$$obj.o(Region$$Table)
    Region$$Table$$Limit                     0x0800c570   Number         0  anon$$obj.o(Region$$Table)
    SystemCoreClock                          0x20000000   Data           4  system_stm32l1xx.o(.data)
    PLLMulTable                              0x20000004   Data           9  system_stm32l1xx.o(.data)
    AHBPrescTable                            0x2000000d   Data          16  system_stm32l1xx.o(.data)
    usRegInputStart                          0x20000036   Data           2  freemodbus.o(.data)
    usRegHoldingStart                        0x20000038   Data           2  freemodbus.o(.data)
    ucRegCoilsBuf                            0x2000003a   Data           2  freemodbus.o(.data)
    ucRegCoilsRerv                           0x2000003c   Data           2  freemodbus.o(.data)
    ucRegDiscreteBuf                         0x2000003e   Data           2  freemodbus.o(.data)
    ucRegDiscreteRerv                        0x20000040   Data           2  freemodbus.o(.data)
    TimingDelay                              0x20000044   Data           4  bsp_systick.o(.data)
    display_ct                               0x20000048   Data           1  global.o(.data)
    AdjustCurveFirAddress                    0x2000004c   Data           8  global.o(.data)
    Key                                      0x20000054   Data           3  global.o(.data)
    JlySensor                                0x20000057   Data           2  global.o(.data)
    rtc_pt                                   0x20000059   Data           1  global.o(.data)
    uAddress                                 0x2000005a   Data           1  global.o(.data)
    Key1ChangAnCount                         0x2000005b   Data           1  global.o(.data)
    ChannelForDisplay                        0x2000005c   Data           1  global.o(.data)
    StartedChannelForDisplay                 0x2000005d   Data           1  global.o(.data)
    Started_Channel                          0x2000005e   Data           1  global.o(.data)
    SYS_CLK                                  0x20000060   Data           4  global.o(.data)
    SysTickTestCount                         0x20000064   Data           4  global.o(.data)
    temptest                                 0x20000068   Data           4  global.o(.data)
    PowerCount                               0x2000006c   Data           4  global.o(.data)
    month_days                               0x20000070   Data          24  bsp_rtc.o(.data)
    pxMBFrameCBByteReceived                  0x20000160   Data           4  mb.o(.data)
    pxMBFrameCBTransmitterEmpty              0x20000164   Data           4  mb.o(.data)
    pxMBPortCBTimerExpired                   0x20000168   Data           4  mb.o(.data)
    pxMBFrameCBReceiveFSMCur                 0x2000016c   Data           4  mb.o(.data)
    pxMBFrameCBTransmitFSMCur                0x20000170   Data           4  mb.o(.data)
    __stdout                                 0x20000188   Data           4  stdout.o(.data)
    usRegInputBuf                            0x2000018c   Data        1024  freemodbus.o(.bss)
    usRegHoldingBuf                          0x2000058c   Data        1024  freemodbus.o(.bss)
    DataBuf                                  0x2000098c   Data          70  global.o(.bss)
    PManage                                  0x200009d2   Data          10  global.o(.bss)
    Flag                                     0x200009dc   Data          36  global.o(.bss)
    Rtc                                      0x20000a00   Data          20  global.o(.bss)
    Queue                                    0x20000a14   Data          40  global.o(.bss)
    JlyParam                                 0x20000a3c   Data         132  global.o(.bss)
    Conf                                     0x20000ac0   Data        3232  global.o(.bss)
    adc                                      0x20001760   Data          64  global.o(.bss)
    adcCopy                                  0x200017a0   Data          64  global.o(.bss)
    ADC_ConvertedValue                       0x200017e0   Data          64  global.o(.bss)
    FlagSeniorErr                            0x20001820   Data          32  global.o(.bss)
    ChannelDataFloat                         0x20001840   Data         128  global.o(.bss)
    ucRTUBuf                                 0x20001ae0   Data         256  mbrtu.o(.bss)
    __initial_sp                             0x20002068   Data           0  startup_stm32l1xx_hd.o(STACK)



==============================================================================

Memory Map of the image

  Image Entry point : 0x08000125

  Load Region LR_IROM1 (Base: 0x08000000, Size: 0x0000c6fc, Max: 0x00060000, ABSOLUTE, COMPRESSED[0x0000c61c])

    Execution Region ER_IROM1 (Base: 0x08000000, Size: 0x0000c570, Max: 0x00060000, ABSOLUTE)

    Base Addr    Size         Type   Attr      Idx    E Section Name        Object

    0x08000000   0x00000124   Data   RO            3    RESET               startup_stm32l1xx_hd.o
    0x08000124   0x00000000   Code   RO         6111  * .ARM.Collect$$$$00000000  mc_w.l(entry.o)
    0x08000124   0x00000004   Code   RO         6411    .ARM.Collect$$$$00000001  mc_w.l(entry2.o)
    0x08000128   0x00000004   Code   RO         6414    .ARM.Collect$$$$00000004  mc_w.l(entry5.o)
    0x0800012c   0x00000000   Code   RO         6416    .ARM.Collect$$$$00000008  mc_w.l(entry7b.o)
    0x0800012c   0x00000000   Code   RO         6418    .ARM.Collect$$$$0000000A  mc_w.l(entry8b.o)
    0x0800012c   0x00000008   Code   RO         6419    .ARM.Collect$$$$0000000B  mc_w.l(entry9a.o)
    0x08000134   0x00000000   Code   RO         6421    .ARM.Collect$$$$0000000D  mc_w.l(entry10a.o)
    0x08000134   0x00000000   Code   RO         6423    .ARM.Collect$$$$0000000F  mc_w.l(entry11a.o)
    0x08000134   0x00000004   Code   RO         6412    .ARM.Collect$$$$00002712  mc_w.l(entry2.o)
    0x08000138   0x00000024   Code   RO            4    .text               startup_stm32l1xx_hd.o
    0x0800015c   0x00000024   Code   RO         6114    .text               mc_w.l(memcpya.o)
    0x08000180   0x00000024   Code   RO         6116    .text               mc_w.l(memseta.o)
    0x080001a4   0x000000b0   Code   RO         6381    .text               mf_w.l(fadd.o)
    0x08000254   0x0000006c   Code   RO         6383    .text               mf_w.l(fmul.o)
    0x080002c0   0x00000080   Code   RO         6385    .text               mf_w.l(fdiv.o)
    0x08000340   0x0000014e   Code   RO         6387    .text               mf_w.l(dadd.o)
    0x0800048e   0x000000e4   Code   RO         6389    .text               mf_w.l(dmul.o)
    0x08000572   0x000000de   Code   RO         6391    .text               mf_w.l(ddiv.o)
    0x08000650   0x00000012   Code   RO         6393    .text               mf_w.l(fflti.o)
    0x08000662   0x0000000a   Code   RO         6395    .text               mf_w.l(ffltui.o)
    0x0800066c   0x00000028   Code   RO         6397    .text               mf_w.l(ffixui.o)
    0x08000694   0x00000026   Code   RO         6399    .text               mf_w.l(f2d.o)
    0x080006ba   0x00000002   PAD
    0x080006bc   0x00000028   Code   RO         6401    .text               mf_w.l(cdcmple.o)
    0x080006e4   0x00000028   Code   RO         6403    .text               mf_w.l(cdrcmple.o)
    0x0800070c   0x00000038   Code   RO         6405    .text               mf_w.l(d2f.o)
    0x08000744   0x00000014   Code   RO         6407    .text               mf_w.l(cfcmple.o)
    0x08000758   0x00000014   Code   RO         6409    .text               mf_w.l(cfrcmple.o)
    0x0800076c   0x0000002c   Code   RO         6426    .text               mc_w.l(uidiv.o)
    0x08000798   0x00000062   Code   RO         6428    .text               mc_w.l(uldiv.o)
    0x080007fa   0x0000001e   Code   RO         6430    .text               mc_w.l(llshl.o)
    0x08000818   0x00000024   Code   RO         6432    .text               mc_w.l(llsshr.o)
    0x0800083c   0x00000000   Code   RO         6434    .text               mc_w.l(iusefp.o)
    0x0800083c   0x0000006c   Code   RO         6435    .text               mf_w.l(fepilogue.o)
    0x080008a8   0x000000be   Code   RO         6437    .text               mf_w.l(depilogue.o)
    0x08000966   0x00000030   Code   RO         6439    .text               mf_w.l(dfixul.o)
    0x08000996   0x00000002   PAD
    0x08000998   0x00000024   Code   RO         6441    .text               mc_w.l(init.o)
    0x080009bc   0x00000020   Code   RO         6443    .text               mc_w.l(llushr.o)
    0x080009dc   0x0000005c   Code   RO         6453    .text               mc_w.l(__dczerorl2.o)
    0x08000a38   0x00000050   Code   RO         2922    i.ADC1_GPIO_Config  bsp_adc.o
    0x08000a88   0x0000001e   Code   RO         2923    i.ADC1_Init         bsp_adc.o
    0x08000aa6   0x00000002   PAD
    0x08000aa8   0x00000128   Code   RO         2924    i.ADC1_Mode_Config  bsp_adc.o
    0x08000bd0   0x00000016   Code   RO          332    i.ADC_Cmd           stm32l1xx_adc.o
    0x08000be6   0x00000016   Code   RO          336    i.ADC_DMACmd        stm32l1xx_adc.o
    0x08000bfc   0x00000016   Code   RO          337    i.ADC_DMARequestAfterLastTransferCmd  stm32l1xx_adc.o
    0x08000c12   0x00000002   PAD
    0x08000c14   0x00000020   Code   RO          338    i.ADC_DeInit        stm32l1xx_adc.o
    0x08000c34   0x00000012   Code   RO          346    i.ADC_GetFlagStatus  stm32l1xx_adc.o
    0x08000c46   0x00000002   PAD
    0x08000c48   0x00000054   Code   RO          352    i.ADC_Init          stm32l1xx_adc.o
    0x08000c9c   0x00000158   Code   RO          357    i.ADC_RegularChannelConfig  stm32l1xx_adc.o
    0x08000df4   0x0000000a   Code   RO          359    i.ADC_SoftwareStartConv  stm32l1xx_adc.o
    0x08000dfe   0x0000001a   Code   RO          361    i.ADC_StructInit    stm32l1xx_adc.o
    0x08000e18   0x00000050   Code   RO         3374    i.Ack               bsp_i2c.o
    0x08000e68   0x000000c0   Code   RO         3640    i.AlarmAction       bsp_alarmdeal.o
    0x08000f28   0x00000020   Code   RO         3703    i.AlarmConfDataUpdate  bsp_serialdeal.o
    0x08000f48   0x000002bc   Code   RO         3641    i.AlarmDeal         bsp_alarmdeal.o
    0x08001204   0x000000d8   Code   RO         3674    i.BatteryVoltageDeal  bsp_powerdeal.o
    0x080012dc   0x000001e0   Code   RO         3675    i.BatteryVoltageSampleDataDeal  bsp_powerdeal.o
    0x080014bc   0x00000038   Code   RO         3642    i.BellNn            bsp_alarmdeal.o
    0x080014f4   0x00000038   Code   RO         3643    i.BellNn_longer     bsp_alarmdeal.o
    0x0800152c   0x00000004   Code   RO         2722    i.BusFault_Handler  stm32l1xx_it.o
    0x08001530   0x00000002   Code   RO         2440    i.Button_Config     freemodbus.o
    0x08001532   0x00000002   PAD
    0x08001534   0x0000000c   Code   RO         2441    i.Button_Poll       freemodbus.o
    0x08001540   0x0000001a   Code   RO         3491    i.Change3BytesTimeToLong  bsp_class.o
    0x0800155a   0x00000002   PAD
    0x0800155c   0x0000017c   Code   RO         3777    i.ChannelDataDeal   bsp_storagedata.o
    0x080016d8   0x00000008   Code   RO         3492    i.Char_to_Int       bsp_class.o
    0x080016e0   0x00000030   Code   RO         3644    i.CloseAlarm        bsp_alarmdeal.o
    0x08001710   0x00000020   Code   RO         2285    i.DBGMCU_Config     stm32l1xx_dbgmcu.o
    0x08001730   0x00000018   Code   RO          561    i.DMA_Cmd           stm32l1xx_dma.o
    0x08001748   0x0000014c   Code   RO          562    i.DMA_DeInit        stm32l1xx_dma.o
    0x08001894   0x0000002c   Code   RO          564    i.DMA_GetFlagStatus  stm32l1xx_dma.o
    0x080018c0   0x0000003c   Code   RO          567    i.DMA_Init          stm32l1xx_dma.o
    0x080018fc   0x00000002   Code   RO         2723    i.DebugMon_Handler  stm32l1xx_it.o
    0x080018fe   0x00000002   Code   RO         3375    i.Delay             bsp_i2c.o
    0x08001900   0x00000028   Code   RO         2891    i.Delay_ms          bsp_systick.o
    0x08001928   0x000000a0   Code   RO         2975    i.Display_ChannelValue  bsp_lcd.o
    0x080019c8   0x000001f8   Code   RO         2977    i.Display_Mem       bsp_lcd.o
    0x08001bc0   0x00000028   Code   RO         2978    i.Display_NUL       bsp_lcd.o
    0x08001be8   0x00000120   Code   RO         2979    i.Display_SN        bsp_lcd.o
    0x08001d08   0x00000044   Code   RO         3873    i.DoGatherChannelDataFloat  bsp_datasampledeal.o
    0x08001d4c   0x0000007c   Code   RO         2724    i.EXTI0_IRQHandler  stm32l1xx_it.o
    0x08001dc8   0x00000076   Code   RO         2944    i.EXTI15_10_Config  bsp_exti_key.o
    0x08001e3e   0x00000002   PAD
    0x08001e40   0x000000e0   Code   RO         2725    i.EXTI15_10_IRQHandler  stm32l1xx_it.o
    0x08001f20   0x0000000c   Code   RO          632    i.EXTI_ClearITPendingBit  stm32l1xx_exti.o
    0x08001f2c   0x00000018   Code   RO          636    i.EXTI_GetITStatus  stm32l1xx_exti.o
    0x08001f44   0x00000094   Code   RO          637    i.EXTI_Init         stm32l1xx_exti.o
    0x08001fd8   0x00000004   Code   RO         4202    i.EnterCriticalSection  BTBUS_Library.lib(port.o)
    0x08001fdc   0x00000004   Code   RO         2442    i.Error_Handler     freemodbus.o
    0x08001fe0   0x00000004   Code   RO         4203    i.ExitCriticalSection  BTBUS_Library.lib(port.o)
    0x08001fe4   0x000002f4   Code   RO         3676    i.ExternalPowerDetection  bsp_powerdeal.o
    0x080022d8   0x00000044   Code   RO         3677    i.FirstCheckExternPower  bsp_powerdeal.o
    0x0800231c   0x0000004c   Code   RO         2809    i.FirstScanSysData  bsp_init.o
    0x08002368   0x00000060   Code   RO         2981    i.FisrtPowerOnDisplay  bsp_lcd.o
    0x080023c8   0x000000b8   Code   RO         3376    i.Fram_Read         bsp_i2c.o
    0x08002480   0x00000098   Code   RO         3377    i.Fram_Write        bsp_i2c.o
    0x08002518   0x00000084   Code   RO          686    i.GPIO_Init         stm32l1xx_gpio.o
    0x0800259c   0x00000046   Code   RO          687    i.GPIO_PinAFConfig  stm32l1xx_gpio.o
    0x080025e2   0x00000012   Code   RO          690    i.GPIO_ReadInputDataBit  stm32l1xx_gpio.o
    0x080025f4   0x00000004   Code   RO          693    i.GPIO_ResetBits    stm32l1xx_gpio.o
    0x080025f8   0x00000004   Code   RO          694    i.GPIO_SetBits      stm32l1xx_gpio.o
    0x080025fc   0x00000154   Code   RO         2811    i.General_GPIO_Config  bsp_init.o
    0x08002750   0x00000054   Code   RO         3493    i.GetRecIntervalTime  bsp_class.o
    0x080027a4   0x00000016   Code   RO         2982    i.GetStartChanel    bsp_lcd.o
    0x080027ba   0x00000002   PAD
    0x080027bc   0x000001dc   Code   RO         4141    i.HAL_GPIO_Init     BTBUS_Library.lib(stm32l1xx_hal_gpio.o)
    0x08002998   0x0000001c   Code   RO         3937    i.HAL_NVIC_EnableIRQ  BTBUS_Library.lib(stm32l1xx_hal_cortex.o)
    0x080029b4   0x0000007c   Code   RO         3943    i.HAL_NVIC_SetPriority  BTBUS_Library.lib(stm32l1xx_hal_cortex.o)
    0x08002a30   0x00000038   Code   RO         5957    i.HAL_RCC_GetHCLKFreq  BTBUS_Library.lib(stm32l1xx_hal_rcc.o)
    0x08002a68   0x0000002c   Code   RO         5959    i.HAL_RCC_GetPCLK1Freq  BTBUS_Library.lib(stm32l1xx_hal_rcc.o)
    0x08002a94   0x0000002c   Code   RO         5960    i.HAL_RCC_GetPCLK2Freq  BTBUS_Library.lib(stm32l1xx_hal_rcc.o)
    0x08002ac0   0x000000bc   Code   RO         5961    i.HAL_RCC_GetSysClockFreq  BTBUS_Library.lib(stm32l1xx_hal_rcc.o)
    0x08002b7c   0x00000034   Code   RO         4870    i.HAL_TIM_Base_Init  BTBUS_Library.lib(stm32l1xx_hal_tim.o)
    0x08002bb0   0x00000038   Code   RO         2321    i.HAL_TIM_Base_MspInit  stm32l1xx_hal_msp.o
    0x08002be8   0x0000002c   Code   RO         4875    i.HAL_TIM_Base_Start_IT  BTBUS_Library.lib(stm32l1xx_hal_tim.o)
    0x08002c14   0x00000036   Code   RO         4878    i.HAL_TIM_Base_Stop_IT  BTBUS_Library.lib(stm32l1xx_hal_tim.o)
    0x08002c4a   0x00000002   Code   RO         4899    i.HAL_TIM_IC_CaptureCallback  BTBUS_Library.lib(stm32l1xx_hal_tim.o)
    0x08002c4c   0x00000152   Code   RO         4912    i.HAL_TIM_IRQHandler  BTBUS_Library.lib(stm32l1xx_hal_tim.o)
    0x08002d9e   0x00000002   Code   RO         4915    i.HAL_TIM_OC_DelayElapsedCallback  BTBUS_Library.lib(stm32l1xx_hal_tim.o)
    0x08002da0   0x00000002   Code   RO         4942    i.HAL_TIM_PWM_PulseFinishedCallback  BTBUS_Library.lib(stm32l1xx_hal_tim.o)
    0x08002da2   0x0000000a   Code   RO         4752    i.HAL_TIM_PeriodElapsedCallback  BTBUS_Library.lib(porttimer.o)
    0x08002dac   0x00000002   Code   RO         4953    i.HAL_TIM_TriggerCallback  BTBUS_Library.lib(stm32l1xx_hal_tim.o)
    0x08002dae   0x00000002   Code   RO         5513    i.HAL_UART_ErrorCallback  BTBUS_Library.lib(stm32l1xx_hal_uart.o)
    0x08002db0   0x0000006e   Code   RO         5517    i.HAL_UART_Init     BTBUS_Library.lib(stm32l1xx_hal_uart.o)
    0x08002e1e   0x00000002   PAD
    0x08002e20   0x000000a8   Code   RO         2323    i.HAL_UART_MspInit  stm32l1xx_hal_msp.o
    0x08002ec8   0x00000040   Code   RO         5522    i.HAL_UART_Receive_End  BTBUS_Library.lib(stm32l1xx_hal_uart.o)
    0x08002f08   0x00000098   Code   RO         5523    i.HAL_UART_Receive_IT  BTBUS_Library.lib(stm32l1xx_hal_uart.o)
    0x08002fa0   0x00000110   Code   RO         3704    i.HISTORY_DATA_READ  bsp_serialdeal.o
    0x080030b0   0x00000004   Code   RO         2726    i.HardFault_Handler  stm32l1xx_it.o
    0x080030b4   0x00000204   Code   RO         3874    i.HumiChang_to_Shishu  bsp_datasampledeal.o
    0x080032b8   0x00000138   Code   RO         3875    i.Humi_Adjust       bsp_datasampledeal.o
    0x080033f0   0x0000002c   Code   RO         2812    i.I2C_GPIO_Config   bsp_init.o
    0x0800341c   0x00000118   Code   RO         3705    i.JlyConfDataUpData  bsp_serialdeal.o
    0x08003534   0x0000005c   Code   RO         3533    i.JlyOffDeal        bsp_datadeal.o
    0x08003590   0x00000054   Code   RO         3534    i.JlySecDeal        bsp_datadeal.o
    0x080035e4   0x00000048   Code   RO         2983    i.JudgingChannelNumberDisplay  bsp_lcd.o
    0x0800362c   0x00000028   Code   RO         2945    i.KEY_GPIO_Config   bsp_exti_key.o
    0x08003654   0x0000000c   Code   RO          778    i.LCD_Cmd           stm32l1xx_lcd.o
    0x08003660   0x0000001c   Code   RO          779    i.LCD_ContrastConfig  stm32l1xx_lcd.o
    0x0800367c   0x00000030   Code   RO         2984    i.LCD_GLASS_Clear   bsp_lcd.o
    0x080036ac   0x00000066   Code   RO         2987    i.LCD_GLASS_Init    bsp_lcd.o
    0x08003712   0x00000002   PAD
    0x08003714   0x00000234   Code   RO         2989    i.LCD_GPIOConfig    bsp_lcd.o
    0x08003948   0x00000018   Code   RO          782    i.LCD_GetFlagStatus  stm32l1xx_lcd.o
    0x08003960   0x00000054   Code   RO          786    i.LCD_Init          stm32l1xx_lcd.o
    0x080039b4   0x0000001c   Code   RO          788    i.LCD_PulseOnDurationConfig  stm32l1xx_lcd.o
    0x080039d0   0x0000000e   Code   RO          789    i.LCD_StructInit    stm32l1xx_lcd.o
    0x080039de   0x00000002   PAD
    0x080039e0   0x0000000c   Code   RO          790    i.LCD_UpdateDisplayRequest  stm32l1xx_lcd.o
    0x080039ec   0x00000020   Code   RO          791    i.LCD_WaitForSynchro  stm32l1xx_lcd.o
    0x08003a0c   0x00000002   Code   RO         2444    i.LED_Config        freemodbus.o
    0x08003a0e   0x00000002   PAD
    0x08003a10   0x00000034   Code   RO         2445    i.LED_Poll          freemodbus.o
    0x08003a44   0x00000054   Code   RO         3535    i.LOWorNomalMode    bsp_datadeal.o
    0x08003a98   0x000001fc   Code   RO         2991    i.Lcd_ChannelValue  bsp_lcd.o
    0x08003c94   0x00000280   Code   RO         2992    i.Lcd_Dis10Value    bsp_lcd.o
    0x08003f14   0x00000218   Code   RO         2993    i.Lcd_Dis11Value    bsp_lcd.o
    0x0800412c   0x00000280   Code   RO         2994    i.Lcd_Dis12Value    bsp_lcd.o
    0x080043ac   0x00000280   Code   RO         2995    i.Lcd_Dis13Value    bsp_lcd.o
    0x0800462c   0x00000280   Code   RO         2996    i.Lcd_Dis14Value    bsp_lcd.o
    0x080048ac   0x00000280   Code   RO         2997    i.Lcd_Dis15Value    bsp_lcd.o
    0x08004b2c   0x000003cc   Code   RO         2998    i.Lcd_Dis1Value     bsp_lcd.o
    0x08004ef8   0x00000354   Code   RO         2999    i.Lcd_Dis2Value     bsp_lcd.o
    0x0800524c   0x000003e0   Code   RO         3000    i.Lcd_Dis3Value     bsp_lcd.o
    0x0800562c   0x00000384   Code   RO         3001    i.Lcd_Dis4Value     bsp_lcd.o
    0x080059b0   0x00000240   Code   RO         3002    i.Lcd_Dis5Value     bsp_lcd.o
    0x08005bf0   0x00000280   Code   RO         3003    i.Lcd_Dis6Value     bsp_lcd.o
    0x08005e70   0x00000280   Code   RO         3004    i.Lcd_Dis7Value     bsp_lcd.o
    0x080060f0   0x0000029c   Code   RO         3005    i.Lcd_Dis8Value     bsp_lcd.o
    0x0800638c   0x0000029c   Code   RO         3006    i.Lcd_Dis9Value     bsp_lcd.o
    0x08006628   0x00000004   Code   RO         2727    i.MemManage_Handler  stm32l1xx_it.o
    0x0800662c   0x00000002   Code   RO         2728    i.NMI_Handler       stm32l1xx_it.o
    0x0800662e   0x0000002a   Code   RO         3193    i.NVIC_Configuration  bsp_usart.o
    0x08006658   0x00000010   Code   RO         3950    i.NVIC_GetPriorityGrouping  BTBUS_Library.lib(stm32l1xx_hal_cortex.o)
    0x08006668   0x00000078   Code   RO          289    i.NVIC_Init         misc.o
    0x080066e0   0x00000014   Code   RO          290    i.NVIC_PriorityGroupConfig  misc.o
    0x080066f4   0x00000028   Code   RO         3951    i.NVIC_SetPriority  BTBUS_Library.lib(stm32l1xx_hal_cortex.o)
    0x0800671c   0x00000044   Code   RO         2813    i.OffPowerSupply    bsp_init.o
    0x08006760   0x000000c8   Code   RO         3536    i.OneSecTimedeal    bsp_datadeal.o
    0x08006828   0x00000100   Code   RO         3706    i.PARAM_DATA_READ   bsp_serialdeal.o
    0x08006928   0x000001c8   Code   RO         3707    i.PARAM_DATA_WRITE  bsp_serialdeal.o
    0x08006af0   0x0000000c   Code   RO          899    i.PWR_RTCAccessCmd  stm32l1xx_pwr.o
    0x08006afc   0x00000002   Code   RO         2729    i.PendSV_Handler    stm32l1xx_it.o
    0x08006afe   0x00000034   Code   RO         2814    i.PeripheralInit    bsp_init.o
    0x08006b32   0x00000002   PAD
    0x08006b34   0x00000020   Code   RO          979    i.RCC_AHBPeriphClockCmd  stm32l1xx_rcc.o
    0x08006b54   0x00000020   Code   RO          982    i.RCC_APB1PeriphClockCmd  stm32l1xx_rcc.o
    0x08006b74   0x00000020   Code   RO          985    i.RCC_APB2PeriphClockCmd  stm32l1xx_rcc.o
    0x08006b94   0x00000020   Code   RO          987    i.RCC_APB2PeriphResetCmd  stm32l1xx_rcc.o
    0x08006bb4   0x00000100   Code   RO          994    i.RCC_GetClocksFreq  stm32l1xx_rcc.o
    0x08006cb4   0x00000034   Code   RO          995    i.RCC_GetFlagStatus  stm32l1xx_rcc.o
    0x08006ce8   0x00000010   Code   RO          997    i.RCC_GetSYSCLKSource  stm32l1xx_rcc.o
    0x08006cf8   0x00000010   Code   RO          999    i.RCC_HSEConfig     stm32l1xx_rcc.o
    0x08006d08   0x0000000c   Code   RO         1000    i.RCC_HSICmd        stm32l1xx_rcc.o
    0x08006d14   0x00000010   Code   RO         1003    i.RCC_LSEConfig     stm32l1xx_rcc.o
    0x08006d24   0x0000000c   Code   RO         1004    i.RCC_LSICmd        stm32l1xx_rcc.o
    0x08006d30   0x0000000c   Code   RO         1010    i.RCC_PLLCmd        stm32l1xx_rcc.o
    0x08006d3c   0x0000000c   Code   RO         1012    i.RCC_RTCCLKCmd     stm32l1xx_rcc.o
    0x08006d48   0x00000044   Code   RO         1013    i.RCC_RTCCLKConfig  stm32l1xx_rcc.o
    0x08006d8c   0x00000018   Code   RO         1015    i.RCC_SYSCLKConfig  stm32l1xx_rcc.o
    0x08006da4   0x00000038   Code   RO         1016    i.RCC_WaitForHSEStartUp  stm32l1xx_rcc.o
    0x08006ddc   0x00000050   Code   RO         3708    i.REALDATA_DATA_READ  bsp_serialdeal.o
    0x08006e2c   0x000000a8   Code   RO         3379    i.RTC8025_Read      bsp_i2c.o
    0x08006ed4   0x00000214   Code   RO         3380    i.RTC8025_Reset     bsp_i2c.o
    0x080070e8   0x00000088   Code   RO         3381    i.RTC8025_Write     bsp_i2c.o
    0x08007170   0x00000088   Code   RO         3566    i.RTC_Date_Time_To_Second  bsp_rtc.o
    0x080071f8   0x000000c8   Code   RO         3567    i.RTC_Second_To_Date_Time  bsp_rtc.o
    0x080072c0   0x00000060   Code   RO         1265    i.RTC_WaitForSynchro  stm32l1xx_rtc.o
    0x08007320   0x00000018   Code   RO         3709    i.ReadBatVoltage    bsp_serialdeal.o
    0x08007338   0x00000020   Code   RO         2815    i.ReadSetFramFlag   bsp_init.o
    0x08007358   0x00000014   Code   RO         3781    i.ReadU16Pointer    bsp_storagedata.o
    0x0800736c   0x00000012   Code   RO         3782    i.ReadU32Pointer    bsp_storagedata.o
    0x0800737e   0x00000002   PAD
    0x08007380   0x00000294   Code   RO         3759    i.RecorderBootModeHandle  bsp_bootstop.o
    0x08007614   0x0000004c   Code   RO         3760    i.RecorderStopModeHandle  bsp_bootstop.o
    0x08007660   0x00000068   Code   RO         3382    i.RecvByte          bsp_i2c.o
    0x080076c8   0x0000000c   Code   RO         2450    i.Relay_Poll        freemodbus.o
    0x080076d4   0x000000d2   Code   RO         3570    i.RtcBcdToD10       bsp_rtc.o
    0x080077a6   0x00000094   Code   RO         3571    i.RtcD10ToBcd       bsp_rtc.o
    0x0800783a   0x00000018   Code   RO         2144    i.SPI_Cmd           stm32l1xx_spi.o
    0x08007852   0x00000002   PAD
    0x08007854   0x00000050   Code   RO         3251    i.SPI_FLASH_BufferRead  bsp_spi_flash.o
    0x080078a4   0x00000122   Code   RO         3252    i.SPI_FLASH_BufferWrite  bsp_spi_flash.o
    0x080079c6   0x00000002   PAD
    0x080079c8   0x0000010c   Code   RO         3254    i.SPI_FLASH_Init    bsp_spi_flash.o
    0x08007ad4   0x00000060   Code   RO         3255    i.SPI_FLASH_PageWrite  bsp_spi_flash.o
    0x08007b34   0x00000044   Code   RO         3259    i.SPI_FLASH_SectorErase  bsp_spi_flash.o
    0x08007b78   0x00000038   Code   RO         3260    i.SPI_FLASH_SendByte  bsp_spi_flash.o
    0x08007bb0   0x00000030   Code   RO         3264    i.SPI_FLASH_WaitForWriteEnd  bsp_spi_flash.o
    0x08007be0   0x00000020   Code   RO         3265    i.SPI_FLASH_WriteEnable  bsp_spi_flash.o
    0x08007c00   0x00000012   Code   RO         2152    i.SPI_I2S_GetFlagStatus  stm32l1xx_spi.o
    0x08007c12   0x00000006   Code   RO         2155    i.SPI_I2S_ReceiveData  stm32l1xx_spi.o
    0x08007c18   0x00000004   Code   RO         2156    i.SPI_I2S_SendData  stm32l1xx_spi.o
    0x08007c1c   0x0000003c   Code   RO         2157    i.SPI_Init          stm32l1xx_spi.o
    0x08007c58   0x000001e4   Code   RO         3710    i.STORAGE_DATA_READ  bsp_serialdeal.o
    0x08007e3c   0x00000002   Code   RO         2730    i.SVC_Handler       stm32l1xx_it.o
    0x08007e3e   0x00000002   PAD
    0x08007e40   0x00000040   Code   RO         2056    i.SYSCFG_EXTILineConfig  stm32l1xx_syscfg.o
    0x08007e80   0x00000050   Code   RO         3876    i.SamplingDataAveraging  bsp_datasampledeal.o
    0x08007ed0   0x00000060   Code   RO         3877    i.SamplingDataDealGather  bsp_datasampledeal.o
    0x08007f30   0x00000018   Code   RO         3783    i.SaveDataOnTimeDeal  bsp_storagedata.o
    0x08007f48   0x000001d0   Code   RO         3784    i.SaveHisDataToFlash  bsp_storagedata.o
    0x08008118   0x00000060   Code   RO         3383    i.SendByte          bsp_i2c.o
    0x08008178   0x0000011c   Code   RO         3878    i.SensorDataSampleDealAndBatteryVoltageDeal  bsp_datasampledeal.o
    0x08008294   0x000001e4   Code   RO         3879    i.SensorTypeDataDeal  bsp_datasampledeal.o
    0x08008478   0x0000001c   Code   RO         3785    i.SetFlashOverFlow  bsp_storagedata.o
    0x08008494   0x00000170   Code   RO         2816    i.SetJlyParamData   bsp_init.o
    0x08008604   0x000001ec   Code   RO         3711    i.SetJlyParamJudgeSensorTypeChannelSwitch  bsp_serialdeal.o
    0x080087f0   0x0000010c   Code   RO           24    i.SetSysClock       system_stm32l1xx.o
    0x080088fc   0x00000058   Code   RO         3384    i.Start             bsp_i2c.o
    0x08008954   0x00000038   Code   RO         3880    i.StartAdcSampleData  bsp_datasampledeal.o
    0x0800898c   0x00000044   Code   RO         3385    i.Stop              bsp_i2c.o
    0x080089d0   0x0000003c   Code   RO         3786    i.StorageHistoryData  bsp_storagedata.o
    0x08008a0c   0x00000048   Code   RO         2817    i.SysClock_Config   bsp_init.o
    0x08008a54   0x00000090   Code   RO         2818    i.SysClock_ReConfig  bsp_init.o
    0x08008ae4   0x00000060   Code   RO         2819    i.SysInit           bsp_init.o
    0x08008b44   0x0000002c   Code   RO         2731    i.SysTick_Handler   stm32l1xx_it.o
    0x08008b70   0x00000078   Code   RO         2892    i.SysTick_Init      bsp_systick.o
    0x08008be8   0x00000068   Code   RO           26    i.SystemInit        system_stm32l1xx.o
    0x08008c50   0x0000004c   Code   RO         3474    i.TIM2_Configuration  bsp_timer.o
    0x08008c9c   0x000000c4   Code   RO         2732    i.TIM2_IRQHandler   stm32l1xx_it.o
    0x08008d60   0x0000002a   Code   RO         3475    i.TIM2_NVIC_Configuration  bsp_timer.o
    0x08008d8a   0x00000002   PAD
    0x08008d8c   0x00000010   Code   RO         4753    i.TIM3_IRQHandler   BTBUS_Library.lib(porttimer.o)
    0x08008d9c   0x00000070   Code   RO         4954    i.TIM_Base_SetConfig  BTBUS_Library.lib(stm32l1xx_hal_tim.o)
    0x08008e0c   0x00000006   Code   RO         1555    i.TIM_ClearFlag     stm32l1xx_tim.o
    0x08008e12   0x00000006   Code   RO         1556    i.TIM_ClearITPendingBit  stm32l1xx_tim.o
    0x08008e18   0x00000018   Code   RO         1561    i.TIM_Cmd           stm32l1xx_tim.o
    0x08008e30   0x00000022   Code   RO         1581    i.TIM_GetITStatus   stm32l1xx_tim.o
    0x08008e52   0x00000012   Code   RO         1585    i.TIM_ITConfig      stm32l1xx_tim.o
    0x08008e64   0x00000060   Code   RO         1629    i.TIM_TimeBaseInit  stm32l1xx_tim.o
    0x08008ec4   0x00000204   Code   RO         3881    i.TempChang_to_Shishu  bsp_datasampledeal.o
    0x080090c8   0x00000238   Code   RO         3882    i.Temp_Adjust       bsp_datasampledeal.o
    0x08009300   0x000000b4   Code   RO         2820    i.TestFramIsOrNotOk  bsp_init.o
    0x080093b4   0x00000018   Code   RO         2893    i.TimingDelay_Decrement  bsp_systick.o
    0x080093cc   0x00000210   Code   RO         5538    i.UART_SetConfig    BTBUS_Library.lib(stm32l1xx_hal_uart.o)
    0x080095dc   0x000000a0   Code   RO         3194    i.USART1_Config     bsp_usart.o
    0x0800967c   0x00000028   Code   RO         2733    i.USART1_IRQHandler  stm32l1xx_it.o
    0x080096a4   0x0000010c   Code   RO         4674    i.USART3_IRQHandler  BTBUS_Library.lib(portserial.o)
    0x080097b0   0x00000018   Code   RO          109    i.USART_Cmd         stm32l1xx_usart.o
    0x080097c8   0x0000001a   Code   RO          112    i.USART_GetFlagStatus  stm32l1xx_usart.o
    0x080097e2   0x00000054   Code   RO          113    i.USART_GetITStatus  stm32l1xx_usart.o
    0x08009836   0x0000004a   Code   RO          115    i.USART_ITConfig    stm32l1xx_usart.o
    0x08009880   0x000000cc   Code   RO          116    i.USART_Init        stm32l1xx_usart.o
    0x0800994c   0x0000000a   Code   RO          123    i.USART_ReceiveData  stm32l1xx_usart.o
    0x08009956   0x00000008   Code   RO          126    i.USART_SendData    stm32l1xx_usart.o
    0x0800995e   0x00000004   Code   RO         2734    i.UsageFault_Handler  stm32l1xx_it.o
    0x08009962   0x00000002   PAD
    0x08009964   0x000000a0   Code   RO         3495    i.ValueFtToU16      bsp_class.o
    0x08009a04   0x00000084   Code   RO         3386    i.WaitAck           bsp_i2c.o
    0x08009a88   0x00000038   Code   RO         3537    i.WorkOrNotMode     bsp_datadeal.o
    0x08009ac0   0x0000001a   Code   RO         2822    i.WriteSetFramFlag  bsp_init.o
    0x08009ada   0x00000014   Code   RO         3787    i.WriteU16Pointer   bsp_storagedata.o
    0x08009aee   0x00000014   Code   RO         3788    i.WriteU32Pointer   bsp_storagedata.o
    0x08009b02   0x00000002   PAD
    0x08009b04   0x00000020   Code   RO         6327    i.__0printf$8       mc_w.l(printf8.o)
    0x08009b24   0x00000024   Code   RO         6359    i.__0vsprintf       mc_w.l(printfa.o)
    0x08009b48   0x0000000e   Code   RO         6447    i.__scatterload_copy  mc_w.l(handlers.o)
    0x08009b56   0x00000002   Code   RO         6448    i.__scatterload_null  mc_w.l(handlers.o)
    0x08009b58   0x0000000e   Code   RO         6449    i.__scatterload_zeroinit  mc_w.l(handlers.o)
    0x08009b66   0x00000002   PAD
    0x08009b68   0x0000015c   Code   RO         6360    i._fp_digits        mc_w.l(printfa.o)
    0x08009cc4   0x00000408   Code   RO         6334    i._printf_core      mc_w.l(printf8.o)
    0x0800a0cc   0x000006f0   Code   RO         6361    i._printf_core      mc_w.l(printfa.o)
    0x0800a7bc   0x00000026   Code   RO         6335    i._printf_post_padding  mc_w.l(printf8.o)
    0x0800a7e2   0x00000026   Code   RO         6362    i._printf_post_padding  mc_w.l(printfa.o)
    0x0800a808   0x00000030   Code   RO         6336    i._printf_pre_padding  mc_w.l(printf8.o)
    0x0800a838   0x00000030   Code   RO         6363    i._printf_pre_padding  mc_w.l(printfa.o)
    0x0800a868   0x0000000a   Code   RO         6365    i._sputc            mc_w.l(printfa.o)
    0x0800a872   0x00000090   Code   RO         3007    i.displayDAY        bsp_lcd.o
    0x0800a902   0x00000002   PAD
    0x0800a904   0x00000078   Code   RO         3008    i.displayErr        bsp_lcd.o
    0x0800a97c   0x00000090   Code   RO         3009    i.displayTIME       bsp_lcd.o
    0x0800aa0c   0x00000084   Code   RO         3010    i.displayYEAR       bsp_lcd.o
    0x0800aa90   0x00000028   Code   RO         4323    i.eMBEnable         BTBUS_Library.lib(mb.o)
    0x0800aab8   0x000000a6   Code   RO         4451    i.eMBFuncReadCoils  BTBUS_Library.lib(mbfunccoils.o)
    0x0800ab5e   0x000000a4   Code   RO         4475    i.eMBFuncReadDiscreteInputs  BTBUS_Library.lib(mbfuncdisc.o)
    0x0800ac02   0x00000084   Code   RO         4529    i.eMBFuncReadHistoryRegister  BTBUS_Library.lib(mbfunchistory.o)
    0x0800ac86   0x00000084   Code   RO         4487    i.eMBFuncReadHoldingRegister  BTBUS_Library.lib(mbfuncholding.o)
    0x0800ad0a   0x00000084   Code   RO         4517    i.eMBFuncReadInputRegister  BTBUS_Library.lib(mbfuncinput.o)
    0x0800ad8e   0x00000084   Code   RO         4541    i.eMBFuncReadRealDataRegister  BTBUS_Library.lib(mbfuncrealdata.o)
    0x0800ae12   0x000000d4   Code   RO         4488    i.eMBFuncReadWriteMultipleHoldingRegister  BTBUS_Library.lib(mbfuncholding.o)
    0x0800aee6   0x00000002   PAD
    0x0800aee8   0x00000028   Code   RO         4553    i.eMBFuncReportSlaveID  BTBUS_Library.lib(mbfuncother.o)
    0x0800af10   0x0000006c   Code   RO         4452    i.eMBFuncWriteCoil  BTBUS_Library.lib(mbfunccoils.o)
    0x0800af7c   0x0000003e   Code   RO         4489    i.eMBFuncWriteHoldingRegister  BTBUS_Library.lib(mbfuncholding.o)
    0x0800afba   0x0000008e   Code   RO         4453    i.eMBFuncWriteMultipleCoils  BTBUS_Library.lib(mbfunccoils.o)
    0x0800b048   0x0000006a   Code   RO         4490    i.eMBFuncWriteMultipleHoldingRegister  BTBUS_Library.lib(mbfuncholding.o)
    0x0800b0b2   0x00000002   PAD
    0x0800b0b4   0x000000e0   Code   RO         4324    i.eMBInit           BTBUS_Library.lib(mb.o)
    0x0800b194   0x00000184   Code   RO         4325    i.eMBPoll           BTBUS_Library.lib(mb.o)
    0x0800b318   0x00000058   Code   RO         4574    i.eMBRTUInit        BTBUS_Library.lib(mbrtu.o)
    0x0800b370   0x00000070   Code   RO         4575    i.eMBRTUReceive     BTBUS_Library.lib(mbrtu.o)
    0x0800b3e0   0x000000b0   Code   RO         4576    i.eMBRTUSend        BTBUS_Library.lib(mbrtu.o)
    0x0800b490   0x00000024   Code   RO         4577    i.eMBRTUStart       BTBUS_Library.lib(mbrtu.o)
    0x0800b4b4   0x00000018   Code   RO         4578    i.eMBRTUStop        BTBUS_Library.lib(mbrtu.o)
    0x0800b4cc   0x000000b4   Code   RO         2452    i.eMBRegCoilsCB     freemodbus.o
    0x0800b580   0x00000078   Code   RO         2453    i.eMBRegDiscreteCB  freemodbus.o
    0x0800b5f8   0x00000088   Code   RO         2454    i.eMBRegHistoryCB   freemodbus.o
    0x0800b680   0x000000ec   Code   RO         2455    i.eMBRegHoldingCB   freemodbus.o
    0x0800b76c   0x00000088   Code   RO         2456    i.eMBRegInputCB     freemodbus.o
    0x0800b7f4   0x00000094   Code   RO         2457    i.eMBRegRealDataCB  freemodbus.o
    0x0800b888   0x00000024   Code   RO         3196    i.fputc             bsp_usart.o
    0x0800b8ac   0x00000022   Code   RO         2458    i.freemodbus_init   freemodbus.o
    0x0800b8ce   0x0000001a   Code   RO         2459    i.freemodbus_main   freemodbus.o
    0x0800b8e8   0x00000190   Code   RO         3011    i.lcd_OFF           bsp_lcd.o
    0x0800ba78   0x00000018   Code   RO         2619    i.main              main.o
    0x0800ba90   0x00000022   Code   RO         4253    i.prveMBError2Exception  BTBUS_Library.lib(mbutils.o)
    0x0800bab2   0x00000002   PAD
    0x0800bab4   0x00000014   Code   RO         4754    i.prvvTIMERExpiredISR  BTBUS_Library.lib(porttimer.o)
    0x0800bac8   0x00000014   Code   RO         4675    i.prvvUARTRxISR     BTBUS_Library.lib(portserial.o)
    0x0800badc   0x00000014   Code   RO         4676    i.prvvUARTTxReadyISR  BTBUS_Library.lib(portserial.o)
    0x0800baf0   0x00000084   Code   RO         3572    i.read_time         bsp_rtc.o
    0x0800bb74   0x00000164   Code   RO         3573    i.rtc_deel          bsp_rtc.o
    0x0800bcd8   0x00000050   Code   RO         3574    i.serialread_time   bsp_rtc.o
    0x0800bd28   0x00000058   Code   RO         3575    i.set_time          bsp_rtc.o
    0x0800bd80   0x00000038   Code   RO         4812    i.usMBCRC16         BTBUS_Library.lib(mbcrc.o)
    0x0800bdb8   0x00000068   Code   RO         4677    i.vMBPortSerialEnable  BTBUS_Library.lib(portserial.o)
    0x0800be20   0x00000014   Code   RO         4756    i.vMBPortTimersDisable  BTBUS_Library.lib(porttimer.o)
    0x0800be34   0x00000020   Code   RO         4757    i.vMBPortTimersEnable  BTBUS_Library.lib(porttimer.o)
    0x0800be54   0x00000048   Code   RO         4205    i.xMBOutput         BTBUS_Library.lib(port.o)
    0x0800be9c   0x00000024   Code   RO         4403    i.xMBPortEventGet   BTBUS_Library.lib(portevent.o)
    0x0800bec0   0x00000010   Code   RO         4404    i.xMBPortEventInit  BTBUS_Library.lib(portevent.o)
    0x0800bed0   0x00000018   Code   RO         4405    i.xMBPortEventPost  BTBUS_Library.lib(portevent.o)
    0x0800bee8   0x00000050   Code   RO         4678    i.xMBPortSerialGetByte  BTBUS_Library.lib(portserial.o)
    0x0800bf38   0x0000003c   Code   RO         4679    i.xMBPortSerialInit  BTBUS_Library.lib(portserial.o)
    0x0800bf74   0x00000024   Code   RO         4680    i.xMBPortSerialPutByte  BTBUS_Library.lib(portserial.o)
    0x0800bf98   0x00000058   Code   RO         4758    i.xMBPortTimersInit  BTBUS_Library.lib(porttimer.o)
    0x0800bff0   0x00000088   Code   RO         4579    i.xMBRTUReceiveFSM  BTBUS_Library.lib(mbrtu.o)
    0x0800c078   0x00000040   Code   RO         4580    i.xMBRTUTimerT35Expired  BTBUS_Library.lib(mbrtu.o)
    0x0800c0b8   0x0000006c   Code   RO         4581    i.xMBRTUTransmitFSM  BTBUS_Library.lib(mbrtu.o)
    0x0800c124   0x0000002a   Code   RO         4254    i.xMBUtilGetBits    BTBUS_Library.lib(mbutils.o)
    0x0800c14e   0x00000060   Code   RO         4255    i.xMBUtilSetBits    BTBUS_Library.lib(mbutils.o)
    0x0800c1ae   0x00000002   PAD
    0x0800c1b0   0x0000014c   Data   RO         3223    .constdata          global.o
    0x0800c2fc   0x00000036   Data   RO         3883    .constdata          bsp_datasampledeal.o
    0x0800c332   0x00000200   Data   RO         4813    .constdata          BTBUS_Library.lib(mbcrc.o)
    0x0800c532   0x0000001d   Data   RO         5966    .constdata          BTBUS_Library.lib(stm32l1xx_hal_rcc.o)
    0x0800c54f   0x00000001   PAD
    0x0800c550   0x00000020   Data   RO         6445    Region$$Table       anon$$obj.o


    Execution Region RW_IRAM1 (Base: 0x20000000, Size: 0x00002068, Max: 0x0000c000, ABSOLUTE, COMPRESSED[0x000000ac])

    Base Addr    Size         Type   Attr      Idx    E Section Name        Object

    0x20000000   0x0000001d   Data   RW           27    .data               system_stm32l1xx.o
    0x2000001d   0x00000019   Data   RW         1017    .data               stm32l1xx_rcc.o
    0x20000036   0x0000000c   Data   RW         2461    .data               freemodbus.o
    0x20000042   0x00000002   PAD
    0x20000044   0x00000004   Data   RW         2894    .data               bsp_systick.o
    0x20000048   0x00000028   Data   RW         3224    .data               global.o
    0x20000070   0x00000048   Data   RW         3576    .data               bsp_rtc.o
    0x200000b8   0x00000002   Data   RW         3884    .data               bsp_datasampledeal.o
    0x200000ba   0x00000002   PAD
    0x200000bc   0x000000b8   Data   RW         4327    .data               BTBUS_Library.lib(mb.o)
    0x20000174   0x00000002   Data   RW         4406    .data               BTBUS_Library.lib(portevent.o)
    0x20000176   0x00000002   Data   RW         4556    .data               BTBUS_Library.lib(mbfuncother.o)
    0x20000178   0x0000000c   Data   RW         4583    .data               BTBUS_Library.lib(mbrtu.o)
    0x20000184   0x00000004   Data   RW         4760    .data               BTBUS_Library.lib(porttimer.o)
    0x20000188   0x00000004   Data   RW         6425    .data               mc_w.l(stdout.o)
    0x2000018c   0x00000800   Zero   RW         2460    .bss                freemodbus.o
    0x2000098c   0x00000f34   Zero   RW         3222    .bss                global.o
    0x200018c0   0x00000200   Zero   RW         4206    .bss                BTBUS_Library.lib(port.o)
    0x20001ac0   0x00000020   Zero   RW         4555    .bss                BTBUS_Library.lib(mbfuncother.o)
    0x20001ae0   0x00000100   Zero   RW         4582    .bss                BTBUS_Library.lib(mbrtu.o)
    0x20001be0   0x0000004a   Zero   RW         4681    .bss                BTBUS_Library.lib(portserial.o)
    0x20001c2a   0x00000002   PAD
    0x20001c2c   0x00000038   Zero   RW         4759    .bss                BTBUS_Library.lib(porttimer.o)
    0x20001c64   0x00000004   PAD
    0x20001c68   0x00000400   Zero   RW            1    STACK               startup_stm32l1xx_hd.o


==============================================================================

Image component sizes


      Code (inc. data)   RO Data    RW Data    ZI Data      Debug   Object Name

       406         20          0          0          0       1476   bsp_adc.o
      1052         58          0          0          0       2593   bsp_alarmdeal.o
       736         32          0          0          0       1282   bsp_bootstop.o
       278         10          0          0          0       2367   bsp_class.o
       516         74          0          0          0       2169   bsp_datadeal.o
      2980        248         54          2          0       7756   bsp_datasampledeal.o
       158          6          0          0          0       1013   bsp_exti_key.o
      1742        158          0          0          0       7865   bsp_i2c.o
      1498        144          0          0          0       5697   bsp_init.o
     13988        328          0          0          0      19646   bsp_lcd.o
      1520         68          0          0          0       2470   bsp_powerdeal.o
      1350         48          0         72          0       5097   bsp_rtc.o
      2376        106          0          0          0       6222   bsp_serialdeal.o
       938         42          0          0          0       5067   bsp_spi_flash.o
      1034         58          0          0          0       5103   bsp_storagedata.o
       184         22          0          4          0      18547   bsp_systick.o
       118          0          0          0          0        925   bsp_timer.o
       238         12          0          0          0       1572   bsp_usart.o
         0          0          0          0          0       4232   core_cm3.o
      1100        112          0         12       2048      10887   freemodbus.o
         0          0        332         40       3892      10278   global.o
        24          0          0          0          0      12438   main.o
       140         22          0          0          0       1303   misc.o
        36          8        292          0       1024        796   startup_stm32l1xx_hd.o
       580         14          0          0          0       5904   stm32l1xx_adc.o
        32          6          0          0          0        480   stm32l1xx_dbgmcu.o
       460         18          0          0          0       3634   stm32l1xx_dma.o
       184         16          0          0          0       1748   stm32l1xx_exti.o
       228          0          0          0          0       2999   stm32l1xx_gpio.o
       224         16          0          0          0     214754   stm32l1xx_hal_msp.o
       652         96          0          0          0       5182   stm32l1xx_it.o
       234         36          0          0          0       4667   stm32l1xx_lcd.o
        12          6          0          0          0        431   stm32l1xx_pwr.o
       680         98          0         25          0       9410   stm32l1xx_rcc.o
        96          4          0          0          0       1513   stm32l1xx_rtc.o
       112          0          0          0          0       2790   stm32l1xx_spi.o
        64          4          0          0          0        560   stm32l1xx_syscfg.o
       184         20          0          0          0       3450   stm32l1xx_tim.o
       430          6          0          0          0       4689   stm32l1xx_usart.o
       372         30          0         29          0     282333   system_stm32l1xx.o

    ----------------------------------------------------------------------
     36994       1946        710        188       6964     681345   Object Totals
         0          0         32          0          0          0   (incl. Generated)
        38          0          0          4          0          0   (incl. Padding)

    ----------------------------------------------------------------------

      Code (inc. data)   RO Data    RW Data    ZI Data      Debug   Library Member Name

       652        174          0        184          0       7827   mb.o
        56          8        512          0          0       1904   mbcrc.o
       416          0          0          0          0       3526   mbfunccoils.o
       164          0          0          0          0       1464   mbfuncdisc.o
       132          0          0          0          0       1425   mbfunchistory.o
       512          0          0          0          0       4715   mbfuncholding.o
       132          0          0          0          0       1419   mbfuncinput.o
        40         10          0          2         32       1215   mbfuncother.o
       132          0          0          0          0       1430   mbfuncrealdata.o
       744         98          0         12        256       8553   mbrtu.o
       172          0          0          0          0       5258   mbutils.o
        80          4          0          0        512       3269   port.o
        76         24          0          2          0       4030   portevent.o
       588         44          0          0         74       6054   portserial.o
       186         34          0          4         56       3191   porttimer.o
       208         14          0          0          0     262727   stm32l1xx_hal_cortex.o
       476         38          0          0          0       1600   stm32l1xx_hal_gpio.o
       332         50         29          0          0       3185   stm32l1xx_hal_rcc.o
       608         22          0          0          0       5585   stm32l1xx_hal_tim.o
       856          6          0          0          0       3570   stm32l1xx_hal_uart.o
        92          0          0          0          0          0   __dczerorl2.o
         0          0          0          0          0          0   entry.o
         0          0          0          0          0          0   entry10a.o
         0          0          0          0          0          0   entry11a.o
         8          4          0          0          0          0   entry2.o
         4          0          0          0          0          0   entry5.o
         0          0          0          0          0          0   entry7b.o
         0          0          0          0          0          0   entry8b.o
         8          4          0          0          0          0   entry9a.o
        30          0          0          0          0          0   handlers.o
        36          8          0          0          0         68   init.o
         0          0          0          0          0          0   iusefp.o
        30          0          0          0          0         68   llshl.o
        36          0          0          0          0         68   llsshr.o
        32          0          0          0          0         68   llushr.o
        36          0          0          0          0         68   memcpya.o
        36          0          0          0          0        108   memseta.o
      1150         54          0          0          0        352   printf8.o
      2256         86          0          0          0        508   printfa.o
         0          0          0          4          0          0   stdout.o
        44          0          0          0          0         80   uidiv.o
        98          0          0          0          0         92   uldiv.o
        40          2          0          0          0         68   cdcmple.o
        40          2          0          0          0         68   cdrcmple.o
        20          0          0          0          0         68   cfcmple.o
        20          0          0          0          0         68   cfrcmple.o
        56          0          0          0          0         88   d2f.o
       334          0          0          0          0        148   dadd.o
       222          0          0          0          0        100   ddiv.o
       190          0          0          0          0        176   depilogue.o
        48          0          0          0          0         68   dfixul.o
       228          0          0          0          0         96   dmul.o
        38          0          0          0          0         68   f2d.o
       176          0          0          0          0        140   fadd.o
       128          0          0          0          0         88   fdiv.o
       108          0          0          0          0        168   fepilogue.o
        40          0          0          0          0         68   ffixui.o
        18          0          0          0          0         68   fflti.o
        10          0          0          0          0         68   ffltui.o
       108          0          0          0          0         76   fmul.o

    ----------------------------------------------------------------------
     12298        686        542        208        936     335119   Library Totals
        16          0          1          0          6          0   (incl. Padding)

    ----------------------------------------------------------------------

      Code (inc. data)   RO Data    RW Data    ZI Data      Debug   Library Name

      6562        526        541        204        930     331947   BTBUS_Library.lib
      3896        156          0          4          0       1480   mc_w.l
      1824          4          0          0          0       1692   mf_w.l

    ----------------------------------------------------------------------
     12298        686        542        208        936     335119   Library Totals

    ----------------------------------------------------------------------

==============================================================================


      Code (inc. data)   RO Data    RW Data    ZI Data      Debug   

     49292       2632       1252        396       7900     999252   Grand Totals
     49292       2632       1252        172       7900     999252   ELF Image Totals (compressed)
     49292       2632       1252        172          0          0   ROM Totals

==============================================================================

    Total RO  Size (Code + RO Data)                50544 (  49.36kB)
    Total RW  Size (RW Data + ZI Data)              8296 (   8.10kB)
    Total ROM Size (Code + RO Data + RW Data)      50716 (  49.53kB)

==============================================================================

