ARM Linker, 5.03 [Build 76] [MDK-ARM Standard]

==============================================================================

Section Cross References

    startup_stm32l1xx_hd.o(RESET) refers to startup_stm32l1xx_hd.o(STACK) for __initial_sp
    startup_stm32l1xx_hd.o(RESET) refers to startup_stm32l1xx_hd.o(.text) for Reset_Handler
    startup_stm32l1xx_hd.o(RESET) refers to stm32l1xx_it.o(i.NMI_Handler) for NMI_Handler
    startup_stm32l1xx_hd.o(RESET) refers to stm32l1xx_it.o(i.HardFault_Handler) for HardFault_Handler
    startup_stm32l1xx_hd.o(RESET) refers to stm32l1xx_it.o(i.MemManage_Handler) for MemManage_Handler
    startup_stm32l1xx_hd.o(RESET) refers to stm32l1xx_it.o(i.BusFault_Handler) for BusFault_Handler
    startup_stm32l1xx_hd.o(RESET) refers to stm32l1xx_it.o(i.UsageFault_Handler) for UsageFault_Handler
    startup_stm32l1xx_hd.o(RESET) refers to stm32l1xx_it.o(i.SVC_Handler) for SVC_Handler
    startup_stm32l1xx_hd.o(RESET) refers to stm32l1xx_it.o(i.DebugMon_Handler) for DebugMon_Handler
    startup_stm32l1xx_hd.o(RESET) refers to stm32l1xx_it.o(i.PendSV_Handler) for PendSV_Handler
    startup_stm32l1xx_hd.o(RESET) refers to stm32l1xx_it.o(i.SysTick_Handler) for SysTick_Handler
    startup_stm32l1xx_hd.o(RESET) refers to stm32l1xx_it.o(i.TIM2_IRQHandler) for TIM2_IRQHandler
    startup_stm32l1xx_hd.o(RESET) refers to porttimer.o(i.TIM3_IRQHandler) for TIM3_IRQHandler
    startup_stm32l1xx_hd.o(RESET) refers to stm32l1xx_it.o(i.USART1_IRQHandler) for USART1_IRQHandler
    startup_stm32l1xx_hd.o(RESET) refers to portserial.o(i.USART3_IRQHandler) for USART3_IRQHandler
    startup_stm32l1xx_hd.o(RESET) refers to stm32l1xx_it.o(i.EXTI15_10_IRQHandler) for EXTI15_10_IRQHandler
    startup_stm32l1xx_hd.o(.text) refers to system_stm32l1xx.o(i.SystemInit) for SystemInit
    startup_stm32l1xx_hd.o(.text) refers to entry.o(.ARM.Collect$$$$00000000) for __main
    system_stm32l1xx.o(i.SystemCoreClockUpdate) refers to system_stm32l1xx.o(.data) for SystemCoreClock
    system_stm32l1xx.o(i.SystemInit) refers to system_stm32l1xx.o(i.SetSysClock) for SetSysClock
    stm32l1xx_usart.o(i.USART_DeInit) refers to stm32l1xx_rcc.o(i.RCC_APB2PeriphResetCmd) for RCC_APB2PeriphResetCmd
    stm32l1xx_usart.o(i.USART_DeInit) refers to stm32l1xx_rcc.o(i.RCC_APB1PeriphResetCmd) for RCC_APB1PeriphResetCmd
    stm32l1xx_usart.o(i.USART_Init) refers to stm32l1xx_rcc.o(i.RCC_GetClocksFreq) for RCC_GetClocksFreq
    stm32l1xx_adc.o(i.ADC_DeInit) refers to stm32l1xx_rcc.o(i.RCC_APB2PeriphResetCmd) for RCC_APB2PeriphResetCmd
    stm32l1xx_gpio.o(i.GPIO_DeInit) refers to stm32l1xx_rcc.o(i.RCC_AHBPeriphResetCmd) for RCC_AHBPeriphResetCmd
    stm32l1xx_lcd.o(i.LCD_DeInit) refers to stm32l1xx_rcc.o(i.RCC_APB1PeriphResetCmd) for RCC_APB1PeriphResetCmd
    stm32l1xx_lcd.o(i.LCD_Init) refers to stm32l1xx_lcd.o(i.LCD_WaitForSynchro) for LCD_WaitForSynchro
    stm32l1xx_pwr.o(i.PWR_DeInit) refers to stm32l1xx_rcc.o(i.RCC_APB1PeriphResetCmd) for RCC_APB1PeriphResetCmd
    stm32l1xx_rcc.o(i.RCC_GetClocksFreq) refers to stm32l1xx_rcc.o(.data) for PLLMulTable
    stm32l1xx_rcc.o(i.RCC_WaitForHSEStartUp) refers to stm32l1xx_rcc.o(i.RCC_GetFlagStatus) for RCC_GetFlagStatus
    stm32l1xx_rtc.o(i.RTC_CoarseCalibCmd) refers to stm32l1xx_rtc.o(i.RTC_EnterInitMode) for RTC_EnterInitMode
    stm32l1xx_rtc.o(i.RTC_CoarseCalibCmd) refers to stm32l1xx_rtc.o(i.RTC_ExitInitMode) for RTC_ExitInitMode
    stm32l1xx_rtc.o(i.RTC_CoarseCalibConfig) refers to stm32l1xx_rtc.o(i.RTC_EnterInitMode) for RTC_EnterInitMode
    stm32l1xx_rtc.o(i.RTC_CoarseCalibConfig) refers to stm32l1xx_rtc.o(i.RTC_ExitInitMode) for RTC_ExitInitMode
    stm32l1xx_rtc.o(i.RTC_DeInit) refers to stm32l1xx_rtc.o(i.RTC_EnterInitMode) for RTC_EnterInitMode
    stm32l1xx_rtc.o(i.RTC_DeInit) refers to stm32l1xx_rtc.o(i.RTC_WaitForSynchro) for RTC_WaitForSynchro
    stm32l1xx_rtc.o(i.RTC_GetAlarm) refers to stm32l1xx_rtc.o(i.RTC_Bcd2ToByte) for RTC_Bcd2ToByte
    stm32l1xx_rtc.o(i.RTC_GetDate) refers to stm32l1xx_rtc.o(i.RTC_Bcd2ToByte) for RTC_Bcd2ToByte
    stm32l1xx_rtc.o(i.RTC_GetTime) refers to stm32l1xx_rtc.o(i.RTC_Bcd2ToByte) for RTC_Bcd2ToByte
    stm32l1xx_rtc.o(i.RTC_GetTimeStamp) refers to stm32l1xx_rtc.o(i.RTC_Bcd2ToByte) for RTC_Bcd2ToByte
    stm32l1xx_rtc.o(i.RTC_Init) refers to stm32l1xx_rtc.o(i.RTC_EnterInitMode) for RTC_EnterInitMode
    stm32l1xx_rtc.o(i.RTC_Init) refers to stm32l1xx_rtc.o(i.RTC_ExitInitMode) for RTC_ExitInitMode
    stm32l1xx_rtc.o(i.RTC_RefClockCmd) refers to stm32l1xx_rtc.o(i.RTC_EnterInitMode) for RTC_EnterInitMode
    stm32l1xx_rtc.o(i.RTC_RefClockCmd) refers to stm32l1xx_rtc.o(i.RTC_ExitInitMode) for RTC_ExitInitMode
    stm32l1xx_rtc.o(i.RTC_SetAlarm) refers to stm32l1xx_rtc.o(i.RTC_Bcd2ToByte) for RTC_Bcd2ToByte
    stm32l1xx_rtc.o(i.RTC_SetAlarm) refers to stm32l1xx_rtc.o(i.RTC_ByteToBcd2) for RTC_ByteToBcd2
    stm32l1xx_rtc.o(i.RTC_SetDate) refers to stm32l1xx_rtc.o(i.RTC_Bcd2ToByte) for RTC_Bcd2ToByte
[...]
    prvvUARTTxReadyISR                       0x08008bc1   Thumb Code    14  portserial.o(i.prvvUARTTxReadyISR)
    i.read_time                              0x08008bd4   Section        0  bsp_rtc.o(i.read_time)
    i.rtc_deel                               0x08008c58   Section        0  bsp_rtc.o(i.rtc_deel)
    i.rtc_init                               0x08008dfc   Section        0  bsp_rtc.o(i.rtc_init)
    i.usMBCRC16                              0x08008e10   Section        0  mbcrc.o(i.usMBCRC16)
    i.vMBPortSerialEnable                    0x08008e48   Section        0  portserial.o(i.vMBPortSerialEnable)
    i.vMBPortTimersDisable                   0x08008eb0   Section        0  porttimer.o(i.vMBPortTimersDisable)
    i.vMBPortTimersEnable                    0x08008ec4   Section        0  porttimer.o(i.vMBPortTimersEnable)
    i.voltage_test                           0x08008ee4   Section        0  bsp_adc.o(i.voltage_test)
    i.xMBOutput                              0x08008f1c   Section        0  port.o(i.xMBOutput)
    i.xMBPortEventGet                        0x08008f64   Section        0  portevent.o(i.xMBPortEventGet)
    i.xMBPortEventInit                       0x08008f88   Section        0  portevent.o(i.xMBPortEventInit)
    i.xMBPortEventPost                       0x08008f98   Section        0  portevent.o(i.xMBPortEventPost)
    i.xMBPortSerialGetByte                   0x08008fb0   Section        0  portserial.o(i.xMBPortSerialGetByte)
    i.xMBPortSerialInit                      0x08009000   Section        0  portserial.o(i.xMBPortSerialInit)
    i.xMBPortSerialPutByte                   0x0800903c   Section        0  portserial.o(i.xMBPortSerialPutByte)
    i.xMBPortTimersInit                      0x08009060   Section        0  porttimer.o(i.xMBPortTimersInit)
    i.xMBRTUReceiveFSM                       0x080090c4   Section        0  mbrtu.o(i.xMBRTUReceiveFSM)
    i.xMBRTUTimerT35Expired                  0x0800914c   Section        0  mbrtu.o(i.xMBRTUTimerT35Expired)
    i.xMBRTUTransmitFSM                      0x0800918c   Section        0  mbrtu.o(i.xMBRTUTransmitFSM)
    i.xMBUtilGetBits                         0x080091f8   Section        0  mbutils.o(i.xMBUtilGetBits)
    i.xMBUtilSetBits                         0x08009222   Section        0  mbutils.o(i.xMBUtilSetBits)
    .constdata                               0x08009284   Section      704  global.o(.constdata)
    .constdata                               0x08009544   Section      512  mbcrc.o(.constdata)
    aucCRCHi                                 0x08009544   Data         256  mbcrc.o(.constdata)
    aucCRCLo                                 0x08009644   Data         256  mbcrc.o(.constdata)
    .constdata                               0x08009744   Section       29  stm32l1xx_hal_rcc.o(.constdata)
    .data                                    0x20000000   Section       29  system_stm32l1xx.o(.data)
    .data                                    0x2000001d   Section       25  stm32l1xx_rcc.o(.data)
    PLLMulTable                              0x2000001d   Data           9  stm32l1xx_rcc.o(.data)
    APBAHBPrescTable                         0x20000026   Data          16  stm32l1xx_rcc.o(.data)
    .data                                    0x20000036   Section       12  freemodbus.o(.data)
    .data                                    0x20000044   Section        4  bsp_systick.o(.data)
    .data                                    0x20000048   Section       54  global.o(.data)
    .data                                    0x20000080   Section       48  bsp_rtc.o(.data)
    month                                    0x20000080   Data          48  bsp_rtc.o(.data)
    .data                                    0x200000b0   Section      184  mb.o(.data)
    eMBState                                 0x200000b0   Data           1  mb.o(.data)
    xFuncHandlers                            0x200000b4   Data         128  mb.o(.data)
    ucMBFrame                                0x20000134   Data           4  mb.o(.data)
    ucRcvAddress                             0x20000138   Data           1  mb.o(.data)
    ucFunctionCode                           0x20000139   Data           1  mb.o(.data)
    usLength                                 0x2000013a   Data           2  mb.o(.data)
    eException                               0x2000013c   Data           1  mb.o(.data)
    ucMBAddress                              0x2000013d   Data           1  mb.o(.data)
    eMBCurrentMode                           0x2000013e   Data           1  mb.o(.data)
    peMBFrameSendCur                         0x20000140   Data           4  mb.o(.data)
    pvMBFrameStartCur                        0x20000144   Data           4  mb.o(.data)
    pvMBFrameStopCur                         0x20000148   Data           4  mb.o(.data)
    peMBFrameReceiveCur                      0x2000014c   Data           4  mb.o(.data)
    pvMBFrameCloseCur                        0x20000150   Data           4  mb.o(.data)
    .data                                    0x20000168   Section        2  portevent.o(.data)
    eQueuedEvent                             0x20000168   Data           1  portevent.o(.data)
    xEventInQueue                            0x20000169   Data           1  portevent.o(.data)
    .data                                    0x2000016a   Section        2  mbfuncother.o(.data)
    usMBSlaveIDLen                           0x2000016a   Data           2  mbfuncother.o(.data)
    .data                                    0x2000016c   Section       12  mbrtu.o(.data)
    eSndState                                0x2000016c   Data           1  mbrtu.o(.data)
    eRcvState                                0x2000016d   Data           1  mbrtu.o(.data)
    pucSndBufferCur                          0x20000170   Data           4  mbrtu.o(.data)
    usSndBufferCount                         0x20000174   Data           2  mbrtu.o(.data)
    usRcvBufferPos                           0x20000176   Data           2  mbrtu.o(.data)
    .data                                    0x20000178   Section        4  porttimer.o(.data)
    uwPrescalerValue                         0x20000178   Data           4  porttimer.o(.data)
    .data                                    0x2000017c   Section        4  stdout.o(.data)
    .bss                                     0x20000180   Section    16384  freemodbus.o(.bss)
    .bss                                     0x20004180   Section     3680  global.o(.bss)
    .bss                                     0x20004fe0   Section      512  port.o(.bss)
    str                                      0x20004fe0   Data         512  port.o(.bss)
    .bss                                     0x200051e0   Section       32  mbfuncother.o(.bss)
    ucMBSlaveID                              0x200051e0   Data          32  mbfuncother.o(.bss)
    .bss                                     0x20005200   Section      256  mbrtu.o(.bss)
    .bss                                     0x20005300   Section       74  portserial.o(.bss)
    UartHandle                               0x20005300   Data          64  portserial.o(.bss)
    SndRecvBuffer                            0x20005340   Data          10  portserial.o(.bss)
    .bss                                     0x2000534c   Section       56  porttimer.o(.bss)
    TimHandle                                0x2000534c   Data          56  porttimer.o(.bss)
    STACK                                    0x20005388   Section     1024  startup_stm32l1xx_hd.o(STACK)

    Global Symbols

    Symbol Name                              Value     Ov Type        Size  Object(Section)

    BuildAttributes$$THM_ISAv4$P$D$K$B$S$PE$A:L22UL41UL21$X:L11$S22US41US21$IEEE1$IW$USESV6$~STKCKD$USESV7$~SHL$OTIME$ROPI$EBA8$MICROLIB$REQ8$PRES8$EABIv2 0x00000000   Number         0  anon$$obj.o ABSOLUTE
    __ARM_use_no_argv                        0x00000000   Number         0  main.o ABSOLUTE
    _printf_a                                0x00000000   Number         0  stubs.o ABSOLUTE
    _printf_c                                0x00000000   Number         0  stubs.o ABSOLUTE
    _printf_charcount                        0x00000000   Number         0  stubs.o ABSOLUTE
    _printf_d                                0x00000000   Number         0  stubs.o ABSOLUTE
    _printf_e                                0x00000000   Number         0  stubs.o ABSOLUTE
    _printf_f                                0x00000000   Number         0  stubs.o ABSOLUTE
    _printf_flags                            0x00000000   Number         0  stubs.o ABSOLUTE
    _printf_fp_dec                           0x00000000   Number         0  stubs.o ABSOLUTE
    _printf_fp_hex                           0x00000000   Number         0  stubs.o ABSOLUTE
    _printf_g                                0x00000000   Number         0  stubs.o ABSOLUTE
    _printf_i                                0x00000000   Number         0  stubs.o ABSOLUTE
    _printf_int_dec                          0x00000000   Number         0  stubs.o ABSOLUTE
    _printf_l                                0x00000000   Number         0  stubs.o ABSOLUTE
    _printf_lc                               0x00000000   Number         0  stubs.o ABSOLUTE
    _printf_ll                               0x00000000   Number         0  stubs.o ABSOLUTE
    _printf_lld                              0x00000000   Number         0  stubs.o ABSOLUTE
    _printf_lli                              0x00000000   Number         0  stubs.o ABSOLUTE
    _printf_llo                              0x00000000   Number         0  stubs.o ABSOLUTE
    _printf_llu                              0x00000000   Number         0  stubs.o ABSOLUTE
    _printf_llx                              0x00000000   Number         0  stubs.o ABSOLUTE
    _printf_longlong_dec                     0x00000000   Number         0  stubs.o ABSOLUTE
    _printf_longlong_hex                     0x00000000   Number         0  stubs.o ABSOLUTE
    _printf_longlong_oct                     0x00000000   Number         0  stubs.o ABSOLUTE
    _printf_ls                               0x00000000   Number         0  stubs.o ABSOLUTE
    _printf_mbtowc                           0x00000000   Number         0  stubs.o ABSOLUTE
    _printf_n                                0x00000000   Number         0  stubs.o ABSOLUTE
    _printf_o                                0x00000000   Number         0  stubs.o ABSOLUTE
    _printf_p                                0x00000000   Number         0  stubs.o ABSOLUTE
    _printf_percent                          0x00000000   Number         0  stubs.o ABSOLUTE
    _printf_pre_padding                      0x00000000   Number         0  stubs.o ABSOLUTE
    _printf_return_value                     0x00000000   Number         0  stubs.o ABSOLUTE
    _printf_s                                0x00000000   Number         0  stubs.o ABSOLUTE
    _printf_sizespec                         0x00000000   Number         0  stubs.o ABSOLUTE
    _printf_str                              0x00000000   Number         0  stubs.o ABSOLUTE
    _printf_truncate_signed                  0x00000000   Number         0  stubs.o ABSOLUTE
    _printf_truncate_unsigned                0x00000000   Number         0  stubs.o ABSOLUTE
    _printf_u                                0x00000000   Number         0  stubs.o ABSOLUTE
    _printf_wc                               0x00000000   Number         0  stubs.o ABSOLUTE
    _printf_wctomb                           0x00000000   Number         0  stubs.o ABSOLUTE
    _printf_widthprec                        0x00000000   Number         0  stubs.o ABSOLUTE
    _printf_x                                0x00000000   Number         0  stubs.o ABSOLUTE
    __cpp_initialize__aeabi_                  - Undefined Weak Reference
    __cxa_finalize                            - Undefined Weak Reference
    _clock_init                               - Undefined Weak Reference
    _microlib_exit                            - Undefined Weak Reference
    __Vectors_Size                           0x00000124   Number         0  startup_stm32l1xx_hd.o ABSOLUTE
    __Vectors                                0x08000000   Data           4  startup_stm32l1xx_hd.o(RESET)
    __Vectors_End                            0x08000124   Data           0  startup_stm32l1xx_hd.o(RESET)
    __main                                   0x08000125   Thumb Code     0  entry.o(.ARM.Collect$$$$00000000)
    _main_stk                                0x08000125   Thumb Code     0  entry2.o(.ARM.Collect$$$$00000001)
    _main_scatterload                        0x08000129   Thumb Code     0  entry5.o(.ARM.Collect$$$$00000004)
    __main_after_scatterload                 0x0800012d   Thumb Code     0  entry5.o(.ARM.Collect$$$$00000004)
    _main_clock                              0x0800012d   Thumb Code     0  entry7b.o(.ARM.Collect$$$$00000008)
    _main_cpp_init                           0x0800012d   Thumb Code     0  entry8b.o(.ARM.Collect$$$$0000000A)
    _main_init                               0x0800012d   Thumb Code     0  entry9a.o(.ARM.Collect$$$$0000000B)
    __rt_final_cpp                           0x08000135   Thumb Code     0  entry10a.o(.ARM.Collect$$$$0000000D)
    __rt_final_exit                          0x08000135   Thumb Code     0  entry11a.o(.ARM.Collect$$$$0000000F)
    Reset_Handler                            0x08000139   Thumb Code     8  startup_stm32l1xx_hd.o(.text)
    ADC1_IRQHandler                          0x08000153   Thumb Code     0  startup_stm32l1xx_hd.o(.text)
    AES_IRQHandler                           0x08000153   Thumb Code     0  startup_stm32l1xx_hd.o(.text)
    COMP_ACQ_IRQHandler                      0x08000153   Thumb Code     0  startup_stm32l1xx_hd.o(.text)
    COMP_IRQHandler                          0x08000153   Thumb Code     0  startup_stm32l1xx_hd.o(.text)
    DAC_IRQHandler                           0x08000153   Thumb Code     0  startup_stm32l1xx_hd.o(.text)
    DMA1_Channel1_IRQHandler                 0x08000153   Thumb Code     0  startup_stm32l1xx_hd.o(.text)
    DMA1_Channel2_IRQHandler                 0x08000153   Thumb Code     0  startup_stm32l1xx_hd.o(.text)
    DMA1_Channel3_IRQHandler                 0x08000153   Thumb Code     0  startup_stm32l1xx_hd.o(.text)
    DMA1_Channel4_IRQHandler                 0x08000153   Thumb Code     0  startup_stm32l1xx_hd.o(.text)
    DMA1_Channel5_IRQHandler                 0x08000153   Thumb Code     0  startup_stm32l1xx_hd.o(.text)
    DMA1_Channel6_IRQHandler                 0x08000153   Thumb Code     0  startup_stm32l1xx_hd.o(.text)
    DMA1_Channel7_IRQHandler                 0x08000153   Thumb Code     0  startup_stm32l1xx_hd.o(.text)
    DMA2_Channel1_IRQHandler                 0x08000153   Thumb Code     0  startup_stm32l1xx_hd.o(.text)
    DMA2_Channel2_IRQHandler                 0x08000153   Thumb Code     0  startup_stm32l1xx_hd.o(.text)
    DMA2_Channel3_IRQHandler                 0x08000153   Thumb Code     0  startup_stm32l1xx_hd.o(.text)
    DMA2_Channel4_IRQHandler                 0x08000153   Thumb Code     0  startup_stm32l1xx_hd.o(.text)
    DMA2_Channel5_IRQHandler                 0x08000153   Thumb Code     0  startup_stm32l1xx_hd.o(.text)
    EXTI0_IRQHandler                         0x08000153   Thumb Code     0  startup_stm32l1xx_hd.o(.text)
    EXTI1_IRQHandler                         0x08000153   Thumb Code     0  startup_stm32l1xx_hd.o(.text)
    EXTI2_IRQHandler                         0x08000153   Thumb Code     0  startup_stm32l1xx_hd.o(.text)
    EXTI3_IRQHandler                         0x08000153   Thumb Code     0  startup_stm32l1xx_hd.o(.text)
    EXTI4_IRQHandler                         0x08000153   Thumb Code     0  startup_stm32l1xx_hd.o(.text)
    EXTI9_5_IRQHandler                       0x08000153   Thumb Code     0  startup_stm32l1xx_hd.o(.text)
    FLASH_IRQHandler                         0x08000153   Thumb Code     0  startup_stm32l1xx_hd.o(.text)
    I2C1_ER_IRQHandler                       0x08000153   Thumb Code     0  startup_stm32l1xx_hd.o(.text)
    I2C1_EV_IRQHandler                       0x08000153   Thumb Code     0  startup_stm32l1xx_hd.o(.text)
    I2C2_ER_IRQHandler                       0x08000153   Thumb Code     0  startup_stm32l1xx_hd.o(.text)
    I2C2_EV_IRQHandler                       0x08000153   Thumb Code     0  startup_stm32l1xx_hd.o(.text)
    LCD_IRQHandler                           0x08000153   Thumb Code     0  startup_stm32l1xx_hd.o(.text)
    PVD_IRQHandler                           0x08000153   Thumb Code     0  startup_stm32l1xx_hd.o(.text)
    RCC_IRQHandler                           0x08000153   Thumb Code     0  startup_stm32l1xx_hd.o(.text)
    RTC_Alarm_IRQHandler                     0x08000153   Thumb Code     0  startup_stm32l1xx_hd.o(.text)
    RTC_WKUP_IRQHandler                      0x08000153   Thumb Code     0  startup_stm32l1xx_hd.o(.text)
    SDIO_IRQHandler                          0x08000153   Thumb Code     0  startup_stm32l1xx_hd.o(.text)
    SPI1_IRQHandler                          0x08000153   Thumb Code     0  startup_stm32l1xx_hd.o(.text)
    SPI2_IRQHandler                          0x08000153   Thumb Code     0  startup_stm32l1xx_hd.o(.text)
    SPI3_IRQHandler                          0x08000153   Thumb Code     0  startup_stm32l1xx_hd.o(.text)
    TAMPER_STAMP_IRQHandler                  0x08000153   Thumb Code     0  startup_stm32l1xx_hd.o(.text)
    TIM10_IRQHandler                         0x08000153   Thumb Code     0  startup_stm32l1xx_hd.o(.text)
    TIM11_IRQHandler                         0x08000153   Thumb Code     0  startup_stm32l1xx_hd.o(.text)
    TIM4_IRQHandler                          0x08000153   Thumb Code     0  startup_stm32l1xx_hd.o(.text)
    TIM5_IRQHandler                          0x08000153   Thumb Code     0  startup_stm32l1xx_hd.o(.text)
    TIM6_IRQHandler                          0x08000153   Thumb Code     0  startup_stm32l1xx_hd.o(.text)
    TIM7_IRQHandler                          0x08000153   Thumb Code     0  startup_stm32l1xx_hd.o(.text)
    TIM9_IRQHandler                          0x08000153   Thumb Code     0  startup_stm32l1xx_hd.o(.text)
    UART4_IRQHandler                         0x08000153   Thumb Code     0  startup_stm32l1xx_hd.o(.text)
    UART5_IRQHandler                         0x08000153   Thumb Code     0  startup_stm32l1xx_hd.o(.text)
    USART2_IRQHandler                        0x08000153   Thumb Code     0  startup_stm32l1xx_hd.o(.text)
    USB_FS_WKUP_IRQHandler                   0x08000153   Thumb Code     0  startup_stm32l1xx_hd.o(.text)
    USB_HP_IRQHandler                        0x08000153   Thumb Code     0  startup_stm32l1xx_hd.o(.text)
    USB_LP_IRQHandler                        0x08000153   Thumb Code     0  startup_stm32l1xx_hd.o(.text)
    WWDG_IRQHandler                          0x08000153   Thumb Code     0  startup_stm32l1xx_hd.o(.text)
    __aeabi_memcpy                           0x0800015d   Thumb Code    36  memcpya.o(.text)
    __aeabi_memcpy4                          0x0800015d   Thumb Code     0  memcpya.o(.text)
    __aeabi_memcpy8                          0x0800015d   Thumb Code     0  memcpya.o(.text)
    __aeabi_memset                           0x08000181   Thumb Code    14  memseta.o(.text)
    __aeabi_memset4                          0x08000181   Thumb Code     0  memseta.o(.text)
    __aeabi_memset8                          0x08000181   Thumb Code     0  memseta.o(.text)
    __aeabi_memclr                           0x0800018f   Thumb Code     4  memseta.o(.text)
    __aeabi_memclr4                          0x0800018f   Thumb Code     0  memseta.o(.text)
    __aeabi_memclr8                          0x0800018f   Thumb Code     0  memseta.o(.text)
    _memset$wrapper                          0x08000193   Thumb Code    18  memseta.o(.text)
    __aeabi_fadd                             0x080001a5   Thumb Code   164  fadd.o(.text)
    __aeabi_fsub                             0x08000249   Thumb Code     6  fadd.o(.text)
    __aeabi_frsub                            0x0800024f   Thumb Code     6  fadd.o(.text)
    __aeabi_fmul                             0x08000255   Thumb Code   108  fmul.o(.text)
    __aeabi_fdiv                             0x080002c1   Thumb Code   128  fdiv.o(.text)
    __aeabi_dadd                             0x08000341   Thumb Code   322  dadd.o(.text)
    __aeabi_dsub                             0x08000483   Thumb Code     6  dadd.o(.text)
    __aeabi_drsub                            0x08000489   Thumb Code     6  dadd.o(.text)
    __aeabi_dmul                             0x0800048f   Thumb Code   228  dmul.o(.text)
    __aeabi_ddiv                             0x08000573   Thumb Code   222  ddiv.o(.text)
    __aeabi_ui2f                             0x08000651   Thumb Code    10  ffltui.o(.text)
    __aeabi_f2uiz                            0x0800065b   Thumb Code    40  ffixui.o(.text)
    __aeabi_f2d                              0x08000683   Thumb Code    38  f2d.o(.text)
    __aeabi_d2f                              0x080006a9   Thumb Code    56  d2f.o(.text)
    __aeabi_cfcmpeq                          0x080006e1   Thumb Code     0  cfcmple.o(.text)
    __aeabi_cfcmple                          0x080006e1   Thumb Code    20  cfcmple.o(.text)
    __aeabi_cfrcmple                         0x080006f5   Thumb Code    20  cfrcmple.o(.text)
    __aeabi_uidiv                            0x08000709   Thumb Code     0  uidiv.o(.text)
    __aeabi_uidivmod                         0x08000709   Thumb Code    44  uidiv.o(.text)
    __aeabi_uldivmod                         0x08000735   Thumb Code    98  uldiv.o(.text)
    __aeabi_llsl                             0x08000797   Thumb Code    30  llshl.o(.text)
    _ll_shift_l                              0x08000797   Thumb Code     0  llshl.o(.text)
    __aeabi_lasr                             0x080007b5   Thumb Code    36  llsshr.o(.text)
    _ll_sshift_r                             0x080007b5   Thumb Code     0  llsshr.o(.text)
    __I$use$fp                               0x080007d9   Thumb Code     0  iusefp.o(.text)
    _float_round                             0x080007d9   Thumb Code    18  fepilogue.o(.text)
    _float_epilogue                          0x080007eb   Thumb Code    90  fepilogue.o(.text)
    _double_round                            0x08000845   Thumb Code    26  depilogue.o(.text)
    _double_epilogue                         0x0800085f   Thumb Code   164  depilogue.o(.text)
    __aeabi_d2ulz                            0x08000903   Thumb Code    48  dfixul.o(.text)
    __aeabi_cdrcmple                         0x08000935   Thumb Code    38  cdrcmple.o(.text)
    __scatterload                            0x0800095d   Thumb Code    28  init.o(.text)
    __scatterload_rt2                        0x0800095d   Thumb Code     0  init.o(.text)
    __aeabi_llsr                             0x08000981   Thumb Code    32  llushr.o(.text)
    _ll_ushift_r                             0x08000981   Thumb Code     0  llushr.o(.text)
    __decompress                             0x080009a1   Thumb Code     0  __dczerorl2.o(.text)
    __decompress1                            0x080009a1   Thumb Code    92  __dczerorl2.o(.text)
    ADC1_Init                                0x08000b19   Thumb Code    38  bsp_adc.o(i.ADC1_Init)
    ADC_Cmd                                  0x08000c1d   Thumb Code    22  stm32l1xx_adc.o(i.ADC_Cmd)
    ADC_DMACmd                               0x08000c33   Thumb Code    22  stm32l1xx_adc.o(i.ADC_DMACmd)
    ADC_DMARequestAfterLastTransferCmd       0x08000c49   Thumb Code    22  stm32l1xx_adc.o(i.ADC_DMARequestAfterLastTransferCmd)
    ADC_GetFlagStatus                        0x08000c5f   Thumb Code    18  stm32l1xx_adc.o(i.ADC_GetFlagStatus)
    ADC_Init                                 0x08000c71   Thumb Code    74  stm32l1xx_adc.o(i.ADC_Init)
    ADC_RegularChannelConfig                 0x08000cc5   Thumb Code   344  stm32l1xx_adc.o(i.ADC_RegularChannelConfig)
    ADC_SoftwareStartConv                    0x08000e1d   Thumb Code    10  stm32l1xx_adc.o(i.ADC_SoftwareStartConv)
    ADC_StructInit                           0x08000e27   Thumb Code    26  stm32l1xx_adc.o(i.ADC_StructInit)
    AI2C_Read                                0x08000e41   Thumb Code   180  bsp_i2c.o(i.AI2C_Read)
    AI2C_Write                               0x08000ef9   Thumb Code   146  bsp_i2c.o(i.AI2C_Write)
    Ack                                      0x08000f91   Thumb Code    74  bsp_i2c.o(i.Ack)
    BellNn                                   0x08000fe1   Thumb Code    54  bsp_alarmdeal.o(i.BellNn)
    BusFault_Handler                         0x0800101d   Thumb Code     4  stm32l1xx_it.o(i.BusFault_Handler)
    Button_Config                            0x08001021   Thumb Code     2  freemodbus.o(i.Button_Config)
    Button_Poll                              0x08001025   Thumb Code     8  freemodbus.o(i.Button_Poll)
    Change3BytesTimeToLong                   0x080012b1   Thumb Code    26  bsp_class.o(i.Change3BytesTimeToLong)
    ChannelDataDeal                          0x080012cd   Thumb Code   378  bsp_i2c_fram.o(i.ChannelDataDeal)
    Char_to_Int                              0x08001461   Thumb Code     8  bsp_class.o(i.Char_to_Int)
    DMA_Cmd                                  0x08001469   Thumb Code    24  stm32l1xx_dma.o(i.DMA_Cmd)
    DMA_DeInit                               0x08001481   Thumb Code   324  stm32l1xx_dma.o(i.DMA_DeInit)
    DMA_Init                                 0x080015cd   Thumb Code    60  stm32l1xx_dma.o(i.DMA_Init)
    DateToSeconds                            0x08001609   Thumb Code    98  bsp_rtc.o(i.DateToSeconds)
    Dealing_Gather                           0x08001679   Thumb Code   160  bsp_adc.o(i.Dealing_Gather)
    DebugMon_Handler                         0x08001729   Thumb Code     2  stm32l1xx_it.o(i.DebugMon_Handler)
    Delay_ms                                 0x08001739   Thumb Code    36  bsp_systick.o(i.Delay_ms)
    Display_ChannelValue                     0x08001761   Thumb Code   162  bsp_lcd.o(i.Display_ChannelValue)
    Display_SN                               0x08001821   Thumb Code   222  bsp_lcd.o(i.Display_SN)
    DoGatherChannelDataFloat                 0x08001909   Thumb Code    64  bsp_sensor_deal.o(i.DoGatherChannelDataFloat)
    DownFlash_HisData                        0x0800194d   Thumb Code    96  bsp_i2c_fram.o(i.DownFlash_HisData)
    EXTI15_10_Config                         0x080019b9   Thumb Code    78  bsp_exti_key.o(i.EXTI15_10_Config)
    EXTI15_10_IRQHandler                     0x08001a09   Thumb Code    48  stm32l1xx_it.o(i.EXTI15_10_IRQHandler)
    EXTI_ClearITPendingBit                   0x08001a41   Thumb Code     6  stm32l1xx_exti.o(i.EXTI_ClearITPendingBit)
    EXTI_GetITStatus                         0x08001a4d   Thumb Code    20  stm32l1xx_exti.o(i.EXTI_GetITStatus)
    EXTI_Init                                0x08001a65   Thumb Code   142  stm32l1xx_exti.o(i.EXTI_Init)
    EnterCriticalSection                     0x08001af9   Thumb Code     4  port.o(i.EnterCriticalSection)
    Error_Handler                            0x08001afd   Thumb Code     4  freemodbus.o(i.Error_Handler)
    ExitCriticalSection                      0x08001b01   Thumb Code     4  port.o(i.ExitCriticalSection)
    Fram_Read                                0x08001b55   Thumb Code   180  bsp_i2c.o(i.Fram_Read)
    Fram_Write                               0x08001c0d   Thumb Code   146  bsp_i2c.o(i.Fram_Write)
    GPIO_Init                                0x08001ca5   Thumb Code   132  stm32l1xx_gpio.o(i.GPIO_Init)
    GPIO_PinAFConfig                         0x08001d29   Thumb Code    70  stm32l1xx_gpio.o(i.GPIO_PinAFConfig)
    GPIO_ReadInputDataBit                    0x08001d6f   Thumb Code    18  stm32l1xx_gpio.o(i.GPIO_ReadInputDataBit)
    GPIO_ResetBits                           0x08001d81   Thumb Code     4  stm32l1xx_gpio.o(i.GPIO_ResetBits)
    GPIO_SetBits                             0x08001d85   Thumb Code     4  stm32l1xx_gpio.o(i.GPIO_SetBits)
    GetStartChanel                           0x08001e6d   Thumb Code    22  bsp_sensor_deal.o(i.GetStartChanel)
    HAL_GPIO_Init                            0x08001e85   Thumb Code   438  stm32l1xx_hal_gpio.o(i.HAL_GPIO_Init)
    HAL_NVIC_EnableIRQ                       0x08002061   Thumb Code    28  stm32l1xx_hal_cortex.o(i.HAL_NVIC_EnableIRQ)
    HAL_NVIC_SetPriority                     0x0800207d   Thumb Code   124  stm32l1xx_hal_cortex.o(i.HAL_NVIC_SetPriority)
    HAL_RCC_GetHCLKFreq                      0x080020f9   Thumb Code    42  stm32l1xx_hal_rcc.o(i.HAL_RCC_GetHCLKFreq)
    HAL_RCC_GetPCLK1Freq                     0x08002131   Thumb Code    36  stm32l1xx_hal_rcc.o(i.HAL_RCC_GetPCLK1Freq)
    HAL_RCC_GetPCLK2Freq                     0x0800215d   Thumb Code    36  stm32l1xx_hal_rcc.o(i.HAL_RCC_GetPCLK2Freq)
    HAL_RCC_GetSysClockFreq                  0x08002189   Thumb Code   168  stm32l1xx_hal_rcc.o(i.HAL_RCC_GetSysClockFreq)
    HAL_TIM_Base_Init                        0x08002245   Thumb Code    52  stm32l1xx_hal_tim.o(i.HAL_TIM_Base_Init)
    HAL_TIM_Base_MspInit                     0x08002279   Thumb Code    50  stm32l1xx_hal_msp.o(i.HAL_TIM_Base_MspInit)
    HAL_TIM_Base_Start_IT                    0x080022b1   Thumb Code    38  stm32l1xx_hal_tim.o(i.HAL_TIM_Base_Start_IT)
    HAL_TIM_Base_Stop_IT                     0x080022d7   Thumb Code    46  stm32l1xx_hal_tim.o(i.HAL_TIM_Base_Stop_IT)
    HAL_TIM_IC_CaptureCallback               0x08002305   Thumb Code     2  stm32l1xx_hal_tim.o(i.HAL_TIM_IC_CaptureCallback)
    HAL_TIM_IRQHandler                       0x08002307   Thumb Code   338  stm32l1xx_hal_tim.o(i.HAL_TIM_IRQHandler)
    HAL_TIM_OC_DelayElapsedCallback          0x08002459   Thumb Code     2  stm32l1xx_hal_tim.o(i.HAL_TIM_OC_DelayElapsedCallback)
    HAL_TIM_PWM_PulseFinishedCallback        0x0800245b   Thumb Code     2  stm32l1xx_hal_tim.o(i.HAL_TIM_PWM_PulseFinishedCallback)
    HAL_TIM_PeriodElapsedCallback            0x0800245d   Thumb Code    10  porttimer.o(i.HAL_TIM_PeriodElapsedCallback)
    HAL_TIM_TriggerCallback                  0x08002467   Thumb Code     2  stm32l1xx_hal_tim.o(i.HAL_TIM_TriggerCallback)
    HAL_UART_ErrorCallback                   0x08002469   Thumb Code     2  stm32l1xx_hal_uart.o(i.HAL_UART_ErrorCallback)
    HAL_UART_Init                            0x0800246b   Thumb Code   110  stm32l1xx_hal_uart.o(i.HAL_UART_Init)
    HAL_UART_MspInit                         0x080024d9   Thumb Code   158  stm32l1xx_hal_msp.o(i.HAL_UART_MspInit)
    HAL_UART_Receive_End                     0x08002581   Thumb Code    64  stm32l1xx_hal_uart.o(i.HAL_UART_Receive_End)
    HAL_UART_Receive_IT                      0x080025c1   Thumb Code   152  stm32l1xx_hal_uart.o(i.HAL_UART_Receive_IT)
    HardFault_Handler                        0x08002659   Thumb Code     4  stm32l1xx_it.o(i.HardFault_Handler)
    I2C_GPIO_Config                          0x0800265d   Thumb Code    40  bsp_i2c_fram.o(i.I2C_GPIO_Config)
    JlySecDeal                               0x08002689   Thumb Code    50  bsp_datadeal.o(i.JlySecDeal)
    JlySerialDeal                            0x080026c1   Thumb Code     2  bsp_serial_deal.o(i.JlySerialDeal)
    KEY_GPIO_Config                          0x080026c5   Thumb Code    36  bsp_exti_key.o(i.KEY_GPIO_Config)
    LCD_Cmd                                  0x080026ed   Thumb Code     6  stm32l1xx_lcd.o(i.LCD_Cmd)
    LCD_ContrastConfig                       0x080026f9   Thumb Code    22  stm32l1xx_lcd.o(i.LCD_ContrastConfig)
    LCD_GLASS_Clear                          0x08002715   Thumb Code    42  bsp_lcd.o(i.LCD_GLASS_Clear)
    LCD_GLASS_Init                           0x08002745   Thumb Code   130  bsp_lcd.o(i.LCD_GLASS_Init)
    LCD_GetFlagStatus                        0x080029fd   Thumb Code    20  stm32l1xx_lcd.o(i.LCD_GetFlagStatus)
    LCD_Init                                 0x08002a15   Thumb Code    78  stm32l1xx_lcd.o(i.LCD_Init)
    LCD_PulseOnDurationConfig                0x08002a69   Thumb Code    22  stm32l1xx_lcd.o(i.LCD_PulseOnDurationConfig)
    LCD_StructInit                           0x08002a85   Thumb Code    14  stm32l1xx_lcd.o(i.LCD_StructInit)
    LCD_UpdateDisplayRequest                 0x08002a95   Thumb Code     8  stm32l1xx_lcd.o(i.LCD_UpdateDisplayRequest)
    LCD_WaitForSynchro                       0x08002aa1   Thumb Code    28  stm32l1xx_lcd.o(i.LCD_WaitForSynchro)
    LED_Config                               0x08002ac1   Thumb Code     2  freemodbus.o(i.LED_Config)
    LED_Poll                                 0x08002ac5   Thumb Code    48  freemodbus.o(i.LED_Poll)
    MemManage_Handler                        0x08005095   Thumb Code     4  stm32l1xx_it.o(i.MemManage_Handler)
    NMI_Handler                              0x08005099   Thumb Code     2  stm32l1xx_it.o(i.NMI_Handler)
    NVIC_Init                                0x080050d5   Thumb Code   108  misc.o(i.NVIC_Init)
    NVIC_PriorityGroupConfig                 0x0800514d   Thumb Code    10  misc.o(i.NVIC_PriorityGroupConfig)
    PARAM_DATA_READ                          0x080051a5   Thumb Code   224  bsp_serial_deal.o(i.PARAM_DATA_READ)
    PARAM_DATA_WRITE                         0x08005289   Thumb Code   202  bsp_serial_deal.o(i.PARAM_DATA_WRITE)
    PWR_RTCAccessCmd                         0x08005359   Thumb Code     6  stm32l1xx_pwr.o(i.PWR_RTCAccessCmd)
    PendSV_Handler                           0x08005365   Thumb Code     2  stm32l1xx_it.o(i.PendSV_Handler)
    PeripheralInit                           0x08005369   Thumb Code    84  bsp_init.o(i.PeripheralInit)
    RCC_AHBPeriphClockCmd                    0x080053c5   Thumb Code    26  stm32l1xx_rcc.o(i.RCC_AHBPeriphClockCmd)
    RCC_APB1PeriphClockCmd                   0x080053e5   Thumb Code    26  stm32l1xx_rcc.o(i.RCC_APB1PeriphClockCmd)
    RCC_APB2PeriphClockCmd                   0x08005405   Thumb Code    26  stm32l1xx_rcc.o(i.RCC_APB2PeriphClockCmd)
    RCC_Config                               0x08005425   Thumb Code    50  bsp_lcd.o(i.RCC_Config)
    RCC_GetClocksFreq                        0x08005459   Thumb Code   234  stm32l1xx_rcc.o(i.RCC_GetClocksFreq)
    RCC_GetFlagStatus                        0x08005559   Thumb Code    48  stm32l1xx_rcc.o(i.RCC_GetFlagStatus)
    RCC_HSICmd                               0x0800558d   Thumb Code     6  stm32l1xx_rcc.o(i.RCC_HSICmd)
    RCC_LSICmd                               0x08005599   Thumb Code     6  stm32l1xx_rcc.o(i.RCC_LSICmd)
    RCC_RTCCLKCmd                            0x080055a5   Thumb Code     6  stm32l1xx_rcc.o(i.RCC_RTCCLKCmd)
    RCC_RTCCLKConfig                         0x080055b1   Thumb Code    64  stm32l1xx_rcc.o(i.RCC_RTCCLKConfig)
    RTC8025_Read                             0x080055f5   Thumb Code   164  bsp_i2c.o(i.RTC8025_Read)
    RTC8025_Write                            0x0800569d   Thumb Code   130  bsp_i2c.o(i.RTC8025_Write)
    ReadFlashHisData                         0x08005725   Thumb Code   346  bsp_i2c_fram.o(i.ReadFlashHisData)
    ReadFramHisDataToRam                     0x080058d1   Thumb Code   186  bsp_i2c_fram.o(i.ReadFramHisDataToRam)
    RecvByte                                 0x080059a1   Thumb Code    98  bsp_i2c.o(i.RecvByte)
    Relay_Poll                               0x08005a09   Thumb Code     6  freemodbus.o(i.Relay_Poll)
    RtcBcdToD10                              0x08005a15   Thumb Code   208  bsp_rtc.o(i.RtcBcdToD10)
    RtcD10ToBcd                              0x08005ae5   Thumb Code   146  bsp_rtc.o(i.RtcD10ToBcd)
    SPI_Cmd                                  0x08005b77   Thumb Code    24  stm32l1xx_spi.o(i.SPI_Cmd)
    SPI_FLASH_BufferRead                     0x08005b91   Thumb Code    76  bsp_spi_flash.o(i.SPI_FLASH_BufferRead)
    SPI_FLASH_Init                           0x08005be1   Thumb Code   256  bsp_spi_flash.o(i.SPI_FLASH_Init)
    SPI_FLASH_SendByte                       0x08005ced   Thumb Code    50  bsp_spi_flash.o(i.SPI_FLASH_SendByte)
    SPI_I2S_GetFlagStatus                    0x08005d25   Thumb Code    18  stm32l1xx_spi.o(i.SPI_I2S_GetFlagStatus)
    SPI_I2S_ReceiveData                      0x08005d37   Thumb Code     6  stm32l1xx_spi.o(i.SPI_I2S_ReceiveData)
    SPI_I2S_SendData                         0x08005d3d   Thumb Code     4  stm32l1xx_spi.o(i.SPI_I2S_SendData)
    SPI_Init                                 0x08005d41   Thumb Code    60  stm32l1xx_spi.o(i.SPI_Init)
    STORAGE_DATA_READ                        0x08005d7d   Thumb Code    18  freemodbus.o(i.STORAGE_DATA_READ)
    SVC_Handler                              0x08005d8f   Thumb Code     2  stm32l1xx_it.o(i.SVC_Handler)
    SYSCFG_EXTILineConfig                    0x08005d91   Thumb Code    60  stm32l1xx_syscfg.o(i.SYSCFG_EXTILineConfig)
    SaveDataOnTimeDeal                       0x08005dd1   Thumb Code   100  bsp_datadeal.o(i.SaveDataOnTimeDeal)
    SaveHisDataToFram                        0x08005e3d   Thumb Code   200  bsp_i2c_fram.o(i.SaveHisDataToFram)
    SendByte                                 0x08005f15   Thumb Code    90  bsp_i2c.o(i.SendByte)
    Start                                    0x0800621d   Thumb Code    84  bsp_i2c.o(i.Start)
    Stop                                     0x08006275   Thumb Code    62  bsp_i2c.o(i.Stop)
    SysInit                                  0x080062b9   Thumb Code   142  bsp_init.o(i.SysInit)
    SysTick_Handler                          0x0800636d   Thumb Code    50  stm32l1xx_it.o(i.SysTick_Handler)
    SysTick_Init                             0x080063a9   Thumb Code   108  bsp_systick.o(i.SysTick_Init)
    SystemInit                               0x08006421   Thumb Code    88  system_stm32l1xx.o(i.SystemInit)
    TIM2_Configuration                       0x08006489   Thumb Code    76  bsp_timer.o(i.TIM2_Configuration)
    TIM2_IRQHandler                          0x080064d5   Thumb Code    36  stm32l1xx_it.o(i.TIM2_IRQHandler)
    TIM3_IRQHandler                          0x08006529   Thumb Code    10  porttimer.o(i.TIM3_IRQHandler)
    TIM_ClearFlag                            0x080065a9   Thumb Code     6  stm32l1xx_tim.o(i.TIM_ClearFlag)
    TIM_ClearITPendingBit                    0x080065af   Thumb Code     6  stm32l1xx_tim.o(i.TIM_ClearITPendingBit)
    TIM_Cmd                                  0x080065b5   Thumb Code    24  stm32l1xx_tim.o(i.TIM_Cmd)
    TIM_GetITStatus                          0x080065cd   Thumb Code    34  stm32l1xx_tim.o(i.TIM_GetITStatus)
    TIM_ITConfig                             0x080065ef   Thumb Code    18  stm32l1xx_tim.o(i.TIM_ITConfig)
    TIM_TimeBaseInit                         0x08006601   Thumb Code    76  stm32l1xx_tim.o(i.TIM_TimeBaseInit)
    TimingDelay_Decrement                    0x08006661   Thumb Code    18  bsp_systick.o(i.TimingDelay_Decrement)
    U16ToValue10                             0x08006679   Thumb Code    10  bsp_class.o(i.U16ToValue10)
    USART1_Config                            0x08006895   Thumb Code   152  bsp_usart.o(i.USART1_Config)
    USART1_IRQHandler                        0x08006935   Thumb Code    32  stm32l1xx_it.o(i.USART1_IRQHandler)
    USART3_IRQHandler                        0x0800695d   Thumb Code   262  portserial.o(i.USART3_IRQHandler)
    USART_Cmd                                0x08006a69   Thumb Code    24  stm32l1xx_usart.o(i.USART_Cmd)
    USART_GetFlagStatus                      0x08006a81   Thumb Code    26  stm32l1xx_usart.o(i.USART_GetFlagStatus)
    USART_GetITStatus                        0x08006a9b   Thumb Code    84  stm32l1xx_usart.o(i.USART_GetITStatus)
    USART_ITConfig                           0x08006aef   Thumb Code    74  stm32l1xx_usart.o(i.USART_ITConfig)
    USART_Init                               0x08006b39   Thumb Code   198  stm32l1xx_usart.o(i.USART_Init)
    USART_ReceiveData                        0x08006c05   Thumb Code    10  stm32l1xx_usart.o(i.USART_ReceiveData)
    USART_SendData                           0x08006c0f   Thumb Code     8  stm32l1xx_usart.o(i.USART_SendData)
    UsageFault_Handler                       0x08006c17   Thumb Code     4  stm32l1xx_it.o(i.UsageFault_Handler)
    ValueFtToU16                             0x08006c1d   Thumb Code   150  bsp_class.o(i.ValueFtToU16)
    WaitAck                                  0x08006f05   Thumb Code   126  bsp_i2c.o(i.WaitAck)
    __0printf$8                              0x08006fe1   Thumb Code    22  printf8.o(i.__0printf$8)
    __1printf$8                              0x08006fe1   Thumb Code     0  printf8.o(i.__0printf$8)
    __2printf                                0x08006fe1   Thumb Code     0  printf8.o(i.__0printf$8)
    __0vsprintf                              0x08007001   Thumb Code    30  printfa.o(i.__0vsprintf)
    __1vsprintf                              0x08007001   Thumb Code     0  printfa.o(i.__0vsprintf)
    __2vsprintf                              0x08007001   Thumb Code     0  printfa.o(i.__0vsprintf)
    __c89vsprintf                            0x08007001   Thumb Code     0  printfa.o(i.__0vsprintf)
    vsprintf                                 0x08007001   Thumb Code     0  printfa.o(i.__0vsprintf)
    __scatterload_copy                       0x08007025   Thumb Code    14  handlers.o(i.__scatterload_copy)
    __scatterload_null                       0x08007033   Thumb Code     2  handlers.o(i.__scatterload_null)
    __scatterload_zeroinit                   0x08007035   Thumb Code    14  handlers.o(i.__scatterload_zeroinit)
    displayDAY                               0x08007d4f   Thumb Code   144  bsp_lcd.o(i.displayDAY)
    displayTIME                              0x08007ddf   Thumb Code   144  bsp_lcd.o(i.displayTIME)
    displayYEAR                              0x08007e6f   Thumb Code   108  bsp_lcd.o(i.displayYEAR)
    eMBEnable                                0x08007edd   Thumb Code    32  mb.o(i.eMBEnable)
    eMBFuncReadCoils                         0x08007f05   Thumb Code   166  mbfunccoils.o(i.eMBFuncReadCoils)
    eMBFuncReadDiscreteInputs                0x08007fab   Thumb Code   164  mbfuncdisc.o(i.eMBFuncReadDiscreteInputs)
    eMBFuncReadHoldingRegister               0x0800804f   Thumb Code   132  mbfuncholding.o(i.eMBFuncReadHoldingRegister)
    eMBFuncReadInputRegister                 0x080080d3   Thumb Code   132  mbfuncinput.o(i.eMBFuncReadInputRegister)
    eMBFuncReadWriteMultipleHoldingRegister  0x08008157   Thumb Code   212  mbfuncholding.o(i.eMBFuncReadWriteMultipleHoldingRegister)
    eMBFuncReportSlaveID                     0x0800822d   Thumb Code    30  mbfuncother.o(i.eMBFuncReportSlaveID)
    eMBFuncWriteCoil                         0x08008255   Thumb Code   108  mbfunccoils.o(i.eMBFuncWriteCoil)
    eMBFuncWriteHoldingRegister              0x080082c1   Thumb Code    62  mbfuncholding.o(i.eMBFuncWriteHoldingRegister)
    eMBFuncWriteMultipleCoils                0x080082ff   Thumb Code   142  mbfunccoils.o(i.eMBFuncWriteMultipleCoils)
    eMBFuncWriteMultipleHoldingRegister      0x0800838d   Thumb Code   106  mbfuncholding.o(i.eMBFuncWriteMultipleHoldingRegister)
    eMBInit                                  0x080083f9   Thumb Code   152  mb.o(i.eMBInit)
    eMBPoll                                  0x080084d9   Thumb Code   294  mb.o(i.eMBPoll)
    eMBRTUInit                               0x0800865d   Thumb Code    84  mbrtu.o(i.eMBRTUInit)
    eMBRTUReceive                            0x080086b5   Thumb Code    78  mbrtu.o(i.eMBRTUReceive)
    eMBRTUSend                               0x08008725   Thumb Code   154  mbrtu.o(i.eMBRTUSend)
    eMBRTUStart                              0x080087d5   Thumb Code    30  mbrtu.o(i.eMBRTUStart)
    eMBRTUStop                               0x080087f9   Thumb Code    24  mbrtu.o(i.eMBRTUStop)
    eMBRegCoilsCB                            0x08008811   Thumb Code   162  freemodbus.o(i.eMBRegCoilsCB)
    eMBRegDiscreteCB                         0x080088c1   Thumb Code    98  freemodbus.o(i.eMBRegDiscreteCB)
    eMBRegHoldingCB                          0x08008935   Thumb Code   204  freemodbus.o(i.eMBRegHoldingCB)
    eMBRegInputCB                            0x08008a11   Thumb Code   106  freemodbus.o(i.eMBRegInputCB)
    fputc                                    0x08008a8d   Thumb Code    32  bsp_usart.o(i.fputc)
    freemodbus_init                          0x08008ab1   Thumb Code    48  freemodbus.o(i.freemodbus_init)
    freemodbus_main                          0x08008ae9   Thumb Code    26  freemodbus.o(i.freemodbus_main)
    main                                     0x08008b05   Thumb Code    74  main.o(i.main)
    prveMBError2Exception                    0x08008b75   Thumb Code    34  mbutils.o(i.prveMBError2Exception)
    read_time                                0x08008bd5   Thumb Code   128  bsp_rtc.o(i.read_time)
    rtc_deel                                 0x08008c59   Thumb Code   402  bsp_rtc.o(i.rtc_deel)
    rtc_init                                 0x08008dfd   Thumb Code    20  bsp_rtc.o(i.rtc_init)
    usMBCRC16                                0x08008e11   Thumb Code    48  mbcrc.o(i.usMBCRC16)
    vMBPortSerialEnable                      0x08008e49   Thumb Code    94  portserial.o(i.vMBPortSerialEnable)
    vMBPortTimersDisable                     0x08008eb1   Thumb Code    16  porttimer.o(i.vMBPortTimersDisable)
    vMBPortTimersEnable                      0x08008ec5   Thumb Code    28  porttimer.o(i.vMBPortTimersEnable)
    voltage_test                             0x08008ee5   Thumb Code    48  bsp_adc.o(i.voltage_test)
    xMBOutput                                0x08008f1d   Thumb Code    68  port.o(i.xMBOutput)
    xMBPortEventGet                          0x08008f65   Thumb Code    26  portevent.o(i.xMBPortEventGet)
    xMBPortEventInit                         0x08008f89   Thumb Code    10  portevent.o(i.xMBPortEventInit)
    xMBPortEventPost                         0x08008f99   Thumb Code    16  portevent.o(i.xMBPortEventPost)
    xMBPortSerialGetByte                     0x08008fb1   Thumb Code    76  portserial.o(i.xMBPortSerialGetByte)
    xMBPortSerialInit                        0x08009001   Thumb Code    52  portserial.o(i.xMBPortSerialInit)
    xMBPortSerialPutByte                     0x0800903d   Thumb Code    32  portserial.o(i.xMBPortSerialPutByte)
    xMBPortTimersInit                        0x08009061   Thumb Code    84  porttimer.o(i.xMBPortTimersInit)
    xMBRTUReceiveFSM                         0x080090c5   Thumb Code   122  mbrtu.o(i.xMBRTUReceiveFSM)
    xMBRTUTimerT35Expired                    0x0800914d   Thumb Code    60  mbrtu.o(i.xMBRTUTimerT35Expired)
    xMBRTUTransmitFSM                        0x0800918d   Thumb Code    94  mbrtu.o(i.xMBRTUTransmitFSM)
    xMBUtilGetBits                           0x080091f9   Thumb Code    42  mbutils.o(i.xMBUtilGetBits)
    xMBUtilSetBits                           0x08009223   Thumb Code    96  mbutils.o(i.xMBUtilSetBits)
    lcd_test                                 0x08009284   Data         128  global.o(.constdata)
    RESET_ADJUST_CURVE1                      0x08009304   Data         100  global.o(.constdata)
    RESET_ADJUST_CURVE2                      0x08009368   Data         100  global.o(.constdata)
    RESET_ADJUST_CURVE3                      0x080093cc   Data         100  global.o(.constdata)
    RESET_ADJUST_CURVE4                      0x08009430   Data         100  global.o(.constdata)
    RESET_CHANNEL_SETUP_TABLE                0x08009494   Data         104  global.o(.constdata)
    NewLCDCtrlWord                           0x080094fc   Data          32  global.o(.constdata)
    ConfMap_Address                          0x0800951c   Data          40  global.o(.constdata)
    aAPBAHBPrescTable                        0x08009744   Data          16  stm32l1xx_hal_rcc.o(.constdata)
    aPLLDivisionFactorTable                  0x08009754   Data           4  stm32l1xx_hal_rcc.o(.constdata)
    aPLLMulFactorTable                       0x08009758   Data           9  stm32l1xx_hal_rcc.o(.constdata)
    Region$$Table$$Base                      0x08009764   Number         0  anon$$obj.o(Region$$Table)
    Region$$Table$$Limit                     0x08009784   Number         0  anon$$obj.o(Region$$Table)
    SystemCoreClock                          0x20000000   Data           4  system_stm32l1xx.o(.data)
    PLLMulTable                              0x20000004   Data           9  system_stm32l1xx.o(.data)
    AHBPrescTable                            0x2000000d   Data          16  system_stm32l1xx.o(.data)
    usRegInputStart                          0x20000036   Data           2  freemodbus.o(.data)
    usRegHoldingStart                        0x20000038   Data           2  freemodbus.o(.data)
    ucRegCoilsBuf                            0x2000003a   Data           2  freemodbus.o(.data)
    ucRegCoilsRerv                           0x2000003c   Data           2  freemodbus.o(.data)
    ucRegDiscreteBuf                         0x2000003e   Data           2  freemodbus.o(.data)
    ucRegDiscreteRerv                        0x20000040   Data           2  freemodbus.o(.data)
    TimingDelay                              0x20000044   Data           4  bsp_systick.o(.data)
    display_ct                               0x20000048   Data           1  global.o(.data)
    Started_Channel                          0x20000049   Data           1  global.o(.data)
    AdjustCurveFirAddress                    0x2000004c   Data          32  global.o(.data)
    Bat                                      0x2000006c   Data           8  global.o(.data)
    Flag                                     0x20000074   Data           2  global.o(.data)
    rtc_pt                                   0x20000076   Data           1  global.o(.data)
    uAddress                                 0x20000077   Data           1  global.o(.data)
    ChannelForDisplay                        0x20000078   Data           1  global.o(.data)
    StartedChannelForDisplay                 0x20000079   Data           1  global.o(.data)
    MsCount                                  0x2000007a   Data           2  global.o(.data)
    testcount                                0x2000007c   Data           2  global.o(.data)
    pxMBFrameCBByteReceived                  0x20000154   Data           4  mb.o(.data)
    pxMBFrameCBTransmitterEmpty              0x20000158   Data           4  mb.o(.data)
    pxMBPortCBTimerExpired                   0x2000015c   Data           4  mb.o(.data)
    pxMBFrameCBReceiveFSMCur                 0x20000160   Data           4  mb.o(.data)
    pxMBFrameCBTransmitFSMCur                0x20000164   Data           4  mb.o(.data)
    __stdout                                 0x2000017c   Data           4  stdout.o(.data)
    usRegInputBuf                            0x20000180   Data        8192  freemodbus.o(.bss)
    usRegHoldingBuf                          0x20002180   Data        8192  freemodbus.o(.bss)
    DataBuf                                  0x20004180   Data          14  global.o(.bss)
    Rtc                                      0x20004190   Data          16  global.o(.bss)
    Queue                                    0x200041a0   Data          12  global.o(.bss)
    JlyParam                                 0x200041ac   Data          20  global.o(.bss)
    Sensor1                                  0x200041c0   Data          16  global.o(.bss)
    adcjust1                                 0x200041d0   Data          16  global.o(.bss)
    Conf                                     0x200041e0   Data        3232  global.o(.bss)
    adc                                      0x20004e80   Data          64  global.o(.bss)
    adcCopy                                  0x20004ec0   Data          64  global.o(.bss)
    ADC_ConvertedValue                       0x20004f00   Data          64  global.o(.bss)
    FlagSeniorErr                            0x20004f40   Data          32  global.o(.bss)
    ChannelDataFloat                         0x20004f60   Data         128  global.o(.bss)
    ucRTUBuf                                 0x20005200   Data         256  mbrtu.o(.bss)
    __initial_sp                             0x20005788   Data           0  startup_stm32l1xx_hd.o(STACK)



==============================================================================

Memory Map of the image

  Image Entry point : 0x08000125

  Load Region LR_IROM1 (Base: 0x08000000, Size: 0x00009904, Max: 0x00060000, ABSOLUTE, COMPRESSED[0x00009828])

    Execution Region ER_IROM1 (Base: 0x08000000, Size: 0x00009784, Max: 0x00060000, ABSOLUTE)

    Base Addr    Size         Type   Attr      Idx    E Section Name        Object

    0x08000000   0x00000124   Data   RO            3    RESET               startup_stm32l1xx_hd.o
    0x08000124   0x00000000   Code   RO         5826  * .ARM.Collect$$$$00000000  mc_w.l(entry.o)
    0x08000124   0x00000004   Code   RO         6120    .ARM.Collect$$$$00000001  mc_w.l(entry2.o)
    0x08000128   0x00000004   Code   RO         6123    .ARM.Collect$$$$00000004  mc_w.l(entry5.o)
    0x0800012c   0x00000000   Code   RO         6125    .ARM.Collect$$$$00000008  mc_w.l(entry7b.o)
    0x0800012c   0x00000000   Code   RO         6127    .ARM.Collect$$$$0000000A  mc_w.l(entry8b.o)
    0x0800012c   0x00000008   Code   RO         6128    .ARM.Collect$$$$0000000B  mc_w.l(entry9a.o)
    0x08000134   0x00000000   Code   RO         6130    .ARM.Collect$$$$0000000D  mc_w.l(entry10a.o)
    0x08000134   0x00000000   Code   RO         6132    .ARM.Collect$$$$0000000F  mc_w.l(entry11a.o)
    0x08000134   0x00000004   Code   RO         6121    .ARM.Collect$$$$00002712  mc_w.l(entry2.o)
    0x08000138   0x00000024   Code   RO            4    .text               startup_stm32l1xx_hd.o
    0x0800015c   0x00000024   Code   RO         5829    .text               mc_w.l(memcpya.o)
    0x08000180   0x00000024   Code   RO         5831    .text               mc_w.l(memseta.o)
    0x080001a4   0x000000b0   Code   RO         6096    .text               mf_w.l(fadd.o)
    0x08000254   0x0000006c   Code   RO         6098    .text               mf_w.l(fmul.o)
    0x080002c0   0x00000080   Code   RO         6100    .text               mf_w.l(fdiv.o)
    0x08000340   0x0000014e   Code   RO         6102    .text               mf_w.l(dadd.o)
    0x0800048e   0x000000e4   Code   RO         6104    .text               mf_w.l(dmul.o)
    0x08000572   0x000000de   Code   RO         6106    .text               mf_w.l(ddiv.o)
    0x08000650   0x0000000a   Code   RO         6108    .text               mf_w.l(ffltui.o)
    0x0800065a   0x00000028   Code   RO         6110    .text               mf_w.l(ffixui.o)
    0x08000682   0x00000026   Code   RO         6112    .text               mf_w.l(f2d.o)
    0x080006a8   0x00000038   Code   RO         6114    .text               mf_w.l(d2f.o)
    0x080006e0   0x00000014   Code   RO         6116    .text               mf_w.l(cfcmple.o)
    0x080006f4   0x00000014   Code   RO         6118    .text               mf_w.l(cfrcmple.o)
    0x08000708   0x0000002c   Code   RO         6135    .text               mc_w.l(uidiv.o)
    0x08000734   0x00000062   Code   RO         6137    .text               mc_w.l(uldiv.o)
    0x08000796   0x0000001e   Code   RO         6139    .text               mc_w.l(llshl.o)
    0x080007b4   0x00000024   Code   RO         6141    .text               mc_w.l(llsshr.o)
    0x080007d8   0x00000000   Code   RO         6143    .text               mc_w.l(iusefp.o)
    0x080007d8   0x0000006c   Code   RO         6144    .text               mf_w.l(fepilogue.o)
    0x08000844   0x000000be   Code   RO         6146    .text               mf_w.l(depilogue.o)
    0x08000902   0x00000030   Code   RO         6148    .text               mf_w.l(dfixul.o)
    0x08000932   0x00000002   PAD
    0x08000934   0x00000028   Code   RO         6150    .text               mf_w.l(cdrcmple.o)
    0x0800095c   0x00000024   Code   RO         6152    .text               mc_w.l(init.o)
    0x08000980   0x00000020   Code   RO         6154    .text               mc_w.l(llushr.o)
    0x080009a0   0x0000005c   Code   RO         6164    .text               mc_w.l(__dczerorl2.o)
    0x080009fc   0x00000028   Code   RO         2839    i.ADC1_BATTEST_GPIO_Config  bsp_adc.o
    0x08000a24   0x000000c8   Code   RO         2840    i.ADC1_BATTEST_Mode_Config  bsp_adc.o
    0x08000aec   0x0000002c   Code   RO         2841    i.ADC1_GPIO_Config  bsp_adc.o
    0x08000b18   0x00000026   Code   RO         2842    i.ADC1_Init         bsp_adc.o
    0x08000b3e   0x00000002   PAD
    0x08000b40   0x000000dc   Code   RO         2843    i.ADC1_Mode_Config  bsp_adc.o
    0x08000c1c   0x00000016   Code   RO          329    i.ADC_Cmd           stm32l1xx_adc.o
    0x08000c32   0x00000016   Code   RO          333    i.ADC_DMACmd        stm32l1xx_adc.o
    0x08000c48   0x00000016   Code   RO          334    i.ADC_DMARequestAfterLastTransferCmd  stm32l1xx_adc.o
    0x08000c5e   0x00000012   Code   RO          343    i.ADC_GetFlagStatus  stm32l1xx_adc.o
    0x08000c70   0x00000054   Code   RO          349    i.ADC_Init          stm32l1xx_adc.o
    0x08000cc4   0x00000158   Code   RO          354    i.ADC_RegularChannelConfig  stm32l1xx_adc.o
    0x08000e1c   0x0000000a   Code   RO          356    i.ADC_SoftwareStartConv  stm32l1xx_adc.o
    0x08000e26   0x0000001a   Code   RO          358    i.ADC_StructInit    stm32l1xx_adc.o
    0x08000e40   0x000000b8   Code   RO         3333    i.AI2C_Read         bsp_i2c.o
    0x08000ef8   0x00000098   Code   RO         3334    i.AI2C_Write        bsp_i2c.o
    0x08000f90   0x00000050   Code   RO         3335    i.Ack               bsp_i2c.o
    0x08000fe0   0x0000003c   Code   RO         3623    i.BellNn            bsp_alarmdeal.o
    0x0800101c   0x00000004   Code   RO         2699    i.BusFault_Handler  stm32l1xx_it.o
    0x08001020   0x00000002   Code   RO         2401    i.Button_Config     freemodbus.o
    0x08001022   0x00000002   PAD
    0x08001024   0x0000000c   Code   RO         2402    i.Button_Poll       freemodbus.o
    0x08001030   0x00000280   Code   RO         3423    i.Chang_to_Shishu   bsp_sensor_deal.o
    0x080012b0   0x0000001a   Code   RO         3468    i.Change3BytesTimeToLong  bsp_class.o
    0x080012ca   0x00000002   PAD
    0x080012cc   0x00000194   Code   RO         3249    i.ChannelDataDeal   bsp_i2c_fram.o
    0x08001460   0x00000008   Code   RO         3469    i.Char_to_Int       bsp_class.o
    0x08001468   0x00000018   Code   RO          558    i.DMA_Cmd           stm32l1xx_dma.o
    0x08001480   0x0000014c   Code   RO          559    i.DMA_DeInit        stm32l1xx_dma.o
    0x080015cc   0x0000003c   Code   RO          564    i.DMA_Init          stm32l1xx_dma.o
    0x08001608   0x00000070   Code   RO         3549    i.DateToSeconds     bsp_rtc.o
    0x08001678   0x000000b0   Code   RO         2844    i.Dealing_Gather    bsp_adc.o
    0x08001728   0x00000002   Code   RO         2700    i.DebugMon_Handler  stm32l1xx_it.o
    0x0800172a   0x0000000c   Code   RO         3336    i.Delay             bsp_i2c.o
    0x08001736   0x00000002   PAD
    0x08001738   0x00000028   Code   RO         2808    i.Delay_ms          bsp_systick.o
    0x08001760   0x000000c0   Code   RO         2907    i.Display_ChannelValue  bsp_lcd.o
    0x08001820   0x000000e8   Code   RO         2908    i.Display_SN        bsp_lcd.o
    0x08001908   0x00000044   Code   RO         3424    i.DoGatherChannelDataFloat  bsp_sensor_deal.o
    0x0800194c   0x0000006c   Code   RO         3250    i.DownFlash_HisData  bsp_i2c_fram.o
    0x080019b8   0x0000004e   Code   RO         2888    i.EXTI15_10_Config  bsp_exti_key.o
    0x08001a06   0x00000002   PAD
    0x08001a08   0x00000038   Code   RO         2701    i.EXTI15_10_IRQHandler  stm32l1xx_it.o
    0x08001a40   0x0000000c   Code   RO          629    i.EXTI_ClearITPendingBit  stm32l1xx_exti.o
    0x08001a4c   0x00000018   Code   RO          633    i.EXTI_GetITStatus  stm32l1xx_exti.o
    0x08001a64   0x00000094   Code   RO          634    i.EXTI_Init         stm32l1xx_exti.o
    0x08001af8   0x00000004   Code   RO         3916    i.EnterCriticalSection  BTBUS_Library.lib(port.o)
    0x08001afc   0x00000004   Code   RO         2403    i.Error_Handler     freemodbus.o
    0x08001b00   0x00000004   Code   RO         3917    i.ExitCriticalSection  BTBUS_Library.lib(port.o)
    0x08001b04   0x00000050   Code   RO         2780    i.FirstScanSysData  bsp_init.o
    0x08001b54   0x000000b8   Code   RO         3337    i.Fram_Read         bsp_i2c.o
    0x08001c0c   0x00000098   Code   RO         3338    i.Fram_Write        bsp_i2c.o
    0x08001ca4   0x00000084   Code   RO          683    i.GPIO_Init         stm32l1xx_gpio.o
    0x08001d28   0x00000046   Code   RO          684    i.GPIO_PinAFConfig  stm32l1xx_gpio.o
    0x08001d6e   0x00000012   Code   RO          687    i.GPIO_ReadInputDataBit  stm32l1xx_gpio.o
    0x08001d80   0x00000004   Code   RO          690    i.GPIO_ResetBits    stm32l1xx_gpio.o
    0x08001d84   0x00000004   Code   RO          691    i.GPIO_SetBits      stm32l1xx_gpio.o
    0x08001d88   0x000000e4   Code   RO         2781    i.General_GPIO_Config  bsp_init.o
    0x08001e6c   0x00000016   Code   RO         3425    i.GetStartChanel    bsp_sensor_deal.o
    0x08001e82   0x00000002   PAD
    0x08001e84   0x000001dc   Code   RO         3855    i.HAL_GPIO_Init     BTBUS_Library.lib(stm32l1xx_hal_gpio.o)
    0x08002060   0x0000001c   Code   RO         3651    i.HAL_NVIC_EnableIRQ  BTBUS_Library.lib(stm32l1xx_hal_cortex.o)
    0x0800207c   0x0000007c   Code   RO         3657    i.HAL_NVIC_SetPriority  BTBUS_Library.lib(stm32l1xx_hal_cortex.o)
    0x080020f8   0x00000038   Code   RO         5672    i.HAL_RCC_GetHCLKFreq  BTBUS_Library.lib(stm32l1xx_hal_rcc.o)
    0x08002130   0x0000002c   Code   RO         5674    i.HAL_RCC_GetPCLK1Freq  BTBUS_Library.lib(stm32l1xx_hal_rcc.o)
    0x0800215c   0x0000002c   Code   RO         5675    i.HAL_RCC_GetPCLK2Freq  BTBUS_Library.lib(stm32l1xx_hal_rcc.o)
    0x08002188   0x000000bc   Code   RO         5676    i.HAL_RCC_GetSysClockFreq  BTBUS_Library.lib(stm32l1xx_hal_rcc.o)
    0x08002244   0x00000034   Code   RO         4585    i.HAL_TIM_Base_Init  BTBUS_Library.lib(stm32l1xx_hal_tim.o)
    0x08002278   0x00000038   Code   RO         2282    i.HAL_TIM_Base_MspInit  stm32l1xx_hal_msp.o
    0x080022b0   0x00000026   Code   RO         4590    i.HAL_TIM_Base_Start_IT  BTBUS_Library.lib(stm32l1xx_hal_tim.o)
    0x080022d6   0x0000002e   Code   RO         4593    i.HAL_TIM_Base_Stop_IT  BTBUS_Library.lib(stm32l1xx_hal_tim.o)
    0x08002304   0x00000002   Code   RO         4614    i.HAL_TIM_IC_CaptureCallback  BTBUS_Library.lib(stm32l1xx_hal_tim.o)
    0x08002306   0x00000152   Code   RO         4627    i.HAL_TIM_IRQHandler  BTBUS_Library.lib(stm32l1xx_hal_tim.o)
    0x08002458   0x00000002   Code   RO         4630    i.HAL_TIM_OC_DelayElapsedCallback  BTBUS_Library.lib(stm32l1xx_hal_tim.o)
    0x0800245a   0x00000002   Code   RO         4657    i.HAL_TIM_PWM_PulseFinishedCallback  BTBUS_Library.lib(stm32l1xx_hal_tim.o)
    0x0800245c   0x0000000a   Code   RO         4467    i.HAL_TIM_PeriodElapsedCallback  BTBUS_Library.lib(porttimer.o)
    0x08002466   0x00000002   Code   RO         4668    i.HAL_TIM_TriggerCallback  BTBUS_Library.lib(stm32l1xx_hal_tim.o)
    0x08002468   0x00000002   Code   RO         5228    i.HAL_UART_ErrorCallback  BTBUS_Library.lib(stm32l1xx_hal_uart.o)
    0x0800246a   0x0000006e   Code   RO         5232    i.HAL_UART_Init     BTBUS_Library.lib(stm32l1xx_hal_uart.o)
    0x080024d8   0x000000a8   Code   RO         2284    i.HAL_UART_MspInit  stm32l1xx_hal_msp.o
    0x08002580   0x00000040   Code   RO         5237    i.HAL_UART_Receive_End  BTBUS_Library.lib(stm32l1xx_hal_uart.o)
    0x080025c0   0x00000098   Code   RO         5238    i.HAL_UART_Receive_IT  BTBUS_Library.lib(stm32l1xx_hal_uart.o)
    0x08002658   0x00000004   Code   RO         2702    i.HardFault_Handler  stm32l1xx_it.o
    0x0800265c   0x0000002c   Code   RO         3254    i.I2C_GPIO_Config   bsp_i2c_fram.o
    0x08002688   0x00000038   Code   RO         3504    i.JlySecDeal        bsp_datadeal.o
    0x080026c0   0x00000002   Code   RO         3598    i.JlySerialDeal     bsp_serial_deal.o
    0x080026c2   0x00000002   PAD
    0x080026c4   0x00000028   Code   RO         2889    i.KEY_GPIO_Config   bsp_exti_key.o
    0x080026ec   0x0000000c   Code   RO          775    i.LCD_Cmd           stm32l1xx_lcd.o
    0x080026f8   0x0000001c   Code   RO          776    i.LCD_ContrastConfig  stm32l1xx_lcd.o
    0x08002714   0x00000030   Code   RO         2909    i.LCD_GLASS_Clear   bsp_lcd.o
    0x08002744   0x00000082   Code   RO         2912    i.LCD_GLASS_Init    bsp_lcd.o
    0x080027c6   0x00000002   PAD
    0x080027c8   0x00000234   Code   RO         2914    i.LCD_GPIOConfig    bsp_lcd.o
    0x080029fc   0x00000018   Code   RO          779    i.LCD_GetFlagStatus  stm32l1xx_lcd.o
    0x08002a14   0x00000054   Code   RO          783    i.LCD_Init          stm32l1xx_lcd.o
    0x08002a68   0x0000001c   Code   RO          785    i.LCD_PulseOnDurationConfig  stm32l1xx_lcd.o
    0x08002a84   0x0000000e   Code   RO          786    i.LCD_StructInit    stm32l1xx_lcd.o
    0x08002a92   0x00000002   PAD
    0x08002a94   0x0000000c   Code   RO          787    i.LCD_UpdateDisplayRequest  stm32l1xx_lcd.o
    0x08002aa0   0x00000020   Code   RO          788    i.LCD_WaitForSynchro  stm32l1xx_lcd.o
    0x08002ac0   0x00000002   Code   RO         2404    i.LED_Config        freemodbus.o
    0x08002ac2   0x00000002   PAD
    0x08002ac4   0x00000034   Code   RO         2405    i.LED_Poll          freemodbus.o
    0x08002af8   0x00000150   Code   RO         3505    i.LOWorNomal_Mode   bsp_datadeal.o
    0x08002c48   0x00000158   Code   RO         2915    i.Lcd_ChannelValue  bsp_lcd.o
    0x08002da0   0x00000218   Code   RO         2916    i.Lcd_Dis10Value    bsp_lcd.o
    0x08002fb8   0x00000218   Code   RO         2917    i.Lcd_Dis11Value    bsp_lcd.o
    0x080031d0   0x00000218   Code   RO         2918    i.Lcd_Dis12Value    bsp_lcd.o
    0x080033e8   0x00000280   Code   RO         2919    i.Lcd_Dis13Value    bsp_lcd.o
    0x08003668   0x00000280   Code   RO         2920    i.Lcd_Dis14Value    bsp_lcd.o
    0x080038e8   0x00000280   Code   RO         2921    i.Lcd_Dis15Value    bsp_lcd.o
    0x08003b68   0x00000160   Code   RO         2922    i.Lcd_Dis1Value     bsp_lcd.o
    0x08003cc8   0x00000280   Code   RO         2923    i.Lcd_Dis2Value     bsp_lcd.o
    0x08003f48   0x00000280   Code   RO         2924    i.Lcd_Dis3Value     bsp_lcd.o
    0x080041c8   0x00000280   Code   RO         2925    i.Lcd_Dis4Value     bsp_lcd.o
    0x08004448   0x000002b4   Code   RO         2926    i.Lcd_Dis5Value     bsp_lcd.o
    0x080046fc   0x00000218   Code   RO         2927    i.Lcd_Dis6Value     bsp_lcd.o
    0x08004914   0x00000280   Code   RO         2928    i.Lcd_Dis7Value     bsp_lcd.o
    0x08004b94   0x00000280   Code   RO         2929    i.Lcd_Dis8Value     bsp_lcd.o
    0x08004e14   0x00000280   Code   RO         2930    i.Lcd_Dis9Value     bsp_lcd.o
    0x08005094   0x00000004   Code   RO         2703    i.MemManage_Handler  stm32l1xx_it.o
    0x08005098   0x00000002   Code   RO         2704    i.NMI_Handler       stm32l1xx_it.o
    0x0800509a   0x0000002a   Code   RO         3071    i.NVIC_Configuration  bsp_usart.o
    0x080050c4   0x00000010   Code   RO         3664    i.NVIC_GetPriorityGrouping  BTBUS_Library.lib(stm32l1xx_hal_cortex.o)
    0x080050d4   0x00000078   Code   RO          286    i.NVIC_Init         misc.o
    0x0800514c   0x00000014   Code   RO          287    i.NVIC_PriorityGroupConfig  misc.o
    0x08005160   0x00000028   Code   RO         3665    i.NVIC_SetPriority  BTBUS_Library.lib(stm32l1xx_hal_cortex.o)
    0x08005188   0x0000001c   Code   RO         3506    i.OneSec_Timedeal   bsp_datadeal.o
    0x080051a4   0x000000e4   Code   RO         3599    i.PARAM_DATA_READ   bsp_serial_deal.o
    0x08005288   0x000000d0   Code   RO         3600    i.PARAM_DATA_WRITE  bsp_serial_deal.o
    0x08005358   0x0000000c   Code   RO          896    i.PWR_RTCAccessCmd  stm32l1xx_pwr.o
    0x08005364   0x00000002   Code   RO         2705    i.PendSV_Handler    stm32l1xx_it.o
    0x08005366   0x00000002   PAD
    0x08005368   0x0000005c   Code   RO         2782    i.PeripheralInit    bsp_init.o
    0x080053c4   0x00000020   Code   RO          976    i.RCC_AHBPeriphClockCmd  stm32l1xx_rcc.o
    0x080053e4   0x00000020   Code   RO          979    i.RCC_APB1PeriphClockCmd  stm32l1xx_rcc.o
    0x08005404   0x00000020   Code   RO          982    i.RCC_APB2PeriphClockCmd  stm32l1xx_rcc.o
    0x08005424   0x00000032   Code   RO         2931    i.RCC_Config        bsp_lcd.o
    0x08005456   0x00000002   PAD
    0x08005458   0x00000100   Code   RO          991    i.RCC_GetClocksFreq  stm32l1xx_rcc.o
    0x08005558   0x00000034   Code   RO          992    i.RCC_GetFlagStatus  stm32l1xx_rcc.o
    0x0800558c   0x0000000c   Code   RO          997    i.RCC_HSICmd        stm32l1xx_rcc.o
    0x08005598   0x0000000c   Code   RO         1001    i.RCC_LSICmd        stm32l1xx_rcc.o
    0x080055a4   0x0000000c   Code   RO         1009    i.RCC_RTCCLKCmd     stm32l1xx_rcc.o
    0x080055b0   0x00000044   Code   RO         1010    i.RCC_RTCCLKConfig  stm32l1xx_rcc.o
    0x080055f4   0x000000a8   Code   RO         3339    i.RTC8025_Read      bsp_i2c.o
    0x0800569c   0x00000088   Code   RO         3340    i.RTC8025_Write     bsp_i2c.o
    0x08005724   0x00000190   Code   RO         3255    i.ReadFlashHisData  bsp_i2c_fram.o
    0x080058b4   0x0000001c   Code   RO         3256    i.ReadFlashRecAddr  bsp_i2c_fram.o
    0x080058d0   0x000000d0   Code   RO         3257    i.ReadFramHisDataToRam  bsp_i2c_fram.o
    0x080059a0   0x00000068   Code   RO         3341    i.RecvByte          bsp_i2c.o
    0x08005a08   0x0000000c   Code   RO         2409    i.Relay_Poll        freemodbus.o
    0x08005a14   0x000000d0   Code   RO         3550    i.RtcBcdToD10       bsp_rtc.o
    0x08005ae4   0x00000092   Code   RO         3551    i.RtcD10ToBcd       bsp_rtc.o
    0x08005b76   0x00000018   Code   RO         2141    i.SPI_Cmd           stm32l1xx_spi.o
    0x08005b8e   0x00000002   PAD
    0x08005b90   0x00000050   Code   RO         3128    i.SPI_FLASH_BufferRead  bsp_spi_flash.o
    0x08005be0   0x0000010c   Code   RO         3131    i.SPI_FLASH_Init    bsp_spi_flash.o
    0x08005cec   0x00000038   Code   RO         3137    i.SPI_FLASH_SendByte  bsp_spi_flash.o
    0x08005d24   0x00000012   Code   RO         2149    i.SPI_I2S_GetFlagStatus  stm32l1xx_spi.o
    0x08005d36   0x00000006   Code   RO         2152    i.SPI_I2S_ReceiveData  stm32l1xx_spi.o
    0x08005d3c   0x00000004   Code   RO         2153    i.SPI_I2S_SendData  stm32l1xx_spi.o
    0x08005d40   0x0000003c   Code   RO         2154    i.SPI_Init          stm32l1xx_spi.o
    0x08005d7c   0x00000012   Code   RO         2410    i.STORAGE_DATA_READ  freemodbus.o
    0x08005d8e   0x00000002   Code   RO         2706    i.SVC_Handler       stm32l1xx_it.o
    0x08005d90   0x00000040   Code   RO         2053    i.SYSCFG_EXTILineConfig  stm32l1xx_syscfg.o
    0x08005dd0   0x0000006c   Code   RO         3509    i.SaveDataOnTimeDeal  bsp_datadeal.o
    0x08005e3c   0x000000d8   Code   RO         3260    i.SaveHisDataToFram  bsp_i2c_fram.o
    0x08005f14   0x00000060   Code   RO         3342    i.SendByte          bsp_i2c.o
    0x08005f74   0x0000019c   Code   RO         3426    i.Sensor_Deal       bsp_sensor_deal.o
    0x08006110   0x0000010c   Code   RO           24    i.SetSysClock       system_stm32l1xx.o
    0x0800621c   0x00000058   Code   RO         3343    i.Start             bsp_i2c.o
    0x08006274   0x00000044   Code   RO         3344    i.Stop              bsp_i2c.o
    0x080062b8   0x000000b4   Code   RO         2783    i.SysInit           bsp_init.o
    0x0800636c   0x0000003c   Code   RO         2707    i.SysTick_Handler   stm32l1xx_it.o
    0x080063a8   0x00000078   Code   RO         2809    i.SysTick_Init      bsp_systick.o
    0x08006420   0x00000068   Code   RO           26    i.SystemInit        system_stm32l1xx.o
    0x08006488   0x0000004c   Code   RO         3451    i.TIM2_Configuration  bsp_timer.o
    0x080064d4   0x00000028   Code   RO         2708    i.TIM2_IRQHandler   stm32l1xx_it.o
    0x080064fc   0x0000002a   Code   RO         3452    i.TIM2_NVIC_Configuration  bsp_timer.o
    0x08006526   0x00000002   PAD
    0x08006528   0x00000010   Code   RO         4468    i.TIM3_IRQHandler   BTBUS_Library.lib(porttimer.o)
    0x08006538   0x00000070   Code   RO         4669    i.TIM_Base_SetConfig  BTBUS_Library.lib(stm32l1xx_hal_tim.o)
    0x080065a8   0x00000006   Code   RO         1552    i.TIM_ClearFlag     stm32l1xx_tim.o
    0x080065ae   0x00000006   Code   RO         1553    i.TIM_ClearITPendingBit  stm32l1xx_tim.o
    0x080065b4   0x00000018   Code   RO         1558    i.TIM_Cmd           stm32l1xx_tim.o
    0x080065cc   0x00000022   Code   RO         1578    i.TIM_GetITStatus   stm32l1xx_tim.o
    0x080065ee   0x00000012   Code   RO         1582    i.TIM_ITConfig      stm32l1xx_tim.o
    0x08006600   0x00000060   Code   RO         1626    i.TIM_TimeBaseInit  stm32l1xx_tim.o
    0x08006660   0x00000018   Code   RO         2810    i.TimingDelay_Decrement  bsp_systick.o
    0x08006678   0x0000000a   Code   RO         3470    i.U16ToValue10      bsp_class.o
    0x08006682   0x00000002   PAD
    0x08006684   0x00000210   Code   RO         5253    i.UART_SetConfig    BTBUS_Library.lib(stm32l1xx_hal_uart.o)
    0x08006894   0x000000a0   Code   RO         3072    i.USART1_Config     bsp_usart.o
    0x08006934   0x00000028   Code   RO         2709    i.USART1_IRQHandler  stm32l1xx_it.o
    0x0800695c   0x0000010c   Code   RO         4364    i.USART3_IRQHandler  BTBUS_Library.lib(portserial.o)
    0x08006a68   0x00000018   Code   RO          106    i.USART_Cmd         stm32l1xx_usart.o
    0x08006a80   0x0000001a   Code   RO          109    i.USART_GetFlagStatus  stm32l1xx_usart.o
    0x08006a9a   0x00000054   Code   RO          110    i.USART_GetITStatus  stm32l1xx_usart.o
    0x08006aee   0x0000004a   Code   RO          112    i.USART_ITConfig    stm32l1xx_usart.o
    0x08006b38   0x000000cc   Code   RO          113    i.USART_Init        stm32l1xx_usart.o
    0x08006c04   0x0000000a   Code   RO          120    i.USART_ReceiveData  stm32l1xx_usart.o
    0x08006c0e   0x00000008   Code   RO          123    i.USART_SendData    stm32l1xx_usart.o
    0x08006c16   0x00000004   Code   RO         2710    i.UsageFault_Handler  stm32l1xx_it.o
    0x08006c1a   0x00000002   PAD
    0x08006c1c   0x000000a0   Code   RO         3471    i.ValueFtToU16      bsp_class.o
    0x08006cbc   0x00000248   Code   RO         2845    i.Voltage_ADC1config  bsp_adc.o
    0x08006f04   0x00000084   Code   RO         3345    i.WaitAck           bsp_i2c.o
    0x08006f88   0x0000003c   Code   RO         3510    i.WorkornotMode     bsp_datadeal.o
    0x08006fc4   0x0000001c   Code   RO         3261    i.WriteFlashRecAddr  bsp_i2c_fram.o
    0x08006fe0   0x00000020   Code   RO         6042    i.__0printf$8       mc_w.l(printf8.o)
    0x08007000   0x00000024   Code   RO         6074    i.__0vsprintf       mc_w.l(printfa.o)
    0x08007024   0x0000000e   Code   RO         6158    i.__scatterload_copy  mc_w.l(handlers.o)
    0x08007032   0x00000002   Code   RO         6159    i.__scatterload_null  mc_w.l(handlers.o)
    0x08007034   0x0000000e   Code   RO         6160    i.__scatterload_zeroinit  mc_w.l(handlers.o)
    0x08007042   0x00000002   PAD
    0x08007044   0x0000015c   Code   RO         6075    i._fp_digits        mc_w.l(printfa.o)
    0x080071a0   0x00000408   Code   RO         6049    i._printf_core      mc_w.l(printf8.o)
    0x080075a8   0x000006f0   Code   RO         6076    i._printf_core      mc_w.l(printfa.o)
    0x08007c98   0x00000026   Code   RO         6050    i._printf_post_padding  mc_w.l(printf8.o)
    0x08007cbe   0x00000026   Code   RO         6077    i._printf_post_padding  mc_w.l(printfa.o)
    0x08007ce4   0x00000030   Code   RO         6051    i._printf_pre_padding  mc_w.l(printf8.o)
    0x08007d14   0x00000030   Code   RO         6078    i._printf_pre_padding  mc_w.l(printfa.o)
    0x08007d44   0x0000000a   Code   RO         6080    i._sputc            mc_w.l(printfa.o)
    0x08007d4e   0x00000090   Code   RO         2932    i.displayDAY        bsp_lcd.o
    0x08007dde   0x00000090   Code   RO         2933    i.displayTIME       bsp_lcd.o
    0x08007e6e   0x0000006c   Code   RO         2934    i.displayYEAR       bsp_lcd.o
    0x08007eda   0x00000002   PAD
    0x08007edc   0x00000028   Code   RO         4037    i.eMBEnable         BTBUS_Library.lib(mb.o)
    0x08007f04   0x000000a6   Code   RO         4165    i.eMBFuncReadCoils  BTBUS_Library.lib(mbfunccoils.o)
    0x08007faa   0x000000a4   Code   RO         4189    i.eMBFuncReadDiscreteInputs  BTBUS_Library.lib(mbfuncdisc.o)
    0x0800804e   0x00000084   Code   RO         4201    i.eMBFuncReadHoldingRegister  BTBUS_Library.lib(mbfuncholding.o)
    0x080080d2   0x00000084   Code   RO         4231    i.eMBFuncReadInputRegister  BTBUS_Library.lib(mbfuncinput.o)
    0x08008156   0x000000d4   Code   RO         4202    i.eMBFuncReadWriteMultipleHoldingRegister  BTBUS_Library.lib(mbfuncholding.o)
    0x0800822a   0x00000002   PAD
    0x0800822c   0x00000028   Code   RO         4243    i.eMBFuncReportSlaveID  BTBUS_Library.lib(mbfuncother.o)
    0x08008254   0x0000006c   Code   RO         4166    i.eMBFuncWriteCoil  BTBUS_Library.lib(mbfunccoils.o)
    0x080082c0   0x0000003e   Code   RO         4203    i.eMBFuncWriteHoldingRegister  BTBUS_Library.lib(mbfuncholding.o)
    0x080082fe   0x0000008e   Code   RO         4167    i.eMBFuncWriteMultipleCoils  BTBUS_Library.lib(mbfunccoils.o)
    0x0800838c   0x0000006a   Code   RO         4204    i.eMBFuncWriteMultipleHoldingRegister  BTBUS_Library.lib(mbfuncholding.o)
    0x080083f6   0x00000002   PAD
    0x080083f8   0x000000e0   Code   RO         4038    i.eMBInit           BTBUS_Library.lib(mb.o)
    0x080084d8   0x00000184   Code   RO         4039    i.eMBPoll           BTBUS_Library.lib(mb.o)
    0x0800865c   0x00000058   Code   RO         4264    i.eMBRTUInit        BTBUS_Library.lib(mbrtu.o)
    0x080086b4   0x00000070   Code   RO         4265    i.eMBRTUReceive     BTBUS_Library.lib(mbrtu.o)
    0x08008724   0x000000b0   Code   RO         4266    i.eMBRTUSend        BTBUS_Library.lib(mbrtu.o)
    0x080087d4   0x00000024   Code   RO         4267    i.eMBRTUStart       BTBUS_Library.lib(mbrtu.o)
    0x080087f8   0x00000018   Code   RO         4268    i.eMBRTUStop        BTBUS_Library.lib(mbrtu.o)
    0x08008810   0x000000b0   Code   RO         2411    i.eMBRegCoilsCB     freemodbus.o
    0x080088c0   0x00000074   Code   RO         2412    i.eMBRegDiscreteCB  freemodbus.o
    0x08008934   0x000000dc   Code   RO         2413    i.eMBRegHoldingCB   freemodbus.o
    0x08008a10   0x0000007c   Code   RO         2414    i.eMBRegInputCB     freemodbus.o
    0x08008a8c   0x00000024   Code   RO         3074    i.fputc             bsp_usart.o
    0x08008ab0   0x00000038   Code   RO         2415    i.freemodbus_init   freemodbus.o
    0x08008ae8   0x0000001a   Code   RO         2416    i.freemodbus_main   freemodbus.o
    0x08008b02   0x00000002   PAD
    0x08008b04   0x00000070   Code   RO         2556    i.main              main.o
    0x08008b74   0x00000022   Code   RO         3967    i.prveMBError2Exception  BTBUS_Library.lib(mbutils.o)
    0x08008b96   0x00000002   PAD
    0x08008b98   0x00000014   Code   RO         4469    i.prvvTIMERExpiredISR  BTBUS_Library.lib(porttimer.o)
    0x08008bac   0x00000014   Code   RO         4365    i.prvvUARTRxISR     BTBUS_Library.lib(portserial.o)
    0x08008bc0   0x00000014   Code   RO         4366    i.prvvUARTTxReadyISR  BTBUS_Library.lib(portserial.o)
    0x08008bd4   0x00000084   Code   RO         3552    i.read_time         bsp_rtc.o
    0x08008c58   0x000001a4   Code   RO         3553    i.rtc_deel          bsp_rtc.o
    0x08008dfc   0x00000014   Code   RO         3554    i.rtc_init          bsp_rtc.o
    0x08008e10   0x00000038   Code   RO         4527    i.usMBCRC16         BTBUS_Library.lib(mbcrc.o)
    0x08008e48   0x00000068   Code   RO         4367    i.vMBPortSerialEnable  BTBUS_Library.lib(portserial.o)
    0x08008eb0   0x00000014   Code   RO         4471    i.vMBPortTimersDisable  BTBUS_Library.lib(porttimer.o)
    0x08008ec4   0x00000020   Code   RO         4472    i.vMBPortTimersEnable  BTBUS_Library.lib(porttimer.o)
    0x08008ee4   0x00000038   Code   RO         2846    i.voltage_test      bsp_adc.o
    0x08008f1c   0x00000048   Code   RO         3919    i.xMBOutput         BTBUS_Library.lib(port.o)
    0x08008f64   0x00000024   Code   RO         4117    i.xMBPortEventGet   BTBUS_Library.lib(portevent.o)
    0x08008f88   0x00000010   Code   RO         4118    i.xMBPortEventInit  BTBUS_Library.lib(portevent.o)
    0x08008f98   0x00000018   Code   RO         4119    i.xMBPortEventPost  BTBUS_Library.lib(portevent.o)
    0x08008fb0   0x00000050   Code   RO         4368    i.xMBPortSerialGetByte  BTBUS_Library.lib(portserial.o)
    0x08009000   0x0000003c   Code   RO         4369    i.xMBPortSerialInit  BTBUS_Library.lib(portserial.o)
    0x0800903c   0x00000024   Code   RO         4370    i.xMBPortSerialPutByte  BTBUS_Library.lib(portserial.o)
    0x08009060   0x00000064   Code   RO         4473    i.xMBPortTimersInit  BTBUS_Library.lib(porttimer.o)
    0x080090c4   0x00000088   Code   RO         4269    i.xMBRTUReceiveFSM  BTBUS_Library.lib(mbrtu.o)
    0x0800914c   0x00000040   Code   RO         4270    i.xMBRTUTimerT35Expired  BTBUS_Library.lib(mbrtu.o)
    0x0800918c   0x0000006c   Code   RO         4271    i.xMBRTUTransmitFSM  BTBUS_Library.lib(mbrtu.o)
    0x080091f8   0x0000002a   Code   RO         3968    i.xMBUtilGetBits    BTBUS_Library.lib(mbutils.o)
    0x08009222   0x00000060   Code   RO         3969    i.xMBUtilSetBits    BTBUS_Library.lib(mbutils.o)
    0x08009282   0x00000002   PAD
    0x08009284   0x000002c0   Data   RO         3101    .constdata          global.o
    0x08009544   0x00000200   Data   RO         4528    .constdata          BTBUS_Library.lib(mbcrc.o)
    0x08009744   0x0000001d   Data   RO         5681    .constdata          BTBUS_Library.lib(stm32l1xx_hal_rcc.o)
    0x08009761   0x00000003   PAD
    0x08009764   0x00000020   Data   RO         6156    Region$$Table       anon$$obj.o


    Execution Region RW_IRAM1 (Base: 0x20000000, Size: 0x00005788, Max: 0x0000c000, ABSOLUTE, COMPRESSED[0x000000a4])

    Base Addr    Size         Type   Attr      Idx    E Section Name        Object

    0x20000000   0x0000001d   Data   RW           27    .data               system_stm32l1xx.o
    0x2000001d   0x00000019   Data   RW         1014    .data               stm32l1xx_rcc.o
    0x20000036   0x0000000c   Data   RW         2418    .data               freemodbus.o
    0x20000042   0x00000002   PAD
    0x20000044   0x00000004   Data   RW         2811    .data               bsp_systick.o
    0x20000048   0x00000036   Data   RW         3102    .data               global.o
    0x2000007e   0x00000002   PAD
    0x20000080   0x00000030   Data   RW         3556    .data               bsp_rtc.o
    0x200000b0   0x000000b8   Data   RW         4041    .data               BTBUS_Library.lib(mb.o)
    0x20000168   0x00000002   Data   RW         4120    .data               BTBUS_Library.lib(portevent.o)
    0x2000016a   0x00000002   Data   RW         4246    .data               BTBUS_Library.lib(mbfuncother.o)
    0x2000016c   0x0000000c   Data   RW         4273    .data               BTBUS_Library.lib(mbrtu.o)
    0x20000178   0x00000004   Data   RW         4475    .data               BTBUS_Library.lib(porttimer.o)
    0x2000017c   0x00000004   Data   RW         6134    .data               mc_w.l(stdout.o)
    0x20000180   0x00004000   Zero   RW         2417    .bss                freemodbus.o
    0x20004180   0x00000e60   Zero   RW         3100    .bss                global.o
    0x20004fe0   0x00000200   Zero   RW         3920    .bss                BTBUS_Library.lib(port.o)
    0x200051e0   0x00000020   Zero   RW         4245    .bss                BTBUS_Library.lib(mbfuncother.o)
    0x20005200   0x00000100   Zero   RW         4272    .bss                BTBUS_Library.lib(mbrtu.o)
    0x20005300   0x0000004a   Zero   RW         4371    .bss                BTBUS_Library.lib(portserial.o)
    0x2000534a   0x00000002   PAD
    0x2000534c   0x00000038   Zero   RW         4474    .bss                BTBUS_Library.lib(porttimer.o)
    0x20005384   0x00000004   PAD
    0x20005388   0x00000400   Zero   RW            1    STACK               startup_stm32l1xx_hd.o


==============================================================================

Image component sizes


      Code (inc. data)   RO Data    RW Data    ZI Data      Debug   Object Name

      1358         92          0          0          0       4772   bsp_adc.o
        60          6          0          0          0        469   bsp_alarmdeal.o
       204         10          0          0          0       2173   bsp_class.o
       588         48          0          0          0       2234   bsp_datadeal.o
       118          4          0          0          0        989   bsp_exti_key.o
      1556         64          0          0          0       8814   bsp_i2c.o
      1436        146          0          0          0       4774   bsp_i2c_fram.o
       580         70          0          0          0       1891   bsp_init.o
     10904        258          0          0          0      15685   bsp_lcd.o
      1038         36          0         48          0       3314   bsp_rtc.o
      1142         76          0          0          0       2900   bsp_sensor_deal.o
       438         10          0          0          0       2181   bsp_serial_deal.o
       404         22          0          0          0       2061   bsp_spi_flash.o
       184         22          0          4          0      18547   bsp_systick.o
       118          0          0          0          0        925   bsp_timer.o
       238         12          0          0          0       1572   bsp_usart.o
         0          0          0          0          0       4232   core_cm3.o
       820         88          0         12      16384       9934   freemodbus.o
         0          0        704         54       3680       7766   global.o
       112         38          0          0          0     265725   main.o
       140         22          0          0          0       1327   misc.o
        36          8        292          0       1024        808   startup_stm32l1xx_hd.o
       548         10          0          0          0       5547   stm32l1xx_adc.o
       416          8          0          0          0       3146   stm32l1xx_dma.o
       184         16          0          0          0       1788   stm32l1xx_exti.o
       228          0          0          0          0       3063   stm32l1xx_gpio.o
       224         16          0          0          0     214850   stm32l1xx_hal_msp.o
       220         30          0          0          0       4591   stm32l1xx_it.o
       234         36          0          0          0       4755   stm32l1xx_lcd.o
        12          6          0          0          0        439   stm32l1xx_pwr.o
       508         66          0         25          0       6303   stm32l1xx_rcc.o
       112          0          0          0          0       2850   stm32l1xx_spi.o
        64          4          0          0          0        568   stm32l1xx_syscfg.o
       184         20          0          0          0       3518   stm32l1xx_tim.o
       430          6          0          0          0       4773   stm32l1xx_usart.o
       372         30          0         29          0     266857   system_stm32l1xx.o

    ----------------------------------------------------------------------
     25246       1280       1028        176      21088     886141   Object Totals
         0          0         32          0          0          0   (incl. Generated)
        36          0          0          4          0          0   (incl. Padding)

    ----------------------------------------------------------------------

      Code (inc. data)   RO Data    RW Data    ZI Data      Debug   Library Member Name

       652        174          0        184          0       8351   mb.o
        56          8        512          0          0       2144   mbcrc.o
       416          0          0          0          0       3766   mbfunccoils.o
       164          0          0          0          0       1584   mbfuncdisc.o
       512          0          0          0          0       5015   mbfuncholding.o
       132          0          0          0          0       1539   mbfuncinput.o
        40         10          0          2         32       1395   mbfuncother.o
       744         98          0         12        256       9333   mbrtu.o
       172          0          0          0          0       5602   mbutils.o
        80          4          0          0        512       3629   port.o
        76         24          0          2          0       4450   portevent.o
       588         44          0          0         74     192446   portserial.o
       198         34          0          4         56       3671   porttimer.o
       208         14          0          0          0     263355   stm32l1xx_hal_cortex.o
       476         38          0          0          0       1720   stm32l1xx_hal_gpio.o
       332         50         29          0          0       3545   stm32l1xx_hal_rcc.o
       594         22          0          0          0       6177   stm32l1xx_hal_tim.o
       856          6          0          0          0       3930   stm32l1xx_hal_uart.o
        92          0          0          0          0          0   __dczerorl2.o
         0          0          0          0          0          0   entry.o
         0          0          0          0          0          0   entry10a.o
         0          0          0          0          0          0   entry11a.o
         8          4          0          0          0          0   entry2.o
         4          0          0          0          0          0   entry5.o
         0          0          0          0          0          0   entry7b.o
         0          0          0          0          0          0   entry8b.o
         8          4          0          0          0          0   entry9a.o
        30          0          0          0          0          0   handlers.o
        36          8          0          0          0         68   init.o
         0          0          0          0          0          0   iusefp.o
        30          0          0          0          0         68   llshl.o
        36          0          0          0          0         68   llsshr.o
        32          0          0          0          0         68   llushr.o
        36          0          0          0          0         68   memcpya.o
        36          0          0          0          0        108   memseta.o
      1150         54          0          0          0        352   printf8.o
      2256         86          0          0          0        508   printfa.o
         0          0          0          4          0          0   stdout.o
        44          0          0          0          0         80   uidiv.o
        98          0          0          0          0         92   uldiv.o
        40          2          0          0          0         68   cdrcmple.o
        20          0          0          0          0         68   cfcmple.o
        20          0          0          0          0         68   cfrcmple.o
        56          0          0          0          0         88   d2f.o
       334          0          0          0          0        148   dadd.o
       222          0          0          0          0        100   ddiv.o
       190          0          0          0          0        176   depilogue.o
        48          0          0          0          0         68   dfixul.o
       228          0          0          0          0         96   dmul.o
        38          0          0          0          0         68   f2d.o
       176          0          0          0          0        140   fadd.o
       128          0          0          0          0         88   fdiv.o
       108          0          0          0          0        168   fepilogue.o
        40          0          0          0          0         68   ffixui.o
        10          0          0          0          0         68   ffltui.o
       108          0          0          0          0         76   fmul.o

    ----------------------------------------------------------------------
     11970        684        544        208        936     524688   Library Totals
        12          0          3          0          6          0   (incl. Padding)

    ----------------------------------------------------------------------

      Code (inc. data)   RO Data    RW Data    ZI Data      Debug   Library Name

      6296        526        541        204        930     521652   BTBUS_Library.lib
      3896        156          0          4          0       1480   mc_w.l
      1766          2          0          0          0       1556   mf_w.l

    ----------------------------------------------------------------------
     11970        684        544        208        936     524688   Library Totals

    ----------------------------------------------------------------------

==============================================================================


      Code (inc. data)   RO Data    RW Data    ZI Data      Debug   

     37216       1964       1572        384      22024    1396425   Grand Totals
     37216       1964       1572        164      22024    1396425   ELF Image Totals (compressed)
     37216       1964       1572        164          0          0   ROM Totals

==============================================================================

    Total RO  Size (Code + RO Data)                38788 (  37.88kB)
    Total RW  Size (RW Data + ZI Data)             22408 (  21.88kB)
    Total ROM Size (Code + RO Data + RW Data)      38952 (  38.04kB)

==============================================================================

