ARM Linker, 5.03 [Build 76] [MDK-ARM Standard]

==============================================================================

Section Cross References

    startup_stm32l1xx_hd.o(RESET) refers to startup_stm32l1xx_hd.o(STACK) for __initial_sp
    startup_stm32l1xx_hd.o(RESET) refers to startup_stm32l1xx_hd.o(.text) for Reset_Handler
    startup_stm32l1xx_hd.o(RESET) refers to stm32l1xx_it.o(i.NMI_Handler) for NMI_Handler
    startup_stm32l1xx_hd.o(RESET) refers to stm32l1xx_it.o(i.HardFault_Handler) for HardFault_Handler
    startup_stm32l1xx_hd.o(RESET) refers to stm32l1xx_it.o(i.MemManage_Handler) for MemManage_Handler
    startup_stm32l1xx_hd.o(RESET) refers to stm32l1xx_it.o(i.BusFault_Handler) for BusFault_Handler
    startup_stm32l1xx_hd.o(RESET) refers to stm32l1xx_it.o(i.UsageFault_Handler) for UsageFault_Handler
    startup_stm32l1xx_hd.o(RESET) refers to stm32l1xx_it.o(i.SVC_Handler) for SVC_Handler
    startup_stm32l1xx_hd.o(RESET) refers to stm32l1xx_it.o(i.DebugMon_Handler) for DebugMon_Handler
    startup_stm32l1xx_hd.o(RESET) refers to stm32l1xx_it.o(i.PendSV_Handler) for PendSV_Handler
    startup_stm32l1xx_hd.o(RESET) refers to stm32l1xx_it.o(i.SysTick_Handler) for SysTick_Handler
    startup_stm32l1xx_hd.o(RESET) refers to stm32l1xx_it.o(i.EXTI0_IRQHandler) for EXTI0_IRQHandler
    startup_stm32l1xx_hd.o(RESET) refers to stm32l1xx_it.o(i.TIM2_IRQHandler) for TIM2_IRQHandler
    startup_stm32l1xx_hd.o(RESET) refers to porttimer.o(i.TIM3_IRQHandler) for TIM3_IRQHandler
    startup_stm32l1xx_hd.o(RESET) refers to stm32l1xx_it.o(i.USART1_IRQHandler) for USART1_IRQHandler
    startup_stm32l1xx_hd.o(RESET) refers to portserial.o(i.USART3_IRQHandler) for USART3_IRQHandler
    startup_stm32l1xx_hd.o(RESET) refers to stm32l1xx_it.o(i.EXTI15_10_IRQHandler) for EXTI15_10_IRQHandler
    startup_stm32l1xx_hd.o(.text) refers to system_stm32l1xx.o(i.SystemInit) for SystemInit
    startup_stm32l1xx_hd.o(.text) refers to entry.o(.ARM.Collect$$$$00000000) for __main
    system_stm32l1xx.o(i.SystemCoreClockUpdate) refers to system_stm32l1xx.o(.data) for SystemCoreClock
    system_stm32l1xx.o(i.SystemInit) refers to system_stm32l1xx.o(i.SetSysClock) for SetSysClock
    stm32l1xx_usart.o(i.USART_DeInit) refers to stm32l1xx_rcc.o(i.RCC_APB2PeriphResetCmd) for RCC_APB2PeriphResetCmd
    stm32l1xx_usart.o(i.USART_DeInit) refers to stm32l1xx_rcc.o(i.RCC_APB1PeriphResetCmd) for RCC_APB1PeriphResetCmd
    stm32l1xx_usart.o(i.USART_Init) refers to stm32l1xx_rcc.o(i.RCC_GetClocksFreq) for RCC_GetClocksFreq
    stm32l1xx_adc.o(i.ADC_DeInit) refers to stm32l1xx_rcc.o(i.RCC_APB2PeriphResetCmd) for RCC_APB2PeriphResetCmd
    stm32l1xx_gpio.o(i.GPIO_DeInit) refers to stm32l1xx_rcc.o(i.RCC_AHBPeriphResetCmd) for RCC_AHBPeriphResetCmd
    stm32l1xx_lcd.o(i.LCD_DeInit) refers to stm32l1xx_rcc.o(i.RCC_APB1PeriphResetCmd) for RCC_APB1PeriphResetCmd
    stm32l1xx_lcd.o(i.LCD_Init) refers to stm32l1xx_lcd.o(i.LCD_WaitForSynchro) for LCD_WaitForSynchro
    stm32l1xx_pwr.o(i.PWR_DeInit) refers to stm32l1xx_rcc.o(i.RCC_APB1PeriphResetCmd) for RCC_APB1PeriphResetCmd
    stm32l1xx_rcc.o(i.RCC_GetClocksFreq) refers to stm32l1xx_rcc.o(.data) for PLLMulTable
    stm32l1xx_rcc.o(i.RCC_WaitForHSEStartUp) refers to stm32l1xx_rcc.o(i.RCC_GetFlagStatus) for RCC_GetFlagStatus
    stm32l1xx_rtc.o(i.RTC_CoarseCalibCmd) refers to stm32l1xx_rtc.o(i.RTC_EnterInitMode) for RTC_EnterInitMode
    stm32l1xx_rtc.o(i.RTC_CoarseCalibCmd) refers to stm32l1xx_rtc.o(i.RTC_ExitInitMode) for RTC_ExitInitMode
    stm32l1xx_rtc.o(i.RTC_CoarseCalibConfig) refers to stm32l1xx_rtc.o(i.RTC_EnterInitMode) for RTC_EnterInitMode
    stm32l1xx_rtc.o(i.RTC_CoarseCalibConfig) refers to stm32l1xx_rtc.o(i.RTC_ExitInitMode) for RTC_ExitInitMode
    stm32l1xx_rtc.o(i.RTC_DeInit) refers to stm32l1xx_rtc.o(i.RTC_EnterInitMode) for RTC_EnterInitMode
    stm32l1xx_rtc.o(i.RTC_DeInit) refers to stm32l1xx_rtc.o(i.RTC_WaitForSynchro) for RTC_WaitForSynchro
    stm32l1xx_rtc.o(i.RTC_GetAlarm) refers to stm32l1xx_rtc.o(i.RTC_Bcd2ToByte) for RTC_Bcd2ToByte
    stm32l1xx_rtc.o(i.RTC_GetDate) refers to stm32l1xx_rtc.o(i.RTC_Bcd2ToByte) for RTC_Bcd2ToByte
    stm32l1xx_rtc.o(i.RTC_GetTime) refers to stm32l1xx_rtc.o(i.RTC_Bcd2ToByte) for RTC_Bcd2ToByte
    stm32l1xx_rtc.o(i.RTC_GetTimeStamp) refers to stm32l1xx_rtc.o(i.RTC_Bcd2ToByte) for RTC_Bcd2ToByte
    stm32l1xx_rtc.o(i.RTC_Init) refers to stm32l1xx_rtc.o(i.RTC_EnterInitMode) for RTC_EnterInitMode
    stm32l1xx_rtc.o(i.RTC_Init) refers to stm32l1xx_rtc.o(i.RTC_ExitInitMode) for RTC_ExitInitMode
    stm32l1xx_rtc.o(i.RTC_RefClockCmd) refers to stm32l1xx_rtc.o(i.RTC_EnterInitMode) for RTC_EnterInitMode
    stm32l1xx_rtc.o(i.RTC_RefClockCmd) refers to stm32l1xx_rtc.o(i.RTC_ExitInitMode) for RTC_ExitInitMode
    stm32l1xx_rtc.o(i.RTC_SetAlarm) refers to stm32l1xx_rtc.o(i.RTC_Bcd2ToByte) for RTC_Bcd2ToByte
    stm32l1xx_rtc.o(i.RTC_SetAlarm) refers to stm32l1xx_rtc.o(i.RTC_ByteToBcd2) for RTC_ByteToBcd2
[...]
    _printf_truncate_signed                  0x00000000   Number         0  stubs.o ABSOLUTE
    _printf_truncate_unsigned                0x00000000   Number         0  stubs.o ABSOLUTE
    _printf_u                                0x00000000   Number         0  stubs.o ABSOLUTE
    _printf_wc                               0x00000000   Number         0  stubs.o ABSOLUTE
    _printf_wctomb                           0x00000000   Number         0  stubs.o ABSOLUTE
    _printf_widthprec                        0x00000000   Number         0  stubs.o ABSOLUTE
    _printf_x                                0x00000000   Number         0  stubs.o ABSOLUTE
    __cpp_initialize__aeabi_                  - Undefined Weak Reference
    __cxa_finalize                            - Undefined Weak Reference
    _clock_init                               - Undefined Weak Reference
    _microlib_exit                            - Undefined Weak Reference
    __Vectors_Size                           0x00000124   Number         0  startup_stm32l1xx_hd.o ABSOLUTE
    __Vectors                                0x08000000   Data           4  startup_stm32l1xx_hd.o(RESET)
    __Vectors_End                            0x08000124   Data           0  startup_stm32l1xx_hd.o(RESET)
    __main                                   0x08000125   Thumb Code     0  entry.o(.ARM.Collect$$$$00000000)
    _main_stk                                0x08000125   Thumb Code     0  entry2.o(.ARM.Collect$$$$00000001)
    _main_scatterload                        0x08000129   Thumb Code     0  entry5.o(.ARM.Collect$$$$00000004)
    __main_after_scatterload                 0x0800012d   Thumb Code     0  entry5.o(.ARM.Collect$$$$00000004)
    _main_clock                              0x0800012d   Thumb Code     0  entry7b.o(.ARM.Collect$$$$00000008)
    _main_cpp_init                           0x0800012d   Thumb Code     0  entry8b.o(.ARM.Collect$$$$0000000A)
    _main_init                               0x0800012d   Thumb Code     0  entry9a.o(.ARM.Collect$$$$0000000B)
    __rt_final_cpp                           0x08000135   Thumb Code     0  entry10a.o(.ARM.Collect$$$$0000000D)
    __rt_final_exit                          0x08000135   Thumb Code     0  entry11a.o(.ARM.Collect$$$$0000000F)
    Reset_Handler                            0x08000139   Thumb Code     8  startup_stm32l1xx_hd.o(.text)
    ADC1_IRQHandler                          0x08000153   Thumb Code     0  startup_stm32l1xx_hd.o(.text)
    AES_IRQHandler                           0x08000153   Thumb Code     0  startup_stm32l1xx_hd.o(.text)
    COMP_ACQ_IRQHandler                      0x08000153   Thumb Code     0  startup_stm32l1xx_hd.o(.text)
    COMP_IRQHandler                          0x08000153   Thumb Code     0  startup_stm32l1xx_hd.o(.text)
    DAC_IRQHandler                           0x08000153   Thumb Code     0  startup_stm32l1xx_hd.o(.text)
    DMA1_Channel1_IRQHandler                 0x08000153   Thumb Code     0  startup_stm32l1xx_hd.o(.text)
    DMA1_Channel2_IRQHandler                 0x08000153   Thumb Code     0  startup_stm32l1xx_hd.o(.text)
    DMA1_Channel3_IRQHandler                 0x08000153   Thumb Code     0  startup_stm32l1xx_hd.o(.text)
    DMA1_Channel4_IRQHandler                 0x08000153   Thumb Code     0  startup_stm32l1xx_hd.o(.text)
    DMA1_Channel5_IRQHandler                 0x08000153   Thumb Code     0  startup_stm32l1xx_hd.o(.text)
    DMA1_Channel6_IRQHandler                 0x08000153   Thumb Code     0  startup_stm32l1xx_hd.o(.text)
    DMA1_Channel7_IRQHandler                 0x08000153   Thumb Code     0  startup_stm32l1xx_hd.o(.text)
    DMA2_Channel1_IRQHandler                 0x08000153   Thumb Code     0  startup_stm32l1xx_hd.o(.text)
    DMA2_Channel2_IRQHandler                 0x08000153   Thumb Code     0  startup_stm32l1xx_hd.o(.text)
    DMA2_Channel3_IRQHandler                 0x08000153   Thumb Code     0  startup_stm32l1xx_hd.o(.text)
    DMA2_Channel4_IRQHandler                 0x08000153   Thumb Code     0  startup_stm32l1xx_hd.o(.text)
    DMA2_Channel5_IRQHandler                 0x08000153   Thumb Code     0  startup_stm32l1xx_hd.o(.text)
    EXTI1_IRQHandler                         0x08000153   Thumb Code     0  startup_stm32l1xx_hd.o(.text)
    EXTI2_IRQHandler                         0x08000153   Thumb Code     0  startup_stm32l1xx_hd.o(.text)
    EXTI3_IRQHandler                         0x08000153   Thumb Code     0  startup_stm32l1xx_hd.o(.text)
    EXTI4_IRQHandler                         0x08000153   Thumb Code     0  startup_stm32l1xx_hd.o(.text)
    EXTI9_5_IRQHandler                       0x08000153   Thumb Code     0  startup_stm32l1xx_hd.o(.text)
    FLASH_IRQHandler                         0x08000153   Thumb Code     0  startup_stm32l1xx_hd.o(.text)
    I2C1_ER_IRQHandler                       0x08000153   Thumb Code     0  startup_stm32l1xx_hd.o(.text)
    I2C1_EV_IRQHandler                       0x08000153   Thumb Code     0  startup_stm32l1xx_hd.o(.text)
    I2C2_ER_IRQHandler                       0x08000153   Thumb Code     0  startup_stm32l1xx_hd.o(.text)
    I2C2_EV_IRQHandler                       0x08000153   Thumb Code     0  startup_stm32l1xx_hd.o(.text)
    LCD_IRQHandler                           0x08000153   Thumb Code     0  startup_stm32l1xx_hd.o(.text)
    PVD_IRQHandler                           0x08000153   Thumb Code     0  startup_stm32l1xx_hd.o(.text)
    RCC_IRQHandler                           0x08000153   Thumb Code     0  startup_stm32l1xx_hd.o(.text)
    RTC_Alarm_IRQHandler                     0x08000153   Thumb Code     0  startup_stm32l1xx_hd.o(.text)
    RTC_WKUP_IRQHandler                      0x08000153   Thumb Code     0  startup_stm32l1xx_hd.o(.text)
    SDIO_IRQHandler                          0x08000153   Thumb Code     0  startup_stm32l1xx_hd.o(.text)
    SPI1_IRQHandler                          0x08000153   Thumb Code     0  startup_stm32l1xx_hd.o(.text)
    SPI2_IRQHandler                          0x08000153   Thumb Code     0  startup_stm32l1xx_hd.o(.text)
    SPI3_IRQHandler                          0x08000153   Thumb Code     0  startup_stm32l1xx_hd.o(.text)
    TAMPER_STAMP_IRQHandler                  0x08000153   Thumb Code     0  startup_stm32l1xx_hd.o(.text)
    TIM10_IRQHandler                         0x08000153   Thumb Code     0  startup_stm32l1xx_hd.o(.text)
    TIM11_IRQHandler                         0x08000153   Thumb Code     0  startup_stm32l1xx_hd.o(.text)
    TIM4_IRQHandler                          0x08000153   Thumb Code     0  startup_stm32l1xx_hd.o(.text)
    TIM5_IRQHandler                          0x08000153   Thumb Code     0  startup_stm32l1xx_hd.o(.text)
    TIM6_IRQHandler                          0x08000153   Thumb Code     0  startup_stm32l1xx_hd.o(.text)
    TIM7_IRQHandler                          0x08000153   Thumb Code     0  startup_stm32l1xx_hd.o(.text)
    TIM9_IRQHandler                          0x08000153   Thumb Code     0  startup_stm32l1xx_hd.o(.text)
    UART4_IRQHandler                         0x08000153   Thumb Code     0  startup_stm32l1xx_hd.o(.text)
    UART5_IRQHandler                         0x08000153   Thumb Code     0  startup_stm32l1xx_hd.o(.text)
    USART2_IRQHandler                        0x08000153   Thumb Code     0  startup_stm32l1xx_hd.o(.text)
    USB_FS_WKUP_IRQHandler                   0x08000153   Thumb Code     0  startup_stm32l1xx_hd.o(.text)
    USB_HP_IRQHandler                        0x08000153   Thumb Code     0  startup_stm32l1xx_hd.o(.text)
    USB_LP_IRQHandler                        0x08000153   Thumb Code     0  startup_stm32l1xx_hd.o(.text)
    WWDG_IRQHandler                          0x08000153   Thumb Code     0  startup_stm32l1xx_hd.o(.text)
    __aeabi_memcpy                           0x0800015d   Thumb Code    36  memcpya.o(.text)
    __aeabi_memcpy4                          0x0800015d   Thumb Code     0  memcpya.o(.text)
    __aeabi_memcpy8                          0x0800015d   Thumb Code     0  memcpya.o(.text)
    __aeabi_memset                           0x08000181   Thumb Code    14  memseta.o(.text)
    __aeabi_memset4                          0x08000181   Thumb Code     0  memseta.o(.text)
    __aeabi_memset8                          0x08000181   Thumb Code     0  memseta.o(.text)
    __aeabi_memclr                           0x0800018f   Thumb Code     4  memseta.o(.text)
    __aeabi_memclr4                          0x0800018f   Thumb Code     0  memseta.o(.text)
    __aeabi_memclr8                          0x0800018f   Thumb Code     0  memseta.o(.text)
    _memset$wrapper                          0x08000193   Thumb Code    18  memseta.o(.text)
    __aeabi_fadd                             0x080001a5   Thumb Code   164  fadd.o(.text)
    __aeabi_fsub                             0x08000249   Thumb Code     6  fadd.o(.text)
    __aeabi_frsub                            0x0800024f   Thumb Code     6  fadd.o(.text)
    __aeabi_fmul                             0x08000255   Thumb Code   108  fmul.o(.text)
    __aeabi_fdiv                             0x080002c1   Thumb Code   128  fdiv.o(.text)
    __aeabi_dadd                             0x08000341   Thumb Code   322  dadd.o(.text)
    __aeabi_dsub                             0x08000483   Thumb Code     6  dadd.o(.text)
    __aeabi_drsub                            0x08000489   Thumb Code     6  dadd.o(.text)
    __aeabi_dmul                             0x0800048f   Thumb Code   228  dmul.o(.text)
    __aeabi_ddiv                             0x08000573   Thumb Code   222  ddiv.o(.text)
    __aeabi_i2f                              0x08000651   Thumb Code    18  fflti.o(.text)
    __aeabi_ui2f                             0x08000663   Thumb Code    10  ffltui.o(.text)
    __aeabi_f2uiz                            0x0800066d   Thumb Code    40  ffixui.o(.text)
    __aeabi_f2d                              0x08000695   Thumb Code    38  f2d.o(.text)
    __aeabi_cdcmpeq                          0x080006bd   Thumb Code     0  cdcmple.o(.text)
    __aeabi_cdcmple                          0x080006bd   Thumb Code    38  cdcmple.o(.text)
    __aeabi_cdrcmple                         0x080006e5   Thumb Code    38  cdrcmple.o(.text)
    __aeabi_d2f                              0x0800070d   Thumb Code    56  d2f.o(.text)
    __aeabi_cfcmpeq                          0x08000745   Thumb Code     0  cfcmple.o(.text)
    __aeabi_cfcmple                          0x08000745   Thumb Code    20  cfcmple.o(.text)
    __aeabi_cfrcmple                         0x08000759   Thumb Code    20  cfrcmple.o(.text)
    __aeabi_uidiv                            0x0800076d   Thumb Code     0  uidiv.o(.text)
    __aeabi_uidivmod                         0x0800076d   Thumb Code    44  uidiv.o(.text)
    __aeabi_uldivmod                         0x08000799   Thumb Code    98  uldiv.o(.text)
    __aeabi_llsl                             0x080007fb   Thumb Code    30  llshl.o(.text)
    _ll_shift_l                              0x080007fb   Thumb Code     0  llshl.o(.text)
    __aeabi_lasr                             0x08000819   Thumb Code    36  llsshr.o(.text)
    _ll_sshift_r                             0x08000819   Thumb Code     0  llsshr.o(.text)
    __I$use$fp                               0x0800083d   Thumb Code     0  iusefp.o(.text)
    _float_round                             0x0800083d   Thumb Code    18  fepilogue.o(.text)
    _float_epilogue                          0x0800084f   Thumb Code    90  fepilogue.o(.text)
    _double_round                            0x080008a9   Thumb Code    26  depilogue.o(.text)
    _double_epilogue                         0x080008c3   Thumb Code   164  depilogue.o(.text)
    __aeabi_d2ulz                            0x08000967   Thumb Code    48  dfixul.o(.text)
    __scatterload                            0x08000999   Thumb Code    28  init.o(.text)
    __scatterload_rt2                        0x08000999   Thumb Code     0  init.o(.text)
    __aeabi_llsr                             0x080009bd   Thumb Code    32  llushr.o(.text)
    _ll_ushift_r                             0x080009bd   Thumb Code     0  llushr.o(.text)
    __decompress                             0x080009dd   Thumb Code     0  __dczerorl2.o(.text)
    __decompress1                            0x080009dd   Thumb Code    92  __dczerorl2.o(.text)
    ADC1_Init                                0x08000a89   Thumb Code    30  bsp_adc.o(i.ADC1_Init)
    ADC_Cmd                                  0x08000bd9   Thumb Code    22  stm32l1xx_adc.o(i.ADC_Cmd)
    ADC_DMACmd                               0x08000bef   Thumb Code    22  stm32l1xx_adc.o(i.ADC_DMACmd)
    ADC_DMARequestAfterLastTransferCmd       0x08000c05   Thumb Code    22  stm32l1xx_adc.o(i.ADC_DMARequestAfterLastTransferCmd)
    ADC_DeInit                               0x08000c1d   Thumb Code    28  stm32l1xx_adc.o(i.ADC_DeInit)
    ADC_GetFlagStatus                        0x08000c3d   Thumb Code    18  stm32l1xx_adc.o(i.ADC_GetFlagStatus)
    ADC_Init                                 0x08000c51   Thumb Code    74  stm32l1xx_adc.o(i.ADC_Init)
    ADC_RegularChannelConfig                 0x08000ca5   Thumb Code   344  stm32l1xx_adc.o(i.ADC_RegularChannelConfig)
    ADC_SoftwareStartConv                    0x08000dfd   Thumb Code    10  stm32l1xx_adc.o(i.ADC_SoftwareStartConv)
    ADC_StructInit                           0x08000e07   Thumb Code    26  stm32l1xx_adc.o(i.ADC_StructInit)
    Ack                                      0x08000e21   Thumb Code    74  bsp_i2c.o(i.Ack)
    AlarmDeal                                0x08000f51   Thumb Code   678  bsp_alarmdeal.o(i.AlarmDeal)
    BatteryVoltageDetection                  0x08001211   Thumb Code   232  bsp_powerdeal.o(i.BatteryVoltageDetection)
    BellNn                                   0x080015c5   Thumb Code    54  bsp_alarmdeal.o(i.BellNn)
    BellNn_longer                            0x08001601   Thumb Code    54  bsp_alarmdeal.o(i.BellNn_longer)
    BusFault_Handler                         0x0800163d   Thumb Code     4  stm32l1xx_it.o(i.BusFault_Handler)
    Button_Config                            0x08001641   Thumb Code     2  freemodbus.o(i.Button_Config)
    Button_Poll                              0x08001645   Thumb Code     8  freemodbus.o(i.Button_Poll)
    Change3BytesTimeToLong                   0x08001651   Thumb Code    26  bsp_class.o(i.Change3BytesTimeToLong)
    Char_to_Int                              0x080017e9   Thumb Code     8  bsp_class.o(i.Char_to_Int)
    DMA_ClearFlag                            0x08001825   Thumb Code    18  stm32l1xx_dma.o(i.DMA_ClearFlag)
    DMA_Cmd                                  0x08001841   Thumb Code    24  stm32l1xx_dma.o(i.DMA_Cmd)
    DMA_DeInit                               0x08001859   Thumb Code   324  stm32l1xx_dma.o(i.DMA_DeInit)
    DMA_GetFlagStatus                        0x080019a5   Thumb Code    34  stm32l1xx_dma.o(i.DMA_GetFlagStatus)
    DMA_Init                                 0x080019d1   Thumb Code    60  stm32l1xx_dma.o(i.DMA_Init)
    DebugMon_Handler                         0x08001a0d   Thumb Code     2  stm32l1xx_it.o(i.DebugMon_Handler)
    Delay_ms                                 0x08001a11   Thumb Code    36  bsp_systick.o(i.Delay_ms)
    Display_ChannelValue                     0x08001a39   Thumb Code   130  bsp_lcd.o(i.Display_ChannelValue)
    Display_Mem                              0x08001ad9   Thumb Code   574  bsp_lcd.o(i.Display_Mem)
    Display_NUL                              0x08001d21   Thumb Code    40  bsp_lcd.o(i.Display_NUL)
    Display_SN                               0x08001d49   Thumb Code   278  bsp_lcd.o(i.Display_SN)
    DownFlash_HisData                        0x08001ead   Thumb Code   176  bsp_storagedata.o(i.DownFlash_HisData)
    EXTI0_IRQHandler                         0x08001f99   Thumb Code   120  stm32l1xx_it.o(i.EXTI0_IRQHandler)
    EXTI15_10_Config                         0x08002019   Thumb Code   118  bsp_exti_key.o(i.EXTI15_10_Config)
    EXTI15_10_IRQHandler                     0x08002091   Thumb Code   218  stm32l1xx_it.o(i.EXTI15_10_IRQHandler)
    EXTI_ClearITPendingBit                   0x080021a1   Thumb Code     6  stm32l1xx_exti.o(i.EXTI_ClearITPendingBit)
    EXTI_GetITStatus                         0x080021ad   Thumb Code    20  stm32l1xx_exti.o(i.EXTI_GetITStatus)
    EXTI_Init                                0x080021c5   Thumb Code   142  stm32l1xx_exti.o(i.EXTI_Init)
    EnterCriticalSection                     0x08002259   Thumb Code     4  port.o(i.EnterCriticalSection)
    EnterLowPower                            0x0800225d   Thumb Code    52  bsp_lowpowerdeal.o(i.EnterLowPower)
    Error_Handler                            0x080022ad   Thumb Code     4  freemodbus.o(i.Error_Handler)
    ExitCriticalSection                      0x080022b1   Thumb Code     4  port.o(i.ExitCriticalSection)
    ExternalPowerDetection                   0x080022b5   Thumb Code   740  bsp_powerdeal.o(i.ExternalPowerDetection)
    FirstCheckExternPower                    0x080025a9   Thumb Code    54  bsp_powerdeal.o(i.FirstCheckExternPower)
    FisrtPowerOnDisplay                      0x08002639   Thumb Code    82  bsp_lcd.o(i.FisrtPowerOnDisplay)
    Fram_Read                                0x08002699   Thumb Code   180  bsp_i2c.o(i.Fram_Read)
    Fram_Write                               0x08002751   Thumb Code   146  bsp_i2c.o(i.Fram_Write)
    GPIO_Init                                0x080027e9   Thumb Code   132  stm32l1xx_gpio.o(i.GPIO_Init)
    GPIO_PinAFConfig                         0x0800286d   Thumb Code    70  stm32l1xx_gpio.o(i.GPIO_PinAFConfig)
    GPIO_ReadInputDataBit                    0x080028b3   Thumb Code    18  stm32l1xx_gpio.o(i.GPIO_ReadInputDataBit)
    GPIO_ResetBits                           0x080028c5   Thumb Code     4  stm32l1xx_gpio.o(i.GPIO_ResetBits)
    GPIO_SetBits                             0x080028c9   Thumb Code     4  stm32l1xx_gpio.o(i.GPIO_SetBits)
    GetRecIntervalTime                       0x08002a65   Thumb Code    84  bsp_class.o(i.GetRecIntervalTime)
    HAL_GPIO_Init                            0x08002ad1   Thumb Code   438  stm32l1xx_hal_gpio.o(i.HAL_GPIO_Init)
    HAL_NVIC_EnableIRQ                       0x08002cad   Thumb Code    28  stm32l1xx_hal_cortex.o(i.HAL_NVIC_EnableIRQ)
    HAL_NVIC_SetPriority                     0x08002cc9   Thumb Code   124  stm32l1xx_hal_cortex.o(i.HAL_NVIC_SetPriority)
    HAL_RCC_GetHCLKFreq                      0x08002d45   Thumb Code    42  stm32l1xx_hal_rcc.o(i.HAL_RCC_GetHCLKFreq)
    HAL_RCC_GetPCLK1Freq                     0x08002d7d   Thumb Code    36  stm32l1xx_hal_rcc.o(i.HAL_RCC_GetPCLK1Freq)
    HAL_RCC_GetPCLK2Freq                     0x08002da9   Thumb Code    36  stm32l1xx_hal_rcc.o(i.HAL_RCC_GetPCLK2Freq)
    HAL_RCC_GetSysClockFreq                  0x08002dd5   Thumb Code   168  stm32l1xx_hal_rcc.o(i.HAL_RCC_GetSysClockFreq)
    HAL_TIM_Base_Init                        0x08002e91   Thumb Code    52  stm32l1xx_hal_tim.o(i.HAL_TIM_Base_Init)
    HAL_TIM_Base_MspInit                     0x08002ec5   Thumb Code    50  stm32l1xx_hal_msp.o(i.HAL_TIM_Base_MspInit)
    HAL_TIM_Base_Start_IT                    0x08002efd   Thumb Code    44  stm32l1xx_hal_tim.o(i.HAL_TIM_Base_Start_IT)
    HAL_TIM_Base_Stop_IT                     0x08002f29   Thumb Code    54  stm32l1xx_hal_tim.o(i.HAL_TIM_Base_Stop_IT)
    HAL_TIM_IC_CaptureCallback               0x08002f5f   Thumb Code     2  stm32l1xx_hal_tim.o(i.HAL_TIM_IC_CaptureCallback)
    HAL_TIM_IRQHandler                       0x08002f61   Thumb Code   338  stm32l1xx_hal_tim.o(i.HAL_TIM_IRQHandler)
    HAL_TIM_OC_DelayElapsedCallback          0x080030b3   Thumb Code     2  stm32l1xx_hal_tim.o(i.HAL_TIM_OC_DelayElapsedCallback)
    HAL_TIM_PWM_PulseFinishedCallback        0x080030b5   Thumb Code     2  stm32l1xx_hal_tim.o(i.HAL_TIM_PWM_PulseFinishedCallback)
    HAL_TIM_PeriodElapsedCallback            0x080030b7   Thumb Code    10  porttimer.o(i.HAL_TIM_PeriodElapsedCallback)
    HAL_TIM_TriggerCallback                  0x080030c1   Thumb Code     2  stm32l1xx_hal_tim.o(i.HAL_TIM_TriggerCallback)
    HAL_UART_ErrorCallback                   0x080030c3   Thumb Code     2  stm32l1xx_hal_uart.o(i.HAL_UART_ErrorCallback)
    HAL_UART_Init                            0x080030c5   Thumb Code   110  stm32l1xx_hal_uart.o(i.HAL_UART_Init)
    HAL_UART_MspInit                         0x08003135   Thumb Code   158  stm32l1xx_hal_msp.o(i.HAL_UART_MspInit)
    HAL_UART_Receive_End                     0x080031dd   Thumb Code    64  stm32l1xx_hal_uart.o(i.HAL_UART_Receive_End)
    HAL_UART_Receive_IT                      0x0800321d   Thumb Code   152  stm32l1xx_hal_uart.o(i.HAL_UART_Receive_IT)
    HISTORY_DATA_READ                        0x080032b5   Thumb Code   260  bsp_serialdeal.o(i.HISTORY_DATA_READ)
    HardFault_Handler                        0x080033c5   Thumb Code     4  stm32l1xx_it.o(i.HardFault_Handler)
    JlySecDeal                               0x080038ad   Thumb Code    76  bsp_datadeal.o(i.JlySecDeal)
    JudgingChannelNumberDisplay              0x08003905   Thumb Code    60  bsp_sensordeal.o(i.JudgingChannelNumberDisplay)
    KEY_GPIO_Config                          0x0800394d   Thumb Code    68  bsp_exti_key.o(i.KEY_GPIO_Config)
    KeyDeal                                  0x08003999   Thumb Code   234  bsp_exti_key.o(i.KeyDeal)
    LCD_Cmd                                  0x08003bfd   Thumb Code     6  stm32l1xx_lcd.o(i.LCD_Cmd)
    LCD_ContrastConfig                       0x08003c09   Thumb Code    22  stm32l1xx_lcd.o(i.LCD_ContrastConfig)
    LCD_GLASS_Clear                          0x08003c25   Thumb Code    42  bsp_lcd.o(i.LCD_GLASS_Clear)
    LCD_GLASS_Init                           0x08003c55   Thumb Code   102  bsp_lcd.o(i.LCD_GLASS_Init)
    LCD_GetFlagStatus                        0x08003ef1   Thumb Code    20  stm32l1xx_lcd.o(i.LCD_GetFlagStatus)
    LCD_Init                                 0x08003f09   Thumb Code    78  stm32l1xx_lcd.o(i.LCD_Init)
    LCD_PulseOnDurationConfig                0x08003f5d   Thumb Code    22  stm32l1xx_lcd.o(i.LCD_PulseOnDurationConfig)
    LCD_StructInit                           0x08003f79   Thumb Code    14  stm32l1xx_lcd.o(i.LCD_StructInit)
    LCD_UpdateDisplayRequest                 0x08003f89   Thumb Code     8  stm32l1xx_lcd.o(i.LCD_UpdateDisplayRequest)
    LCD_WaitForSynchro                       0x08003f95   Thumb Code    28  stm32l1xx_lcd.o(i.LCD_WaitForSynchro)
    LED_Config                               0x08003fb5   Thumb Code     2  freemodbus.o(i.LED_Config)
    LED_Poll                                 0x08003fb9   Thumb Code    48  freemodbus.o(i.LED_Poll)
    Lcd_ChannelValue                         0x08004041   Thumb Code   484  bsp_lcd.o(i.Lcd_ChannelValue)
    MemManage_Handler                        0x08006969   Thumb Code     4  stm32l1xx_it.o(i.MemManage_Handler)
    NMI_Handler                              0x0800696d   Thumb Code     2  stm32l1xx_it.o(i.NMI_Handler)
    NVIC_Init                                0x080069a9   Thumb Code   108  misc.o(i.NVIC_Init)
    NVIC_PriorityGroupConfig                 0x08006a21   Thumb Code    10  misc.o(i.NVIC_PriorityGroupConfig)
    OffPowerSupply                           0x08006a5d   Thumb Code    66  bsp_init.o(i.OffPowerSupply)
    PARAM_DATA_READ                          0x08006b75   Thumb Code   246  bsp_serialdeal.o(i.PARAM_DATA_READ)
    PARAM_DATA_WRITE                         0x08006c75   Thumb Code   442  bsp_serialdeal.o(i.PARAM_DATA_WRITE)
    PWR_RTCAccessCmd                         0x08006e3d   Thumb Code     6  stm32l1xx_pwr.o(i.PWR_RTCAccessCmd)
    PendSV_Handler                           0x08006e49   Thumb Code     2  stm32l1xx_it.o(i.PendSV_Handler)
    PeripheralInit                           0x08006e4b   Thumb Code    56  bsp_init.o(i.PeripheralInit)
    RCC_AHBPeriphClockCmd                    0x08006e85   Thumb Code    26  stm32l1xx_rcc.o(i.RCC_AHBPeriphClockCmd)
    RCC_APB1PeriphClockCmd                   0x08006ea5   Thumb Code    26  stm32l1xx_rcc.o(i.RCC_APB1PeriphClockCmd)
    RCC_APB2PeriphClockCmd                   0x08006ec5   Thumb Code    26  stm32l1xx_rcc.o(i.RCC_APB2PeriphClockCmd)
    RCC_APB2PeriphResetCmd                   0x08006ee5   Thumb Code    26  stm32l1xx_rcc.o(i.RCC_APB2PeriphResetCmd)
    RCC_GetClocksFreq                        0x08006f05   Thumb Code   234  stm32l1xx_rcc.o(i.RCC_GetClocksFreq)
    RCC_GetFlagStatus                        0x08007005   Thumb Code    48  stm32l1xx_rcc.o(i.RCC_GetFlagStatus)
    RCC_GetSYSCLKSource                      0x08007039   Thumb Code    10  stm32l1xx_rcc.o(i.RCC_GetSYSCLKSource)
    RCC_HSICmd                               0x08007049   Thumb Code     6  stm32l1xx_rcc.o(i.RCC_HSICmd)
    RCC_LSEConfig                            0x08007055   Thumb Code    12  stm32l1xx_rcc.o(i.RCC_LSEConfig)
    RCC_LSICmd                               0x08007065   Thumb Code     6  stm32l1xx_rcc.o(i.RCC_LSICmd)
    RCC_RTCCLKCmd                            0x08007071   Thumb Code     6  stm32l1xx_rcc.o(i.RCC_RTCCLKCmd)
    RCC_RTCCLKConfig                         0x0800707d   Thumb Code    64  stm32l1xx_rcc.o(i.RCC_RTCCLKConfig)
    REALDATA_DATA_READ                       0x080070c1   Thumb Code    62  bsp_serialdeal.o(i.REALDATA_DATA_READ)
    RTC8025_Read                             0x08007105   Thumb Code   164  bsp_i2c.o(i.RTC8025_Read)
    RTC8025_Reset                            0x080071ad   Thumb Code   342  bsp_i2c.o(i.RTC8025_Reset)
    RTC8025_Write                            0x08007309   Thumb Code   130  bsp_i2c.o(i.RTC8025_Write)
    RTC_Date_Time_To_Second                  0x08007391   Thumb Code   132  bsp_rtc.o(i.RTC_Date_Time_To_Second)
    RTC_Second_To_Date_Time                  0x08007419   Thumb Code   190  bsp_rtc.o(i.RTC_Second_To_Date_Time)
    RTC_WaitForSynchro                       0x080074e1   Thumb Code    92  stm32l1xx_rtc.o(i.RTC_WaitForSynchro)
    ReadFlashHisData                         0x08007559   Thumb Code  2400  bsp_storagedata.o(i.ReadFlashHisData)
    ReadRX8025Control2                       0x08007ebd   Thumb Code    22  bsp_rtc.o(i.ReadRX8025Control2)
    ReadSetFramFlag                          0x08007ed3   Thumb Code    32  bsp_init.o(i.ReadSetFramFlag)
    ReadU16Pointer                           0x08007ef3   Thumb Code    20  bsp_storagedata.o(i.ReadU16Pointer)
    ReadU32Pointer                           0x08007f07   Thumb Code    18  bsp_storagedata.o(i.ReadU32Pointer)
    RecorderBootModeHandle                   0x08007f19   Thumb Code   642  bsp_bootstop.o(i.RecorderBootModeHandle)
    RecorderStopModeHandle                   0x080081ad   Thumb Code    62  bsp_bootstop.o(i.RecorderStopModeHandle)
    RecvByte                                 0x080081f9   Thumb Code    98  bsp_i2c.o(i.RecvByte)
    Relay_Poll                               0x08008261   Thumb Code     6  freemodbus.o(i.Relay_Poll)
    RtcBcdToD10                              0x0800826d   Thumb Code   210  bsp_rtc.o(i.RtcBcdToD10)
    RtcD10ToBcd                              0x0800833f   Thumb Code   148  bsp_rtc.o(i.RtcD10ToBcd)
    SPI_Cmd                                  0x080083d3   Thumb Code    24  stm32l1xx_spi.o(i.SPI_Cmd)
    SPI_FLASH_BufferRead                     0x080083ed   Thumb Code    76  bsp_spi_flash.o(i.SPI_FLASH_BufferRead)
    SPI_FLASH_BufferWrite                    0x0800843d   Thumb Code   290  bsp_spi_flash.o(i.SPI_FLASH_BufferWrite)
    SPI_FLASH_Init                           0x08008561   Thumb Code   256  bsp_spi_flash.o(i.SPI_FLASH_Init)
    SPI_FLASH_PageWrite                      0x0800866d   Thumb Code    92  bsp_spi_flash.o(i.SPI_FLASH_PageWrite)
    SPI_FLASH_SectorErase                    0x080086cd   Thumb Code    62  bsp_spi_flash.o(i.SPI_FLASH_SectorErase)
    SPI_FLASH_SendByte                       0x08008711   Thumb Code    50  bsp_spi_flash.o(i.SPI_FLASH_SendByte)
    SPI_FLASH_WaitForWriteEnd                0x08008749   Thumb Code    44  bsp_spi_flash.o(i.SPI_FLASH_WaitForWriteEnd)
    SPI_FLASH_WriteEnable                    0x08008779   Thumb Code    26  bsp_spi_flash.o(i.SPI_FLASH_WriteEnable)
    SPI_I2S_GetFlagStatus                    0x08008799   Thumb Code    18  stm32l1xx_spi.o(i.SPI_I2S_GetFlagStatus)
    SPI_I2S_ReceiveData                      0x080087ab   Thumb Code     6  stm32l1xx_spi.o(i.SPI_I2S_ReceiveData)
    SPI_I2S_SendData                         0x080087b1   Thumb Code     4  stm32l1xx_spi.o(i.SPI_I2S_SendData)
    SPI_Init                                 0x080087b5   Thumb Code    60  stm32l1xx_spi.o(i.SPI_Init)
    STORAGE_DATA_READ                        0x080087f1   Thumb Code   478  bsp_serialdeal.o(i.STORAGE_DATA_READ)
    SVC_Handler                              0x080089d5   Thumb Code     2  stm32l1xx_it.o(i.SVC_Handler)
    SYSCFG_EXTILineConfig                    0x080089d9   Thumb Code    60  stm32l1xx_syscfg.o(i.SYSCFG_EXTILineConfig)
    SaveDataOnTimeDeal                       0x08008aa1   Thumb Code    72  bsp_storagedata.o(i.SaveDataOnTimeDeal)
    SendByte                                 0x08008cc1   Thumb Code    90  bsp_i2c.o(i.SendByte)
    SensorDataSampleAndDeal                  0x08008d21   Thumb Code   222  bsp_sensordeal.o(i.SensorDataSampleAndDeal)
    SetFlashOverFlow                         0x08009005   Thumb Code    22  bsp_storagedata.o(i.SetFlashOverFlow)
    Start                                    0x08009495   Thumb Code    84  bsp_i2c.o(i.Start)
    Stop                                     0x08009529   Thumb Code    62  bsp_i2c.o(i.Stop)
    StorageHistoryData                       0x0800956d   Thumb Code    48  bsp_storagedata.o(i.StorageHistoryData)
    SysInit                                  0x080095f1   Thumb Code    96  bsp_init.o(i.SysInit)
    SysTick_Handler                          0x08009661   Thumb Code    34  stm32l1xx_it.o(i.SysTick_Handler)
    SysTick_Init                             0x0800968d   Thumb Code   108  bsp_systick.o(i.SysTick_Init)
    SystemInit                               0x08009705   Thumb Code    88  system_stm32l1xx.o(i.SystemInit)
    TIM2_Configuration                       0x0800976d   Thumb Code    76  bsp_timer.o(i.TIM2_Configuration)
    TIM2_IRQHandler                          0x080097b9   Thumb Code   182  stm32l1xx_it.o(i.TIM2_IRQHandler)
    TIM3_IRQHandler                          0x080098a9   Thumb Code    10  porttimer.o(i.TIM3_IRQHandler)
    TIM_ClearFlag                            0x08009929   Thumb Code     6  stm32l1xx_tim.o(i.TIM_ClearFlag)
    TIM_ClearITPendingBit                    0x0800992f   Thumb Code     6  stm32l1xx_tim.o(i.TIM_ClearITPendingBit)
    TIM_Cmd                                  0x08009935   Thumb Code    24  stm32l1xx_tim.o(i.TIM_Cmd)
    TIM_GetITStatus                          0x0800994d   Thumb Code    34  stm32l1xx_tim.o(i.TIM_GetITStatus)
    TIM_ITConfig                             0x0800996f   Thumb Code    18  stm32l1xx_tim.o(i.TIM_ITConfig)
    TIM_TimeBaseInit                         0x08009981   Thumb Code    76  stm32l1xx_tim.o(i.TIM_TimeBaseInit)
    TimingDelay_Decrement                    0x08009e91   Thumb Code    18  bsp_systick.o(i.TimingDelay_Decrement)
    U16ToValue10                             0x08009ea9   Thumb Code    10  bsp_class.o(i.U16ToValue10)
    USART1_Config                            0x0800a0c5   Thumb Code   152  bsp_usart.o(i.USART1_Config)
    USART1_IRQHandler                        0x0800a165   Thumb Code    32  stm32l1xx_it.o(i.USART1_IRQHandler)
    USART3_IRQHandler                        0x0800a18d   Thumb Code   262  portserial.o(i.USART3_IRQHandler)
    USART_Cmd                                0x0800a299   Thumb Code    24  stm32l1xx_usart.o(i.USART_Cmd)
    USART_GetFlagStatus                      0x0800a2b1   Thumb Code    26  stm32l1xx_usart.o(i.USART_GetFlagStatus)
    USART_GetITStatus                        0x0800a2cb   Thumb Code    84  stm32l1xx_usart.o(i.USART_GetITStatus)
    USART_ITConfig                           0x0800a31f   Thumb Code    74  stm32l1xx_usart.o(i.USART_ITConfig)
    USART_Init                               0x0800a369   Thumb Code   198  stm32l1xx_usart.o(i.USART_Init)
    USART_ReceiveData                        0x0800a435   Thumb Code    10  stm32l1xx_usart.o(i.USART_ReceiveData)
    USART_SendData                           0x0800a43f   Thumb Code     8  stm32l1xx_usart.o(i.USART_SendData)
    UsageFault_Handler                       0x0800a447   Thumb Code     4  stm32l1xx_it.o(i.UsageFault_Handler)
    ValueFtToU16                             0x0800a44d   Thumb Code   150  bsp_class.o(i.ValueFtToU16)
    WaitAck                                  0x0800a4ed   Thumb Code   126  bsp_i2c.o(i.WaitAck)
    WriteSetFramFlag                         0x0800a61d   Thumb Code    26  bsp_init.o(i.WriteSetFramFlag)
    WriteU16Pointer                          0x0800a637   Thumb Code    20  bsp_storagedata.o(i.WriteU16Pointer)
    WriteU32Pointer                          0x0800a64b   Thumb Code    20  bsp_storagedata.o(i.WriteU32Pointer)
    __0printf                                0x0800a661   Thumb Code    22  printfa.o(i.__0printf)
    __1printf                                0x0800a661   Thumb Code     0  printfa.o(i.__0printf)
    __2printf                                0x0800a661   Thumb Code     0  printfa.o(i.__0printf)
    __c89printf                              0x0800a661   Thumb Code     0  printfa.o(i.__0printf)
    printf                                   0x0800a661   Thumb Code     0  printfa.o(i.__0printf)
    __0vsprintf                              0x0800a681   Thumb Code    30  printfa.o(i.__0vsprintf)
    __1vsprintf                              0x0800a681   Thumb Code     0  printfa.o(i.__0vsprintf)
    __2vsprintf                              0x0800a681   Thumb Code     0  printfa.o(i.__0vsprintf)
    __c89vsprintf                            0x0800a681   Thumb Code     0  printfa.o(i.__0vsprintf)
    vsprintf                                 0x0800a681   Thumb Code     0  printfa.o(i.__0vsprintf)
    __scatterload_copy                       0x0800a6a5   Thumb Code    14  handlers.o(i.__scatterload_copy)
    __scatterload_null                       0x0800a6b3   Thumb Code     2  handlers.o(i.__scatterload_null)
    __scatterload_zeroinit                   0x0800a6b5   Thumb Code    14  handlers.o(i.__scatterload_zeroinit)
    displayDAY                               0x0800af71   Thumb Code   144  bsp_lcd.o(i.displayDAY)
    displayErr                               0x0800b001   Thumb Code   114  bsp_lcd.o(i.displayErr)
    displayTIME                              0x0800b079   Thumb Code   144  bsp_lcd.o(i.displayTIME)
    displayYEAR                              0x0800b109   Thumb Code   132  bsp_lcd.o(i.displayYEAR)
    eMBEnable                                0x0800b18d   Thumb Code    32  mb.o(i.eMBEnable)
    eMBFuncReadCoils                         0x0800b1b5   Thumb Code   166  mbfunccoils.o(i.eMBFuncReadCoils)
    eMBFuncReadDiscreteInputs                0x0800b25b   Thumb Code   164  mbfuncdisc.o(i.eMBFuncReadDiscreteInputs)
    eMBFuncReadHistoryRegister               0x0800b2ff   Thumb Code   132  mbfunchistory.o(i.eMBFuncReadHistoryRegister)
    eMBFuncReadHoldingRegister               0x0800b383   Thumb Code   132  mbfuncholding.o(i.eMBFuncReadHoldingRegister)
    eMBFuncReadInputRegister                 0x0800b407   Thumb Code   132  mbfuncinput.o(i.eMBFuncReadInputRegister)
    eMBFuncReadRealDataRegister              0x0800b48b   Thumb Code   132  mbfuncrealdata.o(i.eMBFuncReadRealDataRegister)
    eMBFuncReadWriteMultipleHoldingRegister  0x0800b50f   Thumb Code   212  mbfuncholding.o(i.eMBFuncReadWriteMultipleHoldingRegister)
    eMBFuncReportSlaveID                     0x0800b5e5   Thumb Code    30  mbfuncother.o(i.eMBFuncReportSlaveID)
    eMBFuncWriteCoil                         0x0800b60d   Thumb Code   108  mbfunccoils.o(i.eMBFuncWriteCoil)
    eMBFuncWriteHoldingRegister              0x0800b679   Thumb Code    62  mbfuncholding.o(i.eMBFuncWriteHoldingRegister)
    eMBFuncWriteMultipleCoils                0x0800b6b7   Thumb Code   142  mbfunccoils.o(i.eMBFuncWriteMultipleCoils)
    eMBFuncWriteMultipleHoldingRegister      0x0800b745   Thumb Code   106  mbfuncholding.o(i.eMBFuncWriteMultipleHoldingRegister)
    eMBInit                                  0x0800b7b1   Thumb Code   152  mb.o(i.eMBInit)
    eMBPoll                                  0x0800b891   Thumb Code   294  mb.o(i.eMBPoll)
    eMBRTUInit                               0x0800ba15   Thumb Code    84  mbrtu.o(i.eMBRTUInit)
    eMBRTUReceive                            0x0800ba6d   Thumb Code    78  mbrtu.o(i.eMBRTUReceive)
    eMBRTUSend                               0x0800badd   Thumb Code   154  mbrtu.o(i.eMBRTUSend)
    eMBRTUStart                              0x0800bb8d   Thumb Code    30  mbrtu.o(i.eMBRTUStart)
    eMBRTUStop                               0x0800bbb1   Thumb Code    24  mbrtu.o(i.eMBRTUStop)
    eMBRegCoilsCB                            0x0800bbc9   Thumb Code   168  freemodbus.o(i.eMBRegCoilsCB)
    eMBRegDiscreteCB                         0x0800bc7d   Thumb Code   104  freemodbus.o(i.eMBRegDiscreteCB)
    eMBRegHistoryCB                          0x0800bcf5   Thumb Code   118  freemodbus.o(i.eMBRegHistoryCB)
    eMBRegHoldingCB                          0x0800bd7d   Thumb Code   218  freemodbus.o(i.eMBRegHoldingCB)
    eMBRegInputCB                            0x0800be69   Thumb Code   118  freemodbus.o(i.eMBRegInputCB)
    eMBRegRealDataCB                         0x0800bef1   Thumb Code   132  freemodbus.o(i.eMBRegRealDataCB)
    fputc                                    0x0800bf85   Thumb Code    32  bsp_usart.o(i.fputc)
    freemodbus_init                          0x0800bfa9   Thumb Code    34  freemodbus.o(i.freemodbus_init)
    freemodbus_main                          0x0800bfcb   Thumb Code    26  freemodbus.o(i.freemodbus_main)
    lcd_OFF                                  0x0800bfe5   Thumb Code   380  bsp_lcd.o(i.lcd_OFF)
    main                                     0x0800c165   Thumb Code    80  main.o(i.main)
    prveMBError2Exception                    0x0800c259   Thumb Code    34  mbutils.o(i.prveMBError2Exception)
    read_time                                0x0800c2b9   Thumb Code   128  bsp_rtc.o(i.read_time)
    rtc_deel                                 0x0800c33d   Thumb Code   336  bsp_rtc.o(i.rtc_deel)
    serialread_time                          0x0800c4a1   Thumb Code    74  bsp_rtc.o(i.serialread_time)
    set_time                                 0x0800c4f1   Thumb Code    84  bsp_rtc.o(i.set_time)
    usMBCRC16                                0x0800c549   Thumb Code    48  mbcrc.o(i.usMBCRC16)
    vMBPortSerialEnable                      0x0800c581   Thumb Code    94  portserial.o(i.vMBPortSerialEnable)
    vMBPortTimersDisable                     0x0800c5e9   Thumb Code    16  porttimer.o(i.vMBPortTimersDisable)
    vMBPortTimersEnable                      0x0800c5fd   Thumb Code    28  porttimer.o(i.vMBPortTimersEnable)
    xMBOutput                                0x0800c61d   Thumb Code    68  port.o(i.xMBOutput)
    xMBPortEventGet                          0x0800c665   Thumb Code    26  portevent.o(i.xMBPortEventGet)
    xMBPortEventInit                         0x0800c689   Thumb Code    10  portevent.o(i.xMBPortEventInit)
    xMBPortEventPost                         0x0800c699   Thumb Code    16  portevent.o(i.xMBPortEventPost)
    xMBPortSerialGetByte                     0x0800c6b1   Thumb Code    76  portserial.o(i.xMBPortSerialGetByte)
    xMBPortSerialInit                        0x0800c701   Thumb Code    52  portserial.o(i.xMBPortSerialInit)
    xMBPortSerialPutByte                     0x0800c73d   Thumb Code    32  portserial.o(i.xMBPortSerialPutByte)
    xMBPortTimersInit                        0x0800c761   Thumb Code    72  porttimer.o(i.xMBPortTimersInit)
    xMBRTUReceiveFSM                         0x0800c7b9   Thumb Code   122  mbrtu.o(i.xMBRTUReceiveFSM)
    xMBRTUTimerT35Expired                    0x0800c841   Thumb Code    60  mbrtu.o(i.xMBRTUTimerT35Expired)
    xMBRTUTransmitFSM                        0x0800c881   Thumb Code    94  mbrtu.o(i.xMBRTUTransmitFSM)
    xMBUtilGetBits                           0x0800c8ed   Thumb Code    42  mbutils.o(i.xMBUtilGetBits)
    xMBUtilSetBits                           0x0800c917   Thumb Code    96  mbutils.o(i.xMBUtilSetBits)
    lcd_test                                 0x0800c978   Data         128  global.o(.constdata)
    RESET_ADJUST_CURVE1                      0x0800c9f8   Data          30  global.o(.constdata)
    RESET_ADJUST_CURVE2                      0x0800ca16   Data          22  global.o(.constdata)
    RESET_CHANNEL_SETUP_TABLE                0x0800ca2c   Data         104  global.o(.constdata)
    ConfMap_Address                          0x0800ca94   Data          48  global.o(.constdata)
    temp_unit                                0x0800cafc   Data           2  bsp_storagedata.o(.constdata)
    shidu_unit                               0x0800cafe   Data           3  bsp_storagedata.o(.constdata)
    aAPBAHBPrescTable                        0x0800cd48   Data          16  stm32l1xx_hal_rcc.o(.constdata)
    aPLLDivisionFactorTable                  0x0800cd58   Data           4  stm32l1xx_hal_rcc.o(.constdata)
    aPLLMulFactorTable                       0x0800cd5c   Data           9  stm32l1xx_hal_rcc.o(.constdata)
    Region$$Table$$Base                      0x0800cd68   Number         0  anon$$obj.o(Region$$Table)
    Region$$Table$$Limit                     0x0800cd88   Number         0  anon$$obj.o(Region$$Table)
    SystemCoreClock                          0x20000000   Data           4  system_stm32l1xx.o(.data)
    PLLMulTable                              0x20000004   Data           9  system_stm32l1xx.o(.data)
    AHBPrescTable                            0x2000000d   Data          16  system_stm32l1xx.o(.data)
    usRegInputStart                          0x20000036   Data           2  freemodbus.o(.data)
    usRegHoldingStart                        0x20000038   Data           2  freemodbus.o(.data)
    ucRegCoilsBuf                            0x2000003a   Data           2  freemodbus.o(.data)
    ucRegCoilsRerv                           0x2000003c   Data           2  freemodbus.o(.data)
    ucRegDiscreteBuf                         0x2000003e   Data           2  freemodbus.o(.data)
    ucRegDiscreteRerv                        0x20000040   Data           2  freemodbus.o(.data)
    TimingDelay                              0x20000044   Data           4  bsp_systick.o(.data)
    display_ct                               0x20000048   Data           1  global.o(.data)
    AdjustCurveFirAddress                    0x2000004c   Data           8  global.o(.data)
    PManage                                  0x20000054   Data           6  global.o(.data)
    Key                                      0x2000005a   Data           3  global.o(.data)
    JlySensor                                0x2000005d   Data           2  global.o(.data)
    rtc_pt                                   0x2000005f   Data           1  global.o(.data)
    uAddress                                 0x20000060   Data           1  global.o(.data)
    Key1ChangAnCount                         0x20000061   Data           1  global.o(.data)
    ChannelForDisplay                        0x20000062   Data           1  global.o(.data)
    StartedChannelForDisplay                 0x20000063   Data           1  global.o(.data)
    Started_Channel                          0x20000064   Data           1  global.o(.data)
    SYS_CLK                                  0x20000068   Data           4  global.o(.data)
    SysTickTestCount                         0x2000006c   Data           4  global.o(.data)
    temptest                                 0x20000070   Data           4  global.o(.data)
    month_days                               0x20000074   Data          24  bsp_rtc.o(.data)
    pxMBFrameCBByteReceived                  0x20000164   Data           4  mb.o(.data)
    pxMBFrameCBTransmitterEmpty              0x20000168   Data           4  mb.o(.data)
    pxMBPortCBTimerExpired                   0x2000016c   Data           4  mb.o(.data)
    pxMBFrameCBReceiveFSMCur                 0x20000170   Data           4  mb.o(.data)
    pxMBFrameCBTransmitFSMCur                0x20000174   Data           4  mb.o(.data)
    __stdout                                 0x2000018c   Data           4  stdout.o(.data)
    usRegInputBuf                            0x20000190   Data        1024  freemodbus.o(.bss)
    usRegHoldingBuf                          0x20000590   Data        1024  freemodbus.o(.bss)
    DataBuf                                  0x20000990   Data          70  global.o(.bss)
    Flag                                     0x200009d6   Data          36  global.o(.bss)
    Rtc                                      0x200009fc   Data          20  global.o(.bss)
    Queue                                    0x20000a10   Data          40  global.o(.bss)
    JlyParam                                 0x20000a38   Data         132  global.o(.bss)
    Conf                                     0x20000abc   Data        3232  global.o(.bss)
    adc                                      0x2000175c   Data          64  global.o(.bss)
    adcCopy                                  0x2000179c   Data          64  global.o(.bss)
    ADC_ConvertedValue                       0x200017dc   Data          64  global.o(.bss)
    FlagSeniorErr                            0x2000181c   Data          32  global.o(.bss)
    ChannelDataFloat                         0x2000183c   Data         128  global.o(.bss)
    ucRTUBuf                                 0x20001adc   Data         256  mbrtu.o(.bss)
    __initial_sp                             0x20002060   Data           0  startup_stm32l1xx_hd.o(STACK)



==============================================================================

Memory Map of the image

  Image Entry point : 0x08000125

  Load Region LR_IROM1 (Base: 0x08000000, Size: 0x0000cf18, Max: 0x00060000, ABSOLUTE, COMPRESSED[0x0000ce34])

    Execution Region ER_IROM1 (Base: 0x08000000, Size: 0x0000cd88, Max: 0x00060000, ABSOLUTE)

    Base Addr    Size         Type   Attr      Idx    E Section Name        Object

    0x08000000   0x00000124   Data   RO            3    RESET               startup_stm32l1xx_hd.o
    0x08000124   0x00000000   Code   RO         6099  * .ARM.Collect$$$$00000000  mc_w.l(entry.o)
    0x08000124   0x00000004   Code   RO         6399    .ARM.Collect$$$$00000001  mc_w.l(entry2.o)
    0x08000128   0x00000004   Code   RO         6402    .ARM.Collect$$$$00000004  mc_w.l(entry5.o)
    0x0800012c   0x00000000   Code   RO         6404    .ARM.Collect$$$$00000008  mc_w.l(entry7b.o)
    0x0800012c   0x00000000   Code   RO         6406    .ARM.Collect$$$$0000000A  mc_w.l(entry8b.o)
    0x0800012c   0x00000008   Code   RO         6407    .ARM.Collect$$$$0000000B  mc_w.l(entry9a.o)
    0x08000134   0x00000000   Code   RO         6409    .ARM.Collect$$$$0000000D  mc_w.l(entry10a.o)
    0x08000134   0x00000000   Code   RO         6411    .ARM.Collect$$$$0000000F  mc_w.l(entry11a.o)
    0x08000134   0x00000004   Code   RO         6400    .ARM.Collect$$$$00002712  mc_w.l(entry2.o)
    0x08000138   0x00000024   Code   RO            4    .text               startup_stm32l1xx_hd.o
    0x0800015c   0x00000024   Code   RO         6102    .text               mc_w.l(memcpya.o)
    0x08000180   0x00000024   Code   RO         6104    .text               mc_w.l(memseta.o)
    0x080001a4   0x000000b0   Code   RO         6369    .text               mf_w.l(fadd.o)
    0x08000254   0x0000006c   Code   RO         6371    .text               mf_w.l(fmul.o)
    0x080002c0   0x00000080   Code   RO         6373    .text               mf_w.l(fdiv.o)
    0x08000340   0x0000014e   Code   RO         6375    .text               mf_w.l(dadd.o)
    0x0800048e   0x000000e4   Code   RO         6377    .text               mf_w.l(dmul.o)
    0x08000572   0x000000de   Code   RO         6379    .text               mf_w.l(ddiv.o)
    0x08000650   0x00000012   Code   RO         6381    .text               mf_w.l(fflti.o)
    0x08000662   0x0000000a   Code   RO         6383    .text               mf_w.l(ffltui.o)
    0x0800066c   0x00000028   Code   RO         6385    .text               mf_w.l(ffixui.o)
    0x08000694   0x00000026   Code   RO         6387    .text               mf_w.l(f2d.o)
    0x080006ba   0x00000002   PAD
    0x080006bc   0x00000028   Code   RO         6389    .text               mf_w.l(cdcmple.o)
    0x080006e4   0x00000028   Code   RO         6391    .text               mf_w.l(cdrcmple.o)
    0x0800070c   0x00000038   Code   RO         6393    .text               mf_w.l(d2f.o)
    0x08000744   0x00000014   Code   RO         6395    .text               mf_w.l(cfcmple.o)
    0x08000758   0x00000014   Code   RO         6397    .text               mf_w.l(cfrcmple.o)
    0x0800076c   0x0000002c   Code   RO         6414    .text               mc_w.l(uidiv.o)
    0x08000798   0x00000062   Code   RO         6416    .text               mc_w.l(uldiv.o)
    0x080007fa   0x0000001e   Code   RO         6418    .text               mc_w.l(llshl.o)
    0x08000818   0x00000024   Code   RO         6420    .text               mc_w.l(llsshr.o)
    0x0800083c   0x00000000   Code   RO         6422    .text               mc_w.l(iusefp.o)
    0x0800083c   0x0000006c   Code   RO         6423    .text               mf_w.l(fepilogue.o)
    0x080008a8   0x000000be   Code   RO         6425    .text               mf_w.l(depilogue.o)
    0x08000966   0x00000030   Code   RO         6427    .text               mf_w.l(dfixul.o)
    0x08000996   0x00000002   PAD
    0x08000998   0x00000024   Code   RO         6429    .text               mc_w.l(init.o)
    0x080009bc   0x00000020   Code   RO         6431    .text               mc_w.l(llushr.o)
    0x080009dc   0x0000005c   Code   RO         6441    .text               mc_w.l(__dczerorl2.o)
    0x08000a38   0x00000050   Code   RO         2922    i.ADC1_GPIO_Config  bsp_adc.o
    0x08000a88   0x0000001e   Code   RO         2923    i.ADC1_Init         bsp_adc.o
    0x08000aa6   0x00000002   PAD
    0x08000aa8   0x00000130   Code   RO         2924    i.ADC1_Mode_Config  bsp_adc.o
    0x08000bd8   0x00000016   Code   RO          332    i.ADC_Cmd           stm32l1xx_adc.o
    0x08000bee   0x00000016   Code   RO          336    i.ADC_DMACmd        stm32l1xx_adc.o
    0x08000c04   0x00000016   Code   RO          337    i.ADC_DMARequestAfterLastTransferCmd  stm32l1xx_adc.o
    0x08000c1a   0x00000002   PAD
    0x08000c1c   0x00000020   Code   RO          338    i.ADC_DeInit        stm32l1xx_adc.o
    0x08000c3c   0x00000012   Code   RO          346    i.ADC_GetFlagStatus  stm32l1xx_adc.o
    0x08000c4e   0x00000002   PAD
    0x08000c50   0x00000054   Code   RO          352    i.ADC_Init          stm32l1xx_adc.o
    0x08000ca4   0x00000158   Code   RO          357    i.ADC_RegularChannelConfig  stm32l1xx_adc.o
    0x08000dfc   0x0000000a   Code   RO          359    i.ADC_SoftwareStartConv  stm32l1xx_adc.o
    0x08000e06   0x0000001a   Code   RO          361    i.ADC_StructInit    stm32l1xx_adc.o
    0x08000e20   0x00000050   Code   RO         3357    i.Ack               bsp_i2c.o
    0x08000e70   0x000000c0   Code   RO         3617    i.AlarmAction       bsp_alarmdeal.o
    0x08000f30   0x00000020   Code   RO         3750    i.AlarmConfDataUpdate  bsp_serialdeal.o
    0x08000f50   0x000002c0   Code   RO         3618    i.AlarmDeal         bsp_alarmdeal.o
    0x08001210   0x000000f4   Code   RO         3651    i.BatteryVoltageDetection  bsp_powerdeal.o
    0x08001304   0x000002c0   Code   RO         3652    i.BatteryVoltage_ADC1config  bsp_powerdeal.o
    0x080015c4   0x0000003c   Code   RO         3619    i.BellNn            bsp_alarmdeal.o
    0x08001600   0x0000003c   Code   RO         3620    i.BellNn_longer     bsp_alarmdeal.o
    0x0800163c   0x00000004   Code   RO         2722    i.BusFault_Handler  stm32l1xx_it.o
    0x08001640   0x00000002   Code   RO         2440    i.Button_Config     freemodbus.o
    0x08001642   0x00000002   PAD
    0x08001644   0x0000000c   Code   RO         2441    i.Button_Poll       freemodbus.o
    0x08001650   0x0000001a   Code   RO         3468    i.Change3BytesTimeToLong  bsp_class.o
    0x0800166a   0x00000002   PAD
    0x0800166c   0x0000017c   Code   RO         3824    i.ChannelDataDeal   bsp_storagedata.o
    0x080017e8   0x00000008   Code   RO         3469    i.Char_to_Int       bsp_class.o
    0x080017f0   0x00000034   Code   RO         3621    i.CloseAlarm        bsp_alarmdeal.o
    0x08001824   0x0000001c   Code   RO          559    i.DMA_ClearFlag     stm32l1xx_dma.o
    0x08001840   0x00000018   Code   RO          561    i.DMA_Cmd           stm32l1xx_dma.o
    0x08001858   0x0000014c   Code   RO          562    i.DMA_DeInit        stm32l1xx_dma.o
    0x080019a4   0x0000002c   Code   RO          564    i.DMA_GetFlagStatus  stm32l1xx_dma.o
    0x080019d0   0x0000003c   Code   RO          567    i.DMA_Init          stm32l1xx_dma.o
    0x08001a0c   0x00000002   Code   RO         2723    i.DebugMon_Handler  stm32l1xx_it.o
    0x08001a0e   0x00000002   Code   RO         3358    i.Delay             bsp_i2c.o
    0x08001a10   0x00000028   Code   RO         2891    i.Delay_ms          bsp_systick.o
    0x08001a38   0x000000a0   Code   RO         2975    i.Display_ChannelValue  bsp_lcd.o
    0x08001ad8   0x00000248   Code   RO         2977    i.Display_Mem       bsp_lcd.o
    0x08001d20   0x00000028   Code   RO         2978    i.Display_NUL       bsp_lcd.o
    0x08001d48   0x00000120   Code   RO         2979    i.Display_SN        bsp_lcd.o
    0x08001e68   0x00000044   Code   RO         3680    i.DoGatherChannelDataFloat  bsp_sensordeal.o
    0x08001eac   0x000000ec   Code   RO         3825    i.DownFlash_HisData  bsp_storagedata.o
    0x08001f98   0x00000080   Code   RO         2724    i.EXTI0_IRQHandler  stm32l1xx_it.o
    0x08002018   0x00000076   Code   RO         2944    i.EXTI15_10_Config  bsp_exti_key.o
    0x0800208e   0x00000002   PAD
    0x08002090   0x00000110   Code   RO         2725    i.EXTI15_10_IRQHandler  stm32l1xx_it.o
    0x080021a0   0x0000000c   Code   RO          632    i.EXTI_ClearITPendingBit  stm32l1xx_exti.o
    0x080021ac   0x00000018   Code   RO          636    i.EXTI_GetITStatus  stm32l1xx_exti.o
    0x080021c4   0x00000094   Code   RO          637    i.EXTI_Init         stm32l1xx_exti.o
    0x08002258   0x00000004   Code   RO         4190    i.EnterCriticalSection  BTBUS_Library.lib(port.o)
    0x0800225c   0x0000003c   Code   RO         3903    i.EnterLowPower     bsp_lowpowerdeal.o
    0x08002298   0x00000014   Code   RO         3904    i.EnterStopModePowerDeal  bsp_lowpowerdeal.o
    0x080022ac   0x00000004   Code   RO         2442    i.Error_Handler     freemodbus.o
    0x080022b0   0x00000004   Code   RO         4191    i.ExitCriticalSection  BTBUS_Library.lib(port.o)
    0x080022b4   0x000002f4   Code   RO         3653    i.ExternalPowerDetection  bsp_powerdeal.o
    0x080025a8   0x00000044   Code   RO         3654    i.FirstCheckExternPower  bsp_powerdeal.o
    0x080025ec   0x0000004c   Code   RO         2809    i.FirstScanSysData  bsp_init.o
    0x08002638   0x00000060   Code   RO         2981    i.FisrtPowerOnDisplay  bsp_lcd.o
    0x08002698   0x000000b8   Code   RO         3359    i.Fram_Read         bsp_i2c.o
    0x08002750   0x00000098   Code   RO         3360    i.Fram_Write        bsp_i2c.o
    0x080027e8   0x00000084   Code   RO          686    i.GPIO_Init         stm32l1xx_gpio.o
    0x0800286c   0x00000046   Code   RO          687    i.GPIO_PinAFConfig  stm32l1xx_gpio.o
    0x080028b2   0x00000012   Code   RO          690    i.GPIO_ReadInputDataBit  stm32l1xx_gpio.o
    0x080028c4   0x00000004   Code   RO          693    i.GPIO_ResetBits    stm32l1xx_gpio.o
    0x080028c8   0x00000004   Code   RO          694    i.GPIO_SetBits      stm32l1xx_gpio.o
    0x080028cc   0x00000198   Code   RO         2811    i.General_GPIO_Config  bsp_init.o
    0x08002a64   0x00000054   Code   RO         3470    i.GetRecIntervalTime  bsp_class.o
    0x08002ab8   0x00000016   Code   RO         3681    i.GetStartChanel    bsp_sensordeal.o
    0x08002ace   0x00000002   PAD
    0x08002ad0   0x000001dc   Code   RO         4129    i.HAL_GPIO_Init     BTBUS_Library.lib(stm32l1xx_hal_gpio.o)
    0x08002cac   0x0000001c   Code   RO         3925    i.HAL_NVIC_EnableIRQ  BTBUS_Library.lib(stm32l1xx_hal_cortex.o)
    0x08002cc8   0x0000007c   Code   RO         3931    i.HAL_NVIC_SetPriority  BTBUS_Library.lib(stm32l1xx_hal_cortex.o)
    0x08002d44   0x00000038   Code   RO         5945    i.HAL_RCC_GetHCLKFreq  BTBUS_Library.lib(stm32l1xx_hal_rcc.o)
    0x08002d7c   0x0000002c   Code   RO         5947    i.HAL_RCC_GetPCLK1Freq  BTBUS_Library.lib(stm32l1xx_hal_rcc.o)
    0x08002da8   0x0000002c   Code   RO         5948    i.HAL_RCC_GetPCLK2Freq  BTBUS_Library.lib(stm32l1xx_hal_rcc.o)
    0x08002dd4   0x000000bc   Code   RO         5949    i.HAL_RCC_GetSysClockFreq  BTBUS_Library.lib(stm32l1xx_hal_rcc.o)
    0x08002e90   0x00000034   Code   RO         4858    i.HAL_TIM_Base_Init  BTBUS_Library.lib(stm32l1xx_hal_tim.o)
    0x08002ec4   0x00000038   Code   RO         2321    i.HAL_TIM_Base_MspInit  stm32l1xx_hal_msp.o
    0x08002efc   0x0000002c   Code   RO         4863    i.HAL_TIM_Base_Start_IT  BTBUS_Library.lib(stm32l1xx_hal_tim.o)
    0x08002f28   0x00000036   Code   RO         4866    i.HAL_TIM_Base_Stop_IT  BTBUS_Library.lib(stm32l1xx_hal_tim.o)
    0x08002f5e   0x00000002   Code   RO         4887    i.HAL_TIM_IC_CaptureCallback  BTBUS_Library.lib(stm32l1xx_hal_tim.o)
    0x08002f60   0x00000152   Code   RO         4900    i.HAL_TIM_IRQHandler  BTBUS_Library.lib(stm32l1xx_hal_tim.o)
    0x080030b2   0x00000002   Code   RO         4903    i.HAL_TIM_OC_DelayElapsedCallback  BTBUS_Library.lib(stm32l1xx_hal_tim.o)
    0x080030b4   0x00000002   Code   RO         4930    i.HAL_TIM_PWM_PulseFinishedCallback  BTBUS_Library.lib(stm32l1xx_hal_tim.o)
    0x080030b6   0x0000000a   Code   RO         4740    i.HAL_TIM_PeriodElapsedCallback  BTBUS_Library.lib(porttimer.o)
    0x080030c0   0x00000002   Code   RO         4941    i.HAL_TIM_TriggerCallback  BTBUS_Library.lib(stm32l1xx_hal_tim.o)
    0x080030c2   0x00000002   Code   RO         5501    i.HAL_UART_ErrorCallback  BTBUS_Library.lib(stm32l1xx_hal_uart.o)
    0x080030c4   0x0000006e   Code   RO         5505    i.HAL_UART_Init     BTBUS_Library.lib(stm32l1xx_hal_uart.o)
    0x08003132   0x00000002   PAD
    0x08003134   0x000000a8   Code   RO         2323    i.HAL_UART_MspInit  stm32l1xx_hal_msp.o
    0x080031dc   0x00000040   Code   RO         5510    i.HAL_UART_Receive_End  BTBUS_Library.lib(stm32l1xx_hal_uart.o)
    0x0800321c   0x00000098   Code   RO         5511    i.HAL_UART_Receive_IT  BTBUS_Library.lib(stm32l1xx_hal_uart.o)
    0x080032b4   0x00000110   Code   RO         3751    i.HISTORY_DATA_READ  bsp_serialdeal.o
    0x080033c4   0x00000004   Code   RO         2726    i.HardFault_Handler  stm32l1xx_it.o
    0x080033c8   0x00000204   Code   RO         3682    i.HumiChang_to_Shishu  bsp_sensordeal.o
    0x080035cc   0x00000138   Code   RO         3683    i.Humi_Adjust       bsp_sensordeal.o
    0x08003704   0x0000002c   Code   RO         2812    i.I2C_GPIO_Config   bsp_init.o
    0x08003730   0x00000120   Code   RO         3752    i.JlyConfDataUpData  bsp_serialdeal.o
    0x08003850   0x0000005c   Code   RO         3510    i.JlyOffDeal        bsp_datadeal.o
    0x080038ac   0x00000058   Code   RO         3511    i.JlySecDeal        bsp_datadeal.o
    0x08003904   0x00000048   Code   RO         3684    i.JudgingChannelNumberDisplay  bsp_sensordeal.o
    0x0800394c   0x0000004c   Code   RO         2945    i.KEY_GPIO_Config   bsp_exti_key.o
    0x08003998   0x00000264   Code   RO         2946    i.KeyDeal           bsp_exti_key.o
    0x08003bfc   0x0000000c   Code   RO          778    i.LCD_Cmd           stm32l1xx_lcd.o
    0x08003c08   0x0000001c   Code   RO          779    i.LCD_ContrastConfig  stm32l1xx_lcd.o
    0x08003c24   0x00000030   Code   RO         2982    i.LCD_GLASS_Clear   bsp_lcd.o
    0x08003c54   0x00000066   Code   RO         2985    i.LCD_GLASS_Init    bsp_lcd.o
    0x08003cba   0x00000002   PAD
    0x08003cbc   0x00000234   Code   RO         2987    i.LCD_GPIOConfig    bsp_lcd.o
    0x08003ef0   0x00000018   Code   RO          782    i.LCD_GetFlagStatus  stm32l1xx_lcd.o
    0x08003f08   0x00000054   Code   RO          786    i.LCD_Init          stm32l1xx_lcd.o
    0x08003f5c   0x0000001c   Code   RO          788    i.LCD_PulseOnDurationConfig  stm32l1xx_lcd.o
    0x08003f78   0x0000000e   Code   RO          789    i.LCD_StructInit    stm32l1xx_lcd.o
    0x08003f86   0x00000002   PAD
    0x08003f88   0x0000000c   Code   RO          790    i.LCD_UpdateDisplayRequest  stm32l1xx_lcd.o
    0x08003f94   0x00000020   Code   RO          791    i.LCD_WaitForSynchro  stm32l1xx_lcd.o
    0x08003fb4   0x00000002   Code   RO         2444    i.LED_Config        freemodbus.o
    0x08003fb6   0x00000002   PAD
    0x08003fb8   0x00000034   Code   RO         2445    i.LED_Poll          freemodbus.o
    0x08003fec   0x00000054   Code   RO         3512    i.LOWorNomalMode    bsp_datadeal.o
    0x08004040   0x000001fc   Code   RO         2988    i.Lcd_ChannelValue  bsp_lcd.o
    0x0800423c   0x00000218   Code   RO         2989    i.Lcd_Dis10Value    bsp_lcd.o
    0x08004454   0x00000218   Code   RO         2990    i.Lcd_Dis11Value    bsp_lcd.o
    0x0800466c   0x00000218   Code   RO         2991    i.Lcd_Dis12Value    bsp_lcd.o
    0x08004884   0x00000280   Code   RO         2992    i.Lcd_Dis13Value    bsp_lcd.o
    0x08004b04   0x00000280   Code   RO         2993    i.Lcd_Dis14Value    bsp_lcd.o
    0x08004d84   0x00000280   Code   RO         2994    i.Lcd_Dis15Value    bsp_lcd.o
    0x08005004   0x00000280   Code   RO         2995    i.Lcd_Dis1Value     bsp_lcd.o
    0x08005284   0x00000354   Code   RO         2996    i.Lcd_Dis2Value     bsp_lcd.o
    0x080055d8   0x000003c0   Code   RO         2997    i.Lcd_Dis3Value     bsp_lcd.o
    0x08005998   0x00000384   Code   RO         2998    i.Lcd_Dis4Value     bsp_lcd.o
    0x08005d1c   0x000002b4   Code   RO         2999    i.Lcd_Dis5Value     bsp_lcd.o
    0x08005fd0   0x00000218   Code   RO         3000    i.Lcd_Dis6Value     bsp_lcd.o
    0x080061e8   0x00000280   Code   RO         3001    i.Lcd_Dis7Value     bsp_lcd.o
    0x08006468   0x00000280   Code   RO         3002    i.Lcd_Dis8Value     bsp_lcd.o
    0x080066e8   0x00000280   Code   RO         3003    i.Lcd_Dis9Value     bsp_lcd.o
    0x08006968   0x00000004   Code   RO         2727    i.MemManage_Handler  stm32l1xx_it.o
    0x0800696c   0x00000002   Code   RO         2728    i.NMI_Handler       stm32l1xx_it.o
    0x0800696e   0x0000002a   Code   RO         3176    i.NVIC_Configuration  bsp_usart.o
    0x08006998   0x00000010   Code   RO         3938    i.NVIC_GetPriorityGrouping  BTBUS_Library.lib(stm32l1xx_hal_cortex.o)
    0x080069a8   0x00000078   Code   RO          289    i.NVIC_Init         misc.o
    0x08006a20   0x00000014   Code   RO          290    i.NVIC_PriorityGroupConfig  misc.o
    0x08006a34   0x00000028   Code   RO         3939    i.NVIC_SetPriority  BTBUS_Library.lib(stm32l1xx_hal_cortex.o)
    0x08006a5c   0x00000050   Code   RO         2813    i.OffPowerSupply    bsp_init.o
    0x08006aac   0x000000c8   Code   RO         3513    i.OneSecTimedeal    bsp_datadeal.o
    0x08006b74   0x00000100   Code   RO         3753    i.PARAM_DATA_READ   bsp_serialdeal.o
    0x08006c74   0x000001c8   Code   RO         3754    i.PARAM_DATA_WRITE  bsp_serialdeal.o
    0x08006e3c   0x0000000c   Code   RO          899    i.PWR_RTCAccessCmd  stm32l1xx_pwr.o
    0x08006e48   0x00000002   Code   RO         2729    i.PendSV_Handler    stm32l1xx_it.o
    0x08006e4a   0x00000038   Code   RO         2814    i.PeripheralInit    bsp_init.o
    0x08006e82   0x00000002   PAD
    0x08006e84   0x00000020   Code   RO          979    i.RCC_AHBPeriphClockCmd  stm32l1xx_rcc.o
    0x08006ea4   0x00000020   Code   RO          982    i.RCC_APB1PeriphClockCmd  stm32l1xx_rcc.o
    0x08006ec4   0x00000020   Code   RO          985    i.RCC_APB2PeriphClockCmd  stm32l1xx_rcc.o
    0x08006ee4   0x00000020   Code   RO          987    i.RCC_APB2PeriphResetCmd  stm32l1xx_rcc.o
    0x08006f04   0x00000100   Code   RO          994    i.RCC_GetClocksFreq  stm32l1xx_rcc.o
    0x08007004   0x00000034   Code   RO          995    i.RCC_GetFlagStatus  stm32l1xx_rcc.o
    0x08007038   0x00000010   Code   RO          997    i.RCC_GetSYSCLKSource  stm32l1xx_rcc.o
    0x08007048   0x0000000c   Code   RO         1000    i.RCC_HSICmd        stm32l1xx_rcc.o
    0x08007054   0x00000010   Code   RO         1003    i.RCC_LSEConfig     stm32l1xx_rcc.o
    0x08007064   0x0000000c   Code   RO         1004    i.RCC_LSICmd        stm32l1xx_rcc.o
    0x08007070   0x0000000c   Code   RO         1012    i.RCC_RTCCLKCmd     stm32l1xx_rcc.o
    0x0800707c   0x00000044   Code   RO         1013    i.RCC_RTCCLKConfig  stm32l1xx_rcc.o
    0x080070c0   0x00000044   Code   RO         3755    i.REALDATA_DATA_READ  bsp_serialdeal.o
    0x08007104   0x000000a8   Code   RO         3361    i.RTC8025_Read      bsp_i2c.o
    0x080071ac   0x0000015c   Code   RO         3362    i.RTC8025_Reset     bsp_i2c.o
    0x08007308   0x00000088   Code   RO         3363    i.RTC8025_Write     bsp_i2c.o
    0x08007390   0x00000088   Code   RO         3543    i.RTC_Date_Time_To_Second  bsp_rtc.o
    0x08007418   0x000000c8   Code   RO         3544    i.RTC_Second_To_Date_Time  bsp_rtc.o
    0x080074e0   0x00000060   Code   RO         1265    i.RTC_WaitForSynchro  stm32l1xx_rtc.o
    0x08007540   0x00000018   Code   RO         3756    i.ReadBatVoltage    bsp_serialdeal.o
    0x08007558   0x00000964   Code   RO         3826    i.ReadFlashHisData  bsp_storagedata.o
    0x08007ebc   0x00000016   Code   RO         3545    i.ReadRX8025Control2  bsp_rtc.o
    0x08007ed2   0x00000020   Code   RO         2815    i.ReadSetFramFlag   bsp_init.o
    0x08007ef2   0x00000014   Code   RO         3828    i.ReadU16Pointer    bsp_storagedata.o
    0x08007f06   0x00000012   Code   RO         3829    i.ReadU32Pointer    bsp_storagedata.o
    0x08007f18   0x00000294   Code   RO         3806    i.RecorderBootModeHandle  bsp_bootstop.o
    0x080081ac   0x0000004c   Code   RO         3807    i.RecorderStopModeHandle  bsp_bootstop.o
    0x080081f8   0x00000068   Code   RO         3364    i.RecvByte          bsp_i2c.o
    0x08008260   0x0000000c   Code   RO         2450    i.Relay_Poll        freemodbus.o
    0x0800826c   0x000000d2   Code   RO         3547    i.RtcBcdToD10       bsp_rtc.o
    0x0800833e   0x00000094   Code   RO         3548    i.RtcD10ToBcd       bsp_rtc.o
    0x080083d2   0x00000018   Code   RO         2144    i.SPI_Cmd           stm32l1xx_spi.o
    0x080083ea   0x00000002   PAD
    0x080083ec   0x00000050   Code   RO         3234    i.SPI_FLASH_BufferRead  bsp_spi_flash.o
    0x0800843c   0x00000122   Code   RO         3235    i.SPI_FLASH_BufferWrite  bsp_spi_flash.o
    0x0800855e   0x00000002   PAD
    0x08008560   0x0000010c   Code   RO         3237    i.SPI_FLASH_Init    bsp_spi_flash.o
    0x0800866c   0x00000060   Code   RO         3238    i.SPI_FLASH_PageWrite  bsp_spi_flash.o
    0x080086cc   0x00000044   Code   RO         3242    i.SPI_FLASH_SectorErase  bsp_spi_flash.o
    0x08008710   0x00000038   Code   RO         3243    i.SPI_FLASH_SendByte  bsp_spi_flash.o
    0x08008748   0x00000030   Code   RO         3247    i.SPI_FLASH_WaitForWriteEnd  bsp_spi_flash.o
    0x08008778   0x00000020   Code   RO         3248    i.SPI_FLASH_WriteEnable  bsp_spi_flash.o
    0x08008798   0x00000012   Code   RO         2152    i.SPI_I2S_GetFlagStatus  stm32l1xx_spi.o
    0x080087aa   0x00000006   Code   RO         2155    i.SPI_I2S_ReceiveData  stm32l1xx_spi.o
    0x080087b0   0x00000004   Code   RO         2156    i.SPI_I2S_SendData  stm32l1xx_spi.o
    0x080087b4   0x0000003c   Code   RO         2157    i.SPI_Init          stm32l1xx_spi.o
    0x080087f0   0x000001e4   Code   RO         3757    i.STORAGE_DATA_READ  bsp_serialdeal.o
    0x080089d4   0x00000002   Code   RO         2730    i.SVC_Handler       stm32l1xx_it.o
    0x080089d6   0x00000002   PAD
    0x080089d8   0x00000040   Code   RO         2056    i.SYSCFG_EXTILineConfig  stm32l1xx_syscfg.o
    0x08008a18   0x00000038   Code   RO         3685    i.SamplingDataAveraging  bsp_sensordeal.o
    0x08008a50   0x00000050   Code   RO         3686    i.SamplingDataDealGather  bsp_sensordeal.o
    0x08008aa0   0x00000050   Code   RO         3830    i.SaveDataOnTimeDeal  bsp_storagedata.o
    0x08008af0   0x000001d0   Code   RO         3831    i.SaveHisDataToFlash  bsp_storagedata.o
    0x08008cc0   0x00000060   Code   RO         3365    i.SendByte          bsp_i2c.o
    0x08008d20   0x00000100   Code   RO         3687    i.SensorDataSampleAndDeal  bsp_sensordeal.o
    0x08008e20   0x000001e4   Code   RO         3688    i.SensorTypeDataDeal  bsp_sensordeal.o
    0x08009004   0x0000001c   Code   RO         3832    i.SetFlashOverFlow  bsp_storagedata.o
    0x08009020   0x0000017c   Code   RO         2816    i.SetJlyParamData   bsp_init.o
    0x0800919c   0x000001ec   Code   RO         3758    i.SetJlyParamJudgeSensorTypeChannelSwitch  bsp_serialdeal.o
    0x08009388   0x0000010c   Code   RO           24    i.SetSysClock       system_stm32l1xx.o
    0x08009494   0x00000058   Code   RO         3366    i.Start             bsp_i2c.o
    0x080094ec   0x0000003c   Code   RO         3689    i.StartAdcSampleData  bsp_sensordeal.o
    0x08009528   0x00000044   Code   RO         3367    i.Stop              bsp_i2c.o
    0x0800956c   0x0000003c   Code   RO         3833    i.StorageHistoryData  bsp_storagedata.o
    0x080095a8   0x00000048   Code   RO         2817    i.SysClock_Config   bsp_init.o
    0x080095f0   0x00000070   Code   RO         2819    i.SysInit           bsp_init.o
    0x08009660   0x0000002c   Code   RO         2731    i.SysTick_Handler   stm32l1xx_it.o
    0x0800968c   0x00000078   Code   RO         2892    i.SysTick_Init      bsp_systick.o
    0x08009704   0x00000068   Code   RO           26    i.SystemInit        system_stm32l1xx.o
    0x0800976c   0x0000004c   Code   RO         3451    i.TIM2_Configuration  bsp_timer.o
    0x080097b8   0x000000c4   Code   RO         2732    i.TIM2_IRQHandler   stm32l1xx_it.o
    0x0800987c   0x0000002a   Code   RO         3452    i.TIM2_NVIC_Configuration  bsp_timer.o
    0x080098a6   0x00000002   PAD
    0x080098a8   0x00000010   Code   RO         4741    i.TIM3_IRQHandler   BTBUS_Library.lib(porttimer.o)
    0x080098b8   0x00000070   Code   RO         4942    i.TIM_Base_SetConfig  BTBUS_Library.lib(stm32l1xx_hal_tim.o)
    0x08009928   0x00000006   Code   RO         1555    i.TIM_ClearFlag     stm32l1xx_tim.o
    0x0800992e   0x00000006   Code   RO         1556    i.TIM_ClearITPendingBit  stm32l1xx_tim.o
    0x08009934   0x00000018   Code   RO         1561    i.TIM_Cmd           stm32l1xx_tim.o
    0x0800994c   0x00000022   Code   RO         1581    i.TIM_GetITStatus   stm32l1xx_tim.o
    0x0800996e   0x00000012   Code   RO         1585    i.TIM_ITConfig      stm32l1xx_tim.o
    0x08009980   0x00000060   Code   RO         1629    i.TIM_TimeBaseInit  stm32l1xx_tim.o
    0x080099e0   0x00000204   Code   RO         3690    i.TempChang_to_Shishu  bsp_sensordeal.o
    0x08009be4   0x00000238   Code   RO         3691    i.Temp_Adjust       bsp_sensordeal.o
    0x08009e1c   0x00000074   Code   RO         2820    i.TestFramIsOrNotOk  bsp_init.o
    0x08009e90   0x00000018   Code   RO         2893    i.TimingDelay_Decrement  bsp_systick.o
    0x08009ea8   0x0000000a   Code   RO         3471    i.U16ToValue10      bsp_class.o
    0x08009eb2   0x00000002   PAD
    0x08009eb4   0x00000210   Code   RO         5526    i.UART_SetConfig    BTBUS_Library.lib(stm32l1xx_hal_uart.o)
    0x0800a0c4   0x000000a0   Code   RO         3177    i.USART1_Config     bsp_usart.o
    0x0800a164   0x00000028   Code   RO         2733    i.USART1_IRQHandler  stm32l1xx_it.o
    0x0800a18c   0x0000010c   Code   RO         4662    i.USART3_IRQHandler  BTBUS_Library.lib(portserial.o)
    0x0800a298   0x00000018   Code   RO          109    i.USART_Cmd         stm32l1xx_usart.o
    0x0800a2b0   0x0000001a   Code   RO          112    i.USART_GetFlagStatus  stm32l1xx_usart.o
    0x0800a2ca   0x00000054   Code   RO          113    i.USART_GetITStatus  stm32l1xx_usart.o
    0x0800a31e   0x0000004a   Code   RO          115    i.USART_ITConfig    stm32l1xx_usart.o
    0x0800a368   0x000000cc   Code   RO          116    i.USART_Init        stm32l1xx_usart.o
    0x0800a434   0x0000000a   Code   RO          123    i.USART_ReceiveData  stm32l1xx_usart.o
    0x0800a43e   0x00000008   Code   RO          126    i.USART_SendData    stm32l1xx_usart.o
    0x0800a446   0x00000004   Code   RO         2734    i.UsageFault_Handler  stm32l1xx_it.o
    0x0800a44a   0x00000002   PAD
    0x0800a44c   0x000000a0   Code   RO         3472    i.ValueFtToU16      bsp_class.o
    0x0800a4ec   0x00000084   Code   RO         3368    i.WaitAck           bsp_i2c.o
    0x0800a570   0x00000074   Code   RO         2821    i.WakeUp_GPIO_Config  bsp_init.o
    0x0800a5e4   0x00000038   Code   RO         3514    i.WorkOrNotMode     bsp_datadeal.o
    0x0800a61c   0x0000001a   Code   RO         2822    i.WriteSetFramFlag  bsp_init.o
    0x0800a636   0x00000014   Code   RO         3834    i.WriteU16Pointer   bsp_storagedata.o
    0x0800a64a   0x00000014   Code   RO         3835    i.WriteU32Pointer   bsp_storagedata.o
    0x0800a65e   0x00000002   PAD
    0x0800a660   0x00000020   Code   RO         6341    i.__0printf         mc_w.l(printfa.o)
    0x0800a680   0x00000024   Code   RO         6347    i.__0vsprintf       mc_w.l(printfa.o)
    0x0800a6a4   0x0000000e   Code   RO         6435    i.__scatterload_copy  mc_w.l(handlers.o)
    0x0800a6b2   0x00000002   Code   RO         6436    i.__scatterload_null  mc_w.l(handlers.o)
    0x0800a6b4   0x0000000e   Code   RO         6437    i.__scatterload_zeroinit  mc_w.l(handlers.o)
    0x0800a6c2   0x00000002   PAD
    0x0800a6c4   0x0000015c   Code   RO         6348    i._fp_digits        mc_w.l(printfa.o)
    0x0800a820   0x000006f0   Code   RO         6349    i._printf_core      mc_w.l(printfa.o)
    0x0800af10   0x00000026   Code   RO         6350    i._printf_post_padding  mc_w.l(printfa.o)
    0x0800af36   0x00000030   Code   RO         6351    i._printf_pre_padding  mc_w.l(printfa.o)
    0x0800af66   0x0000000a   Code   RO         6353    i._sputc            mc_w.l(printfa.o)
    0x0800af70   0x00000090   Code   RO         3004    i.displayDAY        bsp_lcd.o
    0x0800b000   0x00000078   Code   RO         3005    i.displayErr        bsp_lcd.o
    0x0800b078   0x00000090   Code   RO         3006    i.displayTIME       bsp_lcd.o
    0x0800b108   0x00000084   Code   RO         3007    i.displayYEAR       bsp_lcd.o
    0x0800b18c   0x00000028   Code   RO         4311    i.eMBEnable         BTBUS_Library.lib(mb.o)
    0x0800b1b4   0x000000a6   Code   RO         4439    i.eMBFuncReadCoils  BTBUS_Library.lib(mbfunccoils.o)
    0x0800b25a   0x000000a4   Code   RO         4463    i.eMBFuncReadDiscreteInputs  BTBUS_Library.lib(mbfuncdisc.o)
    0x0800b2fe   0x00000084   Code   RO         4517    i.eMBFuncReadHistoryRegister  BTBUS_Library.lib(mbfunchistory.o)
    0x0800b382   0x00000084   Code   RO         4475    i.eMBFuncReadHoldingRegister  BTBUS_Library.lib(mbfuncholding.o)
    0x0800b406   0x00000084   Code   RO         4505    i.eMBFuncReadInputRegister  BTBUS_Library.lib(mbfuncinput.o)
    0x0800b48a   0x00000084   Code   RO         4529    i.eMBFuncReadRealDataRegister  BTBUS_Library.lib(mbfuncrealdata.o)
    0x0800b50e   0x000000d4   Code   RO         4476    i.eMBFuncReadWriteMultipleHoldingRegister  BTBUS_Library.lib(mbfuncholding.o)
    0x0800b5e2   0x00000002   PAD
    0x0800b5e4   0x00000028   Code   RO         4541    i.eMBFuncReportSlaveID  BTBUS_Library.lib(mbfuncother.o)
    0x0800b60c   0x0000006c   Code   RO         4440    i.eMBFuncWriteCoil  BTBUS_Library.lib(mbfunccoils.o)
    0x0800b678   0x0000003e   Code   RO         4477    i.eMBFuncWriteHoldingRegister  BTBUS_Library.lib(mbfuncholding.o)
    0x0800b6b6   0x0000008e   Code   RO         4441    i.eMBFuncWriteMultipleCoils  BTBUS_Library.lib(mbfunccoils.o)
    0x0800b744   0x0000006a   Code   RO         4478    i.eMBFuncWriteMultipleHoldingRegister  BTBUS_Library.lib(mbfuncholding.o)
    0x0800b7ae   0x00000002   PAD
    0x0800b7b0   0x000000e0   Code   RO         4312    i.eMBInit           BTBUS_Library.lib(mb.o)
    0x0800b890   0x00000184   Code   RO         4313    i.eMBPoll           BTBUS_Library.lib(mb.o)
    0x0800ba14   0x00000058   Code   RO         4562    i.eMBRTUInit        BTBUS_Library.lib(mbrtu.o)
    0x0800ba6c   0x00000070   Code   RO         4563    i.eMBRTUReceive     BTBUS_Library.lib(mbrtu.o)
    0x0800badc   0x000000b0   Code   RO         4564    i.eMBRTUSend        BTBUS_Library.lib(mbrtu.o)
    0x0800bb8c   0x00000024   Code   RO         4565    i.eMBRTUStart       BTBUS_Library.lib(mbrtu.o)
    0x0800bbb0   0x00000018   Code   RO         4566    i.eMBRTUStop        BTBUS_Library.lib(mbrtu.o)
    0x0800bbc8   0x000000b4   Code   RO         2452    i.eMBRegCoilsCB     freemodbus.o
    0x0800bc7c   0x00000078   Code   RO         2453    i.eMBRegDiscreteCB  freemodbus.o
    0x0800bcf4   0x00000088   Code   RO         2454    i.eMBRegHistoryCB   freemodbus.o
    0x0800bd7c   0x000000ec   Code   RO         2455    i.eMBRegHoldingCB   freemodbus.o
    0x0800be68   0x00000088   Code   RO         2456    i.eMBRegInputCB     freemodbus.o
    0x0800bef0   0x00000094   Code   RO         2457    i.eMBRegRealDataCB  freemodbus.o
    0x0800bf84   0x00000024   Code   RO         3179    i.fputc             bsp_usart.o
    0x0800bfa8   0x00000022   Code   RO         2458    i.freemodbus_init   freemodbus.o
    0x0800bfca   0x0000001a   Code   RO         2459    i.freemodbus_main   freemodbus.o
    0x0800bfe4   0x00000180   Code   RO         3008    i.lcd_OFF           bsp_lcd.o
    0x0800c164   0x000000f4   Code   RO         2619    i.main              main.o
    0x0800c258   0x00000022   Code   RO         4241    i.prveMBError2Exception  BTBUS_Library.lib(mbutils.o)
    0x0800c27a   0x00000002   PAD
    0x0800c27c   0x00000014   Code   RO         4742    i.prvvTIMERExpiredISR  BTBUS_Library.lib(porttimer.o)
    0x0800c290   0x00000014   Code   RO         4663    i.prvvUARTRxISR     BTBUS_Library.lib(portserial.o)
    0x0800c2a4   0x00000014   Code   RO         4664    i.prvvUARTTxReadyISR  BTBUS_Library.lib(portserial.o)
    0x0800c2b8   0x00000084   Code   RO         3549    i.read_time         bsp_rtc.o
    0x0800c33c   0x00000164   Code   RO         3550    i.rtc_deel          bsp_rtc.o
    0x0800c4a0   0x00000050   Code   RO         3551    i.serialread_time   bsp_rtc.o
    0x0800c4f0   0x00000058   Code   RO         3552    i.set_time          bsp_rtc.o
    0x0800c548   0x00000038   Code   RO         4800    i.usMBCRC16         BTBUS_Library.lib(mbcrc.o)
    0x0800c580   0x00000068   Code   RO         4665    i.vMBPortSerialEnable  BTBUS_Library.lib(portserial.o)
    0x0800c5e8   0x00000014   Code   RO         4744    i.vMBPortTimersDisable  BTBUS_Library.lib(porttimer.o)
    0x0800c5fc   0x00000020   Code   RO         4745    i.vMBPortTimersEnable  BTBUS_Library.lib(porttimer.o)
    0x0800c61c   0x00000048   Code   RO         4193    i.xMBOutput         BTBUS_Library.lib(port.o)
    0x0800c664   0x00000024   Code   RO         4391    i.xMBPortEventGet   BTBUS_Library.lib(portevent.o)
    0x0800c688   0x00000010   Code   RO         4392    i.xMBPortEventInit  BTBUS_Library.lib(portevent.o)
    0x0800c698   0x00000018   Code   RO         4393    i.xMBPortEventPost  BTBUS_Library.lib(portevent.o)
    0x0800c6b0   0x00000050   Code   RO         4666    i.xMBPortSerialGetByte  BTBUS_Library.lib(portserial.o)
    0x0800c700   0x0000003c   Code   RO         4667    i.xMBPortSerialInit  BTBUS_Library.lib(portserial.o)
    0x0800c73c   0x00000024   Code   RO         4668    i.xMBPortSerialPutByte  BTBUS_Library.lib(portserial.o)
    0x0800c760   0x00000058   Code   RO         4746    i.xMBPortTimersInit  BTBUS_Library.lib(porttimer.o)
    0x0800c7b8   0x00000088   Code   RO         4567    i.xMBRTUReceiveFSM  BTBUS_Library.lib(mbrtu.o)
    0x0800c840   0x00000040   Code   RO         4568    i.xMBRTUTimerT35Expired  BTBUS_Library.lib(mbrtu.o)
    0x0800c880   0x0000006c   Code   RO         4569    i.xMBRTUTransmitFSM  BTBUS_Library.lib(mbrtu.o)
    0x0800c8ec   0x0000002a   Code   RO         4242    i.xMBUtilGetBits    BTBUS_Library.lib(mbutils.o)
    0x0800c916   0x00000060   Code   RO         4243    i.xMBUtilSetBits    BTBUS_Library.lib(mbutils.o)
    0x0800c976   0x00000002   PAD
    0x0800c978   0x0000014c   Data   RO         3206    .constdata          global.o
    0x0800cac4   0x00000036   Data   RO         3692    .constdata          bsp_sensordeal.o
    0x0800cafa   0x00000002   PAD
    0x0800cafc   0x0000004c   Data   RO         3836    .constdata          bsp_storagedata.o
    0x0800cb48   0x00000200   Data   RO         4801    .constdata          BTBUS_Library.lib(mbcrc.o)
    0x0800cd48   0x0000001d   Data   RO         5954    .constdata          BTBUS_Library.lib(stm32l1xx_hal_rcc.o)
    0x0800cd65   0x00000003   PAD
    0x0800cd68   0x00000020   Data   RO         6433    Region$$Table       anon$$obj.o


    Execution Region RW_IRAM1 (Base: 0x20000000, Size: 0x00002060, Max: 0x0000c000, ABSOLUTE, COMPRESSED[0x000000ac])

    Base Addr    Size         Type   Attr      Idx    E Section Name        Object

    0x20000000   0x0000001d   Data   RW           27    .data               system_stm32l1xx.o
    0x2000001d   0x00000019   Data   RW         1017    .data               stm32l1xx_rcc.o
    0x20000036   0x0000000c   Data   RW         2461    .data               freemodbus.o
    0x20000042   0x00000002   PAD
    0x20000044   0x00000004   Data   RW         2894    .data               bsp_systick.o
    0x20000048   0x0000002c   Data   RW         3207    .data               global.o
    0x20000074   0x00000048   Data   RW         3553    .data               bsp_rtc.o
    0x200000bc   0x00000002   Data   RW         3693    .data               bsp_sensordeal.o
    0x200000be   0x00000002   PAD
    0x200000c0   0x000000b8   Data   RW         4315    .data               BTBUS_Library.lib(mb.o)
    0x20000178   0x00000002   Data   RW         4394    .data               BTBUS_Library.lib(portevent.o)
    0x2000017a   0x00000002   Data   RW         4544    .data               BTBUS_Library.lib(mbfuncother.o)
    0x2000017c   0x0000000c   Data   RW         4571    .data               BTBUS_Library.lib(mbrtu.o)
    0x20000188   0x00000004   Data   RW         4748    .data               BTBUS_Library.lib(porttimer.o)
    0x2000018c   0x00000004   Data   RW         6413    .data               mc_w.l(stdout.o)
    0x20000190   0x00000800   Zero   RW         2460    .bss                freemodbus.o
    0x20000990   0x00000f2c   Zero   RW         3205    .bss                global.o
    0x200018bc   0x00000200   Zero   RW         4194    .bss                BTBUS_Library.lib(port.o)
    0x20001abc   0x00000020   Zero   RW         4543    .bss                BTBUS_Library.lib(mbfuncother.o)
    0x20001adc   0x00000100   Zero   RW         4570    .bss                BTBUS_Library.lib(mbrtu.o)
    0x20001bdc   0x0000004a   Zero   RW         4669    .bss                BTBUS_Library.lib(portserial.o)
    0x20001c26   0x00000002   PAD
    0x20001c28   0x00000038   Zero   RW         4747    .bss                BTBUS_Library.lib(porttimer.o)
    0x20001c60   0x00000400   Zero   RW            1    STACK               startup_stm32l1xx_hd.o


==============================================================================

Image component sizes


      Code (inc. data)   RO Data    RW Data    ZI Data      Debug   Object Name

       414         22          0          0          0       1476   bsp_adc.o
      1068         60          0          0          0       2593   bsp_alarmdeal.o
       736         32          0          0          0       1282   bsp_bootstop.o
       288         10          0          0          0       2862   bsp_class.o
       520         70          0          0          0       2177   bsp_datadeal.o
       806        386          0          0          0       1547   bsp_exti_key.o
      1558         60          0          0          0       7829   bsp_i2c.o
      1518         90          0          0          0       5757   bsp_init.o
     13342        312          0          0          0      18448   bsp_lcd.o
        80          8          0          0          0        880   bsp_lowpowerdeal.o
      1772         78          0          0          0       2775   bsp_powerdeal.o
      1372         48          0         72          0       5594   bsp_rtc.o
      3010        246         54          2          0       8620   bsp_sensordeal.o
      2372        104          0          0          0       6214   bsp_serialdeal.o
       938         42          0          0          0       5067   bsp_spi_flash.o
      3730        210         76          0          0       7097   bsp_storagedata.o
       184         22          0          4          0      18547   bsp_systick.o
       118          0          0          0          0        925   bsp_timer.o
       238         12          0          0          0       1572   bsp_usart.o
         0          0          0          0          0       4232   core_cm3.o
      1100        112          0         12       2048      10887   freemodbus.o
         0          0        332         44       3884      10159   global.o
       244        164          0          0          0      12351   main.o
       140         22          0          0          0       1303   misc.o
        36          8        292          0       1024        796   startup_stm32l1xx_hd.o
       580         14          0          0          0       5904   stm32l1xx_adc.o
       488         28          0          0          0       4066   stm32l1xx_dma.o
       184         16          0          0          0       1748   stm32l1xx_exti.o
       228          0          0          0          0       2999   stm32l1xx_gpio.o
       224         16          0          0          0     214754   stm32l1xx_hal_msp.o
       704         94          0          0          0       5190   stm32l1xx_it.o
       234         36          0          0          0       4667   stm32l1xx_lcd.o
        12          6          0          0          0        431   stm32l1xx_pwr.o
       572         82          0         25          0       7542   stm32l1xx_rcc.o
        96          4          0          0          0       1513   stm32l1xx_rtc.o
       112          0          0          0          0       2790   stm32l1xx_spi.o
        64          4          0          0          0        560   stm32l1xx_syscfg.o
       184         20          0          0          0       3450   stm32l1xx_tim.o
       430          6          0          0          0       4689   stm32l1xx_usart.o
       372         30          0         29          0     282333   system_stm32l1xx.o

    ----------------------------------------------------------------------
     40104       2474        788        192       6956     683626   Object Totals
         0          0         32          0          0          0   (incl. Generated)
        36          0          2          4          0          0   (incl. Padding)

    ----------------------------------------------------------------------

      Code (inc. data)   RO Data    RW Data    ZI Data      Debug   Library Member Name

       652        174          0        184          0       7827   mb.o
        56          8        512          0          0       1904   mbcrc.o
       416          0          0          0          0       3526   mbfunccoils.o
       164          0          0          0          0       1464   mbfuncdisc.o
       132          0          0          0          0       1425   mbfunchistory.o
       512          0          0          0          0       4715   mbfuncholding.o
       132          0          0          0          0       1419   mbfuncinput.o
        40         10          0          2         32       1215   mbfuncother.o
       132          0          0          0          0       1430   mbfuncrealdata.o
       744         98          0         12        256       8553   mbrtu.o
       172          0          0          0          0       5258   mbutils.o
        80          4          0          0        512       3269   port.o
        76         24          0          2          0       4030   portevent.o
       588         44          0          0         74       6054   portserial.o
       186         34          0          4         56       3191   porttimer.o
       208         14          0          0          0     262727   stm32l1xx_hal_cortex.o
       476         38          0          0          0       1600   stm32l1xx_hal_gpio.o
       332         50         29          0          0       3185   stm32l1xx_hal_rcc.o
       608         22          0          0          0       5585   stm32l1xx_hal_tim.o
       856          6          0          0          0       3570   stm32l1xx_hal_uart.o
        92          0          0          0          0          0   __dczerorl2.o
         0          0          0          0          0          0   entry.o
         0          0          0          0          0          0   entry10a.o
         0          0          0          0          0          0   entry11a.o
         8          4          0          0          0          0   entry2.o
         4          0          0          0          0          0   entry5.o
         0          0          0          0          0          0   entry7b.o
         0          0          0          0          0          0   entry8b.o
         8          4          0          0          0          0   entry9a.o
        30          0          0          0          0          0   handlers.o
        36          8          0          0          0         68   init.o
         0          0          0          0          0          0   iusefp.o
        30          0          0          0          0         68   llshl.o
        36          0          0          0          0         68   llsshr.o
        32          0          0          0          0         68   llushr.o
        36          0          0          0          0         68   memcpya.o
        36          0          0          0          0        108   memseta.o
      2288         96          0          0          0        592   printfa.o
         0          0          0          4          0          0   stdout.o
        44          0          0          0          0         80   uidiv.o
        98          0          0          0          0         92   uldiv.o
        40          2          0          0          0         68   cdcmple.o
        40          2          0          0          0         68   cdrcmple.o
        20          0          0          0          0         68   cfcmple.o
        20          0          0          0          0         68   cfrcmple.o
        56          0          0          0          0         88   d2f.o
       334          0          0          0          0        148   dadd.o
       222          0          0          0          0        100   ddiv.o
       190          0          0          0          0        176   depilogue.o
        48          0          0          0          0         68   dfixul.o
       228          0          0          0          0         96   dmul.o
        38          0          0          0          0         68   f2d.o
       176          0          0          0          0        140   fadd.o
       128          0          0          0          0         88   fdiv.o
       108          0          0          0          0        168   fepilogue.o
        40          0          0          0          0         68   ffixui.o
        18          0          0          0          0         68   fflti.o
        10          0          0          0          0         68   ffltui.o
       108          0          0          0          0         76   fmul.o

    ----------------------------------------------------------------------
     11180        642        544        208        932     334851   Library Totals
        16          0          3          0          2          0   (incl. Padding)

    ----------------------------------------------------------------------

      Code (inc. data)   RO Data    RW Data    ZI Data      Debug   Library Name

      6562        526        541        204        930     331947   BTBUS_Library.lib
      2778        112          0          4          0       1212   mc_w.l
      1824          4          0          0          0       1692   mf_w.l

    ----------------------------------------------------------------------
     11180        642        544        208        932     334851   Library Totals

    ----------------------------------------------------------------------

==============================================================================


      Code (inc. data)   RO Data    RW Data    ZI Data      Debug   

     51284       3116       1332        400       7888    1001265   Grand Totals
     51284       3116       1332        172       7888    1001265   ELF Image Totals (compressed)
     51284       3116       1332        172          0          0   ROM Totals

==============================================================================

    Total RO  Size (Code + RO Data)                52616 (  51.38kB)
    Total RW  Size (RW Data + ZI Data)              8288 (   8.09kB)
    Total ROM Size (Code + RO Data + RW Data)      52788 (  51.55kB)

==============================================================================

