ARM Linker, 5.03 [Build 76] [MDK-ARM Standard]

==============================================================================

Section Cross References

    startup_stm32l1xx_hd.o(RESET) refers to startup_stm32l1xx_hd.o(STACK) for __initial_sp
    startup_stm32l1xx_hd.o(RESET) refers to startup_stm32l1xx_hd.o(.text) for Reset_Handler
    startup_stm32l1xx_hd.o(RESET) refers to stm32l1xx_it.o(i.NMI_Handler) for NMI_Handler
    startup_stm32l1xx_hd.o(RESET) refers to stm32l1xx_it.o(i.HardFault_Handler) for HardFault_Handler
    startup_stm32l1xx_hd.o(RESET) refers to stm32l1xx_it.o(i.MemManage_Handler) for MemManage_Handler
    startup_stm32l1xx_hd.o(RESET) refers to stm32l1xx_it.o(i.BusFault_Handler) for BusFault_Handler
    startup_stm32l1xx_hd.o(RESET) refers to stm32l1xx_it.o(i.UsageFault_Handler) for UsageFault_Handler
    startup_stm32l1xx_hd.o(RESET) refers to stm32l1xx_it.o(i.SVC_Handler) for SVC_Handler
    startup_stm32l1xx_hd.o(RESET) refers to stm32l1xx_it.o(i.DebugMon_Handler) for DebugMon_Handler
    startup_stm32l1xx_hd.o(RESET) refers to stm32l1xx_it.o(i.PendSV_Handler) for PendSV_Handler
    startup_stm32l1xx_hd.o(RESET) refers to stm32l1xx_it.o(i.SysTick_Handler) for SysTick_Handler
    startup_stm32l1xx_hd.o(RESET) refers to stm32l1xx_it.o(i.EXTI0_IRQHandler) for EXTI0_IRQHandler
    startup_stm32l1xx_hd.o(RESET) refers to stm32l1xx_it.o(i.TIM2_IRQHandler) for TIM2_IRQHandler
    startup_stm32l1xx_hd.o(RESET) refers to porttimer.o(i.TIM3_IRQHandler) for TIM3_IRQHandler
    startup_stm32l1xx_hd.o(RESET) refers to stm32l1xx_it.o(i.USART1_IRQHandler) for USART1_IRQHandler
    startup_stm32l1xx_hd.o(RESET) refers to portserial.o(i.USART3_IRQHandler) for USART3_IRQHandler
    startup_stm32l1xx_hd.o(RESET) refers to stm32l1xx_it.o(i.EXTI15_10_IRQHandler) for EXTI15_10_IRQHandler
    startup_stm32l1xx_hd.o(.text) refers to system_stm32l1xx.o(i.SystemInit) for SystemInit
    startup_stm32l1xx_hd.o(.text) refers to entry.o(.ARM.Collect$$$$00000000) for __main
    system_stm32l1xx.o(i.SystemCoreClockUpdate) refers to system_stm32l1xx.o(.data) for SystemCoreClock
    system_stm32l1xx.o(i.SystemInit) refers to system_stm32l1xx.o(i.SetSysClock) for SetSysClock
    stm32l1xx_usart.o(i.USART_DeInit) refers to stm32l1xx_rcc.o(i.RCC_APB2PeriphResetCmd) for RCC_APB2PeriphResetCmd
    stm32l1xx_usart.o(i.USART_DeInit) refers to stm32l1xx_rcc.o(i.RCC_APB1PeriphResetCmd) for RCC_APB1PeriphResetCmd
    stm32l1xx_usart.o(i.USART_Init) refers to stm32l1xx_rcc.o(i.RCC_GetClocksFreq) for RCC_GetClocksFreq
    stm32l1xx_adc.o(i.ADC_DeInit) refers to stm32l1xx_rcc.o(i.RCC_APB2PeriphResetCmd) for RCC_APB2PeriphResetCmd
    stm32l1xx_gpio.o(i.GPIO_DeInit) refers to stm32l1xx_rcc.o(i.RCC_AHBPeriphResetCmd) for RCC_AHBPeriphResetCmd
    stm32l1xx_lcd.o(i.LCD_DeInit) refers to stm32l1xx_rcc.o(i.RCC_APB1PeriphResetCmd) for RCC_APB1PeriphResetCmd
    stm32l1xx_lcd.o(i.LCD_Init) refers to stm32l1xx_lcd.o(i.LCD_WaitForSynchro) for LCD_WaitForSynchro
    stm32l1xx_pwr.o(i.PWR_DeInit) refers to stm32l1xx_rcc.o(i.RCC_APB1PeriphResetCmd) for RCC_APB1PeriphResetCmd
    stm32l1xx_rcc.o(i.RCC_GetClocksFreq) refers to stm32l1xx_rcc.o(.data) for PLLMulTable
    stm32l1xx_rcc.o(i.RCC_WaitForHSEStartUp) refers to stm32l1xx_rcc.o(i.RCC_GetFlagStatus) for RCC_GetFlagStatus
    stm32l1xx_rtc.o(i.RTC_CoarseCalibCmd) refers to stm32l1xx_rtc.o(i.RTC_EnterInitMode) for RTC_EnterInitMode
    stm32l1xx_rtc.o(i.RTC_CoarseCalibCmd) refers to stm32l1xx_rtc.o(i.RTC_ExitInitMode) for RTC_ExitInitMode
    stm32l1xx_rtc.o(i.RTC_CoarseCalibConfig) refers to stm32l1xx_rtc.o(i.RTC_EnterInitMode) for RTC_EnterInitMode
    stm32l1xx_rtc.o(i.RTC_CoarseCalibConfig) refers to stm32l1xx_rtc.o(i.RTC_ExitInitMode) for RTC_ExitInitMode
    stm32l1xx_rtc.o(i.RTC_DeInit) refers to stm32l1xx_rtc.o(i.RTC_EnterInitMode) for RTC_EnterInitMode
    stm32l1xx_rtc.o(i.RTC_DeInit) refers to stm32l1xx_rtc.o(i.RTC_WaitForSynchro) for RTC_WaitForSynchro
    stm32l1xx_rtc.o(i.RTC_GetAlarm) refers to stm32l1xx_rtc.o(i.RTC_Bcd2ToByte) for RTC_Bcd2ToByte
    stm32l1xx_rtc.o(i.RTC_GetDate) refers to stm32l1xx_rtc.o(i.RTC_Bcd2ToByte) for RTC_Bcd2ToByte
    stm32l1xx_rtc.o(i.RTC_GetTime) refers to stm32l1xx_rtc.o(i.RTC_Bcd2ToByte) for RTC_Bcd2ToByte
    stm32l1xx_rtc.o(i.RTC_GetTimeStamp) refers to stm32l1xx_rtc.o(i.RTC_Bcd2ToByte) for RTC_Bcd2ToByte
    stm32l1xx_rtc.o(i.RTC_Init) refers to stm32l1xx_rtc.o(i.RTC_EnterInitMode) for RTC_EnterInitMode
    stm32l1xx_rtc.o(i.RTC_Init) refers to stm32l1xx_rtc.o(i.RTC_ExitInitMode) for RTC_ExitInitMode
    stm32l1xx_rtc.o(i.RTC_RefClockCmd) refers to stm32l1xx_rtc.o(i.RTC_EnterInitMode) for RTC_EnterInitMode
    stm32l1xx_rtc.o(i.RTC_RefClockCmd) refers to stm32l1xx_rtc.o(i.RTC_ExitInitMode) for RTC_ExitInitMode
    stm32l1xx_rtc.o(i.RTC_SetAlarm) refers to stm32l1xx_rtc.o(i.RTC_Bcd2ToByte) for RTC_Bcd2ToByte
    stm32l1xx_rtc.o(i.RTC_SetAlarm) refers to stm32l1xx_rtc.o(i.RTC_ByteToBcd2) for RTC_ByteToBcd2
[...]
    _printf_longlong_hex                     0x00000000   Number         0  stubs.o ABSOLUTE
    _printf_longlong_oct                     0x00000000   Number         0  stubs.o ABSOLUTE
    _printf_ls                               0x00000000   Number         0  stubs.o ABSOLUTE
    _printf_mbtowc                           0x00000000   Number         0  stubs.o ABSOLUTE
    _printf_n                                0x00000000   Number         0  stubs.o ABSOLUTE
    _printf_o                                0x00000000   Number         0  stubs.o ABSOLUTE
    _printf_p                                0x00000000   Number         0  stubs.o ABSOLUTE
    _printf_percent                          0x00000000   Number         0  stubs.o ABSOLUTE
    _printf_pre_padding                      0x00000000   Number         0  stubs.o ABSOLUTE
    _printf_return_value                     0x00000000   Number         0  stubs.o ABSOLUTE
    _printf_s                                0x00000000   Number         0  stubs.o ABSOLUTE
    _printf_sizespec                         0x00000000   Number         0  stubs.o ABSOLUTE
    _printf_str                              0x00000000   Number         0  stubs.o ABSOLUTE
    _printf_truncate_signed                  0x00000000   Number         0  stubs.o ABSOLUTE
    _printf_truncate_unsigned                0x00000000   Number         0  stubs.o ABSOLUTE
    _printf_u                                0x00000000   Number         0  stubs.o ABSOLUTE
    _printf_wc                               0x00000000   Number         0  stubs.o ABSOLUTE
    _printf_wctomb                           0x00000000   Number         0  stubs.o ABSOLUTE
    _printf_widthprec                        0x00000000   Number         0  stubs.o ABSOLUTE
    _printf_x                                0x00000000   Number         0  stubs.o ABSOLUTE
    __cpp_initialize__aeabi_                  - Undefined Weak Reference
    __cxa_finalize                            - Undefined Weak Reference
    _clock_init                               - Undefined Weak Reference
    _microlib_exit                            - Undefined Weak Reference
    __Vectors_Size                           0x00000124   Number         0  startup_stm32l1xx_hd.o ABSOLUTE
    __Vectors                                0x08000000   Data           4  startup_stm32l1xx_hd.o(RESET)
    __Vectors_End                            0x08000124   Data           0  startup_stm32l1xx_hd.o(RESET)
    __main                                   0x08000125   Thumb Code     0  entry.o(.ARM.Collect$$$$00000000)
    _main_stk                                0x08000125   Thumb Code     0  entry2.o(.ARM.Collect$$$$00000001)
    _main_scatterload                        0x08000129   Thumb Code     0  entry5.o(.ARM.Collect$$$$00000004)
    __main_after_scatterload                 0x0800012d   Thumb Code     0  entry5.o(.ARM.Collect$$$$00000004)
    _main_clock                              0x0800012d   Thumb Code     0  entry7b.o(.ARM.Collect$$$$00000008)
    _main_cpp_init                           0x0800012d   Thumb Code     0  entry8b.o(.ARM.Collect$$$$0000000A)
    _main_init                               0x0800012d   Thumb Code     0  entry9a.o(.ARM.Collect$$$$0000000B)
    __rt_final_cpp                           0x08000135   Thumb Code     0  entry10a.o(.ARM.Collect$$$$0000000D)
    __rt_final_exit                          0x08000135   Thumb Code     0  entry11a.o(.ARM.Collect$$$$0000000F)
    Reset_Handler                            0x08000139   Thumb Code     8  startup_stm32l1xx_hd.o(.text)
    ADC1_IRQHandler                          0x08000153   Thumb Code     0  startup_stm32l1xx_hd.o(.text)
    AES_IRQHandler                           0x08000153   Thumb Code     0  startup_stm32l1xx_hd.o(.text)
    COMP_ACQ_IRQHandler                      0x08000153   Thumb Code     0  startup_stm32l1xx_hd.o(.text)
    COMP_IRQHandler                          0x08000153   Thumb Code     0  startup_stm32l1xx_hd.o(.text)
    DAC_IRQHandler                           0x08000153   Thumb Code     0  startup_stm32l1xx_hd.o(.text)
    DMA1_Channel1_IRQHandler                 0x08000153   Thumb Code     0  startup_stm32l1xx_hd.o(.text)
    DMA1_Channel2_IRQHandler                 0x08000153   Thumb Code     0  startup_stm32l1xx_hd.o(.text)
    DMA1_Channel3_IRQHandler                 0x08000153   Thumb Code     0  startup_stm32l1xx_hd.o(.text)
    DMA1_Channel4_IRQHandler                 0x08000153   Thumb Code     0  startup_stm32l1xx_hd.o(.text)
    DMA1_Channel5_IRQHandler                 0x08000153   Thumb Code     0  startup_stm32l1xx_hd.o(.text)
    DMA1_Channel6_IRQHandler                 0x08000153   Thumb Code     0  startup_stm32l1xx_hd.o(.text)
    DMA1_Channel7_IRQHandler                 0x08000153   Thumb Code     0  startup_stm32l1xx_hd.o(.text)
    DMA2_Channel1_IRQHandler                 0x08000153   Thumb Code     0  startup_stm32l1xx_hd.o(.text)
    DMA2_Channel2_IRQHandler                 0x08000153   Thumb Code     0  startup_stm32l1xx_hd.o(.text)
    DMA2_Channel3_IRQHandler                 0x08000153   Thumb Code     0  startup_stm32l1xx_hd.o(.text)
    DMA2_Channel4_IRQHandler                 0x08000153   Thumb Code     0  startup_stm32l1xx_hd.o(.text)
    DMA2_Channel5_IRQHandler                 0x08000153   Thumb Code     0  startup_stm32l1xx_hd.o(.text)
    EXTI1_IRQHandler                         0x08000153   Thumb Code     0  startup_stm32l1xx_hd.o(.text)
    EXTI2_IRQHandler                         0x08000153   Thumb Code     0  startup_stm32l1xx_hd.o(.text)
    EXTI3_IRQHandler                         0x08000153   Thumb Code     0  startup_stm32l1xx_hd.o(.text)
    EXTI4_IRQHandler                         0x08000153   Thumb Code     0  startup_stm32l1xx_hd.o(.text)
    EXTI9_5_IRQHandler                       0x08000153   Thumb Code     0  startup_stm32l1xx_hd.o(.text)
    FLASH_IRQHandler                         0x08000153   Thumb Code     0  startup_stm32l1xx_hd.o(.text)
    I2C1_ER_IRQHandler                       0x08000153   Thumb Code     0  startup_stm32l1xx_hd.o(.text)
    I2C1_EV_IRQHandler                       0x08000153   Thumb Code     0  startup_stm32l1xx_hd.o(.text)
    I2C2_ER_IRQHandler                       0x08000153   Thumb Code     0  startup_stm32l1xx_hd.o(.text)
    I2C2_EV_IRQHandler                       0x08000153   Thumb Code     0  startup_stm32l1xx_hd.o(.text)
    LCD_IRQHandler                           0x08000153   Thumb Code     0  startup_stm32l1xx_hd.o(.text)
    PVD_IRQHandler                           0x08000153   Thumb Code     0  startup_stm32l1xx_hd.o(.text)
    RCC_IRQHandler                           0x08000153   Thumb Code     0  startup_stm32l1xx_hd.o(.text)
    RTC_Alarm_IRQHandler                     0x08000153   Thumb Code     0  startup_stm32l1xx_hd.o(.text)
    RTC_WKUP_IRQHandler                      0x08000153   Thumb Code     0  startup_stm32l1xx_hd.o(.text)
    SDIO_IRQHandler                          0x08000153   Thumb Code     0  startup_stm32l1xx_hd.o(.text)
    SPI1_IRQHandler                          0x08000153   Thumb Code     0  startup_stm32l1xx_hd.o(.text)
    SPI2_IRQHandler                          0x08000153   Thumb Code     0  startup_stm32l1xx_hd.o(.text)
    SPI3_IRQHandler                          0x08000153   Thumb Code     0  startup_stm32l1xx_hd.o(.text)
    TAMPER_STAMP_IRQHandler                  0x08000153   Thumb Code     0  startup_stm32l1xx_hd.o(.text)
    TIM10_IRQHandler                         0x08000153   Thumb Code     0  startup_stm32l1xx_hd.o(.text)
    TIM11_IRQHandler                         0x08000153   Thumb Code     0  startup_stm32l1xx_hd.o(.text)
    TIM4_IRQHandler                          0x08000153   Thumb Code     0  startup_stm32l1xx_hd.o(.text)
    TIM5_IRQHandler                          0x08000153   Thumb Code     0  startup_stm32l1xx_hd.o(.text)
    TIM6_IRQHandler                          0x08000153   Thumb Code     0  startup_stm32l1xx_hd.o(.text)
    TIM7_IRQHandler                          0x08000153   Thumb Code     0  startup_stm32l1xx_hd.o(.text)
    TIM9_IRQHandler                          0x08000153   Thumb Code     0  startup_stm32l1xx_hd.o(.text)
    UART4_IRQHandler                         0x08000153   Thumb Code     0  startup_stm32l1xx_hd.o(.text)
    UART5_IRQHandler                         0x08000153   Thumb Code     0  startup_stm32l1xx_hd.o(.text)
    USART2_IRQHandler                        0x08000153   Thumb Code     0  startup_stm32l1xx_hd.o(.text)
    USB_FS_WKUP_IRQHandler                   0x08000153   Thumb Code     0  startup_stm32l1xx_hd.o(.text)
    USB_HP_IRQHandler                        0x08000153   Thumb Code     0  startup_stm32l1xx_hd.o(.text)
    USB_LP_IRQHandler                        0x08000153   Thumb Code     0  startup_stm32l1xx_hd.o(.text)
    WWDG_IRQHandler                          0x08000153   Thumb Code     0  startup_stm32l1xx_hd.o(.text)
    __aeabi_memcpy                           0x0800015d   Thumb Code    36  memcpya.o(.text)
    __aeabi_memcpy4                          0x0800015d   Thumb Code     0  memcpya.o(.text)
    __aeabi_memcpy8                          0x0800015d   Thumb Code     0  memcpya.o(.text)
    __aeabi_memset                           0x08000181   Thumb Code    14  memseta.o(.text)
    __aeabi_memset4                          0x08000181   Thumb Code     0  memseta.o(.text)
    __aeabi_memset8                          0x08000181   Thumb Code     0  memseta.o(.text)
    __aeabi_memclr                           0x0800018f   Thumb Code     4  memseta.o(.text)
    __aeabi_memclr4                          0x0800018f   Thumb Code     0  memseta.o(.text)
    __aeabi_memclr8                          0x0800018f   Thumb Code     0  memseta.o(.text)
    _memset$wrapper                          0x08000193   Thumb Code    18  memseta.o(.text)
    __aeabi_fadd                             0x080001a5   Thumb Code   164  fadd.o(.text)
    __aeabi_fsub                             0x08000249   Thumb Code     6  fadd.o(.text)
    __aeabi_frsub                            0x0800024f   Thumb Code     6  fadd.o(.text)
    __aeabi_fmul                             0x08000255   Thumb Code   108  fmul.o(.text)
    __aeabi_fdiv                             0x080002c1   Thumb Code   128  fdiv.o(.text)
    __aeabi_dadd                             0x08000341   Thumb Code   322  dadd.o(.text)
    __aeabi_dsub                             0x08000483   Thumb Code     6  dadd.o(.text)
    __aeabi_drsub                            0x08000489   Thumb Code     6  dadd.o(.text)
    __aeabi_dmul                             0x0800048f   Thumb Code   228  dmul.o(.text)
    __aeabi_ddiv                             0x08000573   Thumb Code   222  ddiv.o(.text)
    __aeabi_i2f                              0x08000651   Thumb Code    18  fflti.o(.text)
    __aeabi_ui2f                             0x08000663   Thumb Code    10  ffltui.o(.text)
    __aeabi_f2uiz                            0x0800066d   Thumb Code    40  ffixui.o(.text)
    __aeabi_f2d                              0x08000695   Thumb Code    38  f2d.o(.text)
    __aeabi_cdcmpeq                          0x080006bd   Thumb Code     0  cdcmple.o(.text)
    __aeabi_cdcmple                          0x080006bd   Thumb Code    38  cdcmple.o(.text)
    __aeabi_cdrcmple                         0x080006e5   Thumb Code    38  cdrcmple.o(.text)
    __aeabi_d2f                              0x0800070d   Thumb Code    56  d2f.o(.text)
    __aeabi_cfcmpeq                          0x08000745   Thumb Code     0  cfcmple.o(.text)
    __aeabi_cfcmple                          0x08000745   Thumb Code    20  cfcmple.o(.text)
    __aeabi_cfrcmple                         0x08000759   Thumb Code    20  cfrcmple.o(.text)
    __aeabi_uidiv                            0x0800076d   Thumb Code     0  uidiv.o(.text)
    __aeabi_uidivmod                         0x0800076d   Thumb Code    44  uidiv.o(.text)
    __aeabi_uldivmod                         0x08000799   Thumb Code    98  uldiv.o(.text)
    __aeabi_llsl                             0x080007fb   Thumb Code    30  llshl.o(.text)
    _ll_shift_l                              0x080007fb   Thumb Code     0  llshl.o(.text)
    __aeabi_lasr                             0x08000819   Thumb Code    36  llsshr.o(.text)
    _ll_sshift_r                             0x08000819   Thumb Code     0  llsshr.o(.text)
    __I$use$fp                               0x0800083d   Thumb Code     0  iusefp.o(.text)
    _float_round                             0x0800083d   Thumb Code    18  fepilogue.o(.text)
    _float_epilogue                          0x0800084f   Thumb Code    90  fepilogue.o(.text)
    _double_round                            0x080008a9   Thumb Code    26  depilogue.o(.text)
    _double_epilogue                         0x080008c3   Thumb Code   164  depilogue.o(.text)
    __aeabi_d2ulz                            0x08000967   Thumb Code    48  dfixul.o(.text)
    __scatterload                            0x08000999   Thumb Code    28  init.o(.text)
    __scatterload_rt2                        0x08000999   Thumb Code     0  init.o(.text)
    __aeabi_llsr                             0x080009bd   Thumb Code    32  llushr.o(.text)
    _ll_ushift_r                             0x080009bd   Thumb Code     0  llushr.o(.text)
    __decompress                             0x080009dd   Thumb Code     0  __dczerorl2.o(.text)
    __decompress1                            0x080009dd   Thumb Code    92  __dczerorl2.o(.text)
    ADC1_Init                                0x08000a89   Thumb Code    30  bsp_adc.o(i.ADC1_Init)
    ADC_Cmd                                  0x08000bc9   Thumb Code    22  stm32l1xx_adc.o(i.ADC_Cmd)
    ADC_DMACmd                               0x08000bdf   Thumb Code    22  stm32l1xx_adc.o(i.ADC_DMACmd)
    ADC_DMARequestAfterLastTransferCmd       0x08000bf5   Thumb Code    22  stm32l1xx_adc.o(i.ADC_DMARequestAfterLastTransferCmd)
    ADC_GetFlagStatus                        0x08000c0b   Thumb Code    18  stm32l1xx_adc.o(i.ADC_GetFlagStatus)
    ADC_Init                                 0x08000c1d   Thumb Code    74  stm32l1xx_adc.o(i.ADC_Init)
    ADC_RegularChannelConfig                 0x08000c71   Thumb Code   344  stm32l1xx_adc.o(i.ADC_RegularChannelConfig)
    ADC_SoftwareStartConv                    0x08000dc9   Thumb Code    10  stm32l1xx_adc.o(i.ADC_SoftwareStartConv)
    ADC_StructInit                           0x08000dd3   Thumb Code    26  stm32l1xx_adc.o(i.ADC_StructInit)
    Ack                                      0x08000ded   Thumb Code    74  bsp_i2c.o(i.Ack)
    AlarmDeal                                0x08000f1d   Thumb Code   678  bsp_alarmdeal.o(i.AlarmDeal)
    BellNn                                   0x080011dd   Thumb Code    54  bsp_alarmdeal.o(i.BellNn)
    BellNn_longer                            0x08001219   Thumb Code    54  bsp_alarmdeal.o(i.BellNn_longer)
    BusFault_Handler                         0x08001255   Thumb Code     4  stm32l1xx_it.o(i.BusFault_Handler)
    Button_Config                            0x08001259   Thumb Code     2  freemodbus.o(i.Button_Config)
    Button_Poll                              0x0800125d   Thumb Code     8  freemodbus.o(i.Button_Poll)
    Change3BytesTimeToLong                   0x08001269   Thumb Code    26  bsp_class.o(i.Change3BytesTimeToLong)
    Char_to_Int                              0x0800142d   Thumb Code     8  bsp_class.o(i.Char_to_Int)
    DMA_Cmd                                  0x08001469   Thumb Code    24  stm32l1xx_dma.o(i.DMA_Cmd)
    DMA_DeInit                               0x08001481   Thumb Code   324  stm32l1xx_dma.o(i.DMA_DeInit)
    DMA_Init                                 0x080015cd   Thumb Code    60  stm32l1xx_dma.o(i.DMA_Init)
    DateToSeconds                            0x08001609   Thumb Code    98  bsp_rtc.o(i.DateToSeconds)
    Dealing_Gather                           0x08001679   Thumb Code   172  bsp_adc.o(i.Dealing_Gather)
    DebugMon_Handler                         0x08001739   Thumb Code     2  stm32l1xx_it.o(i.DebugMon_Handler)
    Delay_ms                                 0x0800173d   Thumb Code    36  bsp_systick.o(i.Delay_ms)
    Display_ChannelValue                     0x08001765   Thumb Code   138  bsp_lcd.o(i.Display_ChannelValue)
    Display_Mem                              0x0800180d   Thumb Code   574  bsp_lcd.o(i.Display_Mem)
    Display_NUL                              0x08001a55   Thumb Code    40  bsp_lcd.o(i.Display_NUL)
    Display_SN                               0x08001a7d   Thumb Code   278  bsp_lcd.o(i.Display_SN)
    DoGatherChannelDataFloat                 0x08001b9d   Thumb Code    56  bsp_sensordeal.o(i.DoGatherChannelDataFloat)
    DownFlash_HisData                        0x08001be1   Thumb Code   176  bsp_storagedata.o(i.DownFlash_HisData)
    EXTI0_IRQHandler                         0x08001ccd   Thumb Code    18  stm32l1xx_it.o(i.EXTI0_IRQHandler)
    EXTI15_10_Config                         0x08001cdf   Thumb Code   118  bsp_exti_key.o(i.EXTI15_10_Config)
    EXTI15_10_IRQHandler                     0x08001d55   Thumb Code   222  stm32l1xx_it.o(i.EXTI15_10_IRQHandler)
    EXTI_ClearITPendingBit                   0x08001e69   Thumb Code     6  stm32l1xx_exti.o(i.EXTI_ClearITPendingBit)
    EXTI_GetITStatus                         0x08001e75   Thumb Code    20  stm32l1xx_exti.o(i.EXTI_GetITStatus)
    EXTI_Init                                0x08001e8d   Thumb Code   142  stm32l1xx_exti.o(i.EXTI_Init)
    EnterCriticalSection                     0x08001f21   Thumb Code     4  port.o(i.EnterCriticalSection)
    Error_Handler                            0x08001f25   Thumb Code     4  freemodbus.o(i.Error_Handler)
    ExitCriticalSection                      0x08001f29   Thumb Code     4  port.o(i.ExitCriticalSection)
    FirstCheckExternPower                    0x08001f2d   Thumb Code    48  bsp_powerdeal.o(i.FirstCheckExternPower)
    FisrtPowerOnDisplay                      0x08001fb5   Thumb Code    82  bsp_lcd.o(i.FisrtPowerOnDisplay)
    Fram_Read                                0x08002015   Thumb Code   180  bsp_i2c.o(i.Fram_Read)
    Fram_Write                               0x080020cd   Thumb Code   146  bsp_i2c.o(i.Fram_Write)
    GPIO_Init                                0x08002165   Thumb Code   132  stm32l1xx_gpio.o(i.GPIO_Init)
    GPIO_PinAFConfig                         0x080021e9   Thumb Code    70  stm32l1xx_gpio.o(i.GPIO_PinAFConfig)
    GPIO_ReadInputDataBit                    0x0800222f   Thumb Code    18  stm32l1xx_gpio.o(i.GPIO_ReadInputDataBit)
    GPIO_ResetBits                           0x08002241   Thumb Code     4  stm32l1xx_gpio.o(i.GPIO_ResetBits)
    GPIO_SetBits                             0x08002245   Thumb Code     4  stm32l1xx_gpio.o(i.GPIO_SetBits)
    GetRecIntervalTime                       0x080023e1   Thumb Code    84  bsp_class.o(i.GetRecIntervalTime)
    HAL_GPIO_Init                            0x0800244d   Thumb Code   438  stm32l1xx_hal_gpio.o(i.HAL_GPIO_Init)
    HAL_NVIC_EnableIRQ                       0x08002629   Thumb Code    28  stm32l1xx_hal_cortex.o(i.HAL_NVIC_EnableIRQ)
    HAL_NVIC_SetPriority                     0x08002645   Thumb Code   124  stm32l1xx_hal_cortex.o(i.HAL_NVIC_SetPriority)
    HAL_RCC_GetHCLKFreq                      0x080026c1   Thumb Code    42  stm32l1xx_hal_rcc.o(i.HAL_RCC_GetHCLKFreq)
    HAL_RCC_GetPCLK1Freq                     0x080026f9   Thumb Code    36  stm32l1xx_hal_rcc.o(i.HAL_RCC_GetPCLK1Freq)
    HAL_RCC_GetPCLK2Freq                     0x08002725   Thumb Code    36  stm32l1xx_hal_rcc.o(i.HAL_RCC_GetPCLK2Freq)
    HAL_RCC_GetSysClockFreq                  0x08002751   Thumb Code   168  stm32l1xx_hal_rcc.o(i.HAL_RCC_GetSysClockFreq)
    HAL_TIM_Base_Init                        0x0800280d   Thumb Code    52  stm32l1xx_hal_tim.o(i.HAL_TIM_Base_Init)
    HAL_TIM_Base_MspInit                     0x08002841   Thumb Code    50  stm32l1xx_hal_msp.o(i.HAL_TIM_Base_MspInit)
    HAL_TIM_Base_Start_IT                    0x08002879   Thumb Code    44  stm32l1xx_hal_tim.o(i.HAL_TIM_Base_Start_IT)
    HAL_TIM_Base_Stop_IT                     0x080028a5   Thumb Code    54  stm32l1xx_hal_tim.o(i.HAL_TIM_Base_Stop_IT)
    HAL_TIM_IC_CaptureCallback               0x080028db   Thumb Code     2  stm32l1xx_hal_tim.o(i.HAL_TIM_IC_CaptureCallback)
    HAL_TIM_IRQHandler                       0x080028dd   Thumb Code   338  stm32l1xx_hal_tim.o(i.HAL_TIM_IRQHandler)
    HAL_TIM_OC_DelayElapsedCallback          0x08002a2f   Thumb Code     2  stm32l1xx_hal_tim.o(i.HAL_TIM_OC_DelayElapsedCallback)
    HAL_TIM_PWM_PulseFinishedCallback        0x08002a31   Thumb Code     2  stm32l1xx_hal_tim.o(i.HAL_TIM_PWM_PulseFinishedCallback)
    HAL_TIM_PeriodElapsedCallback            0x08002a33   Thumb Code    10  porttimer.o(i.HAL_TIM_PeriodElapsedCallback)
    HAL_TIM_TriggerCallback                  0x08002a3d   Thumb Code     2  stm32l1xx_hal_tim.o(i.HAL_TIM_TriggerCallback)
    HAL_UART_ErrorCallback                   0x08002a3f   Thumb Code     2  stm32l1xx_hal_uart.o(i.HAL_UART_ErrorCallback)
    HAL_UART_Init                            0x08002a41   Thumb Code   110  stm32l1xx_hal_uart.o(i.HAL_UART_Init)
    HAL_UART_MspInit                         0x08002ab1   Thumb Code   158  stm32l1xx_hal_msp.o(i.HAL_UART_MspInit)
    HAL_UART_Receive_End                     0x08002b59   Thumb Code    64  stm32l1xx_hal_uart.o(i.HAL_UART_Receive_End)
    HAL_UART_Receive_IT                      0x08002b99   Thumb Code   152  stm32l1xx_hal_uart.o(i.HAL_UART_Receive_IT)
    HISTORY_DATA_READ                        0x08002c31   Thumb Code   144  bsp_serialdeal.o(i.HISTORY_DATA_READ)
    HardFault_Handler                        0x08002cc5   Thumb Code     4  stm32l1xx_it.o(i.HardFault_Handler)
    Humi_Adjust                              0x08002ecd   Thumb Code   294  bsp_sensordeal.o(i.Humi_Adjust)
    JlySecDeal                               0x08003171   Thumb Code   142  bsp_datadeal.o(i.JlySecDeal)
    JudgingChannelNumberDisplay              0x0800320d   Thumb Code    60  bsp_sensordeal.o(i.JudgingChannelNumberDisplay)
    KEY_GPIO_Config                          0x08003255   Thumb Code    68  bsp_exti_key.o(i.KEY_GPIO_Config)
    KeyDeal                                  0x080032a1   Thumb Code   212  bsp_exti_key.o(i.KeyDeal)
    LCD_Cmd                                  0x080034cd   Thumb Code     6  stm32l1xx_lcd.o(i.LCD_Cmd)
    LCD_ContrastConfig                       0x080034d9   Thumb Code    22  stm32l1xx_lcd.o(i.LCD_ContrastConfig)
    LCD_GLASS_Clear                          0x080034f5   Thumb Code    42  bsp_lcd.o(i.LCD_GLASS_Clear)
    LCD_GLASS_Init                           0x08003525   Thumb Code   102  bsp_lcd.o(i.LCD_GLASS_Init)
    LCD_GetFlagStatus                        0x080037c1   Thumb Code    20  stm32l1xx_lcd.o(i.LCD_GetFlagStatus)
    LCD_Init                                 0x080037d9   Thumb Code    78  stm32l1xx_lcd.o(i.LCD_Init)
    LCD_PulseOnDurationConfig                0x0800382d   Thumb Code    22  stm32l1xx_lcd.o(i.LCD_PulseOnDurationConfig)
    LCD_StructInit                           0x08003849   Thumb Code    14  stm32l1xx_lcd.o(i.LCD_StructInit)
    LCD_UpdateDisplayRequest                 0x08003859   Thumb Code     8  stm32l1xx_lcd.o(i.LCD_UpdateDisplayRequest)
    LCD_WaitForSynchro                       0x08003865   Thumb Code    28  stm32l1xx_lcd.o(i.LCD_WaitForSynchro)
    LED_Config                               0x08003885   Thumb Code     2  freemodbus.o(i.LED_Config)
    LED_Poll                                 0x08003889   Thumb Code    48  freemodbus.o(i.LED_Poll)
    Lcd_ChannelValue                         0x08003a11   Thumb Code   484  bsp_lcd.o(i.Lcd_ChannelValue)
    MemManage_Handler                        0x08006295   Thumb Code     4  stm32l1xx_it.o(i.MemManage_Handler)
    NMI_Handler                              0x08006299   Thumb Code     2  stm32l1xx_it.o(i.NMI_Handler)
    NVIC_Init                                0x080062d5   Thumb Code   108  misc.o(i.NVIC_Init)
    NVIC_PriorityGroupConfig                 0x0800634d   Thumb Code    10  misc.o(i.NVIC_PriorityGroupConfig)
    OffPowerSupply                           0x08006389   Thumb Code    66  bsp_init.o(i.OffPowerSupply)
    OutpowerShan                             0x0800654d   Thumb Code   748  bsp_powerdeal.o(i.OutpowerShan)
    PARAM_DATA_READ                          0x08006849   Thumb Code   246  bsp_serialdeal.o(i.PARAM_DATA_READ)
    PARAM_DATA_WRITE                         0x08006949   Thumb Code   442  bsp_serialdeal.o(i.PARAM_DATA_WRITE)
    PWR_RTCAccessCmd                         0x08006b11   Thumb Code     6  stm32l1xx_pwr.o(i.PWR_RTCAccessCmd)
    PendSV_Handler                           0x08006b1d   Thumb Code     2  stm32l1xx_it.o(i.PendSV_Handler)
    PeripheralInit                           0x08006b1f   Thumb Code    58  bsp_init.o(i.PeripheralInit)
    RCC_AHBPeriphClockCmd                    0x08006b59   Thumb Code    26  stm32l1xx_rcc.o(i.RCC_AHBPeriphClockCmd)
    RCC_APB1PeriphClockCmd                   0x08006b79   Thumb Code    26  stm32l1xx_rcc.o(i.RCC_APB1PeriphClockCmd)
    RCC_APB2PeriphClockCmd                   0x08006b99   Thumb Code    26  stm32l1xx_rcc.o(i.RCC_APB2PeriphClockCmd)
    RCC_GetClocksFreq                        0x08006bb9   Thumb Code   234  stm32l1xx_rcc.o(i.RCC_GetClocksFreq)
    RCC_GetFlagStatus                        0x08006cb9   Thumb Code    48  stm32l1xx_rcc.o(i.RCC_GetFlagStatus)
    RCC_GetSYSCLKSource                      0x08006ced   Thumb Code    10  stm32l1xx_rcc.o(i.RCC_GetSYSCLKSource)
    RCC_HSEConfig                            0x08006cfd   Thumb Code    12  stm32l1xx_rcc.o(i.RCC_HSEConfig)
    RCC_HSICmd                               0x08006d0d   Thumb Code     6  stm32l1xx_rcc.o(i.RCC_HSICmd)
    RCC_LSEConfig                            0x08006d19   Thumb Code    12  stm32l1xx_rcc.o(i.RCC_LSEConfig)
    RCC_LSICmd                               0x08006d29   Thumb Code     6  stm32l1xx_rcc.o(i.RCC_LSICmd)
    RCC_PLLCmd                               0x08006d35   Thumb Code     6  stm32l1xx_rcc.o(i.RCC_PLLCmd)
    RCC_RTCCLKCmd                            0x08006d41   Thumb Code     6  stm32l1xx_rcc.o(i.RCC_RTCCLKCmd)
    RCC_RTCCLKConfig                         0x08006d4d   Thumb Code    64  stm32l1xx_rcc.o(i.RCC_RTCCLKConfig)
    RCC_SYSCLKConfig                         0x08006d91   Thumb Code    18  stm32l1xx_rcc.o(i.RCC_SYSCLKConfig)
    RCC_WaitForHSEStartUp                    0x08006da9   Thumb Code    56  stm32l1xx_rcc.o(i.RCC_WaitForHSEStartUp)
    REALDATA_DATA_READ                       0x08006de1   Thumb Code    72  bsp_serialdeal.o(i.REALDATA_DATA_READ)
    RTC8025_Read                             0x08006e2d   Thumb Code   164  bsp_i2c.o(i.RTC8025_Read)
    RTC8025_Reset                            0x08006ed5   Thumb Code   222  bsp_i2c.o(i.RTC8025_Reset)
    RTC8025_Write                            0x08006fb5   Thumb Code   130  bsp_i2c.o(i.RTC8025_Write)
    RTC_WaitForSynchro                       0x0800703d   Thumb Code    92  stm32l1xx_rtc.o(i.RTC_WaitForSynchro)
    ReadFlashHisData                         0x080070b5   Thumb Code  2400  bsp_storagedata.o(i.ReadFlashHisData)
    ReadSetFramFlag                          0x08007a19   Thumb Code    32  bsp_init.o(i.ReadSetFramFlag)
    ReadU16Pointer                           0x08007a39   Thumb Code    20  bsp_storagedata.o(i.ReadU16Pointer)
    ReadU32Pointer                           0x08007a4d   Thumb Code    18  bsp_storagedata.o(i.ReadU32Pointer)
    RecorderBootModeHandle                   0x08007a61   Thumb Code   652  bsp_bootstop.o(i.RecorderBootModeHandle)
    RecorderStopModeHandle                   0x08007cfd   Thumb Code    62  bsp_bootstop.o(i.RecorderStopModeHandle)
    RecvByte                                 0x08007d49   Thumb Code    98  bsp_i2c.o(i.RecvByte)
    Relay_Poll                               0x08007db1   Thumb Code     6  freemodbus.o(i.Relay_Poll)
    RtcBcdToD10                              0x08007dbd   Thumb Code   208  bsp_rtc.o(i.RtcBcdToD10)
    RtcD10ToBcd                              0x08007e8d   Thumb Code   146  bsp_rtc.o(i.RtcD10ToBcd)
    SPI_Cmd                                  0x08007f1f   Thumb Code    24  stm32l1xx_spi.o(i.SPI_Cmd)
    SPI_FLASH_BufferRead                     0x08007f39   Thumb Code    76  bsp_spi_flash.o(i.SPI_FLASH_BufferRead)
    SPI_FLASH_BufferWrite                    0x08007f89   Thumb Code   290  bsp_spi_flash.o(i.SPI_FLASH_BufferWrite)
    SPI_FLASH_Init                           0x080080ad   Thumb Code   256  bsp_spi_flash.o(i.SPI_FLASH_Init)
    SPI_FLASH_PageWrite                      0x080081b9   Thumb Code    92  bsp_spi_flash.o(i.SPI_FLASH_PageWrite)
    SPI_FLASH_SectorErase                    0x08008219   Thumb Code    62  bsp_spi_flash.o(i.SPI_FLASH_SectorErase)
    SPI_FLASH_SendByte                       0x0800825d   Thumb Code    50  bsp_spi_flash.o(i.SPI_FLASH_SendByte)
    SPI_FLASH_WaitForWriteEnd                0x08008295   Thumb Code    44  bsp_spi_flash.o(i.SPI_FLASH_WaitForWriteEnd)
    SPI_FLASH_WriteEnable                    0x080082c5   Thumb Code    26  bsp_spi_flash.o(i.SPI_FLASH_WriteEnable)
    SPI_I2S_GetFlagStatus                    0x080082e5   Thumb Code    18  stm32l1xx_spi.o(i.SPI_I2S_GetFlagStatus)
    SPI_I2S_ReceiveData                      0x080082f7   Thumb Code     6  stm32l1xx_spi.o(i.SPI_I2S_ReceiveData)
    SPI_I2S_SendData                         0x080082fd   Thumb Code     4  stm32l1xx_spi.o(i.SPI_I2S_SendData)
    SPI_Init                                 0x08008301   Thumb Code    60  stm32l1xx_spi.o(i.SPI_Init)
    STORAGE_DATA_READ                        0x0800833d   Thumb Code   318  bsp_serialdeal.o(i.STORAGE_DATA_READ)
    SVC_Handler                              0x08008481   Thumb Code     2  stm32l1xx_it.o(i.SVC_Handler)
    SYSCFG_EXTILineConfig                    0x08008485   Thumb Code    60  stm32l1xx_syscfg.o(i.SYSCFG_EXTILineConfig)
    SaveDataOnTimeDeal                       0x080084c5   Thumb Code   172  bsp_storagedata.o(i.SaveDataOnTimeDeal)
    SendByte                                 0x0800872d   Thumb Code    90  bsp_i2c.o(i.SendByte)
    SetFlashOverFlow                         0x08008971   Thumb Code    22  bsp_storagedata.o(i.SetFlashOverFlow)
    Start                                    0x08008e29   Thumb Code    84  bsp_i2c.o(i.Start)
    Stop                                     0x08008e81   Thumb Code    62  bsp_i2c.o(i.Stop)
    StorageHistoryData                       0x08008ec5   Thumb Code    26  bsp_storagedata.o(i.StorageHistoryData)
    SysClock_ReConfig                        0x08008f31   Thumb Code   136  bsp_init.o(i.SysClock_ReConfig)
    SysInit                                  0x08008fc1   Thumb Code   102  bsp_init.o(i.SysInit)
    SysTick_Handler                          0x08009039   Thumb Code    34  stm32l1xx_it.o(i.SysTick_Handler)
    SysTick_Init                             0x08009065   Thumb Code   108  bsp_systick.o(i.SysTick_Init)
    SystemInit                               0x080090dd   Thumb Code    88  system_stm32l1xx.o(i.SystemInit)
    TIM2_Configuration                       0x08009145   Thumb Code    76  bsp_timer.o(i.TIM2_Configuration)
    TIM2_IRQHandler                          0x08009191   Thumb Code   190  stm32l1xx_it.o(i.TIM2_IRQHandler)
    TIM3_IRQHandler                          0x08009285   Thumb Code    10  porttimer.o(i.TIM3_IRQHandler)
    TIM_ClearFlag                            0x08009305   Thumb Code     6  stm32l1xx_tim.o(i.TIM_ClearFlag)
    TIM_ClearITPendingBit                    0x0800930b   Thumb Code     6  stm32l1xx_tim.o(i.TIM_ClearITPendingBit)
    TIM_Cmd                                  0x08009311   Thumb Code    24  stm32l1xx_tim.o(i.TIM_Cmd)
    TIM_GetITStatus                          0x08009329   Thumb Code    34  stm32l1xx_tim.o(i.TIM_GetITStatus)
    TIM_ITConfig                             0x0800934b   Thumb Code    18  stm32l1xx_tim.o(i.TIM_ITConfig)
    TIM_TimeBaseInit                         0x0800935d   Thumb Code    76  stm32l1xx_tim.o(i.TIM_TimeBaseInit)
    Temp_Adjust                              0x080095c1   Thumb Code   534  bsp_sensordeal.o(i.Temp_Adjust)
    TimingDelay_Decrement                    0x08009861   Thumb Code    18  bsp_systick.o(i.TimingDelay_Decrement)
    U16ToValue10                             0x08009879   Thumb Code    10  bsp_class.o(i.U16ToValue10)
    USART1_Config                            0x08009a95   Thumb Code   152  bsp_usart.o(i.USART1_Config)
    USART1_IRQHandler                        0x08009b35   Thumb Code    32  stm32l1xx_it.o(i.USART1_IRQHandler)
    USART3_IRQHandler                        0x08009b5d   Thumb Code   262  portserial.o(i.USART3_IRQHandler)
    USART_Cmd                                0x08009c69   Thumb Code    24  stm32l1xx_usart.o(i.USART_Cmd)
    USART_GetFlagStatus                      0x08009c81   Thumb Code    26  stm32l1xx_usart.o(i.USART_GetFlagStatus)
    USART_GetITStatus                        0x08009c9b   Thumb Code    84  stm32l1xx_usart.o(i.USART_GetITStatus)
    USART_ITConfig                           0x08009cef   Thumb Code    74  stm32l1xx_usart.o(i.USART_ITConfig)
    USART_Init                               0x08009d39   Thumb Code   198  stm32l1xx_usart.o(i.USART_Init)
    USART_ReceiveData                        0x08009e05   Thumb Code    10  stm32l1xx_usart.o(i.USART_ReceiveData)
    USART_SendData                           0x08009e0f   Thumb Code     8  stm32l1xx_usart.o(i.USART_SendData)
    UsageFault_Handler                       0x08009e17   Thumb Code     4  stm32l1xx_it.o(i.UsageFault_Handler)
    ValueFtToU16                             0x08009e1d   Thumb Code   150  bsp_class.o(i.ValueFtToU16)
    VoltageTest                              0x08009ebd   Thumb Code   232  bsp_powerdeal.o(i.VoltageTest)
    WaitAck                                  0x0800a269   Thumb Code   126  bsp_i2c.o(i.WaitAck)
    WriteSetFramFlag                         0x0800a385   Thumb Code    26  bsp_init.o(i.WriteSetFramFlag)
    WriteU16Pointer                          0x0800a39f   Thumb Code    20  bsp_storagedata.o(i.WriteU16Pointer)
    WriteU32Pointer                          0x0800a3b3   Thumb Code    20  bsp_storagedata.o(i.WriteU32Pointer)
    __0printf                                0x0800a3c9   Thumb Code    22  printfa.o(i.__0printf)
    __1printf                                0x0800a3c9   Thumb Code     0  printfa.o(i.__0printf)
    __2printf                                0x0800a3c9   Thumb Code     0  printfa.o(i.__0printf)
    __c89printf                              0x0800a3c9   Thumb Code     0  printfa.o(i.__0printf)
    printf                                   0x0800a3c9   Thumb Code     0  printfa.o(i.__0printf)
    __0vsprintf                              0x0800a3e9   Thumb Code    30  printfa.o(i.__0vsprintf)
    __1vsprintf                              0x0800a3e9   Thumb Code     0  printfa.o(i.__0vsprintf)
    __2vsprintf                              0x0800a3e9   Thumb Code     0  printfa.o(i.__0vsprintf)
    __c89vsprintf                            0x0800a3e9   Thumb Code     0  printfa.o(i.__0vsprintf)
    vsprintf                                 0x0800a3e9   Thumb Code     0  printfa.o(i.__0vsprintf)
    __scatterload_copy                       0x0800a40d   Thumb Code    14  handlers.o(i.__scatterload_copy)
    __scatterload_null                       0x0800a41b   Thumb Code     2  handlers.o(i.__scatterload_null)
    __scatterload_zeroinit                   0x0800a41d   Thumb Code    14  handlers.o(i.__scatterload_zeroinit)
    displayDAY                               0x0800acd9   Thumb Code   144  bsp_lcd.o(i.displayDAY)
    displayErr                               0x0800ad69   Thumb Code   114  bsp_lcd.o(i.displayErr)
    displayTIME                              0x0800ade1   Thumb Code   144  bsp_lcd.o(i.displayTIME)
    displayYEAR                              0x0800ae71   Thumb Code   108  bsp_lcd.o(i.displayYEAR)
    eMBEnable                                0x0800aedd   Thumb Code    32  mb.o(i.eMBEnable)
    eMBFuncReadCoils                         0x0800af05   Thumb Code   166  mbfunccoils.o(i.eMBFuncReadCoils)
    eMBFuncReadDiscreteInputs                0x0800afab   Thumb Code   164  mbfuncdisc.o(i.eMBFuncReadDiscreteInputs)
    eMBFuncReadHistoryRegister               0x0800b04f   Thumb Code   132  mbfunchistory.o(i.eMBFuncReadHistoryRegister)
    eMBFuncReadHoldingRegister               0x0800b0d3   Thumb Code   132  mbfuncholding.o(i.eMBFuncReadHoldingRegister)
    eMBFuncReadInputRegister                 0x0800b157   Thumb Code   132  mbfuncinput.o(i.eMBFuncReadInputRegister)
    eMBFuncReadRealDataRegister              0x0800b1db   Thumb Code   132  mbfuncrealdata.o(i.eMBFuncReadRealDataRegister)
    eMBFuncReadWriteMultipleHoldingRegister  0x0800b25f   Thumb Code   212  mbfuncholding.o(i.eMBFuncReadWriteMultipleHoldingRegister)
    eMBFuncReportSlaveID                     0x0800b335   Thumb Code    30  mbfuncother.o(i.eMBFuncReportSlaveID)
    eMBFuncWriteCoil                         0x0800b35d   Thumb Code   108  mbfunccoils.o(i.eMBFuncWriteCoil)
    eMBFuncWriteHoldingRegister              0x0800b3c9   Thumb Code    62  mbfuncholding.o(i.eMBFuncWriteHoldingRegister)
    eMBFuncWriteMultipleCoils                0x0800b407   Thumb Code   142  mbfunccoils.o(i.eMBFuncWriteMultipleCoils)
    eMBFuncWriteMultipleHoldingRegister      0x0800b495   Thumb Code   106  mbfuncholding.o(i.eMBFuncWriteMultipleHoldingRegister)
    eMBInit                                  0x0800b501   Thumb Code   152  mb.o(i.eMBInit)
    eMBPoll                                  0x0800b5e1   Thumb Code   294  mb.o(i.eMBPoll)
    eMBRTUInit                               0x0800b765   Thumb Code    84  mbrtu.o(i.eMBRTUInit)
    eMBRTUReceive                            0x0800b7bd   Thumb Code    78  mbrtu.o(i.eMBRTUReceive)
    eMBRTUSend                               0x0800b82d   Thumb Code   154  mbrtu.o(i.eMBRTUSend)
    eMBRTUStart                              0x0800b8dd   Thumb Code    30  mbrtu.o(i.eMBRTUStart)
    eMBRTUStop                               0x0800b901   Thumb Code    24  mbrtu.o(i.eMBRTUStop)
    eMBRegCoilsCB                            0x0800b919   Thumb Code   162  freemodbus.o(i.eMBRegCoilsCB)
    eMBRegDiscreteCB                         0x0800b9c9   Thumb Code    98  freemodbus.o(i.eMBRegDiscreteCB)
    eMBRegHistoryCB                          0x0800ba3d   Thumb Code   106  freemodbus.o(i.eMBRegHistoryCB)
    eMBRegHoldingCB                          0x0800bab9   Thumb Code   204  freemodbus.o(i.eMBRegHoldingCB)
    eMBRegInputCB                            0x0800bb95   Thumb Code   106  freemodbus.o(i.eMBRegInputCB)
    eMBRegRealDataCB                         0x0800bc11   Thumb Code   106  freemodbus.o(i.eMBRegRealDataCB)
    fputc                                    0x0800bc8d   Thumb Code    32  bsp_usart.o(i.fputc)
    freemodbus_init                          0x0800bcb1   Thumb Code    34  freemodbus.o(i.freemodbus_init)
    freemodbus_main                          0x0800bcd3   Thumb Code    26  freemodbus.o(i.freemodbus_main)
    lcd_OFF                                  0x0800bced   Thumb Code   332  bsp_lcd.o(i.lcd_OFF)
    main                                     0x0800be3d   Thumb Code   130  main.o(i.main)
    prveMBError2Exception                    0x0800bf75   Thumb Code    34  mbutils.o(i.prveMBError2Exception)
    read_time                                0x0800bfd5   Thumb Code   128  bsp_rtc.o(i.read_time)
    rtc_deel                                 0x0800c059   Thumb Code   330  bsp_rtc.o(i.rtc_deel)
    serialread_time                          0x0800c1b5   Thumb Code    74  bsp_rtc.o(i.serialread_time)
    set_time                                 0x0800c205   Thumb Code    84  bsp_rtc.o(i.set_time)
    usMBCRC16                                0x0800c25d   Thumb Code    48  mbcrc.o(i.usMBCRC16)
    vMBPortSerialEnable                      0x0800c295   Thumb Code    94  portserial.o(i.vMBPortSerialEnable)
    vMBPortTimersDisable                     0x0800c2fd   Thumb Code    16  porttimer.o(i.vMBPortTimersDisable)
    vMBPortTimersEnable                      0x0800c311   Thumb Code    28  porttimer.o(i.vMBPortTimersEnable)
    xMBOutput                                0x0800c331   Thumb Code    68  port.o(i.xMBOutput)
    xMBPortEventGet                          0x0800c379   Thumb Code    26  portevent.o(i.xMBPortEventGet)
    xMBPortEventInit                         0x0800c39d   Thumb Code    10  portevent.o(i.xMBPortEventInit)
    xMBPortEventPost                         0x0800c3ad   Thumb Code    16  portevent.o(i.xMBPortEventPost)
    xMBPortSerialGetByte                     0x0800c3c5   Thumb Code    76  portserial.o(i.xMBPortSerialGetByte)
    xMBPortSerialInit                        0x0800c415   Thumb Code    52  portserial.o(i.xMBPortSerialInit)
    xMBPortSerialPutByte                     0x0800c451   Thumb Code    32  portserial.o(i.xMBPortSerialPutByte)
    xMBPortTimersInit                        0x0800c475   Thumb Code    72  porttimer.o(i.xMBPortTimersInit)
    xMBRTUReceiveFSM                         0x0800c4cd   Thumb Code   122  mbrtu.o(i.xMBRTUReceiveFSM)
    xMBRTUTimerT35Expired                    0x0800c555   Thumb Code    60  mbrtu.o(i.xMBRTUTimerT35Expired)
    xMBRTUTransmitFSM                        0x0800c595   Thumb Code    94  mbrtu.o(i.xMBRTUTransmitFSM)
    xMBUtilGetBits                           0x0800c601   Thumb Code    42  mbutils.o(i.xMBUtilGetBits)
    xMBUtilSetBits                           0x0800c62b   Thumb Code    96  mbutils.o(i.xMBUtilSetBits)
    lcd_test                                 0x0800c68c   Data         128  global.o(.constdata)
    RESET_ADJUST_CURVE1                      0x0800c70c   Data          30  global.o(.constdata)
    RESET_ADJUST_CURVE2                      0x0800c72a   Data          22  global.o(.constdata)
    RESET_CHANNEL_SETUP_TABLE                0x0800c740   Data         104  global.o(.constdata)
    ConfMap_Address                          0x0800c7a8   Data          48  global.o(.constdata)
    temp_unit                                0x0800c810   Data           2  bsp_storagedata.o(.constdata)
    shidu_unit                               0x0800c812   Data           3  bsp_storagedata.o(.constdata)
    aAPBAHBPrescTable                        0x0800ca5c   Data          16  stm32l1xx_hal_rcc.o(.constdata)
    aPLLDivisionFactorTable                  0x0800ca6c   Data           4  stm32l1xx_hal_rcc.o(.constdata)
    aPLLMulFactorTable                       0x0800ca70   Data           9  stm32l1xx_hal_rcc.o(.constdata)
    Region$$Table$$Base                      0x0800ca7c   Number         0  anon$$obj.o(Region$$Table)
    Region$$Table$$Limit                     0x0800ca9c   Number         0  anon$$obj.o(Region$$Table)
    SystemCoreClock                          0x20000000   Data           4  system_stm32l1xx.o(.data)
    PLLMulTable                              0x20000004   Data           9  system_stm32l1xx.o(.data)
    AHBPrescTable                            0x2000000d   Data          16  system_stm32l1xx.o(.data)
    usRegInputStart                          0x20000036   Data           2  freemodbus.o(.data)
    usRegHoldingStart                        0x20000038   Data           2  freemodbus.o(.data)
    ucRegCoilsBuf                            0x2000003a   Data           2  freemodbus.o(.data)
    ucRegCoilsRerv                           0x2000003c   Data           2  freemodbus.o(.data)
    ucRegDiscreteBuf                         0x2000003e   Data           2  freemodbus.o(.data)
    ucRegDiscreteRerv                        0x20000040   Data           2  freemodbus.o(.data)
    TimingDelay                              0x20000044   Data           4  bsp_systick.o(.data)
    display_ct                               0x20000048   Data           1  global.o(.data)
    AdjustCurveFirAddress                    0x2000004c   Data           8  global.o(.data)
    Key                                      0x20000054   Data           3  global.o(.data)
    rtc_pt                                   0x20000057   Data           1  global.o(.data)
    uAddress                                 0x20000058   Data           1  global.o(.data)
    Key1ChangAnCount                         0x20000059   Data           1  global.o(.data)
    ChannelForDisplay                        0x2000005a   Data           1  global.o(.data)
    StartedChannelForDisplay                 0x2000005b   Data           1  global.o(.data)
    Started_Channel                          0x2000005c   Data           1  global.o(.data)
    SYS_CLK                                  0x20000060   Data           4  global.o(.data)
    SysTickTestCount                         0x20000064   Data           4  global.o(.data)
    temptest                                 0x20000068   Data           4  global.o(.data)
    pxMBFrameCBByteReceived                  0x20000140   Data           4  mb.o(.data)
    pxMBFrameCBTransmitterEmpty              0x20000144   Data           4  mb.o(.data)
    pxMBPortCBTimerExpired                   0x20000148   Data           4  mb.o(.data)
    pxMBFrameCBReceiveFSMCur                 0x2000014c   Data           4  mb.o(.data)
    pxMBFrameCBTransmitFSMCur                0x20000150   Data           4  mb.o(.data)
    __stdout                                 0x20000168   Data           4  stdout.o(.data)
    usRegInputBuf                            0x2000016c   Data        8192  freemodbus.o(.bss)
    usRegHoldingBuf                          0x2000216c   Data       24576  freemodbus.o(.bss)
    DataBuf                                  0x2000816c   Data          74  global.o(.bss)
    PManage                                  0x200081b6   Data          10  global.o(.bss)
    Flag                                     0x200081c0   Data          36  global.o(.bss)
    Rtc                                      0x200081e4   Data          16  global.o(.bss)
    Queue                                    0x200081f4   Data          32  global.o(.bss)
    JlyParam                                 0x20008214   Data         132  global.o(.bss)
    Conf                                     0x20008298   Data        3232  global.o(.bss)
    adc                                      0x20008f38   Data          64  global.o(.bss)
    adcCopy                                  0x20008f78   Data          64  global.o(.bss)
    ADC_ConvertedValue                       0x20008fb8   Data          64  global.o(.bss)
    FlagSeniorErr                            0x20008ff8   Data          32  global.o(.bss)
    ChannelDataFloat                         0x20009018   Data         128  global.o(.bss)
    ucRTUBuf                                 0x200092b8   Data         256  mbrtu.o(.bss)
    __initial_sp                             0x20009840   Data           0  startup_stm32l1xx_hd.o(STACK)



==============================================================================

Memory Map of the image

  Image Entry point : 0x08000125

  Load Region LR_IROM1 (Base: 0x08000000, Size: 0x0000cc08, Max: 0x00060000, ABSOLUTE, COMPRESSED[0x0000cb3c])

    Execution Region ER_IROM1 (Base: 0x08000000, Size: 0x0000ca9c, Max: 0x00060000, ABSOLUTE)

    Base Addr    Size         Type   Attr      Idx    E Section Name        Object

    0x08000000   0x00000124   Data   RO            3    RESET               startup_stm32l1xx_hd.o
    0x08000124   0x00000000   Code   RO         6064  * .ARM.Collect$$$$00000000  mc_w.l(entry.o)
    0x08000124   0x00000004   Code   RO         6364    .ARM.Collect$$$$00000001  mc_w.l(entry2.o)
    0x08000128   0x00000004   Code   RO         6367    .ARM.Collect$$$$00000004  mc_w.l(entry5.o)
    0x0800012c   0x00000000   Code   RO         6369    .ARM.Collect$$$$00000008  mc_w.l(entry7b.o)
    0x0800012c   0x00000000   Code   RO         6371    .ARM.Collect$$$$0000000A  mc_w.l(entry8b.o)
    0x0800012c   0x00000008   Code   RO         6372    .ARM.Collect$$$$0000000B  mc_w.l(entry9a.o)
    0x08000134   0x00000000   Code   RO         6374    .ARM.Collect$$$$0000000D  mc_w.l(entry10a.o)
    0x08000134   0x00000000   Code   RO         6376    .ARM.Collect$$$$0000000F  mc_w.l(entry11a.o)
    0x08000134   0x00000004   Code   RO         6365    .ARM.Collect$$$$00002712  mc_w.l(entry2.o)
    0x08000138   0x00000024   Code   RO            4    .text               startup_stm32l1xx_hd.o
    0x0800015c   0x00000024   Code   RO         6067    .text               mc_w.l(memcpya.o)
    0x08000180   0x00000024   Code   RO         6069    .text               mc_w.l(memseta.o)
    0x080001a4   0x000000b0   Code   RO         6334    .text               mf_w.l(fadd.o)
    0x08000254   0x0000006c   Code   RO         6336    .text               mf_w.l(fmul.o)
    0x080002c0   0x00000080   Code   RO         6338    .text               mf_w.l(fdiv.o)
    0x08000340   0x0000014e   Code   RO         6340    .text               mf_w.l(dadd.o)
    0x0800048e   0x000000e4   Code   RO         6342    .text               mf_w.l(dmul.o)
    0x08000572   0x000000de   Code   RO         6344    .text               mf_w.l(ddiv.o)
    0x08000650   0x00000012   Code   RO         6346    .text               mf_w.l(fflti.o)
    0x08000662   0x0000000a   Code   RO         6348    .text               mf_w.l(ffltui.o)
    0x0800066c   0x00000028   Code   RO         6350    .text               mf_w.l(ffixui.o)
    0x08000694   0x00000026   Code   RO         6352    .text               mf_w.l(f2d.o)
    0x080006ba   0x00000002   PAD
    0x080006bc   0x00000028   Code   RO         6354    .text               mf_w.l(cdcmple.o)
    0x080006e4   0x00000028   Code   RO         6356    .text               mf_w.l(cdrcmple.o)
    0x0800070c   0x00000038   Code   RO         6358    .text               mf_w.l(d2f.o)
    0x08000744   0x00000014   Code   RO         6360    .text               mf_w.l(cfcmple.o)
    0x08000758   0x00000014   Code   RO         6362    .text               mf_w.l(cfrcmple.o)
    0x0800076c   0x0000002c   Code   RO         6379    .text               mc_w.l(uidiv.o)
    0x08000798   0x00000062   Code   RO         6381    .text               mc_w.l(uldiv.o)
    0x080007fa   0x0000001e   Code   RO         6383    .text               mc_w.l(llshl.o)
    0x08000818   0x00000024   Code   RO         6385    .text               mc_w.l(llsshr.o)
    0x0800083c   0x00000000   Code   RO         6387    .text               mc_w.l(iusefp.o)
    0x0800083c   0x0000006c   Code   RO         6388    .text               mf_w.l(fepilogue.o)
    0x080008a8   0x000000be   Code   RO         6390    .text               mf_w.l(depilogue.o)
    0x08000966   0x00000030   Code   RO         6392    .text               mf_w.l(dfixul.o)
    0x08000996   0x00000002   PAD
    0x08000998   0x00000024   Code   RO         6394    .text               mc_w.l(init.o)
    0x080009bc   0x00000020   Code   RO         6396    .text               mc_w.l(llushr.o)
    0x080009dc   0x0000005c   Code   RO         6406    .text               mc_w.l(__dczerorl2.o)
    0x08000a38   0x00000050   Code   RO         2925    i.ADC1_GPIO_Config  bsp_adc.o
    0x08000a88   0x0000001e   Code   RO         2926    i.ADC1_Init         bsp_adc.o
    0x08000aa6   0x00000002   PAD
    0x08000aa8   0x00000120   Code   RO         2927    i.ADC1_Mode_Config  bsp_adc.o
    0x08000bc8   0x00000016   Code   RO          332    i.ADC_Cmd           stm32l1xx_adc.o
    0x08000bde   0x00000016   Code   RO          336    i.ADC_DMACmd        stm32l1xx_adc.o
    0x08000bf4   0x00000016   Code   RO          337    i.ADC_DMARequestAfterLastTransferCmd  stm32l1xx_adc.o
    0x08000c0a   0x00000012   Code   RO          346    i.ADC_GetFlagStatus  stm32l1xx_adc.o
    0x08000c1c   0x00000054   Code   RO          352    i.ADC_Init          stm32l1xx_adc.o
    0x08000c70   0x00000158   Code   RO          357    i.ADC_RegularChannelConfig  stm32l1xx_adc.o
    0x08000dc8   0x0000000a   Code   RO          359    i.ADC_SoftwareStartConv  stm32l1xx_adc.o
    0x08000dd2   0x0000001a   Code   RO          361    i.ADC_StructInit    stm32l1xx_adc.o
    0x08000dec   0x00000050   Code   RO         3366    i.Ack               bsp_i2c.o
    0x08000e3c   0x000000c0   Code   RO         3618    i.AlarmAction       bsp_alarmdeal.o
    0x08000efc   0x00000020   Code   RO         3732    i.AlarmConfDataUpdate  bsp_serialdeal.o
    0x08000f1c   0x000002c0   Code   RO         3619    i.AlarmDeal         bsp_alarmdeal.o
    0x080011dc   0x0000003c   Code   RO         3620    i.BellNn            bsp_alarmdeal.o
    0x08001218   0x0000003c   Code   RO         3621    i.BellNn_longer     bsp_alarmdeal.o
    0x08001254   0x00000004   Code   RO         2719    i.BusFault_Handler  stm32l1xx_it.o
    0x08001258   0x00000002   Code   RO         2440    i.Button_Config     freemodbus.o
    0x0800125a   0x00000002   PAD
    0x0800125c   0x0000000c   Code   RO         2441    i.Button_Poll       freemodbus.o
    0x08001268   0x0000001a   Code   RO         3477    i.Change3BytesTimeToLong  bsp_class.o
    0x08001282   0x00000002   PAD
    0x08001284   0x000001a8   Code   RO         3806    i.ChannelDataDeal   bsp_storagedata.o
    0x0800142c   0x00000008   Code   RO         3478    i.Char_to_Int       bsp_class.o
    0x08001434   0x00000034   Code   RO         3622    i.CloseAlarm        bsp_alarmdeal.o
    0x08001468   0x00000018   Code   RO          561    i.DMA_Cmd           stm32l1xx_dma.o
    0x08001480   0x0000014c   Code   RO          562    i.DMA_DeInit        stm32l1xx_dma.o
    0x080015cc   0x0000003c   Code   RO          567    i.DMA_Init          stm32l1xx_dma.o
    0x08001608   0x00000070   Code   RO         3546    i.DateToSeconds     bsp_rtc.o
    0x08001678   0x000000c0   Code   RO         2928    i.Dealing_Gather    bsp_adc.o
    0x08001738   0x00000002   Code   RO         2720    i.DebugMon_Handler  stm32l1xx_it.o
    0x0800173a   0x00000002   Code   RO         3367    i.Delay             bsp_i2c.o
    0x0800173c   0x00000028   Code   RO         2894    i.Delay_ms          bsp_systick.o
    0x08001764   0x000000a8   Code   RO         2984    i.Display_ChannelValue  bsp_lcd.o
    0x0800180c   0x00000248   Code   RO         2986    i.Display_Mem       bsp_lcd.o
    0x08001a54   0x00000028   Code   RO         2987    i.Display_NUL       bsp_lcd.o
    0x08001a7c   0x00000120   Code   RO         2988    i.Display_SN        bsp_lcd.o
    0x08001b9c   0x00000044   Code   RO         3681    i.DoGatherChannelDataFloat  bsp_sensordeal.o
    0x08001be0   0x000000ec   Code   RO         3807    i.DownFlash_HisData  bsp_storagedata.o
    0x08001ccc   0x00000012   Code   RO         2721    i.EXTI0_IRQHandler  stm32l1xx_it.o
    0x08001cde   0x00000076   Code   RO         2953    i.EXTI15_10_Config  bsp_exti_key.o
    0x08001d54   0x00000114   Code   RO         2722    i.EXTI15_10_IRQHandler  stm32l1xx_it.o
    0x08001e68   0x0000000c   Code   RO          632    i.EXTI_ClearITPendingBit  stm32l1xx_exti.o
    0x08001e74   0x00000018   Code   RO          636    i.EXTI_GetITStatus  stm32l1xx_exti.o
    0x08001e8c   0x00000094   Code   RO          637    i.EXTI_Init         stm32l1xx_exti.o
    0x08001f20   0x00000004   Code   RO         4155    i.EnterCriticalSection  BTBUS_Library.lib(port.o)
    0x08001f24   0x00000004   Code   RO         2442    i.Error_Handler     freemodbus.o
    0x08001f28   0x00000004   Code   RO         4156    i.ExitCriticalSection  BTBUS_Library.lib(port.o)
    0x08001f2c   0x0000003c   Code   RO         3652    i.FirstCheckExternPower  bsp_powerdeal.o
    0x08001f68   0x0000004c   Code   RO         2807    i.FirstScanSysData  bsp_init.o
    0x08001fb4   0x00000060   Code   RO         2990    i.FisrtPowerOnDisplay  bsp_lcd.o
    0x08002014   0x000000b8   Code   RO         3368    i.Fram_Read         bsp_i2c.o
    0x080020cc   0x00000098   Code   RO         3369    i.Fram_Write        bsp_i2c.o
    0x08002164   0x00000084   Code   RO          686    i.GPIO_Init         stm32l1xx_gpio.o
    0x080021e8   0x00000046   Code   RO          687    i.GPIO_PinAFConfig  stm32l1xx_gpio.o
    0x0800222e   0x00000012   Code   RO          690    i.GPIO_ReadInputDataBit  stm32l1xx_gpio.o
    0x08002240   0x00000004   Code   RO          693    i.GPIO_ResetBits    stm32l1xx_gpio.o
    0x08002244   0x00000004   Code   RO          694    i.GPIO_SetBits      stm32l1xx_gpio.o
    0x08002248   0x00000198   Code   RO         2809    i.General_GPIO_Config  bsp_init.o
    0x080023e0   0x00000054   Code   RO         3479    i.GetRecIntervalTime  bsp_class.o
    0x08002434   0x00000016   Code   RO         3682    i.GetStartChanel    bsp_sensordeal.o
    0x0800244a   0x00000002   PAD
    0x0800244c   0x000001dc   Code   RO         4094    i.HAL_GPIO_Init     BTBUS_Library.lib(stm32l1xx_hal_gpio.o)
    0x08002628   0x0000001c   Code   RO         3890    i.HAL_NVIC_EnableIRQ  BTBUS_Library.lib(stm32l1xx_hal_cortex.o)
    0x08002644   0x0000007c   Code   RO         3896    i.HAL_NVIC_SetPriority  BTBUS_Library.lib(stm32l1xx_hal_cortex.o)
    0x080026c0   0x00000038   Code   RO         5910    i.HAL_RCC_GetHCLKFreq  BTBUS_Library.lib(stm32l1xx_hal_rcc.o)
    0x080026f8   0x0000002c   Code   RO         5912    i.HAL_RCC_GetPCLK1Freq  BTBUS_Library.lib(stm32l1xx_hal_rcc.o)
    0x08002724   0x0000002c   Code   RO         5913    i.HAL_RCC_GetPCLK2Freq  BTBUS_Library.lib(stm32l1xx_hal_rcc.o)
    0x08002750   0x000000bc   Code   RO         5914    i.HAL_RCC_GetSysClockFreq  BTBUS_Library.lib(stm32l1xx_hal_rcc.o)
    0x0800280c   0x00000034   Code   RO         4823    i.HAL_TIM_Base_Init  BTBUS_Library.lib(stm32l1xx_hal_tim.o)
    0x08002840   0x00000038   Code   RO         2321    i.HAL_TIM_Base_MspInit  stm32l1xx_hal_msp.o
    0x08002878   0x0000002c   Code   RO         4828    i.HAL_TIM_Base_Start_IT  BTBUS_Library.lib(stm32l1xx_hal_tim.o)
    0x080028a4   0x00000036   Code   RO         4831    i.HAL_TIM_Base_Stop_IT  BTBUS_Library.lib(stm32l1xx_hal_tim.o)
    0x080028da   0x00000002   Code   RO         4852    i.HAL_TIM_IC_CaptureCallback  BTBUS_Library.lib(stm32l1xx_hal_tim.o)
    0x080028dc   0x00000152   Code   RO         4865    i.HAL_TIM_IRQHandler  BTBUS_Library.lib(stm32l1xx_hal_tim.o)
    0x08002a2e   0x00000002   Code   RO         4868    i.HAL_TIM_OC_DelayElapsedCallback  BTBUS_Library.lib(stm32l1xx_hal_tim.o)
    0x08002a30   0x00000002   Code   RO         4895    i.HAL_TIM_PWM_PulseFinishedCallback  BTBUS_Library.lib(stm32l1xx_hal_tim.o)
    0x08002a32   0x0000000a   Code   RO         4705    i.HAL_TIM_PeriodElapsedCallback  BTBUS_Library.lib(porttimer.o)
    0x08002a3c   0x00000002   Code   RO         4906    i.HAL_TIM_TriggerCallback  BTBUS_Library.lib(stm32l1xx_hal_tim.o)
    0x08002a3e   0x00000002   Code   RO         5466    i.HAL_UART_ErrorCallback  BTBUS_Library.lib(stm32l1xx_hal_uart.o)
    0x08002a40   0x0000006e   Code   RO         5470    i.HAL_UART_Init     BTBUS_Library.lib(stm32l1xx_hal_uart.o)
    0x08002aae   0x00000002   PAD
    0x08002ab0   0x000000a8   Code   RO         2323    i.HAL_UART_MspInit  stm32l1xx_hal_msp.o
    0x08002b58   0x00000040   Code   RO         5475    i.HAL_UART_Receive_End  BTBUS_Library.lib(stm32l1xx_hal_uart.o)
    0x08002b98   0x00000098   Code   RO         5476    i.HAL_UART_Receive_IT  BTBUS_Library.lib(stm32l1xx_hal_uart.o)
    0x08002c30   0x00000094   Code   RO         3733    i.HISTORY_DATA_READ  bsp_serialdeal.o
    0x08002cc4   0x00000004   Code   RO         2723    i.HardFault_Handler  stm32l1xx_it.o
    0x08002cc8   0x00000204   Code   RO         3683    i.HumiChang_to_Shishu  bsp_sensordeal.o
    0x08002ecc   0x00000138   Code   RO         3684    i.Humi_Adjust       bsp_sensordeal.o
    0x08003004   0x0000002c   Code   RO         2810    i.I2C_GPIO_Config   bsp_init.o
    0x08003030   0x00000140   Code   RO         3734    i.JlyConfDataUpData  bsp_serialdeal.o
    0x08003170   0x0000009c   Code   RO         3519    i.JlySecDeal        bsp_datadeal.o
    0x0800320c   0x00000048   Code   RO         3685    i.JudgingChannelNumberDisplay  bsp_sensordeal.o
    0x08003254   0x0000004c   Code   RO         2954    i.KEY_GPIO_Config   bsp_exti_key.o
    0x080032a0   0x0000022c   Code   RO         2955    i.KeyDeal           bsp_exti_key.o
    0x080034cc   0x0000000c   Code   RO          778    i.LCD_Cmd           stm32l1xx_lcd.o
    0x080034d8   0x0000001c   Code   RO          779    i.LCD_ContrastConfig  stm32l1xx_lcd.o
    0x080034f4   0x00000030   Code   RO         2991    i.LCD_GLASS_Clear   bsp_lcd.o
    0x08003524   0x00000066   Code   RO         2994    i.LCD_GLASS_Init    bsp_lcd.o
    0x0800358a   0x00000002   PAD
    0x0800358c   0x00000234   Code   RO         2996    i.LCD_GPIOConfig    bsp_lcd.o
    0x080037c0   0x00000018   Code   RO          782    i.LCD_GetFlagStatus  stm32l1xx_lcd.o
    0x080037d8   0x00000054   Code   RO          786    i.LCD_Init          stm32l1xx_lcd.o
    0x0800382c   0x0000001c   Code   RO          788    i.LCD_PulseOnDurationConfig  stm32l1xx_lcd.o
    0x08003848   0x0000000e   Code   RO          789    i.LCD_StructInit    stm32l1xx_lcd.o
    0x08003856   0x00000002   PAD
    0x08003858   0x0000000c   Code   RO          790    i.LCD_UpdateDisplayRequest  stm32l1xx_lcd.o
    0x08003864   0x00000020   Code   RO          791    i.LCD_WaitForSynchro  stm32l1xx_lcd.o
    0x08003884   0x00000002   Code   RO         2444    i.LED_Config        freemodbus.o
    0x08003886   0x00000002   PAD
    0x08003888   0x00000034   Code   RO         2445    i.LED_Poll          freemodbus.o
    0x080038bc   0x00000154   Code   RO         3520    i.LOWorNomal_Mode   bsp_datadeal.o
    0x08003a10   0x000001fc   Code   RO         2997    i.Lcd_ChannelValue  bsp_lcd.o
    0x08003c0c   0x00000218   Code   RO         2998    i.Lcd_Dis10Value    bsp_lcd.o
    0x08003e24   0x00000218   Code   RO         2999    i.Lcd_Dis11Value    bsp_lcd.o
    0x0800403c   0x00000218   Code   RO         3000    i.Lcd_Dis12Value    bsp_lcd.o
    0x08004254   0x00000280   Code   RO         3001    i.Lcd_Dis13Value    bsp_lcd.o
    0x080044d4   0x00000280   Code   RO         3002    i.Lcd_Dis14Value    bsp_lcd.o
    0x08004754   0x00000280   Code   RO         3003    i.Lcd_Dis15Value    bsp_lcd.o
    0x080049d4   0x00000280   Code   RO         3004    i.Lcd_Dis1Value     bsp_lcd.o
    0x08004c54   0x0000031c   Code   RO         3005    i.Lcd_Dis2Value     bsp_lcd.o
    0x08004f70   0x00000388   Code   RO         3006    i.Lcd_Dis3Value     bsp_lcd.o
    0x080052f8   0x00000350   Code   RO         3007    i.Lcd_Dis4Value     bsp_lcd.o
    0x08005648   0x000002b4   Code   RO         3008    i.Lcd_Dis5Value     bsp_lcd.o
    0x080058fc   0x00000218   Code   RO         3009    i.Lcd_Dis6Value     bsp_lcd.o
    0x08005b14   0x00000280   Code   RO         3010    i.Lcd_Dis7Value     bsp_lcd.o
    0x08005d94   0x00000280   Code   RO         3011    i.Lcd_Dis8Value     bsp_lcd.o
    0x08006014   0x00000280   Code   RO         3012    i.Lcd_Dis9Value     bsp_lcd.o
    0x08006294   0x00000004   Code   RO         2724    i.MemManage_Handler  stm32l1xx_it.o
    0x08006298   0x00000002   Code   RO         2725    i.NMI_Handler       stm32l1xx_it.o
    0x0800629a   0x0000002a   Code   RO         3185    i.NVIC_Configuration  bsp_usart.o
    0x080062c4   0x00000010   Code   RO         3903    i.NVIC_GetPriorityGrouping  BTBUS_Library.lib(stm32l1xx_hal_cortex.o)
    0x080062d4   0x00000078   Code   RO          289    i.NVIC_Init         misc.o
    0x0800634c   0x00000014   Code   RO          290    i.NVIC_PriorityGroupConfig  misc.o
    0x08006360   0x00000028   Code   RO         3904    i.NVIC_SetPriority  BTBUS_Library.lib(stm32l1xx_hal_cortex.o)
    0x08006388   0x00000050   Code   RO         2811    i.OffPowerSupply    bsp_init.o
    0x080063d8   0x00000174   Code   RO         3521    i.OneSec_Timedeal   bsp_datadeal.o
    0x0800654c   0x000002fc   Code   RO         3653    i.OutpowerShan      bsp_powerdeal.o
    0x08006848   0x00000100   Code   RO         3735    i.PARAM_DATA_READ   bsp_serialdeal.o
    0x08006948   0x000001c8   Code   RO         3736    i.PARAM_DATA_WRITE  bsp_serialdeal.o
    0x08006b10   0x0000000c   Code   RO          899    i.PWR_RTCAccessCmd  stm32l1xx_pwr.o
    0x08006b1c   0x00000002   Code   RO         2726    i.PendSV_Handler    stm32l1xx_it.o
    0x08006b1e   0x0000003a   Code   RO         2812    i.PeripheralInit    bsp_init.o
    0x08006b58   0x00000020   Code   RO          979    i.RCC_AHBPeriphClockCmd  stm32l1xx_rcc.o
    0x08006b78   0x00000020   Code   RO          982    i.RCC_APB1PeriphClockCmd  stm32l1xx_rcc.o
    0x08006b98   0x00000020   Code   RO          985    i.RCC_APB2PeriphClockCmd  stm32l1xx_rcc.o
    0x08006bb8   0x00000100   Code   RO          994    i.RCC_GetClocksFreq  stm32l1xx_rcc.o
    0x08006cb8   0x00000034   Code   RO          995    i.RCC_GetFlagStatus  stm32l1xx_rcc.o
    0x08006cec   0x00000010   Code   RO          997    i.RCC_GetSYSCLKSource  stm32l1xx_rcc.o
    0x08006cfc   0x00000010   Code   RO          999    i.RCC_HSEConfig     stm32l1xx_rcc.o
    0x08006d0c   0x0000000c   Code   RO         1000    i.RCC_HSICmd        stm32l1xx_rcc.o
    0x08006d18   0x00000010   Code   RO         1003    i.RCC_LSEConfig     stm32l1xx_rcc.o
    0x08006d28   0x0000000c   Code   RO         1004    i.RCC_LSICmd        stm32l1xx_rcc.o
    0x08006d34   0x0000000c   Code   RO         1010    i.RCC_PLLCmd        stm32l1xx_rcc.o
    0x08006d40   0x0000000c   Code   RO         1012    i.RCC_RTCCLKCmd     stm32l1xx_rcc.o
    0x08006d4c   0x00000044   Code   RO         1013    i.RCC_RTCCLKConfig  stm32l1xx_rcc.o
    0x08006d90   0x00000018   Code   RO         1015    i.RCC_SYSCLKConfig  stm32l1xx_rcc.o
    0x08006da8   0x00000038   Code   RO         1016    i.RCC_WaitForHSEStartUp  stm32l1xx_rcc.o
    0x08006de0   0x0000004c   Code   RO         3737    i.REALDATA_DATA_READ  bsp_serialdeal.o
    0x08006e2c   0x000000a8   Code   RO         3370    i.RTC8025_Read      bsp_i2c.o
    0x08006ed4   0x000000de   Code   RO         3371    i.RTC8025_Reset     bsp_i2c.o
    0x08006fb2   0x00000002   PAD
    0x08006fb4   0x00000088   Code   RO         3372    i.RTC8025_Write     bsp_i2c.o
    0x0800703c   0x00000060   Code   RO         1265    i.RTC_WaitForSynchro  stm32l1xx_rtc.o
    0x0800709c   0x00000018   Code   RO         3738    i.ReadBatVoltage    bsp_serialdeal.o
    0x080070b4   0x00000964   Code   RO         3808    i.ReadFlashHisData  bsp_storagedata.o
    0x08007a18   0x00000020   Code   RO         2813    i.ReadSetFramFlag   bsp_init.o
    0x08007a38   0x00000014   Code   RO         3810    i.ReadU16Pointer    bsp_storagedata.o
    0x08007a4c   0x00000012   Code   RO         3811    i.ReadU32Pointer    bsp_storagedata.o
    0x08007a5e   0x00000002   PAD
    0x08007a60   0x0000029c   Code   RO         3788    i.RecorderBootModeHandle  bsp_bootstop.o
    0x08007cfc   0x0000004c   Code   RO         3789    i.RecorderStopModeHandle  bsp_bootstop.o
    0x08007d48   0x00000068   Code   RO         3373    i.RecvByte          bsp_i2c.o
    0x08007db0   0x0000000c   Code   RO         2450    i.Relay_Poll        freemodbus.o
    0x08007dbc   0x000000d0   Code   RO         3551    i.RtcBcdToD10       bsp_rtc.o
    0x08007e8c   0x00000092   Code   RO         3552    i.RtcD10ToBcd       bsp_rtc.o
    0x08007f1e   0x00000018   Code   RO         2144    i.SPI_Cmd           stm32l1xx_spi.o
    0x08007f36   0x00000002   PAD
    0x08007f38   0x00000050   Code   RO         3243    i.SPI_FLASH_BufferRead  bsp_spi_flash.o
    0x08007f88   0x00000122   Code   RO         3244    i.SPI_FLASH_BufferWrite  bsp_spi_flash.o
    0x080080aa   0x00000002   PAD
    0x080080ac   0x0000010c   Code   RO         3246    i.SPI_FLASH_Init    bsp_spi_flash.o
    0x080081b8   0x00000060   Code   RO         3247    i.SPI_FLASH_PageWrite  bsp_spi_flash.o
    0x08008218   0x00000044   Code   RO         3251    i.SPI_FLASH_SectorErase  bsp_spi_flash.o
    0x0800825c   0x00000038   Code   RO         3252    i.SPI_FLASH_SendByte  bsp_spi_flash.o
    0x08008294   0x00000030   Code   RO         3256    i.SPI_FLASH_WaitForWriteEnd  bsp_spi_flash.o
    0x080082c4   0x00000020   Code   RO         3257    i.SPI_FLASH_WriteEnable  bsp_spi_flash.o
    0x080082e4   0x00000012   Code   RO         2152    i.SPI_I2S_GetFlagStatus  stm32l1xx_spi.o
    0x080082f6   0x00000006   Code   RO         2155    i.SPI_I2S_ReceiveData  stm32l1xx_spi.o
    0x080082fc   0x00000004   Code   RO         2156    i.SPI_I2S_SendData  stm32l1xx_spi.o
    0x08008300   0x0000003c   Code   RO         2157    i.SPI_Init          stm32l1xx_spi.o
    0x0800833c   0x00000144   Code   RO         3739    i.STORAGE_DATA_READ  bsp_serialdeal.o
    0x08008480   0x00000002   Code   RO         2727    i.SVC_Handler       stm32l1xx_it.o
    0x08008482   0x00000002   PAD
    0x08008484   0x00000040   Code   RO         2056    i.SYSCFG_EXTILineConfig  stm32l1xx_syscfg.o
    0x080084c4   0x000000b4   Code   RO         3812    i.SaveDataOnTimeDeal  bsp_storagedata.o
    0x08008578   0x000001b4   Code   RO         3813    i.SaveHisDataToFlash  bsp_storagedata.o
    0x0800872c   0x00000060   Code   RO         3374    i.SendByte          bsp_i2c.o
    0x0800878c   0x000001e4   Code   RO         3686    i.Sensor_Deal       bsp_sensordeal.o
    0x08008970   0x0000001c   Code   RO         3814    i.SetFlashOverFlow  bsp_storagedata.o
    0x0800898c   0x00000194   Code   RO         2814    i.SetJlyParamData   bsp_init.o
    0x08008b20   0x000001fc   Code   RO         3740    i.SetJlyParamJudgeSensorTypeChannelSwitch  bsp_serialdeal.o
    0x08008d1c   0x0000010c   Code   RO           24    i.SetSysClock       system_stm32l1xx.o
    0x08008e28   0x00000058   Code   RO         3375    i.Start             bsp_i2c.o
    0x08008e80   0x00000044   Code   RO         3376    i.Stop              bsp_i2c.o
    0x08008ec4   0x00000024   Code   RO         3815    i.StorageHistoryData  bsp_storagedata.o
    0x08008ee8   0x00000048   Code   RO         2815    i.SysClock_Config   bsp_init.o
    0x08008f30   0x00000090   Code   RO         2816    i.SysClock_ReConfig  bsp_init.o
    0x08008fc0   0x00000078   Code   RO         2817    i.SysInit           bsp_init.o
    0x08009038   0x0000002c   Code   RO         2728    i.SysTick_Handler   stm32l1xx_it.o
    0x08009064   0x00000078   Code   RO         2895    i.SysTick_Init      bsp_systick.o
    0x080090dc   0x00000068   Code   RO           26    i.SystemInit        system_stm32l1xx.o
    0x08009144   0x0000004c   Code   RO         3460    i.TIM2_Configuration  bsp_timer.o
    0x08009190   0x000000c8   Code   RO         2729    i.TIM2_IRQHandler   stm32l1xx_it.o
    0x08009258   0x0000002a   Code   RO         3461    i.TIM2_NVIC_Configuration  bsp_timer.o
    0x08009282   0x00000002   PAD
    0x08009284   0x00000010   Code   RO         4706    i.TIM3_IRQHandler   BTBUS_Library.lib(porttimer.o)
    0x08009294   0x00000070   Code   RO         4907    i.TIM_Base_SetConfig  BTBUS_Library.lib(stm32l1xx_hal_tim.o)
    0x08009304   0x00000006   Code   RO         1555    i.TIM_ClearFlag     stm32l1xx_tim.o
    0x0800930a   0x00000006   Code   RO         1556    i.TIM_ClearITPendingBit  stm32l1xx_tim.o
    0x08009310   0x00000018   Code   RO         1561    i.TIM_Cmd           stm32l1xx_tim.o
    0x08009328   0x00000022   Code   RO         1581    i.TIM_GetITStatus   stm32l1xx_tim.o
    0x0800934a   0x00000012   Code   RO         1585    i.TIM_ITConfig      stm32l1xx_tim.o
    0x0800935c   0x00000060   Code   RO         1629    i.TIM_TimeBaseInit  stm32l1xx_tim.o
    0x080093bc   0x00000204   Code   RO         3687    i.TempChang_to_Shishu  bsp_sensordeal.o
    0x080095c0   0x00000238   Code   RO         3688    i.Temp_Adjust       bsp_sensordeal.o
    0x080097f8   0x00000068   Code   RO         2818    i.TestFramIsOrNotOk  bsp_init.o
    0x08009860   0x00000018   Code   RO         2896    i.TimingDelay_Decrement  bsp_systick.o
    0x08009878   0x0000000a   Code   RO         3480    i.U16ToValue10      bsp_class.o
    0x08009882   0x00000002   PAD
    0x08009884   0x00000210   Code   RO         5491    i.UART_SetConfig    BTBUS_Library.lib(stm32l1xx_hal_uart.o)
    0x08009a94   0x000000a0   Code   RO         3186    i.USART1_Config     bsp_usart.o
    0x08009b34   0x00000028   Code   RO         2730    i.USART1_IRQHandler  stm32l1xx_it.o
    0x08009b5c   0x0000010c   Code   RO         4627    i.USART3_IRQHandler  BTBUS_Library.lib(portserial.o)
    0x08009c68   0x00000018   Code   RO          109    i.USART_Cmd         stm32l1xx_usart.o
    0x08009c80   0x0000001a   Code   RO          112    i.USART_GetFlagStatus  stm32l1xx_usart.o
    0x08009c9a   0x00000054   Code   RO          113    i.USART_GetITStatus  stm32l1xx_usart.o
    0x08009cee   0x0000004a   Code   RO          115    i.USART_ITConfig    stm32l1xx_usart.o
    0x08009d38   0x000000cc   Code   RO          116    i.USART_Init        stm32l1xx_usart.o
    0x08009e04   0x0000000a   Code   RO          123    i.USART_ReceiveData  stm32l1xx_usart.o
    0x08009e0e   0x00000008   Code   RO          126    i.USART_SendData    stm32l1xx_usart.o
    0x08009e16   0x00000004   Code   RO         2731    i.UsageFault_Handler  stm32l1xx_it.o
    0x08009e1a   0x00000002   PAD
    0x08009e1c   0x000000a0   Code   RO         3481    i.ValueFtToU16      bsp_class.o
    0x08009ebc   0x000000f4   Code   RO         3654    i.VoltageTest       bsp_powerdeal.o
    0x08009fb0   0x000002b8   Code   RO         3655    i.Voltage_ADC1config  bsp_powerdeal.o
    0x0800a268   0x00000084   Code   RO         3377    i.WaitAck           bsp_i2c.o
    0x0800a2ec   0x00000098   Code   RO         3522    i.WorkornotMode     bsp_datadeal.o
    0x0800a384   0x0000001a   Code   RO         2820    i.WriteSetFramFlag  bsp_init.o
    0x0800a39e   0x00000014   Code   RO         3816    i.WriteU16Pointer   bsp_storagedata.o
    0x0800a3b2   0x00000014   Code   RO         3817    i.WriteU32Pointer   bsp_storagedata.o
    0x0800a3c6   0x00000002   PAD
    0x0800a3c8   0x00000020   Code   RO         6306    i.__0printf         mc_w.l(printfa.o)
    0x0800a3e8   0x00000024   Code   RO         6312    i.__0vsprintf       mc_w.l(printfa.o)
    0x0800a40c   0x0000000e   Code   RO         6400    i.__scatterload_copy  mc_w.l(handlers.o)
    0x0800a41a   0x00000002   Code   RO         6401    i.__scatterload_null  mc_w.l(handlers.o)
    0x0800a41c   0x0000000e   Code   RO         6402    i.__scatterload_zeroinit  mc_w.l(handlers.o)
    0x0800a42a   0x00000002   PAD
    0x0800a42c   0x0000015c   Code   RO         6313    i._fp_digits        mc_w.l(printfa.o)
    0x0800a588   0x000006f0   Code   RO         6314    i._printf_core      mc_w.l(printfa.o)
    0x0800ac78   0x00000026   Code   RO         6315    i._printf_post_padding  mc_w.l(printfa.o)
    0x0800ac9e   0x00000030   Code   RO         6316    i._printf_pre_padding  mc_w.l(printfa.o)
    0x0800acce   0x0000000a   Code   RO         6318    i._sputc            mc_w.l(printfa.o)
    0x0800acd8   0x00000090   Code   RO         3013    i.displayDAY        bsp_lcd.o
    0x0800ad68   0x00000078   Code   RO         3014    i.displayErr        bsp_lcd.o
    0x0800ade0   0x00000090   Code   RO         3015    i.displayTIME       bsp_lcd.o
    0x0800ae70   0x0000006c   Code   RO         3016    i.displayYEAR       bsp_lcd.o
    0x0800aedc   0x00000028   Code   RO         4276    i.eMBEnable         BTBUS_Library.lib(mb.o)
    0x0800af04   0x000000a6   Code   RO         4404    i.eMBFuncReadCoils  BTBUS_Library.lib(mbfunccoils.o)
    0x0800afaa   0x000000a4   Code   RO         4428    i.eMBFuncReadDiscreteInputs  BTBUS_Library.lib(mbfuncdisc.o)
    0x0800b04e   0x00000084   Code   RO         4482    i.eMBFuncReadHistoryRegister  BTBUS_Library.lib(mbfunchistory.o)
    0x0800b0d2   0x00000084   Code   RO         4440    i.eMBFuncReadHoldingRegister  BTBUS_Library.lib(mbfuncholding.o)
    0x0800b156   0x00000084   Code   RO         4470    i.eMBFuncReadInputRegister  BTBUS_Library.lib(mbfuncinput.o)
    0x0800b1da   0x00000084   Code   RO         4494    i.eMBFuncReadRealDataRegister  BTBUS_Library.lib(mbfuncrealdata.o)
    0x0800b25e   0x000000d4   Code   RO         4441    i.eMBFuncReadWriteMultipleHoldingRegister  BTBUS_Library.lib(mbfuncholding.o)
    0x0800b332   0x00000002   PAD
    0x0800b334   0x00000028   Code   RO         4506    i.eMBFuncReportSlaveID  BTBUS_Library.lib(mbfuncother.o)
    0x0800b35c   0x0000006c   Code   RO         4405    i.eMBFuncWriteCoil  BTBUS_Library.lib(mbfunccoils.o)
    0x0800b3c8   0x0000003e   Code   RO         4442    i.eMBFuncWriteHoldingRegister  BTBUS_Library.lib(mbfuncholding.o)
    0x0800b406   0x0000008e   Code   RO         4406    i.eMBFuncWriteMultipleCoils  BTBUS_Library.lib(mbfunccoils.o)
    0x0800b494   0x0000006a   Code   RO         4443    i.eMBFuncWriteMultipleHoldingRegister  BTBUS_Library.lib(mbfuncholding.o)
    0x0800b4fe   0x00000002   PAD
    0x0800b500   0x000000e0   Code   RO         4277    i.eMBInit           BTBUS_Library.lib(mb.o)
    0x0800b5e0   0x00000184   Code   RO         4278    i.eMBPoll           BTBUS_Library.lib(mb.o)
    0x0800b764   0x00000058   Code   RO         4527    i.eMBRTUInit        BTBUS_Library.lib(mbrtu.o)
    0x0800b7bc   0x00000070   Code   RO         4528    i.eMBRTUReceive     BTBUS_Library.lib(mbrtu.o)
    0x0800b82c   0x000000b0   Code   RO         4529    i.eMBRTUSend        BTBUS_Library.lib(mbrtu.o)
    0x0800b8dc   0x00000024   Code   RO         4530    i.eMBRTUStart       BTBUS_Library.lib(mbrtu.o)
    0x0800b900   0x00000018   Code   RO         4531    i.eMBRTUStop        BTBUS_Library.lib(mbrtu.o)
    0x0800b918   0x000000b0   Code   RO         2452    i.eMBRegCoilsCB     freemodbus.o
    0x0800b9c8   0x00000074   Code   RO         2453    i.eMBRegDiscreteCB  freemodbus.o
    0x0800ba3c   0x0000007c   Code   RO         2454    i.eMBRegHistoryCB   freemodbus.o
    0x0800bab8   0x000000dc   Code   RO         2455    i.eMBRegHoldingCB   freemodbus.o
    0x0800bb94   0x0000007c   Code   RO         2456    i.eMBRegInputCB     freemodbus.o
    0x0800bc10   0x0000007c   Code   RO         2457    i.eMBRegRealDataCB  freemodbus.o
    0x0800bc8c   0x00000024   Code   RO         3188    i.fputc             bsp_usart.o
    0x0800bcb0   0x00000022   Code   RO         2458    i.freemodbus_init   freemodbus.o
    0x0800bcd2   0x0000001a   Code   RO         2459    i.freemodbus_main   freemodbus.o
    0x0800bcec   0x00000150   Code   RO         3017    i.lcd_OFF           bsp_lcd.o
    0x0800be3c   0x00000138   Code   RO         2619    i.main              main.o
    0x0800bf74   0x00000022   Code   RO         4206    i.prveMBError2Exception  BTBUS_Library.lib(mbutils.o)
    0x0800bf96   0x00000002   PAD
    0x0800bf98   0x00000014   Code   RO         4707    i.prvvTIMERExpiredISR  BTBUS_Library.lib(porttimer.o)
    0x0800bfac   0x00000014   Code   RO         4628    i.prvvUARTRxISR     BTBUS_Library.lib(portserial.o)
    0x0800bfc0   0x00000014   Code   RO         4629    i.prvvUARTTxReadyISR  BTBUS_Library.lib(portserial.o)
    0x0800bfd4   0x00000084   Code   RO         3553    i.read_time         bsp_rtc.o
    0x0800c058   0x0000015c   Code   RO         3554    i.rtc_deel          bsp_rtc.o
    0x0800c1b4   0x00000050   Code   RO         3555    i.serialread_time   bsp_rtc.o
    0x0800c204   0x00000058   Code   RO         3556    i.set_time          bsp_rtc.o
    0x0800c25c   0x00000038   Code   RO         4765    i.usMBCRC16         BTBUS_Library.lib(mbcrc.o)
    0x0800c294   0x00000068   Code   RO         4630    i.vMBPortSerialEnable  BTBUS_Library.lib(portserial.o)
    0x0800c2fc   0x00000014   Code   RO         4709    i.vMBPortTimersDisable  BTBUS_Library.lib(porttimer.o)
    0x0800c310   0x00000020   Code   RO         4710    i.vMBPortTimersEnable  BTBUS_Library.lib(porttimer.o)
    0x0800c330   0x00000048   Code   RO         4158    i.xMBOutput         BTBUS_Library.lib(port.o)
    0x0800c378   0x00000024   Code   RO         4356    i.xMBPortEventGet   BTBUS_Library.lib(portevent.o)
    0x0800c39c   0x00000010   Code   RO         4357    i.xMBPortEventInit  BTBUS_Library.lib(portevent.o)
    0x0800c3ac   0x00000018   Code   RO         4358    i.xMBPortEventPost  BTBUS_Library.lib(portevent.o)
    0x0800c3c4   0x00000050   Code   RO         4631    i.xMBPortSerialGetByte  BTBUS_Library.lib(portserial.o)
    0x0800c414   0x0000003c   Code   RO         4632    i.xMBPortSerialInit  BTBUS_Library.lib(portserial.o)
    0x0800c450   0x00000024   Code   RO         4633    i.xMBPortSerialPutByte  BTBUS_Library.lib(portserial.o)
    0x0800c474   0x00000058   Code   RO         4711    i.xMBPortTimersInit  BTBUS_Library.lib(porttimer.o)
    0x0800c4cc   0x00000088   Code   RO         4532    i.xMBRTUReceiveFSM  BTBUS_Library.lib(mbrtu.o)
    0x0800c554   0x00000040   Code   RO         4533    i.xMBRTUTimerT35Expired  BTBUS_Library.lib(mbrtu.o)
    0x0800c594   0x0000006c   Code   RO         4534    i.xMBRTUTransmitFSM  BTBUS_Library.lib(mbrtu.o)
    0x0800c600   0x0000002a   Code   RO         4207    i.xMBUtilGetBits    BTBUS_Library.lib(mbutils.o)
    0x0800c62a   0x00000060   Code   RO         4208    i.xMBUtilSetBits    BTBUS_Library.lib(mbutils.o)
    0x0800c68a   0x00000002   PAD
    0x0800c68c   0x0000014c   Data   RO         3215    .constdata          global.o
    0x0800c7d8   0x00000036   Data   RO         3689    .constdata          bsp_sensordeal.o
    0x0800c80e   0x00000002   PAD
    0x0800c810   0x0000004c   Data   RO         3818    .constdata          bsp_storagedata.o
    0x0800c85c   0x00000200   Data   RO         4766    .constdata          BTBUS_Library.lib(mbcrc.o)
    0x0800ca5c   0x0000001d   Data   RO         5919    .constdata          BTBUS_Library.lib(stm32l1xx_hal_rcc.o)
    0x0800ca79   0x00000003   PAD
    0x0800ca7c   0x00000020   Data   RO         6398    Region$$Table       anon$$obj.o


    Execution Region RW_IRAM1 (Base: 0x20000000, Size: 0x00009840, Max: 0x0000c000, ABSOLUTE, COMPRESSED[0x000000a0])

    Base Addr    Size         Type   Attr      Idx    E Section Name        Object

    0x20000000   0x0000001d   Data   RW           27    .data               system_stm32l1xx.o
    0x2000001d   0x00000019   Data   RW         1017    .data               stm32l1xx_rcc.o
    0x20000036   0x0000000c   Data   RW         2461    .data               freemodbus.o
    0x20000042   0x00000002   PAD
    0x20000044   0x00000004   Data   RW         2897    .data               bsp_systick.o
    0x20000048   0x00000024   Data   RW         3216    .data               global.o
    0x2000006c   0x00000030   Data   RW         3557    .data               bsp_rtc.o
    0x2000009c   0x000000b8   Data   RW         4280    .data               BTBUS_Library.lib(mb.o)
    0x20000154   0x00000002   Data   RW         4359    .data               BTBUS_Library.lib(portevent.o)
    0x20000156   0x00000002   Data   RW         4509    .data               BTBUS_Library.lib(mbfuncother.o)
    0x20000158   0x0000000c   Data   RW         4536    .data               BTBUS_Library.lib(mbrtu.o)
    0x20000164   0x00000004   Data   RW         4713    .data               BTBUS_Library.lib(porttimer.o)
    0x20000168   0x00000004   Data   RW         6378    .data               mc_w.l(stdout.o)
    0x2000016c   0x00008000   Zero   RW         2460    .bss                freemodbus.o
    0x2000816c   0x00000f2c   Zero   RW         3214    .bss                global.o
    0x20009098   0x00000200   Zero   RW         4159    .bss                BTBUS_Library.lib(port.o)
    0x20009298   0x00000020   Zero   RW         4508    .bss                BTBUS_Library.lib(mbfuncother.o)
    0x200092b8   0x00000100   Zero   RW         4535    .bss                BTBUS_Library.lib(mbrtu.o)
    0x200093b8   0x0000004a   Zero   RW         4634    .bss                BTBUS_Library.lib(portserial.o)
    0x20009402   0x00000002   PAD
    0x20009404   0x00000038   Zero   RW         4712    .bss                BTBUS_Library.lib(porttimer.o)
    0x2000943c   0x00000004   PAD
    0x20009440   0x00000400   Zero   RW            1    STACK               startup_stm32l1xx_hd.o


==============================================================================

Image component sizes


      Code (inc. data)   RO Data    RW Data    ZI Data      Debug   Object Name

       590         40          0          0          0       2241   bsp_adc.o
      1068         60          0          0          0       2593   bsp_alarmdeal.o
       744         30          0          0          0       1286   bsp_bootstop.o
       288         10          0          0          0       2862   bsp_class.o
      1020         82          0          0          0       2153   bsp_datadeal.o
       750        352          0          0          0       1539   bsp_exti_key.o
      1432         54          0          0          0       7745   bsp_i2c.o
      1568         92          0          0          0       5753   bsp_init.o
     13114        308          0          0          0      18304   bsp_lcd.o
      1764         78          0          0          0       2717   bsp_powerdeal.o
      1114         46          0         48          0       3808   bsp_rtc.o
      2558        170         54          0          0       6601   bsp_sensordeal.o
      2144         94          0          0          0       6002   bsp_serialdeal.o
       938         42          0          0          0       5067   bsp_spi_flash.o
      3822        210         76          0          0       7133   bsp_storagedata.o
       184         22          0          4          0      18547   bsp_systick.o
       118          0          0          0          0        925   bsp_timer.o
       238         12          0          0          0       1572   bsp_usart.o
         0          0          0          0          0       4232   core_cm3.o
      1028        116          0         12      32768      10731   freemodbus.o
         0          0        332         36       3884       9817   global.o
       312        182          0          0          0      12041   main.o
       140         22          0          0          0       1303   misc.o
        36          8        292          0       1024        796   startup_stm32l1xx_hd.o
       548         10          0          0          0       5455   stm32l1xx_adc.o
       416          8          0          0          0       3110   stm32l1xx_dma.o
       184         16          0          0          0       1748   stm32l1xx_exti.o
       228          0          0          0          0       2999   stm32l1xx_gpio.o
       224         16          0          0          0     214754   stm32l1xx_hal_msp.o
       602         82          0          0          0       5142   stm32l1xx_it.o
       234         36          0          0          0       4667   stm32l1xx_lcd.o
        12          6          0          0          0        431   stm32l1xx_pwr.o
       648         92          0         25          0       8913   stm32l1xx_rcc.o
        96          4          0          0          0       1513   stm32l1xx_rtc.o
       112          0          0          0          0       2790   stm32l1xx_spi.o
        64          4          0          0          0        560   stm32l1xx_syscfg.o
       184         20          0          0          0       3450   stm32l1xx_tim.o
       430          6          0          0          0       4689   stm32l1xx_usart.o
       372         30          0         29          0     282333   system_stm32l1xx.o

    ----------------------------------------------------------------------
     39356       2360        788        156      37676     678322   Object Totals
         0          0         32          0          0          0   (incl. Generated)
        32          0          2          2          0          0   (incl. Padding)

    ----------------------------------------------------------------------

      Code (inc. data)   RO Data    RW Data    ZI Data      Debug   Library Member Name

       652        174          0        184          0       7827   mb.o
        56          8        512          0          0       1904   mbcrc.o
       416          0          0          0          0       3526   mbfunccoils.o
       164          0          0          0          0       1464   mbfuncdisc.o
       132          0          0          0          0       1425   mbfunchistory.o
       512          0          0          0          0       4715   mbfuncholding.o
       132          0          0          0          0       1419   mbfuncinput.o
        40         10          0          2         32       1215   mbfuncother.o
       132          0          0          0          0       1430   mbfuncrealdata.o
       744         98          0         12        256       8553   mbrtu.o
       172          0          0          0          0       5258   mbutils.o
        80          4          0          0        512       3269   port.o
        76         24          0          2          0       4030   portevent.o
       588         44          0          0         74       6054   portserial.o
       186         34          0          4         56       3191   porttimer.o
       208         14          0          0          0     262727   stm32l1xx_hal_cortex.o
       476         38          0          0          0       1600   stm32l1xx_hal_gpio.o
       332         50         29          0          0       3185   stm32l1xx_hal_rcc.o
       608         22          0          0          0       5585   stm32l1xx_hal_tim.o
       856          6          0          0          0       3570   stm32l1xx_hal_uart.o
        92          0          0          0          0          0   __dczerorl2.o
         0          0          0          0          0          0   entry.o
         0          0          0          0          0          0   entry10a.o
         0          0          0          0          0          0   entry11a.o
         8          4          0          0          0          0   entry2.o
         4          0          0          0          0          0   entry5.o
         0          0          0          0          0          0   entry7b.o
         0          0          0          0          0          0   entry8b.o
         8          4          0          0          0          0   entry9a.o
        30          0          0          0          0          0   handlers.o
        36          8          0          0          0         68   init.o
         0          0          0          0          0          0   iusefp.o
        30          0          0          0          0         68   llshl.o
        36          0          0          0          0         68   llsshr.o
        32          0          0          0          0         68   llushr.o
        36          0          0          0          0         68   memcpya.o
        36          0          0          0          0        108   memseta.o
      2288         96          0          0          0        592   printfa.o
         0          0          0          4          0          0   stdout.o
        44          0          0          0          0         80   uidiv.o
        98          0          0          0          0         92   uldiv.o
        40          2          0          0          0         68   cdcmple.o
        40          2          0          0          0         68   cdrcmple.o
        20          0          0          0          0         68   cfcmple.o
        20          0          0          0          0         68   cfrcmple.o
        56          0          0          0          0         88   d2f.o
       334          0          0          0          0        148   dadd.o
       222          0          0          0          0        100   ddiv.o
       190          0          0          0          0        176   depilogue.o
        48          0          0          0          0         68   dfixul.o
       228          0          0          0          0         96   dmul.o
        38          0          0          0          0         68   f2d.o
       176          0          0          0          0        140   fadd.o
       128          0          0          0          0         88   fdiv.o
       108          0          0          0          0        168   fepilogue.o
        40          0          0          0          0         68   ffixui.o
        18          0          0          0          0         68   fflti.o
        10          0          0          0          0         68   ffltui.o
       108          0          0          0          0         76   fmul.o

    ----------------------------------------------------------------------
     11180        642        544        208        936     334851   Library Totals
        16          0          3          0          6          0   (incl. Padding)

    ----------------------------------------------------------------------

      Code (inc. data)   RO Data    RW Data    ZI Data      Debug   Library Name

      6562        526        541        204        930     331947   BTBUS_Library.lib
      2778        112          0          4          0       1212   mc_w.l
      1824          4          0          0          0       1692   mf_w.l

    ----------------------------------------------------------------------
     11180        642        544        208        936     334851   Library Totals

    ----------------------------------------------------------------------

==============================================================================


      Code (inc. data)   RO Data    RW Data    ZI Data      Debug   

     50536       3002       1332        364      38612     996377   Grand Totals
     50536       3002       1332        160      38612     996377   ELF Image Totals (compressed)
     50536       3002       1332        160          0          0   ROM Totals

==============================================================================

    Total RO  Size (Code + RO Data)                51868 (  50.65kB)
    Total RW  Size (RW Data + ZI Data)             38976 (  38.06kB)
    Total ROM Size (Code + RO Data + RW Data)      52028 (  50.81kB)

==============================================================================

